INFO:root:Flask Web Server Started
INFO:werkzeug: * Restarting with stat
INFO:root:Flask Web Server Started
WARNING:werkzeug: * Debugger is active!
INFO:werkzeug: * Debugger PIN: 505-006-647
INFO:werkzeug: * Running on http://localhost:8080/ (Press CTRL+C to quit)
DEBUG:root:Flask Web Server Started
INFO:werkzeug:127.0.0.1 - - [02/Oct/2019 11:26:01] "GET / HTTP/1.1" 200 -
INFO:werkzeug: * Detected change in 'C:\\Users\\hbill\\PycharmProjects\\web_service\\application.py', reloading
INFO:werkzeug: * Restarting with stat
INFO:root:Flask Web Server Started
WARNING:werkzeug: * Debugger is active!
INFO:werkzeug: * Debugger PIN: 505-006-647
INFO:werkzeug: * Running on http://localhost:8080/ (Press CTRL+C to quit)
ERROR:root:Flask Web Server Started
INFO:werkzeug:127.0.0.1 - - [02/Oct/2019 11:26:29] "GET / HTTP/1.1" 200 -
ERROR:root:Flask Web Server Started
INFO:werkzeug:127.0.0.1 - - [02/Oct/2019 11:26:29] "GET / HTTP/1.1" 200 -
INFO:werkzeug: * Detected change in 'C:\\Users\\hbill\\PycharmProjects\\web_service\\application.py', reloading
INFO:werkzeug: * Restarting with stat
INFO:root:Flask Web Server Started
WARNING:werkzeug: * Debugger is active!
INFO:werkzeug: * Debugger PIN: 505-006-647
INFO:werkzeug: * Running on http://localhost:8080/ (Press CTRL+C to quit)
DEBUG:root:debug
INFO:root:info
INFO:werkzeug:127.0.0.1 - - [02/Oct/2019 11:27:23] "GET / HTTP/1.1" 500 -
INFO:werkzeug:127.0.0.1 - - [02/Oct/2019 11:27:23] "GET /?__debugger__=yes&cmd=resource&f=style.css HTTP/1.1" 200 -
INFO:werkzeug:127.0.0.1 - - [02/Oct/2019 11:27:23] "GET /?__debugger__=yes&cmd=resource&f=jquery.js HTTP/1.1" 200 -
INFO:werkzeug:127.0.0.1 - - [02/Oct/2019 11:27:24] "GET /?__debugger__=yes&cmd=resource&f=debugger.js HTTP/1.1" 200 -
INFO:werkzeug:127.0.0.1 - - [02/Oct/2019 11:27:24] "GET /?__debugger__=yes&cmd=resource&f=ubuntu.ttf HTTP/1.1" 200 -
INFO:werkzeug:127.0.0.1 - - [02/Oct/2019 11:27:24] "GET /?__debugger__=yes&cmd=resource&f=console.png HTTP/1.1" 200 -
INFO:werkzeug:127.0.0.1 - - [02/Oct/2019 11:27:24] "GET /?__debugger__=yes&cmd=resource&f=console.png HTTP/1.1" 200 -
INFO:werkzeug: * Detected change in 'C:\\Users\\hbill\\PycharmProjects\\web_service\\application.py', reloading
INFO:werkzeug: * Restarting with stat
INFO:root:Flask Web Server Started
WARNING:werkzeug: * Debugger is active!
INFO:werkzeug: * Debugger PIN: 505-006-647
INFO:werkzeug: * Running on http://localhost:8080/ (Press CTRL+C to quit)
DEBUG:root:debug
INFO:root:info
INFO:werkzeug:127.0.0.1 - - [02/Oct/2019 11:27:51] "GET / HTTP/1.1" 200 -
INFO:root:Flask Web Server Started
INFO:werkzeug: * Restarting with stat
INFO:root:Flask Web Server Started
WARNING:werkzeug: * Debugger is active!
INFO:werkzeug: * Debugger PIN: 505-006-647
INFO:werkzeug: * Running on http://localhost:8080/ (Press CTRL+C to quit)
DEBUG:root:debug
INFO:root:info
INFO:werkzeug:127.0.0.1 - - [02/Oct/2019 11:28:28] "GET / HTTP/1.1" 200 -
INFO:werkzeug: * Detected change in 'C:\\Users\\hbill\\PycharmProjects\\web_service\\application.py', reloading
INFO:werkzeug: * Restarting with stat
INFO:root:Flask Web Server Started
WARNING:werkzeug: * Debugger is active!
INFO:werkzeug: * Debugger PIN: 505-006-647
INFO:werkzeug: * Running on http://localhost:8080/ (Press CTRL+C to quit)
INFO:werkzeug: * Detected change in 'C:\\Users\\hbill\\PycharmProjects\\web_service\\application.py', reloading
INFO:werkzeug: * Restarting with stat
INFO:root:Flask Web Server Started
WARNING:werkzeug: * Debugger is active!
INFO:werkzeug: * Debugger PIN: 505-006-647
INFO:werkzeug: * Running on http://localhost:8080/ (Press CTRL+C to quit)
INFO:werkzeug: * Detected change in 'C:\\Users\\hbill\\PycharmProjects\\web_service\\application.py', reloading
INFO:werkzeug: * Restarting with stat
INFO:root:Flask Web Server Started
INFO:werkzeug: * Restarting with stat
INFO:root:Flask Web Server Started
WARNING:werkzeug: * Debugger is active!
INFO:werkzeug: * Debugger PIN: 505-006-647
INFO:werkzeug: * Running on http://localhost:8080/ (Press CTRL+C to quit)
INFO:root:before_request
DEBUG:root:debug
INFO:root:info
WARNING:root:warning
ERROR:root:error
CRITICAL:root:critical
INFO:werkzeug:127.0.0.1 - - [02/Oct/2019 11:35:58] "GET / HTTP/1.1" 200 -
INFO:werkzeug: * Detected change in 'C:\\Users\\hbill\\PycharmProjects\\web_service\\application.py', reloading
INFO:werkzeug: * Restarting with stat
INFO:root:Flask Web Server Started
INFO:werkzeug: * Restarting with stat
INFO:root:Flask Web Server Started
WARNING:werkzeug: * Debugger is active!
INFO:werkzeug: * Debugger PIN: 505-006-647
INFO:werkzeug: * Running on http://localhost:8080/ (Press CTRL+C to quit)
INFO:root:before_request
INFO:werkzeug:127.0.0.1 - - [02/Oct/2019 11:49:35] "GET /news HTTP/1.1" 404 -
INFO:root:before_request
INFO:werkzeug:127.0.0.1 - - [02/Oct/2019 11:49:46] "GET /news/main HTTP/1.1" 404 -
INFO:werkzeug: * Detected change in 'C:\\Users\\hbill\\PycharmProjects\\web_service\\news.py', reloading
INFO:werkzeug: * Restarting with stat
INFO:root:Flask Web Server Started
INFO:werkzeug: * Restarting with stat
INFO:root:Flask Web Server Started
WARNING:werkzeug: * Debugger is active!
INFO:werkzeug: * Debugger PIN: 505-006-647
INFO:werkzeug: * Running on http://localhost:8080/ (Press CTRL+C to quit)
INFO:root:before_request
INFO:werkzeug:127.0.0.1 - - [02/Oct/2019 11:58:51] "GET /news/main HTTP/1.1" 200 -
INFO:root:before_request
INFO:werkzeug:127.0.0.1 - - [02/Oct/2019 11:58:53] "GET /news/main HTTP/1.1" 200 -
INFO:werkzeug: * Detected change in 'C:\\Users\\hbill\\PycharmProjects\\web_service\\news.py', reloading
INFO:werkzeug: * Restarting with stat
INFO:root:Flask Web Server Started
WARNING:werkzeug: * Debugger is active!
INFO:werkzeug: * Debugger PIN: 505-006-647
INFO:werkzeug: * Running on http://localhost:8080/ (Press CTRL+C to quit)
INFO:root:Flask Web Server Started
INFO:werkzeug: * Restarting with stat
INFO:root:Flask Web Server Started
WARNING:werkzeug: * Debugger is active!
INFO:werkzeug: * Debugger PIN: 505-006-647
INFO:werkzeug: * Running on http://localhost:8080/ (Press CTRL+C to quit)
INFO:werkzeug: * Detected change in 'C:\\Users\\hbill\\PycharmProjects\\web_service\\application.py', reloading
INFO:werkzeug: * Restarting with stat
INFO:root:Flask Web Server Started
WARNING:werkzeug: * Debugger is active!
INFO:werkzeug: * Debugger PIN: 505-006-647
INFO:werkzeug: * Running on http://localhost:8080/ (Press CTRL+C to quit)
INFO:werkzeug:127.0.0.1 - - [02/Oct/2019 12:18:50] "GET /html_test HTTP/1.1" 200 -
INFO:werkzeug:127.0.0.1 - - [02/Oct/2019 12:20:28] "GET /html_test HTTP/1.1" 200 -
INFO:werkzeug:127.0.0.1 - - [02/Oct/2019 12:21:27] "GET /html_test HTTP/1.1" 200 -
INFO:werkzeug:127.0.0.1 - - [02/Oct/2019 12:21:27] "GET /html_test HTTP/1.1" 200 -
INFO:werkzeug:127.0.0.1 - - [02/Oct/2019 12:29:02] "GET /html_test HTTP/1.1" 200 -
INFO:werkzeug:127.0.0.1 - - [02/Oct/2019 12:29:02] "GET /static/css/bootstrap.min.css HTTP/1.1" 200 -
INFO:werkzeug:127.0.0.1 - - [02/Oct/2019 12:29:02] "GET /static/js/bootstrap.min.js HTTP/1.1" 200 -
INFO:werkzeug:127.0.0.1 - - [02/Oct/2019 12:29:02] "GET /static/css/bootstrap.min.css.map HTTP/1.1" 200 -
INFO:werkzeug:127.0.0.1 - - [02/Oct/2019 12:29:03] "GET /static/js/bootstrap.min.js.map HTTP/1.1" 200 -
INFO:werkzeug:127.0.0.1 - - [02/Oct/2019 12:31:52] "GET /html_test HTTP/1.1" 200 -
INFO:werkzeug:127.0.0.1 - - [02/Oct/2019 12:32:08] "GET /html_test HTTP/1.1" 200 -
INFO:werkzeug: * Detected change in 'C:\\Users\\hbill\\PycharmProjects\\web_service\\application.py', reloading
INFO:werkzeug: * Restarting with stat
INFO:root:Flask Web Server Started
WARNING:werkzeug: * Debugger is active!
INFO:werkzeug: * Debugger PIN: 505-006-647
INFO:werkzeug: * Running on http://localhost:8080/ (Press CTRL+C to quit)
INFO:werkzeug:127.0.0.1 - - [02/Oct/2019 12:34:54] "GET /html_test HTTP/1.1" 404 -
INFO:werkzeug:127.0.0.1 - - [02/Oct/2019 12:34:57] "GET / HTTP/1.1" 200 -
INFO:werkzeug:127.0.0.1 - - [02/Oct/2019 12:36:15] "GET / HTTP/1.1" 200 -
INFO:werkzeug:127.0.0.1 - - [02/Oct/2019 12:36:49] "GET / HTTP/1.1" 200 -
INFO:werkzeug:127.0.0.1 - - [02/Oct/2019 12:37:03] "GET / HTTP/1.1" 200 -
INFO:werkzeug:127.0.0.1 - - [02/Oct/2019 12:37:31] "GET / HTTP/1.1" 200 -
INFO:werkzeug:127.0.0.1 - - [02/Oct/2019 12:37:48] "GET / HTTP/1.1" 200 -
INFO:werkzeug:127.0.0.1 - - [02/Oct/2019 12:37:53] "GET /naver.com HTTP/1.1" 404 -
INFO:werkzeug:127.0.0.1 - - [02/Oct/2019 12:38:07] "GET / HTTP/1.1" 200 -
INFO:werkzeug:127.0.0.1 - - [02/Oct/2019 12:38:34] "GET / HTTP/1.1" 200 -
INFO:werkzeug:127.0.0.1 - - [02/Oct/2019 12:38:35] "GET / HTTP/1.1" 200 -
INFO:werkzeug:127.0.0.1 - - [02/Oct/2019 12:38:44] "GET / HTTP/1.1" 200 -
INFO:werkzeug:127.0.0.1 - - [02/Oct/2019 12:39:05] "GET / HTTP/1.1" 200 -
INFO:werkzeug:127.0.0.1 - - [02/Oct/2019 12:39:06] "GET / HTTP/1.1" 200 -
INFO:werkzeug:127.0.0.1 - - [02/Oct/2019 12:39:52] "GET / HTTP/1.1" 200 -
INFO:werkzeug:127.0.0.1 - - [02/Oct/2019 12:40:09] "GET / HTTP/1.1" 200 -
INFO:werkzeug:127.0.0.1 - - [02/Oct/2019 12:40:10] "GET / HTTP/1.1" 200 -
INFO:werkzeug:127.0.0.1 - - [02/Oct/2019 12:40:11] "GET / HTTP/1.1" 200 -
INFO:werkzeug:127.0.0.1 - - [02/Oct/2019 12:41:40] "GET / HTTP/1.1" 200 -
INFO:werkzeug:127.0.0.1 - - [02/Oct/2019 12:41:53] "GET / HTTP/1.1" 200 -
INFO:werkzeug:127.0.0.1 - - [02/Oct/2019 12:41:53] "GET / HTTP/1.1" 200 -
INFO:werkzeug:127.0.0.1 - - [02/Oct/2019 12:41:54] "GET / HTTP/1.1" 200 -
INFO:werkzeug:127.0.0.1 - - [02/Oct/2019 12:41:54] "GET / HTTP/1.1" 200 -
INFO:werkzeug:127.0.0.1 - - [02/Oct/2019 12:41:54] "GET / HTTP/1.1" 200 -
INFO:werkzeug:127.0.0.1 - - [02/Oct/2019 12:42:44] "GET / HTTP/1.1" 200 -
INFO:werkzeug:127.0.0.1 - - [02/Oct/2019 12:43:22] "GET / HTTP/1.1" 200 -
INFO:werkzeug:127.0.0.1 - - [02/Oct/2019 12:44:12] "GET / HTTP/1.1" 200 -
INFO:root:Flask Web Server Started
INFO:werkzeug: * Restarting with stat
INFO:root:Flask Web Server Started
WARNING:werkzeug: * Debugger is active!
INFO:werkzeug: * Debugger PIN: 505-006-647
INFO:werkzeug: * Running on http://localhost:8080/ (Press CTRL+C to quit)
INFO:werkzeug:127.0.0.1 - - [08/Oct/2019 11:11:35] "GET / HTTP/1.1" 200 -
INFO:werkzeug:127.0.0.1 - - [08/Oct/2019 11:11:35] "GET /static/css/bootstrap.min.css HTTP/1.1" 200 -
INFO:werkzeug:127.0.0.1 - - [08/Oct/2019 11:11:35] "GET /static/js/bootstrap.min.js HTTP/1.1" 200 -
INFO:werkzeug:127.0.0.1 - - [08/Oct/2019 11:11:35] "GET /favicon.ico HTTP/1.1" 404 -
INFO:werkzeug:127.0.0.1 - - [08/Oct/2019 11:22:04] "GET / HTTP/1.1" 200 -
INFO:werkzeug:127.0.0.1 - - [08/Oct/2019 11:23:25] "GET /static/js/bootstrap.min.js.map HTTP/1.1" 200 -
INFO:werkzeug:127.0.0.1 - - [08/Oct/2019 11:23:25] "GET /static/css/bootstrap.min.css.map HTTP/1.1" 200 -
INFO:root:Flask Web Server Started
INFO:werkzeug: * Restarting with stat
INFO:root:Flask Web Server Started
WARNING:werkzeug: * Debugger is active!
INFO:werkzeug: * Debugger PIN: 505-006-647
INFO:werkzeug: * Running on http://localhost:8080/ (Press CTRL+C to quit)
INFO:werkzeug:127.0.0.1 - - [22/Oct/2019 12:04:53] "GET / HTTP/1.1" 200 -
INFO:werkzeug:127.0.0.1 - - [22/Oct/2019 12:04:53] "GET /static/css/bootstrap.min.css HTTP/1.1" 304 -
INFO:werkzeug:127.0.0.1 - - [22/Oct/2019 12:04:53] "GET /static/js/bootstrap.min.js HTTP/1.1" 200 -
INFO:werkzeug:127.0.0.1 - - [22/Oct/2019 12:04:53] "GET /favicon.ico HTTP/1.1" 404 -
INFO:root:Flask Web Server Started
INFO:werkzeug: * Restarting with stat
INFO:root:Flask Web Server Started
WARNING:werkzeug: * Debugger is active!
INFO:werkzeug: * Debugger PIN: 505-006-647
INFO:werkzeug: * Running on http://localhost:8080/ (Press CTRL+C to quit)
INFO:werkzeug:127.0.0.1 - - [22/Oct/2019 12:33:36] "GET / HTTP/1.1" 200 -
INFO:werkzeug:127.0.0.1 - - [22/Oct/2019 12:33:41] "GET /index.html HTTP/1.1" 404 -
INFO:root:Flask Web Server Started
INFO:werkzeug: * Restarting with stat
INFO:root:Flask Web Server Started
WARNING:werkzeug: * Debugger is active!
INFO:werkzeug: * Debugger PIN: 505-006-647
INFO:werkzeug: * Running on http://localhost:8080/ (Press CTRL+C to quit)
INFO:werkzeug:127.0.0.1 - - [22/Oct/2019 12:35:18] "GET /resource_check HTTP/1.1" 404 -
INFO:werkzeug: * Detected change in 'C:\\Users\\hbill\\PycharmProjects\\web_service\\application.py', reloading
INFO:werkzeug: * Restarting with stat
INFO:root:Flask Web Server Started
WARNING:werkzeug: * Debugger is active!
INFO:werkzeug: * Debugger PIN: 505-006-647
INFO:werkzeug: * Running on http://localhost:8080/ (Press CTRL+C to quit)
INFO:werkzeug: * Detected change in 'C:\\Users\\hbill\\PycharmProjects\\web_service\\application.py', reloading
INFO:werkzeug: * Restarting with stat
INFO:root:Flask Web Server Started
WARNING:werkzeug: * Debugger is active!
INFO:werkzeug: * Debugger PIN: 505-006-647
INFO:werkzeug: * Running on http://localhost:8080/ (Press CTRL+C to quit)
INFO:root:Flask Web Server Started
INFO:werkzeug: * Restarting with stat
INFO:root:Flask Web Server Started
WARNING:werkzeug: * Debugger is active!
INFO:werkzeug: * Debugger PIN: 505-006-647
INFO:werkzeug: * Running on http://localhost:8080/ (Press CTRL+C to quit)
INFO:werkzeug:127.0.0.1 - - [22/Oct/2019 12:38:00] "GET /resource HTTP/1.1" 404 -
INFO:werkzeug: * Detected change in 'C:\\Users\\hbill\\PycharmProjects\\web_service\\application.py', reloading
INFO:werkzeug: * Restarting with stat
INFO:root:Flask Web Server Started
WARNING:werkzeug: * Debugger is active!
INFO:werkzeug: * Debugger PIN: 505-006-647
INFO:werkzeug: * Running on http://localhost:8080/ (Press CTRL+C to quit)
INFO:werkzeug: * Detected change in 'C:\\Users\\hbill\\PycharmProjects\\web_service\\application.py', reloading
INFO:werkzeug: * Restarting with stat
INFO:root:Flask Web Server Started
WARNING:werkzeug: * Debugger is active!
INFO:werkzeug: * Debugger PIN: 505-006-647
INFO:werkzeug: * Running on http://localhost:8080/ (Press CTRL+C to quit)
INFO:werkzeug:127.0.0.1 - - [22/Oct/2019 12:39:02] "GET /resource_check HTTP/1.1" 404 -
INFO:werkzeug: * Detected change in 'C:\\Users\\hbill\\PycharmProjects\\web_service\\application.py', reloading
INFO:werkzeug: * Restarting with stat
INFO:root:Flask Web Server Started
WARNING:werkzeug: * Debugger is active!
INFO:werkzeug: * Debugger PIN: 505-006-647
INFO:werkzeug: * Running on http://localhost:8080/ (Press CTRL+C to quit)
INFO:werkzeug:127.0.0.1 - - [22/Oct/2019 12:39:19] "GET /resource/resource_check HTTP/1.1" 200 -
INFO:werkzeug: * Detected change in 'C:\\Users\\hbill\\PycharmProjects\\web_service\\application.py', reloading
INFO:werkzeug: * Restarting with stat
INFO:root:Flask Web Server Started
WARNING:werkzeug: * Debugger is active!
INFO:werkzeug: * Debugger PIN: 505-006-647
INFO:werkzeug: * Running on http://localhost:8080/ (Press CTRL+C to quit)
INFO:root:Flask Web Server Started
INFO:werkzeug: * Restarting with stat
INFO:root:Flask Web Server Started
WARNING:werkzeug: * Debugger is active!
INFO:werkzeug: * Debugger PIN: 505-006-647
INFO:werkzeug: * Running on http://localhost:8080/ (Press CTRL+C to quit)
INFO:werkzeug:127.0.0.1 - - [22/Oct/2019 12:40:40] "GET /resource_check HTTP/1.1" 200 -
INFO:werkzeug:127.0.0.1 - - [22/Oct/2019 12:40:41] "GET /resource_check HTTP/1.1" 200 -
INFO:werkzeug:127.0.0.1 - - [22/Oct/2019 12:40:59] "GET /news HTTP/1.1" 404 -
INFO:werkzeug:127.0.0.1 - - [22/Oct/2019 12:41:04] "GET /news/science HTTP/1.1" 200 -
INFO:werkzeug: * Detected change in 'C:\\Users\\hbill\\PycharmProjects\\web_service\\application.py', reloading
INFO:werkzeug: * Restarting with stat
INFO:root:Flask Web Server Started
WARNING:werkzeug: * Debugger is active!
INFO:werkzeug: * Debugger PIN: 505-006-647
INFO:werkzeug: * Running on http://localhost:8080/ (Press CTRL+C to quit)
INFO:werkzeug:127.0.0.1 - - [22/Oct/2019 12:43:23] "GET /resource/resource_check HTTP/1.1" 200 -
INFO:werkzeug:127.0.0.1 - - [22/Oct/2019 12:43:24] "GET /resource/resource_check HTTP/1.1" 200 -
INFO:werkzeug:127.0.0.1 - - [22/Oct/2019 12:43:24] "GET /resource/resource_check HTTP/1.1" 200 -
INFO:werkzeug: * Detected change in 'C:\\Users\\hbill\\PycharmProjects\\web_service\\application.py', reloading
INFO:werkzeug: * Restarting with stat
INFO:root:Flask Web Server Started
INFO:werkzeug: * Restarting with stat
INFO:root:Flask Web Server Started
WARNING:werkzeug: * Debugger is active!
INFO:werkzeug: * Debugger PIN: 505-006-647
INFO:werkzeug: * Running on http://localhost:8080/ (Press CTRL+C to quit)
INFO:werkzeug:127.0.0.1 - - [22/Oct/2019 12:43:51] "GET /resource/resource_check HTTP/1.1" 200 -
INFO:root:Flask Web Server Started
INFO:werkzeug: * Restarting with stat
INFO:root:Flask Web Server Started
WARNING:werkzeug: * Debugger is active!
INFO:werkzeug: * Debugger PIN: 505-006-647
INFO:werkzeug: * Running on http://localhost:8080/ (Press CTRL+C to quit)
INFO:werkzeug:127.0.0.1 - - [23/Oct/2019 11:09:35] "GET / HTTP/1.1" 200 -
INFO:werkzeug:127.0.0.1 - - [23/Oct/2019 11:09:35] "GET /static/css/bootstrap.min.css HTTP/1.1" 304 -
INFO:werkzeug:127.0.0.1 - - [23/Oct/2019 11:09:35] "GET /static/js/bootstrap.min.js HTTP/1.1" 304 -
INFO:werkzeug:127.0.0.1 - - [23/Oct/2019 11:09:35] "GET /favicon.ico HTTP/1.1" 404 -
INFO:werkzeug:127.0.0.1 - - [23/Oct/2019 11:09:42] "GET /profile/hi HTTP/1.1" 404 -
INFO:werkzeug:127.0.0.1 - - [23/Oct/2019 11:09:44] "GET /profile/ HTTP/1.1" 404 -
INFO:werkzeug:127.0.0.1 - - [23/Oct/2019 11:09:52] "GET /success/しししししししししししししし HTTP/1.1" 404 -
INFO:werkzeug:127.0.0.1 - - [23/Oct/2019 11:09:59] "GET /news/science HTTP/1.1" 200 -
INFO:werkzeug: * Detected change in 'C:\\Users\\hbill\\PycharmProjects\\web_service\\application.py', reloading
INFO:werkzeug: * Restarting with stat
INFO:root:Flask Web Server Started
WARNING:werkzeug: * Debugger is active!
INFO:werkzeug: * Debugger PIN: 505-006-647
INFO:werkzeug: * Running on http://localhost:8080/ (Press CTRL+C to quit)
INFO:werkzeug: * Detected change in 'C:\\Users\\hbill\\PycharmProjects\\web_service\\application.py', reloading
INFO:werkzeug: * Restarting with stat
INFO:root:Flask Web Server Started
WARNING:werkzeug: * Debugger is active!
INFO:werkzeug: * Debugger PIN: 505-006-647
INFO:werkzeug: * Running on http://localhost:8080/ (Press CTRL+C to quit)
INFO:root:Flask Web Server Started
INFO:werkzeug: * Restarting with stat
INFO:root:Flask Web Server Started
WARNING:werkzeug: * Debugger is active!
INFO:werkzeug: * Debugger PIN: 505-006-647
INFO:werkzeug: * Running on http://localhost:8080/ (Press CTRL+C to quit)
INFO:werkzeug:127.0.0.1 - - [23/Oct/2019 11:44:55] "GET /resource/t1 HTTP/1.1" 200 -
INFO:werkzeug:127.0.0.1 - - [23/Oct/2019 11:44:59] "GET /resource/t2 HTTP/1.1" 200 -
INFO:werkzeug:127.0.0.1 - - [23/Oct/2019 11:45:13] "GET /resource/creation HTTP/1.1" 404 -
INFO:werkzeug:127.0.0.1 - - [23/Oct/2019 11:48:15] "GET /resource/t2222 HTTP/1.1" 404 -
INFO:werkzeug:127.0.0.1 - - [23/Oct/2019 11:48:21] "GET /resource/t2222 HTTP/1.1" 404 -
INFO:werkzeug:127.0.0.1 - - [23/Oct/2019 11:48:29] "GET /resource/t2222 HTTP/1.1" 404 -
INFO:werkzeug:127.0.0.1 - - [23/Oct/2019 12:18:44] "GET /resource/t1 HTTP/1.1" 200 -
INFO:werkzeug:127.0.0.1 - - [23/Oct/2019 12:18:51] "GET /resource/t1 HTTP/1.1" 200 -
INFO:werkzeug:127.0.0.1 - - [23/Oct/2019 12:19:05] "GET /resource/t1 HTTP/1.1" 200 -
INFO:werkzeug:127.0.0.1 - - [23/Oct/2019 12:22:51] "DELETE /resource/t1 HTTP/1.1" 204 -
INFO:werkzeug:127.0.0.1 - - [23/Oct/2019 12:22:56] "GET /resource/t1 HTTP/1.1" 404 -
INFO:werkzeug:127.0.0.1 - - [23/Oct/2019 12:23:06] "GET /resource/t1 HTTP/1.1" 404 -
INFO:werkzeug:127.0.0.1 - - [23/Oct/2019 12:23:13] "GET /resource/t1 HTTP/1.1" 404 -
INFO:werkzeug:127.0.0.1 - - [23/Oct/2019 12:23:17] "GET /resource/t1 HTTP/1.1" 404 -
INFO:werkzeug: * Detected change in 'C:\\Users\\hbill\\PycharmProjects\\web_service\\rest_server\\resource.py', reloading
INFO:werkzeug: * Restarting with stat
INFO:root:Flask Web Server Started
WARNING:werkzeug: * Debugger is active!
INFO:werkzeug: * Debugger PIN: 505-006-647
INFO:werkzeug: * Running on http://localhost:8080/ (Press CTRL+C to quit)
INFO:werkzeug:127.0.0.1 - - [23/Oct/2019 12:24:06] "GET /resource/t1 HTTP/1.1" 404 -
INFO:werkzeug:127.0.0.1 - - [23/Oct/2019 12:24:08] "GET /resource/t1 HTTP/1.1" 404 -
INFO:root:Flask Web Server Started
INFO:werkzeug: * Restarting with stat
INFO:root:Flask Web Server Started
WARNING:werkzeug: * Debugger is active!
INFO:werkzeug: * Debugger PIN: 505-006-647
INFO:werkzeug: * Running on http://localhost:8080/ (Press CTRL+C to quit)
INFO:werkzeug:127.0.0.1 - - [23/Oct/2019 12:24:15] "GET /resource/t1 HTTP/1.1" 404 -
INFO:werkzeug:127.0.0.1 - - [23/Oct/2019 12:24:17] "GET /resource/t1 HTTP/1.1" 404 -
INFO:werkzeug: * Detected change in 'C:\\Users\\hbill\\PycharmProjects\\web_service\\rest_server\\resource.py', reloading
INFO:werkzeug: * Restarting with stat
INFO:root:Flask Web Server Started
WARNING:werkzeug: * Debugger is active!
INFO:werkzeug: * Debugger PIN: 505-006-647
INFO:werkzeug: * Running on http://localhost:8080/ (Press CTRL+C to quit)
INFO:werkzeug: * Detected change in 'C:\\Users\\hbill\\PycharmProjects\\web_service\\rest_server\\resource.py', reloading
INFO:werkzeug: * Restarting with stat
INFO:root:Flask Web Server Started
WARNING:werkzeug: * Debugger is active!
INFO:werkzeug: * Debugger PIN: 505-006-647
INFO:werkzeug: * Running on http://localhost:8080/ (Press CTRL+C to quit)
INFO:werkzeug:127.0.0.1 - - [23/Oct/2019 12:25:01] "DELETE /resource/t1 HTTP/1.1" 204 -
INFO:werkzeug: * Detected change in 'C:\\Users\\hbill\\PycharmProjects\\web_service\\rest_server\\resource.py', reloading
INFO:werkzeug: * Restarting with stat
INFO:root:Flask Web Server Started
WARNING:werkzeug: * Debugger is active!
INFO:werkzeug: * Debugger PIN: 505-006-647
INFO:werkzeug: * Running on http://localhost:8080/ (Press CTRL+C to quit)
INFO:werkzeug:127.0.0.1 - - [23/Oct/2019 12:25:10] "GET /resource/t1 HTTP/1.1" 404 -
INFO:werkzeug:127.0.0.1 - - [23/Oct/2019 12:25:19] "GET /resource/t2 HTTP/1.1" 200 -
INFO:werkzeug:127.0.0.1 - - [23/Oct/2019 12:26:04] "PUT /resource/t2?temperature=100 HTTP/1.1" 200 -
INFO:werkzeug:127.0.0.1 - - [23/Oct/2019 12:26:08] "GET /resource/t2?temperature=100 HTTP/1.1" 200 -
INFO:werkzeug:127.0.0.1 - - [23/Oct/2019 12:27:16] "GET /resource/t2 HTTP/1.1" 200 -
INFO:werkzeug:127.0.0.1 - - [23/Oct/2019 12:28:38] "GET /resource/t1 HTTP/1.1" 404 -
INFO:werkzeug:127.0.0.1 - - [23/Oct/2019 12:28:44] "GET /resource/t2?temperature=100 HTTP/1.1" 200 -
INFO:werkzeug:127.0.0.1 - - [23/Oct/2019 12:30:37] "GET /resource/t1 HTTP/1.1" 404 -
INFO:werkzeug:127.0.0.1 - - [23/Oct/2019 12:30:41] "GET /resource/t2 HTTP/1.1" 200 -
INFO:werkzeug:127.0.0.1 - - [23/Oct/2019 12:30:50] "GET /resource/t2 HTTP/1.1" 200 -
INFO:werkzeug:127.0.0.1 - - [23/Oct/2019 12:30:59] "PUT /resource/t2 HTTP/1.1" 200 -
INFO:werkzeug:127.0.0.1 - - [23/Oct/2019 12:31:03] "GET /resource/t2 HTTP/1.1" 200 -
INFO:werkzeug:127.0.0.1 - - [23/Oct/2019 12:31:25] "GET /resource/t3 HTTP/1.1" 404 -
INFO:root:Flask Web Server Started
INFO:werkzeug: * Restarting with stat
INFO:root:Flask Web Server Started
WARNING:werkzeug: * Debugger is active!
INFO:werkzeug: * Debugger PIN: 505-006-647
INFO:werkzeug: * Running on http://localhost:8080/ (Press CTRL+C to quit)
INFO:werkzeug:127.0.0.1 - - [23/Oct/2019 12:31:55] "GET /resource/t2 HTTP/1.1" 200 -
INFO:werkzeug:127.0.0.1 - - [23/Oct/2019 12:31:58] "GET /resource/t1 HTTP/1.1" 200 -
INFO:werkzeug:127.0.0.1 - - [23/Oct/2019 12:32:08] "GET /resource/t1 HTTP/1.1" 200 -
INFO:werkzeug:127.0.0.1 - - [23/Oct/2019 12:32:09] "GET /resource/t1 HTTP/1.1" 200 -
INFO:werkzeug:127.0.0.1 - - [23/Oct/2019 12:32:21] "GET /resource/t1 HTTP/1.1" 200 -
INFO:werkzeug:127.0.0.1 - - [23/Oct/2019 12:32:34] "GET /resource/t1 HTTP/1.1" 200 -
INFO:werkzeug:127.0.0.1 - - [23/Oct/2019 12:32:35] "GET /resource/t1 HTTP/1.1" 200 -
INFO:werkzeug:127.0.0.1 - - [23/Oct/2019 12:32:41] "PUT /resource/t1 HTTP/1.1" 200 -
INFO:werkzeug:127.0.0.1 - - [23/Oct/2019 12:32:49] "GET /resource/t1 HTTP/1.1" 200 -
INFO:werkzeug:127.0.0.1 - - [23/Oct/2019 12:33:15] "PUT /resource/t1 HTTP/1.1" 200 -
INFO:werkzeug:127.0.0.1 - - [23/Oct/2019 12:33:21] "GET /resource/t1 HTTP/1.1" 200 -
INFO:werkzeug:127.0.0.1 - - [23/Oct/2019 12:33:40] "PUT /resource/t1 HTTP/1.1" 200 -
INFO:werkzeug:127.0.0.1 - - [23/Oct/2019 12:33:45] "GET /resource/t1 HTTP/1.1" 200 -
INFO:werkzeug:127.0.0.1 - - [23/Oct/2019 12:35:28] "GET /resource/t1 HTTP/1.1" 200 -
INFO:werkzeug:127.0.0.1 - - [23/Oct/2019 12:35:31] "GET /resource/t2 HTTP/1.1" 200 -
INFO:werkzeug:127.0.0.1 - - [23/Oct/2019 12:37:29] "GET /static/css/bootstrap.min.css.map HTTP/1.1" 200 -
INFO:werkzeug:127.0.0.1 - - [23/Oct/2019 12:37:29] "GET /static/js/bootstrap.min.js.map HTTP/1.1" 200 -
INFO:werkzeug:127.0.0.1 - - [23/Oct/2019 12:38:12] "GET /resource/creation HTTP/1.1" 404 -
INFO:werkzeug:127.0.0.1 - - [23/Oct/2019 12:39:58] "POST /resource/creation?= HTTP/1.1" 201 -
INFO:werkzeug:127.0.0.1 - - [23/Oct/2019 12:40:05] "GET /resource/t3 HTTP/1.1" 404 -
INFO:werkzeug:127.0.0.1 - - [23/Oct/2019 12:41:09] "GET /resource/t3 HTTP/1.1" 404 -
INFO:werkzeug:127.0.0.1 - - [23/Oct/2019 12:41:45] "GET /resource/t3 HTTP/1.1" 404 -
INFO:werkzeug:127.0.0.1 - - [23/Oct/2019 12:41:56] "GET /resource/check HTTP/1.1" 404 -
INFO:werkzeug:127.0.0.1 - - [23/Oct/2019 12:41:59] "GET /resource_check HTTP/1.1" 404 -
INFO:werkzeug:127.0.0.1 - - [23/Oct/2019 12:42:08] "GET /resource/resource_check HTTP/1.1" 200 -
INFO:werkzeug:127.0.0.1 - - [23/Oct/2019 12:42:23] "GET /resource/creation HTTP/1.1" 404 -
INFO:werkzeug:127.0.0.1 - - [23/Oct/2019 12:42:31] "POST /resource/creation HTTP/1.1" 201 -
INFO:werkzeug:127.0.0.1 - - [23/Oct/2019 12:42:38] "POST /resource/creation HTTP/1.1" 201 -
INFO:werkzeug:127.0.0.1 - - [23/Oct/2019 12:43:48] "POST /resource/creation HTTP/1.1" 201 -
INFO:werkzeug: * Detected change in 'C:\\Users\\hbill\\PycharmProjects\\web_service\\database\\resource_db_access.py', reloading
INFO:werkzeug: * Restarting with stat
INFO:root:Flask Web Server Started
WARNING:werkzeug: * Debugger is active!
INFO:werkzeug: * Debugger PIN: 505-006-647
INFO:werkzeug: * Running on http://localhost:8080/ (Press CTRL+C to quit)
INFO:werkzeug:127.0.0.1 - - [23/Oct/2019 12:44:35] "POST /resource/creation HTTP/1.1" 500 -
INFO:werkzeug:127.0.0.1 - - [23/Oct/2019 12:45:09] "POST /resource/creation HTTP/1.1" 500 -
INFO:werkzeug:127.0.0.1 - - [23/Oct/2019 12:45:56] "GET /resource/resource_check HTTP/1.1" 200 -
INFO:werkzeug:127.0.0.1 - - [23/Oct/2019 12:45:56] "GET /resource/resource_check HTTP/1.1" 200 -
INFO:werkzeug:127.0.0.1 - - [23/Oct/2019 12:45:57] "GET /resource/resource_check HTTP/1.1" 200 -
INFO:werkzeug:127.0.0.1 - - [23/Oct/2019 12:45:57] "GET /resource/resource_check HTTP/1.1" 200 -
INFO:werkzeug:127.0.0.1 - - [23/Oct/2019 12:45:57] "GET /resource/resource_check HTTP/1.1" 200 -
INFO:werkzeug:127.0.0.1 - - [23/Oct/2019 12:47:10] "GET /resource/resource_check HTTP/1.1" 200 -
INFO:werkzeug:127.0.0.1 - - [23/Oct/2019 12:47:10] "GET /resource/resource_check HTTP/1.1" 200 -
INFO:werkzeug:127.0.0.1 - - [23/Oct/2019 12:50:33] "GET /resource/resource_check HTTP/1.1" 200 -
INFO:werkzeug:127.0.0.1 - - [23/Oct/2019 12:50:33] "GET /resource/resource_check HTTP/1.1" 200 -
INFO:werkzeug:127.0.0.1 - - [23/Oct/2019 12:50:33] "GET /resource/resource_check HTTP/1.1" 200 -
INFO:root:Flask Web Server Started
INFO:werkzeug: * Restarting with stat
INFO:root:Flask Web Server Started
WARNING:werkzeug: * Debugger is active!
INFO:werkzeug: * Debugger PIN: 505-006-647
INFO:werkzeug: * Running on http://localhost:8080/ (Press CTRL+C to quit)
INFO:werkzeug:127.0.0.1 - - [29/Oct/2019 11:13:18] "GET / HTTP/1.1" 200 -
INFO:werkzeug:127.0.0.1 - - [29/Oct/2019 11:13:18] "GET /static/css/bootstrap.min.css HTTP/1.1" 304 -
INFO:werkzeug:127.0.0.1 - - [29/Oct/2019 11:13:18] "GET /static/js/bootstrap.min.js HTTP/1.1" 304 -
INFO:werkzeug:127.0.0.1 - - [29/Oct/2019 11:13:21] "GET /resource/resource_check HTTP/1.1" 200 -
INFO:werkzeug:127.0.0.1 - - [29/Oct/2019 11:13:22] "GET /favicon.ico HTTP/1.1" 404 -
INFO:werkzeug:127.0.0.1 - - [29/Oct/2019 11:13:59] "GET /resource/t1 HTTP/1.1" 200 -
INFO:werkzeug: * Detected change in 'C:\\Users\\hbill\\PycharmProjects\\web_service\\database\\resource_db_access.py', reloading
INFO:werkzeug: * Restarting with stat
INFO:root:Flask Web Server Started
INFO:werkzeug: * Restarting with stat
INFO:root:Flask Web Server Started
WARNING:werkzeug: * Debugger is active!
INFO:werkzeug: * Debugger PIN: 505-006-647
INFO:werkzeug: * Running on http://localhost:8080/ (Press CTRL+C to quit)
INFO:werkzeug:127.0.0.1 - - [29/Oct/2019 11:20:55] "PUT /resource/t1?sensor_id=2 HTTP/1.1" 200 -
INFO:werkzeug:127.0.0.1 - - [29/Oct/2019 11:21:01] "GET /resource/resource_check HTTP/1.1" 200 -
INFO:werkzeug:127.0.0.1 - - [29/Oct/2019 11:21:02] "GET /resource/resource_check HTTP/1.1" 200 -
INFO:werkzeug:127.0.0.1 - - [29/Oct/2019 11:21:03] "GET /resource/resource_check HTTP/1.1" 200 -
INFO:werkzeug:127.0.0.1 - - [29/Oct/2019 11:21:16] "PUT /resource/t1?sensor_id=1 HTTP/1.1" 200 -
INFO:werkzeug:127.0.0.1 - - [29/Oct/2019 11:21:19] "GET /resource/resource_check HTTP/1.1" 200 -
INFO:werkzeug:127.0.0.1 - - [29/Oct/2019 11:21:19] "GET /resource/resource_check HTTP/1.1" 200 -
INFO:werkzeug:127.0.0.1 - - [29/Oct/2019 11:21:20] "GET /resource/resource_check HTTP/1.1" 200 -
INFO:werkzeug:127.0.0.1 - - [29/Oct/2019 11:21:26] "PUT /resource/t1 HTTP/1.1" 200 -
INFO:werkzeug:127.0.0.1 - - [29/Oct/2019 11:21:30] "GET /resource/t1 HTTP/1.1" 200 -
INFO:werkzeug:127.0.0.1 - - [29/Oct/2019 11:21:46] "PUT /resource/t1?id=1 HTTP/1.1" 200 -
INFO:werkzeug:127.0.0.1 - - [29/Oct/2019 11:21:54] "GET /resource/t1 HTTP/1.1" 200 -
INFO:werkzeug:127.0.0.1 - - [29/Oct/2019 11:21:58] "GET /resource/resource_check HTTP/1.1" 200 -
INFO:werkzeug:127.0.0.1 - - [29/Oct/2019 11:21:59] "GET /resource/resource_check HTTP/1.1" 200 -
INFO:werkzeug:127.0.0.1 - - [29/Oct/2019 11:22:14] "DELETE /resource/t1 HTTP/1.1" 204 -
INFO:werkzeug:127.0.0.1 - - [29/Oct/2019 11:22:17] "GET /resource/resource_check HTTP/1.1" 200 -
INFO:werkzeug:127.0.0.1 - - [29/Oct/2019 11:22:21] "DELETE /resource/t2 HTTP/1.1" 204 -
INFO:werkzeug:127.0.0.1 - - [29/Oct/2019 11:22:22] "GET /resource/resource_check HTTP/1.1" 200 -
INFO:werkzeug:127.0.0.1 - - [29/Oct/2019 11:22:27] "DELETE /resource/None HTTP/1.1" 404 -
INFO:werkzeug:127.0.0.1 - - [29/Oct/2019 11:22:34] "DELETE /resource/NULL HTTP/1.1" 404 -
INFO:werkzeug:127.0.0.1 - - [29/Oct/2019 11:22:36] "GET /resource/resource_check HTTP/1.1" 200 -
INFO:werkzeug:127.0.0.1 - - [29/Oct/2019 11:22:37] "GET /resource/resource_check HTTP/1.1" 200 -
INFO:werkzeug:127.0.0.1 - - [29/Oct/2019 11:22:47] "GET /resource/t1 HTTP/1.1" 404 -
INFO:werkzeug:127.0.0.1 - - [29/Oct/2019 11:22:59] "PUT /resource/t1 HTTP/1.1" 404 -
INFO:werkzeug:127.0.0.1 - - [29/Oct/2019 11:23:07] "POST /resource/t1 HTTP/1.1" 405 -
INFO:werkzeug:127.0.0.1 - - [29/Oct/2019 11:23:22] "POST /resource/t1?Sensor_id=1 HTTP/1.1" 405 -
INFO:werkzeug:127.0.0.1 - - [29/Oct/2019 11:23:25] "GET /resource/resource_check HTTP/1.1" 200 -
INFO:werkzeug:127.0.0.1 - - [29/Oct/2019 11:23:25] "GET /resource/resource_check HTTP/1.1" 200 -
INFO:werkzeug:127.0.0.1 - - [29/Oct/2019 11:23:31] "POST /resource/t1?sensor_id=1 HTTP/1.1" 405 -
INFO:werkzeug:127.0.0.1 - - [29/Oct/2019 11:23:52] "POST /resource/creation HTTP/1.1" 500 -
INFO:werkzeug:127.0.0.1 - - [29/Oct/2019 11:24:14] "POST /resource/creation?id=1&Sensor_id=t1 HTTP/1.1" 500 -
INFO:werkzeug:127.0.0.1 - - [29/Oct/2019 11:24:27] "GET /resource/t1 HTTP/1.1" 404 -
INFO:werkzeug:127.0.0.1 - - [29/Oct/2019 11:25:07] "POST /resource/creation HTTP/1.1" 500 -
INFO:werkzeug:127.0.0.1 - - [29/Oct/2019 11:25:15] "POST /resource_creation HTTP/1.1" 404 -
INFO:werkzeug:127.0.0.1 - - [29/Oct/2019 11:25:19] "POST /resource/creation HTTP/1.1" 500 -
INFO:werkzeug:127.0.0.1 - - [29/Oct/2019 11:26:58] "POST /resource/creation HTTP/1.1" 500 -
INFO:werkzeug:127.0.0.1 - - [29/Oct/2019 11:27:03] "GET /resource/t1 HTTP/1.1" 404 -
INFO:werkzeug:127.0.0.1 - - [29/Oct/2019 11:28:15] "POST /resource/creation?sensor_id=t1 HTTP/1.1" 500 -
INFO:werkzeug:127.0.0.1 - - [29/Oct/2019 11:28:20] "PUT /resource/creation?sensor_id=t1 HTTP/1.1" 404 -
INFO:werkzeug:127.0.0.1 - - [29/Oct/2019 11:28:31] "PUT /resource/creation?sensor_id=t1 HTTP/1.1" 404 -
INFO:werkzeug:127.0.0.1 - - [29/Oct/2019 11:28:44] "PUT /resource/creation?sensor_id=t1 HTTP/1.1" 404 -
INFO:werkzeug:127.0.0.1 - - [29/Oct/2019 11:29:32] "POST /resource/creation?sensor_id=t1 HTTP/1.1" 500 -
INFO:werkzeug:127.0.0.1 - - [29/Oct/2019 11:30:22] "GET /resource/resource_check HTTP/1.1" 200 -
INFO:werkzeug:127.0.0.1 - - [29/Oct/2019 11:30:23] "GET /resource/resource_check HTTP/1.1" 200 -
INFO:werkzeug:127.0.0.1 - - [29/Oct/2019 11:30:31] "POST /resource/creation HTTP/1.1" 500 -
INFO:werkzeug:127.0.0.1 - - [29/Oct/2019 11:30:46] "GET /resource/resource_check HTTP/1.1" 200 -
INFO:werkzeug:127.0.0.1 - - [29/Oct/2019 11:31:00] "PUT /resource/creation HTTP/1.1" 404 -
INFO:werkzeug:127.0.0.1 - - [29/Oct/2019 11:31:15] "PUT /resource/creation HTTP/1.1" 404 -
INFO:werkzeug:127.0.0.1 - - [29/Oct/2019 11:32:35] "POST /resource/creation HTTP/1.1" 500 -
INFO:werkzeug:127.0.0.1 - - [29/Oct/2019 11:32:40] "GET /resource/resource_check HTTP/1.1" 200 -
INFO:werkzeug:127.0.0.1 - - [29/Oct/2019 11:33:09] "POST /resource/creation HTTP/1.1" 500 -
INFO:werkzeug: * Detected change in 'C:\\Users\\hbill\\PycharmProjects\\web_service\\rest_server\\resource.py', reloading
INFO:werkzeug: * Restarting with stat
INFO:root:Flask Web Server Started
INFO:werkzeug: * Restarting with stat
INFO:root:Flask Web Server Started
WARNING:werkzeug: * Debugger is active!
INFO:werkzeug: * Debugger PIN: 505-006-647
INFO:werkzeug: * Running on http://localhost:8080/ (Press CTRL+C to quit)
INFO:werkzeug:127.0.0.1 - - [29/Oct/2019 11:34:28] "POST /resource/creation HTTP/1.1" 201 -
INFO:werkzeug:127.0.0.1 - - [29/Oct/2019 11:34:36] "GET /resource/resource_check HTTP/1.1" 200 -
INFO:werkzeug:127.0.0.1 - - [29/Oct/2019 11:34:37] "GET /resource/resource_check HTTP/1.1" 200 -
INFO:werkzeug:127.0.0.1 - - [29/Oct/2019 11:35:27] "POST /resource/creation HTTP/1.1" 201 -
INFO:werkzeug:127.0.0.1 - - [29/Oct/2019 11:35:30] "GET /resource/resource_check HTTP/1.1" 200 -
INFO:werkzeug: * Detected change in 'C:\\Users\\hbill\\PycharmProjects\\web_service\\rest_server\\resource.py', reloading
INFO:werkzeug: * Restarting with stat
INFO:root:Flask Web Server Started
INFO:werkzeug: * Restarting with stat
INFO:root:Flask Web Server Started
WARNING:werkzeug: * Debugger is active!
INFO:werkzeug: * Debugger PIN: 505-006-647
INFO:werkzeug: * Running on http://localhost:8080/ (Press CTRL+C to quit)
INFO:werkzeug:127.0.0.1 - - [29/Oct/2019 11:43:19] "POST /resource/creation HTTP/1.1" 201 -
INFO:werkzeug:127.0.0.1 - - [29/Oct/2019 11:43:25] "GET /resource/resource_check HTTP/1.1" 200 -
INFO:werkzeug:127.0.0.1 - - [29/Oct/2019 11:47:25] "GET /resource/resource_location/1 HTTP/1.1" 404 -
INFO:werkzeug:127.0.0.1 - - [29/Oct/2019 11:47:45] "GET /resource/location HTTP/1.1" 404 -
INFO:werkzeug:127.0.0.1 - - [29/Oct/2019 11:47:49] "GET /resource/location/1 HTTP/1.1" 500 -
INFO:werkzeug:127.0.0.1 - - [29/Oct/2019 11:47:49] "GET /resource/location/1?__debugger__=yes&cmd=resource&f=style.css HTTP/1.1" 200 -
INFO:werkzeug:127.0.0.1 - - [29/Oct/2019 11:47:49] "GET /resource/location/1?__debugger__=yes&cmd=resource&f=debugger.js HTTP/1.1" 200 -
INFO:werkzeug:127.0.0.1 - - [29/Oct/2019 11:47:49] "GET /resource/location/1?__debugger__=yes&cmd=resource&f=jquery.js HTTP/1.1" 200 -
INFO:werkzeug:127.0.0.1 - - [29/Oct/2019 11:47:50] "GET /resource/location/1?__debugger__=yes&cmd=resource&f=ubuntu.ttf HTTP/1.1" 200 -
INFO:werkzeug:127.0.0.1 - - [29/Oct/2019 11:47:50] "GET /resource/location/1?__debugger__=yes&cmd=resource&f=console.png HTTP/1.1" 200 -
INFO:werkzeug:127.0.0.1 - - [29/Oct/2019 11:47:50] "GET /resource/location/1?__debugger__=yes&cmd=resource&f=console.png HTTP/1.1" 200 -
INFO:werkzeug:127.0.0.1 - - [29/Oct/2019 11:47:56] "GET /resource/location/4 HTTP/1.1" 500 -
INFO:werkzeug:127.0.0.1 - - [29/Oct/2019 11:47:56] "GET /resource/location/4?__debugger__=yes&cmd=resource&f=style.css HTTP/1.1" 200 -
INFO:werkzeug:127.0.0.1 - - [29/Oct/2019 11:47:56] "GET /resource/location/4?__debugger__=yes&cmd=resource&f=jquery.js HTTP/1.1" 200 -
INFO:werkzeug:127.0.0.1 - - [29/Oct/2019 11:47:56] "GET /resource/location/4?__debugger__=yes&cmd=resource&f=debugger.js HTTP/1.1" 200 -
INFO:werkzeug:127.0.0.1 - - [29/Oct/2019 11:47:56] "GET /resource/location/4?__debugger__=yes&cmd=resource&f=ubuntu.ttf HTTP/1.1" 200 -
INFO:werkzeug:127.0.0.1 - - [29/Oct/2019 11:47:56] "GET /resource/location/4?__debugger__=yes&cmd=resource&f=console.png HTTP/1.1" 200 -
INFO:werkzeug:127.0.0.1 - - [29/Oct/2019 11:47:57] "GET /resource/location/4?__debugger__=yes&cmd=resource&f=console.png HTTP/1.1" 200 -
INFO:werkzeug: * Detected change in 'C:\\Users\\hbill\\PycharmProjects\\web_service\\database\\resource_db_access.py', reloading
INFO:werkzeug: * Restarting with stat
INFO:root:Flask Web Server Started
WARNING:werkzeug: * Debugger is active!
INFO:werkzeug: * Debugger PIN: 505-006-647
INFO:werkzeug: * Running on http://localhost:8080/ (Press CTRL+C to quit)
INFO:werkzeug:127.0.0.1 - - [29/Oct/2019 11:49:17] "GET /resource/location/4 HTTP/1.1" 404 -
INFO:werkzeug:127.0.0.1 - - [29/Oct/2019 11:49:28] "GET /resource/location/2因俳淫 HTTP/1.1" 200 -
INFO:werkzeug:127.0.0.1 - - [29/Oct/2019 11:50:18] "GET /resource/location/2 HTTP/1.1" 200 -
INFO:werkzeug:127.0.0.1 - - [29/Oct/2019 11:50:31] "GET /resource/location/2 HTTP/1.1" 200 -
INFO:root:Flask Web Server Started
INFO:werkzeug: * Restarting with stat
INFO:root:Flask Web Server Started
WARNING:werkzeug: * Debugger is active!
INFO:werkzeug: * Debugger PIN: 505-006-647
INFO:werkzeug: * Running on http://localhost:8080/ (Press CTRL+C to quit)
INFO:werkzeug:127.0.0.1 - - [29/Oct/2019 11:53:38] "DELETE /resource/1 HTTP/1.1" 404 -
INFO:werkzeug:127.0.0.1 - - [29/Oct/2019 11:53:56] "DELETE /resource/1 HTTP/1.1" 204 -
INFO:werkzeug:127.0.0.1 - - [29/Oct/2019 12:18:23] "GET /resource/resource_check HTTP/1.1" 200 -
INFO:werkzeug:127.0.0.1 - - [29/Oct/2019 12:18:23] "GET /resource/resource_check HTTP/1.1" 200 -
INFO:werkzeug:127.0.0.1 - - [29/Oct/2019 12:19:07] "GET /resource/resource_check HTTP/1.1" 200 -
INFO:werkzeug:127.0.0.1 - - [29/Oct/2019 12:20:28] "GET /resource/resource_check HTTP/1.1" 200 -
INFO:werkzeug:127.0.0.1 - - [29/Oct/2019 12:20:29] "GET /resource/resource_check HTTP/1.1" 200 -
INFO:werkzeug:127.0.0.1 - - [29/Oct/2019 12:20:29] "GET /resource/resource_check HTTP/1.1" 200 -
INFO:werkzeug:127.0.0.1 - - [29/Oct/2019 12:20:54] "GET /resource/t2 HTTP/1.1" 404 -
INFO:werkzeug:127.0.0.1 - - [29/Oct/2019 12:20:54] "GET /resource/location/4th HTTP/1.1" 404 -
INFO:werkzeug:127.0.0.1 - - [29/Oct/2019 12:21:12] "GET /resource/t1 HTTP/1.1" 200 -
INFO:werkzeug:127.0.0.1 - - [29/Oct/2019 12:21:12] "GET /resource/location/4th HTTP/1.1" 404 -
INFO:werkzeug:127.0.0.1 - - [29/Oct/2019 12:21:24] "GET /resource/t1 HTTP/1.1" 200 -
INFO:werkzeug:127.0.0.1 - - [29/Oct/2019 12:21:24] "GET /resource/location/2 HTTP/1.1" 200 -
INFO:werkzeug:127.0.0.1 - - [29/Oct/2019 12:21:53] "POST /resource/creation HTTP/1.1" 201 -
INFO:werkzeug:127.0.0.1 - - [29/Oct/2019 12:21:59] "GET /resource/resource_check HTTP/1.1" 200 -
INFO:werkzeug:127.0.0.1 - - [29/Oct/2019 12:22:12] "DELETE /resource/t1 HTTP/1.1" 204 -
INFO:werkzeug:127.0.0.1 - - [29/Oct/2019 12:23:39] "DELETE /resource/t3 HTTP/1.1" 404 -
INFO:werkzeug:127.0.0.1 - - [29/Oct/2019 12:23:48] "DELETE /resource/t1 HTTP/1.1" 404 -
INFO:werkzeug:127.0.0.1 - - [29/Oct/2019 12:23:54] "GET /resource/resource_check HTTP/1.1" 200 -
INFO:werkzeug:127.0.0.1 - - [29/Oct/2019 12:23:54] "GET /resource/resource_check HTTP/1.1" 200 -
INFO:werkzeug:127.0.0.1 - - [29/Oct/2019 12:24:29] "POST /resource/creation HTTP/1.1" 201 -
INFO:werkzeug:127.0.0.1 - - [29/Oct/2019 12:24:40] "POST /resource/creation HTTP/1.1" 409 -
INFO:werkzeug:127.0.0.1 - - [29/Oct/2019 12:24:45] "POST /resource/creation HTTP/1.1" 201 -
INFO:werkzeug:127.0.0.1 - - [29/Oct/2019 12:24:48] "POST /resource/creation HTTP/1.1" 409 -
INFO:werkzeug:127.0.0.1 - - [29/Oct/2019 12:24:50] "GET /resource/resource_check HTTP/1.1" 200 -
INFO:werkzeug:127.0.0.1 - - [29/Oct/2019 12:25:16] "DELETE /resource/t2 HTTP/1.1" 204 -
INFO:werkzeug:127.0.0.1 - - [29/Oct/2019 12:25:24] "GET /resource/resource_check HTTP/1.1" 200 -
INFO:werkzeug:127.0.0.1 - - [29/Oct/2019 12:26:26] "GET /resource/resource_check HTTP/1.1" 200 -
INFO:werkzeug:127.0.0.1 - - [29/Oct/2019 12:26:26] "GET /resource/resource_check HTTP/1.1" 200 -
INFO:werkzeug:127.0.0.1 - - [29/Oct/2019 12:26:32] "POST /resource/creation HTTP/1.1" 201 -
INFO:werkzeug:127.0.0.1 - - [29/Oct/2019 12:26:37] "GET /resource/resource_check HTTP/1.1" 200 -
INFO:werkzeug:127.0.0.1 - - [29/Oct/2019 12:26:46] "PUT /resource/t1 HTTP/1.1" 200 -
INFO:werkzeug:127.0.0.1 - - [29/Oct/2019 12:26:55] "PUT /resource/t2 HTTP/1.1" 200 -
INFO:werkzeug:127.0.0.1 - - [29/Oct/2019 12:26:59] "PUT /resource/t3 HTTP/1.1" 200 -
INFO:werkzeug:127.0.0.1 - - [29/Oct/2019 12:27:04] "PUT /resource/t4 HTTP/1.1" 200 -
INFO:werkzeug:127.0.0.1 - - [29/Oct/2019 12:27:06] "GET /resource/resource_check HTTP/1.1" 200 -
INFO:werkzeug:127.0.0.1 - - [29/Oct/2019 12:27:07] "GET /resource/resource_check HTTP/1.1" 200 -
INFO:werkzeug:127.0.0.1 - - [29/Oct/2019 12:27:07] "GET /resource/resource_check HTTP/1.1" 200 -
INFO:werkzeug:127.0.0.1 - - [29/Oct/2019 12:27:07] "GET /resource/resource_check HTTP/1.1" 200 -
INFO:werkzeug:127.0.0.1 - - [29/Oct/2019 12:31:17] "PUT /resource/t4 HTTP/1.1" 200 -
INFO:werkzeug:127.0.0.1 - - [29/Oct/2019 12:33:21] "GET /resource/resource_check HTTP/1.1" 200 -
INFO:werkzeug:127.0.0.1 - - [29/Oct/2019 12:33:22] "GET /resource/resource_check HTTP/1.1" 200 -
INFO:werkzeug:127.0.0.1 - - [29/Oct/2019 12:33:22] "GET /resource/resource_check HTTP/1.1" 200 -
INFO:werkzeug:127.0.0.1 - - [29/Oct/2019 12:33:22] "GET /resource/resource_check HTTP/1.1" 200 -
INFO:werkzeug:127.0.0.1 - - [29/Oct/2019 12:33:23] "GET /resource/resource_check HTTP/1.1" 200 -
INFO:werkzeug:127.0.0.1 - - [29/Oct/2019 12:33:23] "GET /resource/resource_check HTTP/1.1" 200 -
INFO:werkzeug:127.0.0.1 - - [29/Oct/2019 12:37:01] "GET /resource/t1 HTTP/1.1" 200 -
INFO:werkzeug:127.0.0.1 - - [29/Oct/2019 12:37:01] "GET /resource/location/2 HTTP/1.1" 404 -
INFO:werkzeug:127.0.0.1 - - [29/Oct/2019 12:37:07] "GET /resource/t1 HTTP/1.1" 200 -
INFO:werkzeug:127.0.0.1 - - [29/Oct/2019 12:37:07] "GET /resource/location/2 HTTP/1.1" 404 -
INFO:werkzeug:127.0.0.1 - - [29/Oct/2019 12:37:15] "GET /resource/t1 HTTP/1.1" 200 -
INFO:werkzeug:127.0.0.1 - - [29/Oct/2019 12:37:15] "GET /resource/location/4 HTTP/1.1" 200 -
INFO:root:Flask Web Server Started
INFO:werkzeug: * Restarting with stat
INFO:root:Flask Web Server Started
WARNING:werkzeug: * Debugger is active!
INFO:werkzeug: * Debugger PIN: 505-006-647
INFO:werkzeug: * Running on http://localhost:8080/ (Press CTRL+C to quit)
INFO:werkzeug:127.0.0.1 - - [05/Nov/2019 11:07:12] "GET /resource/resource_check HTTP/1.1" 200 -
INFO:werkzeug:127.0.0.1 - - [05/Nov/2019 11:07:12] "GET /favicon.ico HTTP/1.1" 404 -
INFO:werkzeug: * Detected change in 'C:\\Users\\hbill\\PycharmProjects\\web_service\\news.py', reloading
INFO:werkzeug: * Restarting with stat
INFO:root:Flask Web Server Started
WARNING:werkzeug: * Debugger is active!
INFO:werkzeug: * Debugger PIN: 505-006-647
INFO:werkzeug: * Running on http://localhost:8080/ (Press CTRL+C to quit)
DEBUG:urllib3.connectionpool:Starting new HTTPS connection (1): dapi.kakao.com:443
DEBUG:urllib3.connectionpool:https://dapi.kakao.com:443 "GET /v2/search/image?query=%EC%84%A4%ED%98%84 HTTP/1.1" 200 None
INFO:werkzeug:127.0.0.1 - - [05/Nov/2019 11:13:14] "GET /news/images HTTP/1.1" 200 -
DEBUG:urllib3.connectionpool:Starting new HTTPS connection (1): dapi.kakao.com:443
DEBUG:urllib3.connectionpool:https://dapi.kakao.com:443 "GET /v2/search/image?query=%EC%84%A4%ED%98%84 HTTP/1.1" 200 None
INFO:werkzeug:127.0.0.1 - - [05/Nov/2019 11:13:55] "GET /news/images HTTP/1.1" 200 -
DEBUG:urllib3.connectionpool:Starting new HTTPS connection (1): dapi.kakao.com:443
DEBUG:urllib3.connectionpool:https://dapi.kakao.com:443 "GET /v2/search/image?query=%EC%84%A4%ED%98%84 HTTP/1.1" 200 None
INFO:werkzeug:127.0.0.1 - - [05/Nov/2019 11:13:56] "GET /news/images HTTP/1.1" 200 -
DEBUG:urllib3.connectionpool:Starting new HTTPS connection (1): dapi.kakao.com:443
DEBUG:urllib3.connectionpool:https://dapi.kakao.com:443 "GET /v2/search/image?query=%EC%84%A4%ED%98%84 HTTP/1.1" 200 None
INFO:werkzeug:127.0.0.1 - - [05/Nov/2019 11:14:19] "GET /news/images HTTP/1.1" 500 -
INFO:werkzeug:127.0.0.1 - - [05/Nov/2019 11:14:19] "GET /news/images?__debugger__=yes&cmd=resource&f=style.css HTTP/1.1" 200 -
INFO:werkzeug:127.0.0.1 - - [05/Nov/2019 11:14:19] "GET /news/images?__debugger__=yes&cmd=resource&f=jquery.js HTTP/1.1" 200 -
DEBUG:urllib3.connectionpool:Starting new HTTPS connection (1): dapi.kakao.com:443
DEBUG:urllib3.connectionpool:https://dapi.kakao.com:443 "GET /v2/search/image?query=%EC%84%A4%ED%98%84 HTTP/1.1" 200 None
INFO:werkzeug:127.0.0.1 - - [05/Nov/2019 11:14:20] "GET /news/images HTTP/1.1" 500 -
INFO:werkzeug:127.0.0.1 - - [05/Nov/2019 11:14:20] "GET /news/images?__debugger__=yes&cmd=resource&f=style.css HTTP/1.1" 200 -
DEBUG:urllib3.connectionpool:Starting new HTTPS connection (1): dapi.kakao.com:443
INFO:werkzeug:127.0.0.1 - - [05/Nov/2019 11:14:20] "GET /news/images?__debugger__=yes&cmd=resource&f=jquery.js HTTP/1.1" 200 -
INFO:werkzeug:127.0.0.1 - - [05/Nov/2019 11:14:20] "GET /news/images?__debugger__=yes&cmd=resource&f=debugger.js HTTP/1.1" 200 -
DEBUG:urllib3.connectionpool:https://dapi.kakao.com:443 "GET /v2/search/image?query=%EC%84%A4%ED%98%84 HTTP/1.1" 200 None
INFO:werkzeug:127.0.0.1 - - [05/Nov/2019 11:14:20] "GET /news/images HTTP/1.1" 500 -
INFO:werkzeug:127.0.0.1 - - [05/Nov/2019 11:14:20] "GET /news/images?__debugger__=yes&cmd=resource&f=ubuntu.ttf HTTP/1.1" 200 -
DEBUG:urllib3.connectionpool:Starting new HTTPS connection (1): dapi.kakao.com:443
INFO:werkzeug:127.0.0.1 - - [05/Nov/2019 11:14:20] "GET /news/images?__debugger__=yes&cmd=resource&f=console.png HTTP/1.1" 200 -
DEBUG:urllib3.connectionpool:https://dapi.kakao.com:443 "GET /v2/search/image?query=%EC%84%A4%ED%98%84 HTTP/1.1" 200 None
INFO:werkzeug:127.0.0.1 - - [05/Nov/2019 11:14:21] "GET /news/images HTTP/1.1" 500 -
INFO:werkzeug:127.0.0.1 - - [05/Nov/2019 11:14:21] "GET /news/images?__debugger__=yes&cmd=resource&f=style.css HTTP/1.1" 200 -
INFO:werkzeug:127.0.0.1 - - [05/Nov/2019 11:14:21] "GET /news/images?__debugger__=yes&cmd=resource&f=debugger.js HTTP/1.1" 200 -
INFO:werkzeug:127.0.0.1 - - [05/Nov/2019 11:14:21] "GET /news/images?__debugger__=yes&cmd=resource&f=jquery.js HTTP/1.1" 200 -
INFO:werkzeug:127.0.0.1 - - [05/Nov/2019 11:14:21] "GET /news/images?__debugger__=yes&cmd=resource&f=ubuntu.ttf HTTP/1.1" 200 -
INFO:werkzeug:127.0.0.1 - - [05/Nov/2019 11:14:21] "GET /news/images?__debugger__=yes&cmd=resource&f=console.png HTTP/1.1" 200 -
INFO:werkzeug:127.0.0.1 - - [05/Nov/2019 11:14:21] "GET /news/images?__debugger__=yes&cmd=resource&f=console.png HTTP/1.1" 200 -
INFO:werkzeug: * Detected change in 'C:\\Users\\hbill\\PycharmProjects\\web_service\\rest_client\\read_kakao.py', reloading
INFO:werkzeug: * Restarting with stat
INFO:root:Flask Web Server Started
WARNING:werkzeug: * Debugger is active!
INFO:werkzeug: * Debugger PIN: 505-006-647
INFO:werkzeug: * Running on http://localhost:8080/ (Press CTRL+C to quit)
INFO:werkzeug: * Detected change in 'C:\\Users\\hbill\\PycharmProjects\\web_service\\news.py', reloading
INFO:werkzeug: * Restarting with stat
INFO:root:Flask Web Server Started
WARNING:werkzeug: * Debugger is active!
INFO:werkzeug: * Debugger PIN: 505-006-647
INFO:werkzeug: * Running on http://localhost:8080/ (Press CTRL+C to quit)
DEBUG:urllib3.connectionpool:Starting new HTTPS connection (1): dapi.kakao.com:443
DEBUG:urllib3.connectionpool:https://dapi.kakao.com:443 "GET /v2/search/image?query=%EC%84%A4%ED%98%84 HTTP/1.1" 200 None
INFO:werkzeug:127.0.0.1 - - [05/Nov/2019 11:15:57] "GET /news/images HTTP/1.1" 200 -
DEBUG:urllib3.connectionpool:Starting new HTTPS connection (1): dapi.kakao.com:443
DEBUG:urllib3.connectionpool:https://dapi.kakao.com:443 "GET /v2/search/image?query=%EC%84%A4%ED%98%84 HTTP/1.1" 200 None
INFO:werkzeug:127.0.0.1 - - [05/Nov/2019 11:16:18] "GET /news/images HTTP/1.1" 500 -
INFO:werkzeug:127.0.0.1 - - [05/Nov/2019 11:16:18] "GET /news/images?__debugger__=yes&cmd=resource&f=style.css HTTP/1.1" 200 -
INFO:werkzeug:127.0.0.1 - - [05/Nov/2019 11:16:18] "GET /news/images?__debugger__=yes&cmd=resource&f=jquery.js HTTP/1.1" 200 -
DEBUG:urllib3.connectionpool:Starting new HTTPS connection (1): dapi.kakao.com:443
DEBUG:urllib3.connectionpool:https://dapi.kakao.com:443 "GET /v2/search/image?query=%EC%84%A4%ED%98%84 HTTP/1.1" 200 None
INFO:werkzeug:127.0.0.1 - - [05/Nov/2019 11:16:19] "GET /news/images HTTP/1.1" 500 -
INFO:werkzeug:127.0.0.1 - - [05/Nov/2019 11:16:19] "GET /news/images?__debugger__=yes&cmd=resource&f=style.css HTTP/1.1" 200 -
INFO:werkzeug:127.0.0.1 - - [05/Nov/2019 11:16:19] "GET /news/images?__debugger__=yes&cmd=resource&f=debugger.js HTTP/1.1" 200 -
INFO:werkzeug:127.0.0.1 - - [05/Nov/2019 11:16:19] "GET /news/images?__debugger__=yes&cmd=resource&f=jquery.js HTTP/1.1" 200 -
INFO:werkzeug:127.0.0.1 - - [05/Nov/2019 11:16:19] "GET /news/images?__debugger__=yes&cmd=resource&f=ubuntu.ttf HTTP/1.1" 200 -
INFO:werkzeug:127.0.0.1 - - [05/Nov/2019 11:16:19] "GET /news/images?__debugger__=yes&cmd=resource&f=console.png HTTP/1.1" 200 -
INFO:werkzeug:127.0.0.1 - - [05/Nov/2019 11:16:20] "GET /news/images?__debugger__=yes&cmd=resource&f=console.png HTTP/1.1" 200 -
DEBUG:urllib3.connectionpool:Starting new HTTPS connection (1): dapi.kakao.com:443
DEBUG:urllib3.connectionpool:https://dapi.kakao.com:443 "GET /v2/search/image?query=%EC%84%A4%ED%98%84 HTTP/1.1" 200 None
INFO:werkzeug:127.0.0.1 - - [05/Nov/2019 11:16:34] "GET /news/images HTTP/1.1" 500 -
INFO:werkzeug:127.0.0.1 - - [05/Nov/2019 11:16:34] "GET /news/images?__debugger__=yes&cmd=resource&f=style.css HTTP/1.1" 200 -
INFO:werkzeug:127.0.0.1 - - [05/Nov/2019 11:16:34] "GET /news/images?__debugger__=yes&cmd=resource&f=jquery.js HTTP/1.1" 200 -
INFO:werkzeug:127.0.0.1 - - [05/Nov/2019 11:16:34] "GET /news/images?__debugger__=yes&cmd=resource&f=debugger.js HTTP/1.1" 200 -
INFO:werkzeug:127.0.0.1 - - [05/Nov/2019 11:16:34] "GET /news/images?__debugger__=yes&cmd=resource&f=ubuntu.ttf HTTP/1.1" 200 -
INFO:werkzeug:127.0.0.1 - - [05/Nov/2019 11:16:34] "GET /news/images?__debugger__=yes&cmd=resource&f=console.png HTTP/1.1" 200 -
INFO:werkzeug:127.0.0.1 - - [05/Nov/2019 11:16:35] "GET /news/images?__debugger__=yes&cmd=resource&f=console.png HTTP/1.1" 200 -
DEBUG:urllib3.connectionpool:Starting new HTTPS connection (1): dapi.kakao.com:443
DEBUG:urllib3.connectionpool:https://dapi.kakao.com:443 "GET /v2/search/image?query=%EC%84%A4%ED%98%84 HTTP/1.1" 200 None
INFO:werkzeug:127.0.0.1 - - [05/Nov/2019 11:16:58] "GET /news/images HTTP/1.1" 200 -
DEBUG:urllib3.connectionpool:Starting new HTTPS connection (1): dapi.kakao.com:443
DEBUG:urllib3.connectionpool:https://dapi.kakao.com:443 "GET /v2/search/image?query=%EC%84%A4%ED%98%84 HTTP/1.1" 200 None
INFO:werkzeug:127.0.0.1 - - [05/Nov/2019 11:17:05] "GET /news/images HTTP/1.1" 500 -
INFO:werkzeug:127.0.0.1 - - [05/Nov/2019 11:17:05] "GET /news/images?__debugger__=yes&cmd=resource&f=style.css HTTP/1.1" 200 -
INFO:werkzeug:127.0.0.1 - - [05/Nov/2019 11:17:05] "GET /news/images?__debugger__=yes&cmd=resource&f=debugger.js HTTP/1.1" 200 -
INFO:werkzeug:127.0.0.1 - - [05/Nov/2019 11:17:05] "GET /news/images?__debugger__=yes&cmd=resource&f=jquery.js HTTP/1.1" 200 -
INFO:werkzeug:127.0.0.1 - - [05/Nov/2019 11:17:05] "GET /news/images?__debugger__=yes&cmd=resource&f=ubuntu.ttf HTTP/1.1" 200 -
INFO:werkzeug:127.0.0.1 - - [05/Nov/2019 11:17:05] "GET /news/images?__debugger__=yes&cmd=resource&f=console.png HTTP/1.1" 200 -
INFO:werkzeug:127.0.0.1 - - [05/Nov/2019 11:17:06] "GET /news/images?__debugger__=yes&cmd=resource&f=console.png HTTP/1.1" 200 -
DEBUG:urllib3.connectionpool:Starting new HTTPS connection (1): dapi.kakao.com:443
DEBUG:urllib3.connectionpool:https://dapi.kakao.com:443 "GET /v2/search/image?query=%EC%84%A4%ED%98%84 HTTP/1.1" 200 None
INFO:werkzeug:127.0.0.1 - - [05/Nov/2019 11:18:30] "GET /news/images HTTP/1.1" 200 -
INFO:werkzeug:127.0.0.1 - - [05/Nov/2019 11:19:51] "GET /resource/resource_check HTTP/1.1" 200 -
DEBUG:urllib3.connectionpool:Starting new HTTPS connection (1): dapi.kakao.com:443
DEBUG:urllib3.connectionpool:https://dapi.kakao.com:443 "GET /v2/search/image?query=%EC%84%A4%ED%98%84 HTTP/1.1" 200 None
INFO:werkzeug:127.0.0.1 - - [05/Nov/2019 11:20:30] "GET /news/images HTTP/1.1" 200 -
DEBUG:urllib3.connectionpool:Starting new HTTPS connection (1): dapi.kakao.com:443
DEBUG:urllib3.connectionpool:https://dapi.kakao.com:443 "GET /v2/search/image?query=%EC%84%A4%ED%98%84 HTTP/1.1" 200 None
INFO:werkzeug:127.0.0.1 - - [05/Nov/2019 11:20:50] "GET /news/images HTTP/1.1" 200 -
DEBUG:urllib3.connectionpool:Starting new HTTPS connection (1): dapi.kakao.com:443
DEBUG:urllib3.connectionpool:https://dapi.kakao.com:443 "GET /v2/search/image?query=%EC%84%A4%ED%98%84 HTTP/1.1" 200 None
INFO:werkzeug:127.0.0.1 - - [05/Nov/2019 11:20:51] "GET /news/images HTTP/1.1" 200 -
DEBUG:urllib3.connectionpool:Starting new HTTPS connection (1): dapi.kakao.com:443
DEBUG:urllib3.connectionpool:https://dapi.kakao.com:443 "GET /v2/search/image?query=%EC%84%A4%ED%98%84 HTTP/1.1" 200 None
INFO:werkzeug:127.0.0.1 - - [05/Nov/2019 11:21:06] "GET /news/images HTTP/1.1" 200 -
DEBUG:urllib3.connectionpool:Starting new HTTPS connection (1): dapi.kakao.com:443
DEBUG:urllib3.connectionpool:https://dapi.kakao.com:443 "GET /v2/search/image?query=%EC%84%A4%ED%98%84 HTTP/1.1" 200 None
INFO:werkzeug:127.0.0.1 - - [05/Nov/2019 11:21:06] "GET /news/images HTTP/1.1" 200 -
DEBUG:urllib3.connectionpool:Starting new HTTPS connection (1): dapi.kakao.com:443
DEBUG:urllib3.connectionpool:https://dapi.kakao.com:443 "GET /v2/search/image?query=%EC%84%A4%ED%98%84 HTTP/1.1" 200 None
INFO:werkzeug:127.0.0.1 - - [05/Nov/2019 11:21:17] "GET /news/images HTTP/1.1" 200 -
DEBUG:urllib3.connectionpool:Starting new HTTPS connection (1): dapi.kakao.com:443
DEBUG:urllib3.connectionpool:https://dapi.kakao.com:443 "GET /v2/search/image?query=%EC%84%A4%ED%98%84 HTTP/1.1" 200 None
INFO:werkzeug:127.0.0.1 - - [05/Nov/2019 11:24:21] "GET /news/images HTTP/1.1" 200 -
DEBUG:urllib3.connectionpool:Starting new HTTPS connection (1): dapi.kakao.com:443
DEBUG:urllib3.connectionpool:https://dapi.kakao.com:443 "GET /v2/search/image?query=%EC%84%A4%ED%98%84 HTTP/1.1" 200 None
INFO:werkzeug:127.0.0.1 - - [05/Nov/2019 11:30:47] "GET /news/images HTTP/1.1" 200 -
DEBUG:urllib3.connectionpool:Starting new HTTPS connection (1): dapi.kakao.com:443
DEBUG:urllib3.connectionpool:https://dapi.kakao.com:443 "GET /v2/search/image?query=%EC%84%A4%ED%98%84 HTTP/1.1" 200 None
INFO:werkzeug:127.0.0.1 - - [05/Nov/2019 11:30:54] "GET /news/images HTTP/1.1" 200 -
DEBUG:urllib3.connectionpool:Starting new HTTPS connection (1): dapi.kakao.com:443
DEBUG:urllib3.connectionpool:https://dapi.kakao.com:443 "GET /v2/search/image?query=%EC%84%A4%ED%98%84 HTTP/1.1" 200 None
INFO:werkzeug:127.0.0.1 - - [05/Nov/2019 11:32:10] "GET /news/images HTTP/1.1" 500 -
INFO:werkzeug:127.0.0.1 - - [05/Nov/2019 11:32:10] "GET /news/images?__debugger__=yes&cmd=resource&f=style.css HTTP/1.1" 200 -
INFO:werkzeug:127.0.0.1 - - [05/Nov/2019 11:32:10] "GET /news/images?__debugger__=yes&cmd=resource&f=jquery.js HTTP/1.1" 200 -
INFO:werkzeug:127.0.0.1 - - [05/Nov/2019 11:32:10] "GET /news/images?__debugger__=yes&cmd=resource&f=debugger.js HTTP/1.1" 200 -
INFO:werkzeug:127.0.0.1 - - [05/Nov/2019 11:32:10] "GET /news/images?__debugger__=yes&cmd=resource&f=ubuntu.ttf HTTP/1.1" 200 -
INFO:werkzeug:127.0.0.1 - - [05/Nov/2019 11:32:10] "GET /news/images?__debugger__=yes&cmd=resource&f=console.png HTTP/1.1" 200 -
INFO:werkzeug:127.0.0.1 - - [05/Nov/2019 11:32:11] "GET /news/images?__debugger__=yes&cmd=resource&f=console.png HTTP/1.1" 200 -
DEBUG:urllib3.connectionpool:Starting new HTTPS connection (1): dapi.kakao.com:443
DEBUG:urllib3.connectionpool:https://dapi.kakao.com:443 "GET /v2/search/image?query=%EC%84%A4%ED%98%84 HTTP/1.1" 200 None
INFO:werkzeug:127.0.0.1 - - [05/Nov/2019 11:34:47] "GET /news/images HTTP/1.1" 200 -
INFO:werkzeug: * Detected change in 'C:\\Users\\hbill\\PycharmProjects\\web_service\\news.py', reloading
INFO:werkzeug: * Restarting with stat
INFO:root:Flask Web Server Started
WARNING:werkzeug: * Debugger is active!
INFO:werkzeug: * Debugger PIN: 505-006-647
INFO:werkzeug: * Running on http://localhost:8080/ (Press CTRL+C to quit)
DEBUG:urllib3.connectionpool:Starting new HTTPS connection (1): dapi.kakao.com:443
DEBUG:urllib3.connectionpool:https://dapi.kakao.com:443 "GET /v2/search/image?query=koreatech HTTP/1.1" 200 None
INFO:werkzeug:127.0.0.1 - - [05/Nov/2019 11:35:39] "GET /news/images HTTP/1.1" 200 -
DEBUG:urllib3.connectionpool:Starting new HTTPS connection (1): dapi.kakao.com:443
DEBUG:urllib3.connectionpool:https://dapi.kakao.com:443 "GET /v2/search/image?query=koreatech HTTP/1.1" 200 None
INFO:werkzeug:127.0.0.1 - - [05/Nov/2019 11:36:30] "GET /news/images HTTP/1.1" 200 -
DEBUG:urllib3.connectionpool:Starting new HTTPS connection (1): dapi.kakao.com:443
DEBUG:urllib3.connectionpool:https://dapi.kakao.com:443 "GET /v2/search/image?query=koreatech HTTP/1.1" 200 None
INFO:werkzeug:127.0.0.1 - - [05/Nov/2019 11:37:02] "GET /news/images HTTP/1.1" 200 -
DEBUG:urllib3.connectionpool:Starting new HTTPS connection (1): dapi.kakao.com:443
DEBUG:urllib3.connectionpool:https://dapi.kakao.com:443 "GET /v2/search/image?query=koreatech HTTP/1.1" 200 None
INFO:werkzeug:127.0.0.1 - - [05/Nov/2019 11:37:09] "GET /news/images HTTP/1.1" 200 -
INFO:werkzeug: * Detected change in 'C:\\Users\\hbill\\PycharmProjects\\web_service\\news.py', reloading
INFO:werkzeug: * Restarting with stat
INFO:root:Flask Web Server Started
WARNING:werkzeug: * Debugger is active!
INFO:werkzeug: * Debugger PIN: 505-006-647
INFO:werkzeug: * Running on http://localhost:8080/ (Press CTRL+C to quit)
DEBUG:urllib3.connectionpool:Starting new HTTPS connection (1): dapi.kakao.com:443
DEBUG:urllib3.connectionpool:https://dapi.kakao.com:443 "GET /v2/search/image?query=%EC%84%A4%ED%98%84 HTTP/1.1" 200 None
INFO:werkzeug:127.0.0.1 - - [05/Nov/2019 11:37:22] "GET /news/images HTTP/1.1" 200 -
INFO:werkzeug: * Detected change in 'C:\\Users\\hbill\\PycharmProjects\\web_service\\news.py', reloading
INFO:werkzeug: * Restarting with stat
INFO:root:Flask Web Server Started
WARNING:werkzeug: * Debugger is active!
INFO:werkzeug: * Debugger PIN: 505-006-647
INFO:werkzeug: * Running on http://localhost:8080/ (Press CTRL+C to quit)
DEBUG:urllib3.connectionpool:Starting new HTTPS connection (1): dapi.kakao.com:443
DEBUG:urllib3.connectionpool:https://dapi.kakao.com:443 "GET /v2/search/image?query=%EC%82%BC%EC%84%B1 HTTP/1.1" 200 None
INFO:werkzeug:127.0.0.1 - - [05/Nov/2019 11:39:47] "GET /news/images HTTP/1.1" 200 -
INFO:werkzeug: * Detected change in 'C:\\Users\\hbill\\PycharmProjects\\web_service\\news.py', reloading
INFO:werkzeug: * Restarting with stat
INFO:root:Flask Web Server Started
WARNING:werkzeug: * Debugger is active!
INFO:werkzeug: * Debugger PIN: 505-006-647
INFO:werkzeug: * Running on http://localhost:8080/ (Press CTRL+C to quit)
DEBUG:urllib3.connectionpool:Starting new HTTPS connection (1): dapi.kakao.com:443
DEBUG:urllib3.connectionpool:https://dapi.kakao.com:443 "GET /v2/search/image?query=SKT HTTP/1.1" 200 None
INFO:werkzeug:127.0.0.1 - - [05/Nov/2019 11:40:05] "GET /news/images HTTP/1.1" 200 -
INFO:werkzeug: * Detected change in 'C:\\Users\\hbill\\PycharmProjects\\web_service\\news.py', reloading
INFO:werkzeug: * Restarting with stat
INFO:root:Flask Web Server Started
WARNING:werkzeug: * Debugger is active!
INFO:werkzeug: * Debugger PIN: 505-006-647
INFO:werkzeug: * Running on http://localhost:8080/ (Press CTRL+C to quit)
DEBUG:urllib3.connectionpool:Starting new HTTPS connection (1): dapi.kakao.com:443
DEBUG:urllib3.connectionpool:https://dapi.kakao.com:443 "GET /v2/search/image?query=PYTHON HTTP/1.1" 200 None
INFO:werkzeug:127.0.0.1 - - [05/Nov/2019 11:40:35] "GET /news/images HTTP/1.1" 200 -
INFO:werkzeug: * Detected change in 'C:\\Users\\hbill\\PycharmProjects\\web_service\\news.py', reloading
INFO:werkzeug: * Restarting with stat
INFO:root:Flask Web Server Started
WARNING:werkzeug: * Debugger is active!
INFO:werkzeug: * Debugger PIN: 505-006-647
INFO:werkzeug: * Running on http://localhost:8080/ (Press CTRL+C to quit)
DEBUG:urllib3.connectionpool:Starting new HTTPS connection (1): dapi.kakao.com:443
DEBUG:urllib3.connectionpool:https://dapi.kakao.com:443 "GET /v2/search/image?query=naver HTTP/1.1" 200 None
INFO:werkzeug:127.0.0.1 - - [05/Nov/2019 11:44:11] "GET /news/images HTTP/1.1" 200 -
INFO:werkzeug: * Detected change in 'C:\\Users\\hbill\\PycharmProjects\\web_service\\news.py', reloading
INFO:werkzeug: * Restarting with stat
INFO:root:Flask Web Server Started
WARNING:werkzeug: * Debugger is active!
INFO:werkzeug: * Debugger PIN: 505-006-647
INFO:werkzeug: * Running on http://localhost:8080/ (Press CTRL+C to quit)
INFO:werkzeug: * Detected change in 'C:\\Users\\hbill\\PycharmProjects\\web_service\\news.py', reloading
INFO:werkzeug: * Restarting with stat
INFO:root:Flask Web Server Started
WARNING:werkzeug: * Debugger is active!
INFO:werkzeug: * Debugger PIN: 505-006-647
INFO:werkzeug: * Running on http://localhost:8080/ (Press CTRL+C to quit)
INFO:werkzeug:127.0.0.1 - - [05/Nov/2019 12:22:33] "GET / HTTP/1.1" 200 -
INFO:werkzeug:127.0.0.1 - - [05/Nov/2019 12:23:43] "GET / HTTP/1.1" 200 -
INFO:werkzeug:127.0.0.1 - - [05/Nov/2019 12:23:44] "GET / HTTP/1.1" 200 -
INFO:werkzeug:127.0.0.1 - - [05/Nov/2019 12:23:44] "GET / HTTP/1.1" 200 -
INFO:werkzeug:127.0.0.1 - - [05/Nov/2019 12:24:54] "GET / HTTP/1.1" 200 -
INFO:werkzeug:127.0.0.1 - - [05/Nov/2019 12:26:07] "GET / HTTP/1.1" 200 -
INFO:werkzeug:127.0.0.1 - - [05/Nov/2019 12:26:32] "GET / HTTP/1.1" 200 -
INFO:werkzeug:127.0.0.1 - - [05/Nov/2019 12:26:56] "GET / HTTP/1.1" 200 -
INFO:werkzeug:127.0.0.1 - - [05/Nov/2019 12:27:31] "GET / HTTP/1.1" 200 -
INFO:werkzeug:127.0.0.1 - - [05/Nov/2019 12:27:31] "GET /static/assets/css/material-dashboard.css?v=2.1.1 HTTP/1.1" 200 -
INFO:werkzeug:127.0.0.1 - - [05/Nov/2019 12:31:35] "GET / HTTP/1.1" 200 -
INFO:werkzeug:127.0.0.1 - - [05/Nov/2019 12:31:54] "GET / HTTP/1.1" 200 -
INFO:werkzeug:127.0.0.1 - - [05/Nov/2019 12:33:12] "GET / HTTP/1.1" 200 -
INFO:werkzeug:127.0.0.1 - - [05/Nov/2019 12:33:36] "GET / HTTP/1.1" 200 -
INFO:werkzeug:127.0.0.1 - - [05/Nov/2019 12:33:48] "GET / HTTP/1.1" 200 -
INFO:werkzeug:127.0.0.1 - - [05/Nov/2019 12:33:48] "GET / HTTP/1.1" 200 -
INFO:werkzeug:127.0.0.1 - - [05/Nov/2019 12:33:48] "GET / HTTP/1.1" 200 -
INFO:werkzeug:127.0.0.1 - - [05/Nov/2019 12:34:55] "GET / HTTP/1.1" 200 -
INFO:werkzeug:127.0.0.1 - - [05/Nov/2019 12:36:58] "GET / HTTP/1.1" 200 -
INFO:werkzeug:127.0.0.1 - - [05/Nov/2019 12:38:04] "GET / HTTP/1.1" 200 -
INFO:werkzeug:127.0.0.1 - - [05/Nov/2019 12:39:20] "GET / HTTP/1.1" 200 -
DEBUG:urllib3.connectionpool:Starting new HTTPS connection (1): dapi.kakao.com:443
DEBUG:urllib3.connectionpool:https://dapi.kakao.com:443 "GET /v2/search/image?query=naver HTTP/1.1" 200 None
INFO:werkzeug:127.0.0.1 - - [05/Nov/2019 12:39:21] "GET /news/images HTTP/1.1" 200 -
INFO:werkzeug: * Detected change in 'C:\\Users\\hbill\\PycharmProjects\\web_service\\news.py', reloading
INFO:werkzeug: * Restarting with stat
INFO:root:Flask Web Server Started
WARNING:werkzeug: * Debugger is active!
INFO:werkzeug: * Debugger PIN: 505-006-647
INFO:werkzeug: * Running on http://localhost:8080/ (Press CTRL+C to quit)
INFO:werkzeug: * Detected change in 'C:\\Users\\hbill\\PycharmProjects\\web_service\\news.py', reloading
INFO:werkzeug: * Restarting with stat
INFO:root:Flask Web Server Started
WARNING:werkzeug: * Debugger is active!
INFO:werkzeug: * Debugger PIN: 505-006-647
INFO:werkzeug: * Running on http://localhost:8080/ (Press CTRL+C to quit)
DEBUG:urllib3.connectionpool:Starting new HTTPS connection (1): dapi.kakao.com:443
DEBUG:urllib3.connectionpool:https://dapi.kakao.com:443 "GET /v2/search/image?query=%EC%95%84%EC%9D%B4%EC%9C%A0 HTTP/1.1" 200 None
INFO:werkzeug:127.0.0.1 - - [05/Nov/2019 12:39:44] "GET /news/images HTTP/1.1" 200 -
INFO:werkzeug:127.0.0.1 - - [05/Nov/2019 12:41:20] "GET / HTTP/1.1" 200 -
DEBUG:urllib3.connectionpool:Starting new HTTPS connection (1): dapi.kakao.com:443
DEBUG:urllib3.connectionpool:https://dapi.kakao.com:443 "GET /v2/search/image?query=%EC%95%84%EC%9D%B4%EC%9C%A0 HTTP/1.1" 200 None
INFO:werkzeug:127.0.0.1 - - [05/Nov/2019 12:41:21] "GET /news/images HTTP/1.1" 200 -
INFO:werkzeug:127.0.0.1 - - [05/Nov/2019 12:41:23] "GET / HTTP/1.1" 200 -
DEBUG:urllib3.connectionpool:Starting new HTTPS connection (1): dapi.kakao.com:443
DEBUG:urllib3.connectionpool:https://dapi.kakao.com:443 "GET /v2/search/image?query=%EC%95%84%EC%9D%B4%EC%9C%A0 HTTP/1.1" 200 None
INFO:werkzeug:127.0.0.1 - - [05/Nov/2019 12:41:23] "GET /news/images HTTP/1.1" 200 -
DEBUG:urllib3.connectionpool:Starting new HTTPS connection (1): dapi.kakao.com:443
DEBUG:urllib3.connectionpool:https://dapi.kakao.com:443 "GET /v2/search/image?query=%EC%95%84%EC%9D%B4%EC%9C%A0 HTTP/1.1" 200 None
INFO:werkzeug:127.0.0.1 - - [05/Nov/2019 12:41:25] "GET /news/images HTTP/1.1" 200 -
DEBUG:urllib3.connectionpool:Starting new HTTPS connection (1): dapi.kakao.com:443
DEBUG:urllib3.connectionpool:https://dapi.kakao.com:443 "GET /v2/search/image?query=%EC%95%84%EC%9D%B4%EC%9C%A0 HTTP/1.1" 200 None
INFO:werkzeug:127.0.0.1 - - [05/Nov/2019 12:41:26] "GET /news/images HTTP/1.1" 200 -
INFO:werkzeug:127.0.0.1 - - [05/Nov/2019 12:41:27] "GET / HTTP/1.1" 200 -
INFO:werkzeug: * Detected change in 'C:\\Users\\hbill\\PycharmProjects\\web_service\\news.py', reloading
INFO:werkzeug: * Restarting with stat
INFO:root:Flask Web Server Started
INFO:werkzeug: * Restarting with stat
INFO:root:Flask Web Server Started
WARNING:werkzeug: * Debugger is active!
INFO:werkzeug: * Debugger PIN: 505-006-647
INFO:werkzeug: * Running on http://localhost:8080/ (Press CTRL+C to quit)
DEBUG:urllib3.connectionpool:Starting new HTTPS connection (1): dapi.kakao.com:443
DEBUG:urllib3.connectionpool:https://dapi.kakao.com:443 "GET /v2/search/image?query=%EC%95%84%EC%9D%B4%EC%9C%A0 HTTP/1.1" 200 None
INFO:werkzeug:127.0.0.1 - - [05/Nov/2019 12:48:55] "GET /news/images HTTP/1.1" 200 -
INFO:werkzeug:127.0.0.1 - - [05/Nov/2019 12:48:59] "GET / HTTP/1.1" 200 -
DEBUG:urllib3.connectionpool:Starting new HTTPS connection (1): dapi.kakao.com:443
DEBUG:urllib3.connectionpool:https://dapi.kakao.com:443 "GET /v2/search/image?query=%EC%95%84%EC%9D%B4%EC%9C%A0 HTTP/1.1" 200 None
INFO:werkzeug:127.0.0.1 - - [05/Nov/2019 12:49:01] "GET /news/images HTTP/1.1" 200 -
DEBUG:urllib3.connectionpool:Starting new HTTPS connection (1): dapi.kakao.com:443
DEBUG:urllib3.connectionpool:https://dapi.kakao.com:443 "GET /v2/search/image?query=%EC%95%84%EC%9D%B4%EC%9C%A0 HTTP/1.1" 200 None
INFO:werkzeug:127.0.0.1 - - [05/Nov/2019 12:49:41] "GET /news/images HTTP/1.1" 200 -
INFO:werkzeug:127.0.0.1 - - [05/Nov/2019 12:49:42] "GET / HTTP/1.1" 200 -
DEBUG:urllib3.connectionpool:Starting new HTTPS connection (1): dapi.kakao.com:443
DEBUG:urllib3.connectionpool:https://dapi.kakao.com:443 "GET /v2/search/image?query=%EC%95%84%EC%9D%B4%EC%9C%A0 HTTP/1.1" 200 None
INFO:werkzeug:127.0.0.1 - - [05/Nov/2019 12:49:43] "GET /news/images HTTP/1.1" 200 -
INFO:werkzeug:127.0.0.1 - - [05/Nov/2019 12:49:43] "GET / HTTP/1.1" 200 -
DEBUG:urllib3.connectionpool:Starting new HTTPS connection (1): dapi.kakao.com:443
DEBUG:urllib3.connectionpool:https://dapi.kakao.com:443 "GET /v2/search/image?query=%EC%95%84%EC%9D%B4%EC%9C%A0 HTTP/1.1" 200 None
INFO:werkzeug:127.0.0.1 - - [05/Nov/2019 12:49:44] "GET /news/images HTTP/1.1" 200 -
INFO:werkzeug:127.0.0.1 - - [05/Nov/2019 12:49:45] "GET / HTTP/1.1" 200 -
DEBUG:urllib3.connectionpool:Starting new HTTPS connection (1): dapi.kakao.com:443
DEBUG:urllib3.connectionpool:https://dapi.kakao.com:443 "GET /v2/search/image?query=%EC%95%84%EC%9D%B4%EC%9C%A0 HTTP/1.1" 200 None
INFO:werkzeug:127.0.0.1 - - [05/Nov/2019 12:49:45] "GET /news/images HTTP/1.1" 200 -
INFO:werkzeug:127.0.0.1 - - [05/Nov/2019 12:49:46] "GET / HTTP/1.1" 200 -
DEBUG:urllib3.connectionpool:Starting new HTTPS connection (1): dapi.kakao.com:443
DEBUG:urllib3.connectionpool:https://dapi.kakao.com:443 "GET /v2/search/image?query=%EC%95%84%EC%9D%B4%EC%9C%A0 HTTP/1.1" 200 None
INFO:werkzeug:127.0.0.1 - - [05/Nov/2019 12:49:46] "GET /news/images HTTP/1.1" 200 -
INFO:werkzeug:127.0.0.1 - - [05/Nov/2019 12:49:47] "GET / HTTP/1.1" 200 -
DEBUG:urllib3.connectionpool:Starting new HTTPS connection (1): dapi.kakao.com:443
DEBUG:urllib3.connectionpool:https://dapi.kakao.com:443 "GET /v2/search/image?query=%EC%95%84%EC%9D%B4%EC%9C%A0 HTTP/1.1" 200 None
INFO:werkzeug:127.0.0.1 - - [05/Nov/2019 12:49:47] "GET /news/images HTTP/1.1" 200 -
INFO:werkzeug:127.0.0.1 - - [05/Nov/2019 12:49:47] "GET / HTTP/1.1" 200 -
DEBUG:urllib3.connectionpool:Starting new HTTPS connection (1): dapi.kakao.com:443
DEBUG:urllib3.connectionpool:https://dapi.kakao.com:443 "GET /v2/search/image?query=%EC%95%84%EC%9D%B4%EC%9C%A0 HTTP/1.1" 200 None
INFO:werkzeug:127.0.0.1 - - [05/Nov/2019 12:49:48] "GET /news/images HTTP/1.1" 200 -
INFO:werkzeug:127.0.0.1 - - [05/Nov/2019 12:50:00] "GET / HTTP/1.1" 200 -
INFO:werkzeug: * Detected change in 'C:\\Users\\hbill\\PycharmProjects\\web_service\\news.py', reloading
INFO:werkzeug: * Restarting with stat
INFO:root:Flask Web Server Started
WARNING:werkzeug: * Debugger is active!
INFO:werkzeug: * Debugger PIN: 505-006-647
INFO:werkzeug: * Running on http://localhost:8080/ (Press CTRL+C to quit)
INFO:werkzeug: * Detected change in 'C:\\Users\\hbill\\PycharmProjects\\web_service\\news.py', reloading
INFO:werkzeug: * Restarting with stat
INFO:root:Flask Web Server Started
WARNING:werkzeug: * Debugger is active!
INFO:werkzeug: * Debugger PIN: 505-006-647
INFO:werkzeug: * Running on http://localhost:8080/ (Press CTRL+C to quit)
INFO:root:Flask Web Server Started
INFO:werkzeug: * Restarting with stat
INFO:root:Flask Web Server Started
WARNING:werkzeug: * Debugger is active!
INFO:werkzeug: * Debugger PIN: 505-006-647
INFO:werkzeug: * Running on http://localhost:8080/ (Press CTRL+C to quit)
INFO:werkzeug:127.0.0.1 - - [12/Nov/2019 11:14:27] "GET / HTTP/1.1" 200 -
INFO:werkzeug:127.0.0.1 - - [12/Nov/2019 11:14:28] "GET /static/assets/css/material-dashboard.css?v=2.1.1 HTTP/1.1" 304 -
INFO:werkzeug:127.0.0.1 - - [12/Nov/2019 11:14:28] "GET /favicon.ico HTTP/1.1" 404 -
DEBUG:urllib3.connectionpool:Starting new HTTPS connection (1): dapi.kakao.com:443
DEBUG:urllib3.connectionpool:https://dapi.kakao.com:443 "GET /v2/search/image?query=%EC%95%84%EC%9D%B4%EC%9C%A0 HTTP/1.1" 200 None
INFO:werkzeug:127.0.0.1 - - [12/Nov/2019 11:14:29] "GET /news/images HTTP/1.1" 200 -
INFO:werkzeug: * Detected change in 'C:\\Users\\hbill\\PycharmProjects\\web_service\\news.py', reloading
INFO:werkzeug: * Restarting with stat
INFO:root:Flask Web Server Started
INFO:werkzeug: * Restarting with stat
INFO:root:Flask Web Server Started
WARNING:werkzeug: * Debugger is active!
INFO:werkzeug: * Debugger PIN: 505-006-647
INFO:werkzeug: * Running on http://localhost:8080/ (Press CTRL+C to quit)
INFO:werkzeug:127.0.0.1 - - [12/Nov/2019 11:33:20] "GET / HTTP/1.1" 200 -
DEBUG:urllib3.connectionpool:Starting new HTTPS connection (1): dapi.kakao.com:443
DEBUG:urllib3.connectionpool:https://dapi.kakao.com:443 "GET /v2/search/image?query=%EC%95%84%EC%9D%B4%EC%9C%A0 HTTP/1.1" 200 None
INFO:werkzeug:127.0.0.1 - - [12/Nov/2019 11:33:22] "GET /menus/images HTTP/1.1" 200 -
INFO:werkzeug:127.0.0.1 - - [12/Nov/2019 11:33:24] "GET / HTTP/1.1" 200 -
INFO:werkzeug:127.0.0.1 - - [12/Nov/2019 11:33:26] "GET / HTTP/1.1" 200 -
INFO:werkzeug: * Detected change in 'C:\\Users\\hbill\\PycharmProjects\\web_service\\menus.py', reloading
INFO:werkzeug: * Restarting with stat
INFO:root:Flask Web Server Started
INFO:werkzeug: * Restarting with stat
INFO:root:Flask Web Server Started
WARNING:werkzeug: * Debugger is active!
INFO:werkzeug: * Debugger PIN: 505-006-647
INFO:werkzeug: * Running on http://localhost:8080/ (Press CTRL+C to quit)
INFO:werkzeug:127.0.0.1 - - [12/Nov/2019 11:44:27] "GET / HTTP/1.1" 200 -
DEBUG:urllib3.connectionpool:Starting new HTTPS connection (1): dapi.kakao.com:443
DEBUG:urllib3.connectionpool:https://dapi.kakao.com:443 "GET /v3/search/book?target=title&query=%ED%8C%8C%ED%94%BC%EC%9A%A9 HTTP/1.1" 200 None
INFO:werkzeug:127.0.0.1 - - [12/Nov/2019 11:44:28] "GET /menus/books HTTP/1.1" 500 -
INFO:werkzeug:127.0.0.1 - - [12/Nov/2019 11:44:28] "GET /menus/books?__debugger__=yes&cmd=resource&f=style.css HTTP/1.1" 200 -
INFO:werkzeug:127.0.0.1 - - [12/Nov/2019 11:44:29] "GET /menus/books?__debugger__=yes&cmd=resource&f=debugger.js HTTP/1.1" 200 -
INFO:werkzeug:127.0.0.1 - - [12/Nov/2019 11:44:29] "GET /menus/books?__debugger__=yes&cmd=resource&f=jquery.js HTTP/1.1" 200 -
INFO:werkzeug:127.0.0.1 - - [12/Nov/2019 11:44:29] "GET /menus/books?__debugger__=yes&cmd=resource&f=ubuntu.ttf HTTP/1.1" 200 -
INFO:werkzeug:127.0.0.1 - - [12/Nov/2019 11:44:29] "GET /menus/books?__debugger__=yes&cmd=resource&f=console.png HTTP/1.1" 200 -
INFO:werkzeug:127.0.0.1 - - [12/Nov/2019 11:44:29] "GET /menus/books?__debugger__=yes&cmd=resource&f=console.png HTTP/1.1" 200 -
DEBUG:urllib3.connectionpool:Starting new HTTPS connection (1): dapi.kakao.com:443
DEBUG:urllib3.connectionpool:https://dapi.kakao.com:443 "GET /v3/search/book?target=title&query=%ED%8C%8C%ED%94%BC%EC%9A%A9 HTTP/1.1" 200 None
INFO:werkzeug:127.0.0.1 - - [12/Nov/2019 11:44:54] "GET /menus/books HTTP/1.1" 200 -
INFO:werkzeug:127.0.0.1 - - [12/Nov/2019 11:44:56] "GET /menus/menus/books HTTP/1.1" 404 -
DEBUG:urllib3.connectionpool:Starting new HTTPS connection (1): dapi.kakao.com:443
DEBUG:urllib3.connectionpool:https://dapi.kakao.com:443 "GET /v2/search/image?query=%EC%95%84%EC%9D%B4%EC%9C%A0 HTTP/1.1" 200 None
INFO:werkzeug:127.0.0.1 - - [12/Nov/2019 11:44:59] "GET /menus/images HTTP/1.1" 200 -
INFO:werkzeug:127.0.0.1 - - [12/Nov/2019 11:44:59] "GET /menus/menus/books HTTP/1.1" 404 -
INFO:werkzeug:127.0.0.1 - - [12/Nov/2019 11:45:21] "GET /menus/menus/books HTTP/1.1" 404 -
INFO:werkzeug:127.0.0.1 - - [12/Nov/2019 11:45:42] "GET /menus/menus/books HTTP/1.1" 404 -
DEBUG:urllib3.connectionpool:Starting new HTTPS connection (1): dapi.kakao.com:443
DEBUG:urllib3.connectionpool:https://dapi.kakao.com:443 "GET /v2/search/image?query=%EC%95%84%EC%9D%B4%EC%9C%A0 HTTP/1.1" 200 None
INFO:werkzeug:127.0.0.1 - - [12/Nov/2019 11:45:43] "GET /menus/images HTTP/1.1" 200 -
INFO:werkzeug:127.0.0.1 - - [12/Nov/2019 11:45:44] "GET / HTTP/1.1" 200 -
DEBUG:urllib3.connectionpool:Starting new HTTPS connection (1): dapi.kakao.com:443
DEBUG:urllib3.connectionpool:https://dapi.kakao.com:443 "GET /v2/search/image?query=%EC%95%84%EC%9D%B4%EC%9C%A0 HTTP/1.1" 200 None
INFO:werkzeug:127.0.0.1 - - [12/Nov/2019 11:45:45] "GET /menus/images HTTP/1.1" 200 -
DEBUG:urllib3.connectionpool:Starting new HTTPS connection (1): dapi.kakao.com:443
DEBUG:urllib3.connectionpool:https://dapi.kakao.com:443 "GET /v3/search/book?target=title&query=%ED%8C%8C%ED%94%BC%EC%9A%A9 HTTP/1.1" 200 None
INFO:werkzeug:127.0.0.1 - - [12/Nov/2019 11:45:45] "GET /menus/books HTTP/1.1" 200 -
DEBUG:urllib3.connectionpool:Starting new HTTPS connection (1): dapi.kakao.com:443
DEBUG:urllib3.connectionpool:https://dapi.kakao.com:443 "GET /v3/search/book?target=title&query=%ED%8C%8C%ED%94%BC%EC%9A%A9 HTTP/1.1" 200 None
INFO:werkzeug:127.0.0.1 - - [12/Nov/2019 11:46:12] "GET /menus/books HTTP/1.1" 200 -
DEBUG:urllib3.connectionpool:Starting new HTTPS connection (1): dapi.kakao.com:443
DEBUG:urllib3.connectionpool:https://dapi.kakao.com:443 "GET /v3/search/book?target=title&query=%ED%8C%8C%ED%94%BC%EC%9A%A9 HTTP/1.1" 200 None
INFO:werkzeug:127.0.0.1 - - [12/Nov/2019 11:46:12] "GET /menus/books HTTP/1.1" 200 -
DEBUG:urllib3.connectionpool:Starting new HTTPS connection (1): dapi.kakao.com:443
DEBUG:urllib3.connectionpool:https://dapi.kakao.com:443 "GET /v3/search/book?target=title&query=%ED%8C%8C%ED%94%BC%EC%9A%A9 HTTP/1.1" 200 None
INFO:werkzeug:127.0.0.1 - - [12/Nov/2019 11:46:13] "GET /menus/books HTTP/1.1" 200 -
DEBUG:urllib3.connectionpool:Starting new HTTPS connection (1): dapi.kakao.com:443
DEBUG:urllib3.connectionpool:https://dapi.kakao.com:443 "GET /v3/search/book?target=title&query=%ED%8C%8C%ED%94%BC%EC%9A%A9 HTTP/1.1" 200 None
INFO:werkzeug:127.0.0.1 - - [12/Nov/2019 11:46:24] "GET /menus/books HTTP/1.1" 200 -
DEBUG:urllib3.connectionpool:Starting new HTTPS connection (1): dapi.kakao.com:443
DEBUG:urllib3.connectionpool:https://dapi.kakao.com:443 "GET /v3/search/book?target=title&query=%ED%8C%8C%ED%94%BC%EC%9A%A9 HTTP/1.1" 200 None
INFO:werkzeug:127.0.0.1 - - [12/Nov/2019 11:46:25] "GET /menus/books HTTP/1.1" 200 -
DEBUG:urllib3.connectionpool:Starting new HTTPS connection (1): dapi.kakao.com:443
DEBUG:urllib3.connectionpool:https://dapi.kakao.com:443 "GET /v3/search/book?target=title&query=%ED%8C%8C%ED%94%BC%EC%9A%A9 HTTP/1.1" 200 None
INFO:werkzeug:127.0.0.1 - - [12/Nov/2019 11:46:59] "GET /menus/books HTTP/1.1" 200 -
DEBUG:urllib3.connectionpool:Starting new HTTPS connection (1): dapi.kakao.com:443
DEBUG:urllib3.connectionpool:https://dapi.kakao.com:443 "GET /v3/search/book?target=title&query=%ED%8C%8C%ED%94%BC%EC%9A%A9 HTTP/1.1" 200 None
INFO:werkzeug:127.0.0.1 - - [12/Nov/2019 11:47:00] "GET /menus/books HTTP/1.1" 200 -
DEBUG:urllib3.connectionpool:Starting new HTTPS connection (1): dapi.kakao.com:443
DEBUG:urllib3.connectionpool:https://dapi.kakao.com:443 "GET /v3/search/book?target=title&query=%ED%8C%8C%ED%94%BC%EC%9A%A9 HTTP/1.1" 200 None
INFO:werkzeug:127.0.0.1 - - [12/Nov/2019 11:47:09] "GET /menus/books HTTP/1.1" 200 -
DEBUG:urllib3.connectionpool:Starting new HTTPS connection (1): dapi.kakao.com:443
DEBUG:urllib3.connectionpool:https://dapi.kakao.com:443 "GET /v3/search/book?target=title&query=%ED%8C%8C%ED%94%BC%EC%9A%A9 HTTP/1.1" 200 None
INFO:werkzeug:127.0.0.1 - - [12/Nov/2019 11:47:10] "GET /menus/books HTTP/1.1" 200 -
DEBUG:urllib3.connectionpool:Starting new HTTPS connection (1): dapi.kakao.com:443
DEBUG:urllib3.connectionpool:https://dapi.kakao.com:443 "GET /v3/search/book?target=title&query=%ED%8C%8C%ED%94%BC%EC%9A%A9 HTTP/1.1" 200 None
INFO:werkzeug:127.0.0.1 - - [12/Nov/2019 11:47:20] "GET /menus/books HTTP/1.1" 200 -
DEBUG:urllib3.connectionpool:Starting new HTTPS connection (1): dapi.kakao.com:443
DEBUG:urllib3.connectionpool:https://dapi.kakao.com:443 "GET /v3/search/book?target=title&query=%ED%8C%8C%ED%94%BC%EC%9A%A9 HTTP/1.1" 200 None
INFO:werkzeug:127.0.0.1 - - [12/Nov/2019 11:47:21] "GET /menus/books HTTP/1.1" 200 -
DEBUG:urllib3.connectionpool:Starting new HTTPS connection (1): dapi.kakao.com:443
DEBUG:urllib3.connectionpool:https://dapi.kakao.com:443 "GET /v3/search/book?target=title&query=%ED%8C%8C%ED%94%BC%EC%9A%A9 HTTP/1.1" 200 None
INFO:werkzeug:127.0.0.1 - - [12/Nov/2019 11:47:27] "GET /menus/books HTTP/1.1" 200 -
DEBUG:urllib3.connectionpool:Starting new HTTPS connection (1): dapi.kakao.com:443
DEBUG:urllib3.connectionpool:https://dapi.kakao.com:443 "GET /v3/search/book?target=title&query=%ED%8C%8C%ED%94%BC%EC%9A%A9 HTTP/1.1" 200 None
INFO:werkzeug:127.0.0.1 - - [12/Nov/2019 11:47:43] "GET /menus/books HTTP/1.1" 200 -
DEBUG:urllib3.connectionpool:Starting new HTTPS connection (1): dapi.kakao.com:443
DEBUG:urllib3.connectionpool:https://dapi.kakao.com:443 "GET /v3/search/book?target=title&query=%ED%8C%8C%ED%94%BC%EC%9A%A9 HTTP/1.1" 200 None
INFO:werkzeug:127.0.0.1 - - [12/Nov/2019 11:49:32] "GET /menus/books HTTP/1.1" 200 -
DEBUG:urllib3.connectionpool:Starting new HTTPS connection (1): dapi.kakao.com:443
DEBUG:urllib3.connectionpool:https://dapi.kakao.com:443 "GET /v3/search/book?target=title&query=%ED%8C%8C%ED%94%BC%EC%9A%A9 HTTP/1.1" 200 None
INFO:werkzeug:127.0.0.1 - - [12/Nov/2019 11:49:39] "GET /menus/books HTTP/1.1" 200 -
DEBUG:urllib3.connectionpool:Starting new HTTPS connection (1): dapi.kakao.com:443
DEBUG:urllib3.connectionpool:https://dapi.kakao.com:443 "GET /v3/search/book?target=title&query=%ED%8C%8C%ED%94%BC%EC%9A%A9 HTTP/1.1" 200 None
INFO:werkzeug:127.0.0.1 - - [12/Nov/2019 11:49:40] "GET /menus/books HTTP/1.1" 200 -
DEBUG:urllib3.connectionpool:Starting new HTTPS connection (1): dapi.kakao.com:443
DEBUG:urllib3.connectionpool:https://dapi.kakao.com:443 "GET /v3/search/book?target=title&query=%ED%8C%8C%ED%94%BC%EC%9A%A9 HTTP/1.1" 200 None
INFO:werkzeug:127.0.0.1 - - [12/Nov/2019 11:49:51] "GET /menus/books HTTP/1.1" 200 -
DEBUG:urllib3.connectionpool:Starting new HTTPS connection (1): dapi.kakao.com:443
DEBUG:urllib3.connectionpool:https://dapi.kakao.com:443 "GET /v3/search/book?target=title&query=%ED%8C%8C%ED%94%BC%EC%9A%A9 HTTP/1.1" 200 None
INFO:werkzeug:127.0.0.1 - - [12/Nov/2019 11:50:07] "GET /menus/books HTTP/1.1" 200 -
DEBUG:urllib3.connectionpool:Starting new HTTPS connection (1): dapi.kakao.com:443
DEBUG:urllib3.connectionpool:https://dapi.kakao.com:443 "GET /v3/search/book?target=title&query=%ED%8C%8C%ED%94%BC%EC%9A%A9 HTTP/1.1" 200 None
INFO:werkzeug:127.0.0.1 - - [12/Nov/2019 11:50:23] "GET /menus/books HTTP/1.1" 200 -
DEBUG:urllib3.connectionpool:Starting new HTTPS connection (1): dapi.kakao.com:443
DEBUG:urllib3.connectionpool:https://dapi.kakao.com:443 "GET /v3/search/book?target=title&query=%ED%8C%8C%ED%94%BC%EC%9A%A9 HTTP/1.1" 200 None
INFO:werkzeug:127.0.0.1 - - [12/Nov/2019 11:50:29] "GET /menus/books HTTP/1.1" 200 -
DEBUG:urllib3.connectionpool:Starting new HTTPS connection (1): dapi.kakao.com:443
DEBUG:urllib3.connectionpool:https://dapi.kakao.com:443 "GET /v3/search/book?target=title&query=%ED%8C%8C%ED%94%BC%EC%9A%A9 HTTP/1.1" 200 None
INFO:werkzeug:127.0.0.1 - - [12/Nov/2019 11:50:30] "GET /menus/books HTTP/1.1" 200 -
DEBUG:urllib3.connectionpool:Starting new HTTPS connection (1): dapi.kakao.com:443
DEBUG:urllib3.connectionpool:https://dapi.kakao.com:443 "GET /v3/search/book?target=title&query=%ED%8C%8C%ED%94%BC%EC%9A%A9 HTTP/1.1" 200 None
INFO:werkzeug:127.0.0.1 - - [12/Nov/2019 11:50:45] "GET /menus/books HTTP/1.1" 500 -
INFO:werkzeug:127.0.0.1 - - [12/Nov/2019 11:50:45] "GET /menus/books?__debugger__=yes&cmd=resource&f=style.css HTTP/1.1" 200 -
INFO:werkzeug:127.0.0.1 - - [12/Nov/2019 11:50:45] "GET /menus/books?__debugger__=yes&cmd=resource&f=jquery.js HTTP/1.1" 200 -
INFO:werkzeug:127.0.0.1 - - [12/Nov/2019 11:50:46] "GET /menus/books?__debugger__=yes&cmd=resource&f=debugger.js HTTP/1.1" 200 -
INFO:werkzeug:127.0.0.1 - - [12/Nov/2019 11:50:46] "GET /menus/books?__debugger__=yes&cmd=resource&f=ubuntu.ttf HTTP/1.1" 200 -
DEBUG:urllib3.connectionpool:Starting new HTTPS connection (1): dapi.kakao.com:443
DEBUG:urllib3.connectionpool:https://dapi.kakao.com:443 "GET /v3/search/book?target=title&query=%ED%8C%8C%ED%94%BC%EC%9A%A9 HTTP/1.1" 200 None
INFO:werkzeug:127.0.0.1 - - [12/Nov/2019 11:50:46] "GET /menus/books HTTP/1.1" 500 -
INFO:werkzeug:127.0.0.1 - - [12/Nov/2019 11:50:46] "GET /menus/books?__debugger__=yes&cmd=resource&f=style.css HTTP/1.1" 200 -
INFO:werkzeug:127.0.0.1 - - [12/Nov/2019 11:50:46] "GET /menus/books?__debugger__=yes&cmd=resource&f=jquery.js HTTP/1.1" 200 -
INFO:werkzeug:127.0.0.1 - - [12/Nov/2019 11:50:46] "GET /menus/books?__debugger__=yes&cmd=resource&f=debugger.js HTTP/1.1" 200 -
INFO:werkzeug:127.0.0.1 - - [12/Nov/2019 11:50:46] "GET /menus/books?__debugger__=yes&cmd=resource&f=ubuntu.ttf HTTP/1.1" 200 -
INFO:werkzeug:127.0.0.1 - - [12/Nov/2019 11:50:46] "GET /menus/books?__debugger__=yes&cmd=resource&f=console.png HTTP/1.1" 200 -
INFO:werkzeug:127.0.0.1 - - [12/Nov/2019 11:50:47] "GET /menus/books?__debugger__=yes&cmd=resource&f=console.png HTTP/1.1" 200 -
DEBUG:urllib3.connectionpool:Starting new HTTPS connection (1): dapi.kakao.com:443
DEBUG:urllib3.connectionpool:https://dapi.kakao.com:443 "GET /v3/search/book?target=title&query=%ED%8C%8C%ED%94%BC%EC%9A%A9 HTTP/1.1" 200 None
INFO:werkzeug:127.0.0.1 - - [12/Nov/2019 11:50:49] "GET /menus/books HTTP/1.1" 200 -
DEBUG:urllib3.connectionpool:Starting new HTTPS connection (1): dapi.kakao.com:443
DEBUG:urllib3.connectionpool:https://dapi.kakao.com:443 "GET /v3/search/book?target=title&query=%ED%8C%8C%ED%94%BC%EC%9A%A9 HTTP/1.1" 200 None
INFO:werkzeug:127.0.0.1 - - [12/Nov/2019 11:50:58] "GET /menus/books HTTP/1.1" 200 -
DEBUG:urllib3.connectionpool:Starting new HTTPS connection (1): dapi.kakao.com:443
DEBUG:urllib3.connectionpool:https://dapi.kakao.com:443 "GET /v3/search/book?target=title&query=%ED%8C%8C%ED%94%BC%EC%9A%A9 HTTP/1.1" 200 None
INFO:werkzeug:127.0.0.1 - - [12/Nov/2019 11:51:08] "GET /menus/books HTTP/1.1" 200 -
DEBUG:urllib3.connectionpool:Starting new HTTPS connection (1): dapi.kakao.com:443
DEBUG:urllib3.connectionpool:https://dapi.kakao.com:443 "GET /v3/search/book?target=title&query=%ED%8C%8C%ED%94%BC%EC%9A%A9 HTTP/1.1" 200 None
INFO:werkzeug:127.0.0.1 - - [12/Nov/2019 11:51:08] "GET /menus/books HTTP/1.1" 200 -
INFO:werkzeug: * Detected change in 'C:\\Users\\hbill\\PycharmProjects\\web_service\\menus.py', reloading
INFO:werkzeug: * Restarting with stat
INFO:root:Flask Web Server Started
WARNING:werkzeug: * Debugger is active!
INFO:werkzeug: * Debugger PIN: 505-006-647
INFO:werkzeug: * Running on http://localhost:8080/ (Press CTRL+C to quit)
DEBUG:urllib3.connectionpool:Starting new HTTPS connection (1): dapi.kakao.com:443
DEBUG:urllib3.connectionpool:https://dapi.kakao.com:443 "GET /v3/search/book?target=title&query=%ED%8C%8C%ED%94%BC%EC%9A%A9 HTTP/1.1" 200 None
INFO:werkzeug:127.0.0.1 - - [12/Nov/2019 11:51:39] "GET /menus/books HTTP/1.1" 200 -
DEBUG:urllib3.connectionpool:Starting new HTTPS connection (1): dapi.kakao.com:443
DEBUG:urllib3.connectionpool:https://dapi.kakao.com:443 "GET /v3/search/book?target=title&query=%ED%8C%8C%ED%94%BC%EC%9A%A9 HTTP/1.1" 200 None
INFO:werkzeug:127.0.0.1 - - [12/Nov/2019 11:51:51] "GET /menus/books HTTP/1.1" 200 -
DEBUG:urllib3.connectionpool:Starting new HTTPS connection (1): dapi.kakao.com:443
DEBUG:urllib3.connectionpool:https://dapi.kakao.com:443 "GET /v3/search/book?target=title&query=%ED%8C%8C%ED%94%BC%EC%9A%A9 HTTP/1.1" 200 None
INFO:werkzeug:127.0.0.1 - - [12/Nov/2019 11:51:58] "GET /menus/books HTTP/1.1" 200 -
DEBUG:urllib3.connectionpool:Starting new HTTPS connection (1): dapi.kakao.com:443
DEBUG:urllib3.connectionpool:https://dapi.kakao.com:443 "GET /v3/search/book?target=title&query=%ED%8C%8C%ED%94%BC%EC%9A%A9 HTTP/1.1" 200 None
INFO:werkzeug:127.0.0.1 - - [12/Nov/2019 11:52:03] "GET /menus/books HTTP/1.1" 200 -
DEBUG:urllib3.connectionpool:Starting new HTTPS connection (1): dapi.kakao.com:443
DEBUG:urllib3.connectionpool:https://dapi.kakao.com:443 "GET /v3/search/book?target=title&query=%ED%8C%8C%ED%94%BC%EC%9A%A9 HTTP/1.1" 200 None
INFO:werkzeug:127.0.0.1 - - [12/Nov/2019 11:52:17] "GET /menus/books HTTP/1.1" 500 -
INFO:werkzeug:127.0.0.1 - - [12/Nov/2019 11:52:17] "GET /menus/books?__debugger__=yes&cmd=resource&f=style.css HTTP/1.1" 200 -
INFO:werkzeug:127.0.0.1 - - [12/Nov/2019 11:52:17] "GET /menus/books?__debugger__=yes&cmd=resource&f=jquery.js HTTP/1.1" 200 -
INFO:werkzeug:127.0.0.1 - - [12/Nov/2019 11:52:17] "GET /menus/books?__debugger__=yes&cmd=resource&f=debugger.js HTTP/1.1" 200 -
INFO:werkzeug:127.0.0.1 - - [12/Nov/2019 11:52:18] "GET /menus/books?__debugger__=yes&cmd=resource&f=ubuntu.ttf HTTP/1.1" 200 -
INFO:werkzeug:127.0.0.1 - - [12/Nov/2019 11:52:18] "GET /menus/books?__debugger__=yes&cmd=resource&f=console.png HTTP/1.1" 200 -
INFO:werkzeug:127.0.0.1 - - [12/Nov/2019 11:52:18] "GET /menus/books?__debugger__=yes&cmd=resource&f=console.png HTTP/1.1" 200 -
DEBUG:urllib3.connectionpool:Starting new HTTPS connection (1): dapi.kakao.com:443
DEBUG:urllib3.connectionpool:https://dapi.kakao.com:443 "GET /v3/search/book?target=title&query=%ED%8C%8C%ED%94%BC%EC%9A%A9 HTTP/1.1" 200 None
INFO:werkzeug:127.0.0.1 - - [12/Nov/2019 11:52:22] "GET /menus/books HTTP/1.1" 500 -
INFO:werkzeug:127.0.0.1 - - [12/Nov/2019 11:52:22] "GET /menus/books?__debugger__=yes&cmd=resource&f=style.css HTTP/1.1" 200 -
INFO:werkzeug:127.0.0.1 - - [12/Nov/2019 11:52:23] "GET /menus/books?__debugger__=yes&cmd=resource&f=jquery.js HTTP/1.1" 200 -
INFO:werkzeug:127.0.0.1 - - [12/Nov/2019 11:52:23] "GET /menus/books?__debugger__=yes&cmd=resource&f=debugger.js HTTP/1.1" 200 -
INFO:werkzeug:127.0.0.1 - - [12/Nov/2019 11:52:23] "GET /menus/books?__debugger__=yes&cmd=resource&f=ubuntu.ttf HTTP/1.1" 200 -
INFO:werkzeug:127.0.0.1 - - [12/Nov/2019 11:52:23] "GET /menus/books?__debugger__=yes&cmd=resource&f=console.png HTTP/1.1" 200 -
INFO:werkzeug:127.0.0.1 - - [12/Nov/2019 11:52:23] "GET /menus/books?__debugger__=yes&cmd=resource&f=console.png HTTP/1.1" 200 -
DEBUG:urllib3.connectionpool:Starting new HTTPS connection (1): dapi.kakao.com:443
DEBUG:urllib3.connectionpool:https://dapi.kakao.com:443 "GET /v3/search/book?target=title&query=%ED%8C%8C%ED%94%BC%EC%9A%A9 HTTP/1.1" 200 None
INFO:werkzeug:127.0.0.1 - - [12/Nov/2019 11:52:29] "GET /menus/books HTTP/1.1" 500 -
INFO:werkzeug:127.0.0.1 - - [12/Nov/2019 11:52:29] "GET /menus/books?__debugger__=yes&cmd=resource&f=style.css HTTP/1.1" 200 -
INFO:werkzeug:127.0.0.1 - - [12/Nov/2019 11:52:29] "GET /menus/books?__debugger__=yes&cmd=resource&f=jquery.js HTTP/1.1" 200 -
INFO:werkzeug:127.0.0.1 - - [12/Nov/2019 11:52:29] "GET /menus/books?__debugger__=yes&cmd=resource&f=debugger.js HTTP/1.1" 200 -
INFO:werkzeug:127.0.0.1 - - [12/Nov/2019 11:52:29] "GET /menus/books?__debugger__=yes&cmd=resource&f=ubuntu.ttf HTTP/1.1" 200 -
INFO:werkzeug:127.0.0.1 - - [12/Nov/2019 11:52:29] "GET /menus/books?__debugger__=yes&cmd=resource&f=console.png HTTP/1.1" 200 -
INFO:werkzeug:127.0.0.1 - - [12/Nov/2019 11:52:30] "GET /menus/books?__debugger__=yes&cmd=resource&f=console.png HTTP/1.1" 200 -
DEBUG:urllib3.connectionpool:Starting new HTTPS connection (1): dapi.kakao.com:443
DEBUG:urllib3.connectionpool:https://dapi.kakao.com:443 "GET /v3/search/book?target=title&query=%ED%8C%8C%ED%94%BC%EC%9A%A9 HTTP/1.1" 200 None
INFO:werkzeug:127.0.0.1 - - [12/Nov/2019 11:56:58] "GET /menus/books HTTP/1.1" 500 -
INFO:werkzeug:127.0.0.1 - - [12/Nov/2019 11:56:58] "GET /menus/books?__debugger__=yes&cmd=resource&f=style.css HTTP/1.1" 200 -
INFO:werkzeug:127.0.0.1 - - [12/Nov/2019 11:56:58] "GET /menus/books?__debugger__=yes&cmd=resource&f=jquery.js HTTP/1.1" 200 -
INFO:werkzeug:127.0.0.1 - - [12/Nov/2019 11:56:58] "GET /menus/books?__debugger__=yes&cmd=resource&f=debugger.js HTTP/1.1" 200 -
INFO:werkzeug:127.0.0.1 - - [12/Nov/2019 11:56:58] "GET /menus/books?__debugger__=yes&cmd=resource&f=ubuntu.ttf HTTP/1.1" 200 -
DEBUG:urllib3.connectionpool:Starting new HTTPS connection (1): dapi.kakao.com:443
DEBUG:urllib3.connectionpool:https://dapi.kakao.com:443 "GET /v3/search/book?target=title&query=%ED%8C%8C%ED%94%BC%EC%9A%A9 HTTP/1.1" 200 None
INFO:werkzeug:127.0.0.1 - - [12/Nov/2019 11:56:58] "GET /menus/books HTTP/1.1" 500 -
INFO:werkzeug:127.0.0.1 - - [12/Nov/2019 11:56:58] "GET /menus/books?__debugger__=yes&cmd=resource&f=style.css HTTP/1.1" 200 -
INFO:werkzeug:127.0.0.1 - - [12/Nov/2019 11:56:58] "GET /menus/books?__debugger__=yes&cmd=resource&f=jquery.js HTTP/1.1" 200 -
INFO:werkzeug:127.0.0.1 - - [12/Nov/2019 11:56:59] "GET /menus/books?__debugger__=yes&cmd=resource&f=debugger.js HTTP/1.1" 200 -
INFO:werkzeug:127.0.0.1 - - [12/Nov/2019 11:56:59] "GET /menus/books?__debugger__=yes&cmd=resource&f=ubuntu.ttf HTTP/1.1" 200 -
INFO:werkzeug:127.0.0.1 - - [12/Nov/2019 11:56:59] "GET /menus/books?__debugger__=yes&cmd=resource&f=console.png HTTP/1.1" 200 -
DEBUG:urllib3.connectionpool:Starting new HTTPS connection (1): dapi.kakao.com:443
INFO:werkzeug:127.0.0.1 - - [12/Nov/2019 11:56:59] "GET /menus/books?__debugger__=yes&cmd=resource&f=console.png HTTP/1.1" 200 -
DEBUG:urllib3.connectionpool:https://dapi.kakao.com:443 "GET /v3/search/book?target=title&query=%ED%8C%8C%ED%94%BC%EC%9A%A9 HTTP/1.1" 200 None
INFO:werkzeug:127.0.0.1 - - [12/Nov/2019 11:56:59] "GET /menus/books HTTP/1.1" 500 -
DEBUG:urllib3.connectionpool:Starting new HTTPS connection (1): dapi.kakao.com:443
DEBUG:urllib3.connectionpool:https://dapi.kakao.com:443 "GET /v3/search/book?target=title&query=%ED%8C%8C%ED%94%BC%EC%9A%A9 HTTP/1.1" 200 None
INFO:werkzeug:127.0.0.1 - - [12/Nov/2019 11:56:59] "GET /menus/books HTTP/1.1" 500 -
INFO:werkzeug:127.0.0.1 - - [12/Nov/2019 11:56:59] "GET /menus/books?__debugger__=yes&cmd=resource&f=style.css HTTP/1.1" 200 -
INFO:werkzeug:127.0.0.1 - - [12/Nov/2019 11:57:00] "GET /menus/books?__debugger__=yes&cmd=resource&f=jquery.js HTTP/1.1" 200 -
DEBUG:urllib3.connectionpool:Starting new HTTPS connection (1): dapi.kakao.com:443
DEBUG:urllib3.connectionpool:https://dapi.kakao.com:443 "GET /v3/search/book?target=title&query=%ED%8C%8C%ED%94%BC%EC%9A%A9 HTTP/1.1" 200 None
INFO:werkzeug:127.0.0.1 - - [12/Nov/2019 11:57:00] "GET /menus/books HTTP/1.1" 500 -
INFO:werkzeug:127.0.0.1 - - [12/Nov/2019 11:57:00] "GET /menus/books?__debugger__=yes&cmd=resource&f=style.css HTTP/1.1" 200 -
INFO:werkzeug:127.0.0.1 - - [12/Nov/2019 11:57:00] "GET /menus/books?__debugger__=yes&cmd=resource&f=debugger.js HTTP/1.1" 200 -
INFO:werkzeug:127.0.0.1 - - [12/Nov/2019 11:57:00] "GET /menus/books?__debugger__=yes&cmd=resource&f=jquery.js HTTP/1.1" 200 -
INFO:werkzeug:127.0.0.1 - - [12/Nov/2019 11:57:00] "GET /menus/books?__debugger__=yes&cmd=resource&f=ubuntu.ttf HTTP/1.1" 200 -
INFO:werkzeug:127.0.0.1 - - [12/Nov/2019 11:57:01] "GET /menus/books?__debugger__=yes&cmd=resource&f=console.png HTTP/1.1" 200 -
INFO:werkzeug:127.0.0.1 - - [12/Nov/2019 11:57:01] "GET /menus/books?__debugger__=yes&cmd=resource&f=console.png HTTP/1.1" 200 -
INFO:werkzeug:127.0.0.1 - - [12/Nov/2019 11:57:02] "GET /menus/ HTTP/1.1" 404 -
INFO:werkzeug:127.0.0.1 - - [12/Nov/2019 11:57:04] "GET / HTTP/1.1" 200 -
DEBUG:urllib3.connectionpool:Starting new HTTPS connection (1): dapi.kakao.com:443
DEBUG:urllib3.connectionpool:https://dapi.kakao.com:443 "GET /v2/search/image?query=%EC%95%84%EC%9D%B4%EC%9C%A0 HTTP/1.1" 200 None
INFO:werkzeug:127.0.0.1 - - [12/Nov/2019 11:57:05] "GET /menus/images HTTP/1.1" 200 -
DEBUG:urllib3.connectionpool:Starting new HTTPS connection (1): dapi.kakao.com:443
DEBUG:urllib3.connectionpool:https://dapi.kakao.com:443 "GET /v3/search/book?target=title&query=%ED%8C%8C%ED%94%BC%EC%9A%A9 HTTP/1.1" 200 None
INFO:werkzeug:127.0.0.1 - - [12/Nov/2019 11:57:06] "GET /menus/books HTTP/1.1" 500 -
INFO:werkzeug:127.0.0.1 - - [12/Nov/2019 11:57:07] "GET /menus/books?__debugger__=yes&cmd=resource&f=style.css HTTP/1.1" 200 -
INFO:werkzeug:127.0.0.1 - - [12/Nov/2019 11:57:07] "GET /menus/books?__debugger__=yes&cmd=resource&f=debugger.js HTTP/1.1" 200 -
INFO:werkzeug:127.0.0.1 - - [12/Nov/2019 11:57:07] "GET /menus/books?__debugger__=yes&cmd=resource&f=jquery.js HTTP/1.1" 200 -
INFO:werkzeug:127.0.0.1 - - [12/Nov/2019 11:57:07] "GET /menus/books?__debugger__=yes&cmd=resource&f=ubuntu.ttf HTTP/1.1" 200 -
INFO:werkzeug:127.0.0.1 - - [12/Nov/2019 11:57:07] "GET /menus/books?__debugger__=yes&cmd=resource&f=console.png HTTP/1.1" 200 -
DEBUG:urllib3.connectionpool:Starting new HTTPS connection (1): dapi.kakao.com:443
DEBUG:urllib3.connectionpool:https://dapi.kakao.com:443 "GET /v3/search/book?target=title&query=%ED%8C%8C%ED%94%BC%EC%9A%A9 HTTP/1.1" 200 None
INFO:werkzeug:127.0.0.1 - - [12/Nov/2019 11:59:02] "GET /menus/books HTTP/1.1" 500 -
INFO:werkzeug:127.0.0.1 - - [12/Nov/2019 11:59:02] "GET /menus/books?__debugger__=yes&cmd=resource&f=style.css HTTP/1.1" 200 -
INFO:werkzeug:127.0.0.1 - - [12/Nov/2019 11:59:02] "GET /menus/books?__debugger__=yes&cmd=resource&f=jquery.js HTTP/1.1" 200 -
INFO:werkzeug:127.0.0.1 - - [12/Nov/2019 11:59:03] "GET /menus/books?__debugger__=yes&cmd=resource&f=debugger.js HTTP/1.1" 200 -
INFO:werkzeug:127.0.0.1 - - [12/Nov/2019 11:59:03] "GET /menus/books?__debugger__=yes&cmd=resource&f=ubuntu.ttf HTTP/1.1" 200 -
INFO:werkzeug:127.0.0.1 - - [12/Nov/2019 11:59:03] "GET /menus/books?__debugger__=yes&cmd=resource&f=console.png HTTP/1.1" 200 -
INFO:werkzeug:127.0.0.1 - - [12/Nov/2019 11:59:03] "GET /menus/books?__debugger__=yes&cmd=resource&f=console.png HTTP/1.1" 200 -
INFO:werkzeug: * Detected change in 'C:\\Users\\hbill\\PycharmProjects\\web_service\\menus.py', reloading
INFO:werkzeug: * Restarting with stat
INFO:root:Flask Web Server Started
WARNING:werkzeug: * Debugger is active!
INFO:werkzeug: * Debugger PIN: 505-006-647
INFO:werkzeug: * Running on http://localhost:8080/ (Press CTRL+C to quit)
DEBUG:urllib3.connectionpool:Starting new HTTPS connection (1): dapi.kakao.com:443
DEBUG:urllib3.connectionpool:https://dapi.kakao.com:443 "GET /v3/search/book?target=title&query=%ED%8C%8C%ED%94%BC%EC%9A%A9 HTTP/1.1" 200 None
INFO:werkzeug:127.0.0.1 - - [12/Nov/2019 11:59:20] "GET /menus/books HTTP/1.1" 500 -
INFO:werkzeug:127.0.0.1 - - [12/Nov/2019 11:59:20] "GET /menus/books?__debugger__=yes&cmd=resource&f=style.css HTTP/1.1" 200 -
INFO:werkzeug:127.0.0.1 - - [12/Nov/2019 11:59:20] "GET /menus/books?__debugger__=yes&cmd=resource&f=jquery.js HTTP/1.1" 200 -
INFO:werkzeug:127.0.0.1 - - [12/Nov/2019 11:59:20] "GET /menus/books?__debugger__=yes&cmd=resource&f=debugger.js HTTP/1.1" 200 -
INFO:werkzeug:127.0.0.1 - - [12/Nov/2019 11:59:20] "GET /menus/books?__debugger__=yes&cmd=resource&f=ubuntu.ttf HTTP/1.1" 200 -
INFO:werkzeug:127.0.0.1 - - [12/Nov/2019 11:59:20] "GET /menus/books?__debugger__=yes&cmd=resource&f=console.png HTTP/1.1" 200 -
INFO:werkzeug:127.0.0.1 - - [12/Nov/2019 11:59:21] "GET /menus/books?__debugger__=yes&cmd=resource&f=console.png HTTP/1.1" 200 -
DEBUG:urllib3.connectionpool:Starting new HTTPS connection (1): dapi.kakao.com:443
DEBUG:urllib3.connectionpool:https://dapi.kakao.com:443 "GET /v3/search/book?target=title&query=%ED%8C%8C%ED%94%BC%EC%9A%A9 HTTP/1.1" 200 None
INFO:werkzeug:127.0.0.1 - - [12/Nov/2019 12:01:06] "GET /menus/books HTTP/1.1" 500 -
INFO:werkzeug:127.0.0.1 - - [12/Nov/2019 12:01:06] "GET /menus/books?__debugger__=yes&cmd=resource&f=style.css HTTP/1.1" 200 -
INFO:werkzeug:127.0.0.1 - - [12/Nov/2019 12:01:06] "GET /menus/books?__debugger__=yes&cmd=resource&f=jquery.js HTTP/1.1" 200 -
INFO:werkzeug:127.0.0.1 - - [12/Nov/2019 12:01:07] "GET /menus/books?__debugger__=yes&cmd=resource&f=debugger.js HTTP/1.1" 200 -
INFO:werkzeug:127.0.0.1 - - [12/Nov/2019 12:01:07] "GET /menus/books?__debugger__=yes&cmd=resource&f=ubuntu.ttf HTTP/1.1" 200 -
INFO:werkzeug:127.0.0.1 - - [12/Nov/2019 12:01:07] "GET /menus/books?__debugger__=yes&cmd=resource&f=console.png HTTP/1.1" 200 -
INFO:werkzeug:127.0.0.1 - - [12/Nov/2019 12:01:07] "GET /menus/books?__debugger__=yes&cmd=resource&f=console.png HTTP/1.1" 200 -
DEBUG:urllib3.connectionpool:Starting new HTTPS connection (1): dapi.kakao.com:443
DEBUG:urllib3.connectionpool:https://dapi.kakao.com:443 "GET /v3/search/book?target=title&query=%ED%8C%8C%ED%94%BC%EC%9A%A9 HTTP/1.1" 200 None
INFO:werkzeug:127.0.0.1 - - [12/Nov/2019 12:03:26] "GET /menus/books HTTP/1.1" 500 -
INFO:werkzeug:127.0.0.1 - - [12/Nov/2019 12:03:26] "GET /menus/books?__debugger__=yes&cmd=resource&f=style.css HTTP/1.1" 200 -
INFO:werkzeug:127.0.0.1 - - [12/Nov/2019 12:03:26] "GET /menus/books?__debugger__=yes&cmd=resource&f=jquery.js HTTP/1.1" 200 -
INFO:werkzeug:127.0.0.1 - - [12/Nov/2019 12:03:26] "GET /menus/books?__debugger__=yes&cmd=resource&f=debugger.js HTTP/1.1" 200 -
INFO:werkzeug:127.0.0.1 - - [12/Nov/2019 12:03:27] "GET /menus/books?__debugger__=yes&cmd=resource&f=ubuntu.ttf HTTP/1.1" 200 -
INFO:werkzeug:127.0.0.1 - - [12/Nov/2019 12:03:27] "GET /menus/books?__debugger__=yes&cmd=resource&f=console.png HTTP/1.1" 200 -
INFO:werkzeug:127.0.0.1 - - [12/Nov/2019 12:03:27] "GET /menus/books?__debugger__=yes&cmd=resource&f=console.png HTTP/1.1" 200 -
DEBUG:urllib3.connectionpool:Starting new HTTPS connection (1): dapi.kakao.com:443
DEBUG:urllib3.connectionpool:https://dapi.kakao.com:443 "GET /v3/search/book?target=title&query=%ED%8C%8C%ED%94%BC%EC%9A%A9 HTTP/1.1" 200 None
INFO:werkzeug:127.0.0.1 - - [12/Nov/2019 12:04:33] "GET /menus/books HTTP/1.1" 200 -
DEBUG:urllib3.connectionpool:Starting new HTTPS connection (1): dapi.kakao.com:443
DEBUG:urllib3.connectionpool:https://dapi.kakao.com:443 "GET /v3/search/book?target=title&query=%ED%8C%8C%ED%94%BC%EC%9A%A9 HTTP/1.1" 200 None
INFO:werkzeug:127.0.0.1 - - [12/Nov/2019 12:05:29] "GET /menus/books HTTP/1.1" 200 -
INFO:werkzeug: * Detected change in 'C:\\Users\\hbill\\PycharmProjects\\web_service\\menus.py', reloading
INFO:werkzeug: * Restarting with stat
INFO:root:Flask Web Server Started
WARNING:werkzeug: * Debugger is active!
INFO:werkzeug: * Debugger PIN: 505-006-647
INFO:werkzeug: * Running on http://localhost:8080/ (Press CTRL+C to quit)
DEBUG:urllib3.connectionpool:Starting new HTTPS connection (1): dapi.kakao.com:443
DEBUG:urllib3.connectionpool:https://dapi.kakao.com:443 "GET /v3/search/book?target=title&query=%EC%B0%A8%EC%8A%B9%ED%9B%88 HTTP/1.1" 200 None
INFO:werkzeug:127.0.0.1 - - [12/Nov/2019 12:06:08] "GET /menus/books HTTP/1.1" 200 -
INFO:werkzeug: * Detected change in 'C:\\Users\\hbill\\PycharmProjects\\web_service\\menus.py', reloading
INFO:werkzeug: * Restarting with stat
INFO:root:Flask Web Server Started
WARNING:werkzeug: * Debugger is active!
INFO:werkzeug: * Debugger PIN: 505-006-647
INFO:werkzeug: * Running on http://localhost:8080/ (Press CTRL+C to quit)
DEBUG:urllib3.connectionpool:Starting new HTTPS connection (1): dapi.kakao.com:443
DEBUG:urllib3.connectionpool:https://dapi.kakao.com:443 "GET /v3/search/book?target=title&query=%ED%99%8D%EA%B2%BD%ED%83%9D HTTP/1.1" 200 None
INFO:werkzeug:127.0.0.1 - - [12/Nov/2019 12:06:15] "GET /menus/books HTTP/1.1" 200 -
INFO:werkzeug: * Detected change in 'C:\\Users\\hbill\\PycharmProjects\\web_service\\menus.py', reloading
INFO:werkzeug: * Restarting with stat
INFO:root:Flask Web Server Started
WARNING:werkzeug: * Debugger is active!
INFO:werkzeug: * Debugger PIN: 505-006-647
INFO:werkzeug: * Running on http://localhost:8080/ (Press CTRL+C to quit)
DEBUG:urllib3.connectionpool:Starting new HTTPS connection (1): dapi.kakao.com:443
DEBUG:urllib3.connectionpool:https://dapi.kakao.com:443 "GET /v3/search/book?target=title&authors=%ED%99%8D%EA%B2%BD%ED%83%9D HTTP/1.1" 400 None
INFO:werkzeug:127.0.0.1 - - [12/Nov/2019 12:06:23] "GET /menus/books HTTP/1.1" 500 -
INFO:werkzeug:127.0.0.1 - - [12/Nov/2019 12:06:23] "GET /menus/books?__debugger__=yes&cmd=resource&f=style.css HTTP/1.1" 200 -
INFO:werkzeug:127.0.0.1 - - [12/Nov/2019 12:06:23] "GET /menus/books?__debugger__=yes&cmd=resource&f=jquery.js HTTP/1.1" 200 -
INFO:werkzeug:127.0.0.1 - - [12/Nov/2019 12:06:23] "GET /menus/books?__debugger__=yes&cmd=resource&f=debugger.js HTTP/1.1" 200 -
INFO:werkzeug:127.0.0.1 - - [12/Nov/2019 12:06:24] "GET /menus/books?__debugger__=yes&cmd=resource&f=ubuntu.ttf HTTP/1.1" 200 -
INFO:werkzeug:127.0.0.1 - - [12/Nov/2019 12:06:24] "GET /menus/books?__debugger__=yes&cmd=resource&f=console.png HTTP/1.1" 200 -
INFO:werkzeug:127.0.0.1 - - [12/Nov/2019 12:06:24] "GET /menus/books?__debugger__=yes&cmd=resource&f=console.png HTTP/1.1" 200 -
INFO:werkzeug: * Detected change in 'C:\\Users\\hbill\\PycharmProjects\\web_service\\menus.py', reloading
INFO:werkzeug: * Restarting with stat
INFO:root:Flask Web Server Started
WARNING:werkzeug: * Debugger is active!
INFO:werkzeug: * Debugger PIN: 505-006-647
INFO:werkzeug: * Running on http://localhost:8080/ (Press CTRL+C to quit)
DEBUG:urllib3.connectionpool:Starting new HTTPS connection (1): dapi.kakao.com:443
DEBUG:urllib3.connectionpool:https://dapi.kakao.com:443 "GET /v3/search/book?target=authors&query=%ED%99%8D%EA%B2%BD%ED%83%9D HTTP/1.1" 200 None
INFO:werkzeug:127.0.0.1 - - [12/Nov/2019 12:06:36] "GET /menus/books HTTP/1.1" 200 -
DEBUG:urllib3.connectionpool:Starting new HTTPS connection (1): dapi.kakao.com:443
DEBUG:urllib3.connectionpool:https://dapi.kakao.com:443 "GET /v3/search/book?target=authors&query=%ED%99%8D%EA%B2%BD%ED%83%9D HTTP/1.1" 200 None
INFO:werkzeug:127.0.0.1 - - [12/Nov/2019 12:06:37] "GET /menus/books HTTP/1.1" 200 -
INFO:werkzeug: * Detected change in 'C:\\Users\\hbill\\PycharmProjects\\web_service\\menus.py', reloading
INFO:werkzeug: * Restarting with stat
INFO:root:Flask Web Server Started
WARNING:werkzeug: * Debugger is active!
INFO:werkzeug: * Debugger PIN: 505-006-647
INFO:werkzeug: * Running on http://localhost:8080/ (Press CTRL+C to quit)
DEBUG:urllib3.connectionpool:Starting new HTTPS connection (1): dapi.kakao.com:443
DEBUG:urllib3.connectionpool:https://dapi.kakao.com:443 "GET /v3/search/book?target=author&query=%ED%99%8D%EA%B2%BD%ED%83%9D HTTP/1.1" 200 None
INFO:werkzeug:127.0.0.1 - - [12/Nov/2019 12:06:42] "GET /menus/books HTTP/1.1" 200 -
DEBUG:urllib3.connectionpool:Starting new HTTPS connection (1): dapi.kakao.com:443
DEBUG:urllib3.connectionpool:https://dapi.kakao.com:443 "GET /v3/search/book?target=author&query=%ED%99%8D%EA%B2%BD%ED%83%9D HTTP/1.1" 200 None
INFO:werkzeug:127.0.0.1 - - [12/Nov/2019 12:06:43] "GET /menus/books HTTP/1.1" 200 -
DEBUG:urllib3.connectionpool:Starting new HTTPS connection (1): dapi.kakao.com:443
DEBUG:urllib3.connectionpool:https://dapi.kakao.com:443 "GET /v3/search/book?target=author&query=%ED%99%8D%EA%B2%BD%ED%83%9D HTTP/1.1" 200 None
INFO:werkzeug:127.0.0.1 - - [12/Nov/2019 12:06:50] "GET /menus/books HTTP/1.1" 200 -
INFO:werkzeug: * Detected change in 'C:\\Users\\hbill\\PycharmProjects\\web_service\\menus.py', reloading
INFO:werkzeug: * Restarting with stat
INFO:root:Flask Web Server Started
WARNING:werkzeug: * Debugger is active!
INFO:werkzeug: * Debugger PIN: 505-006-647
INFO:werkzeug: * Running on http://localhost:8080/ (Press CTRL+C to quit)
INFO:werkzeug: * Detected change in 'C:\\Users\\hbill\\PycharmProjects\\web_service\\menus.py', reloading
INFO:werkzeug: * Restarting with stat
INFO:root:Flask Web Server Started
WARNING:werkzeug: * Debugger is active!
INFO:werkzeug: * Debugger PIN: 505-006-647
INFO:werkzeug: * Running on http://localhost:8080/ (Press CTRL+C to quit)
DEBUG:urllib3.connectionpool:Starting new HTTPS connection (1): dapi.kakao.com:443
DEBUG:urllib3.connectionpool:https://dapi.kakao.com:443 "GET /v3/search/book?target=authors&query=%EB%B2%A0%EB%A5%B4%EB%82%98%EB%A5%B4 HTTP/1.1" 200 None
INFO:werkzeug:127.0.0.1 - - [12/Nov/2019 12:07:44] "GET /menus/books HTTP/1.1" 200 -
INFO:werkzeug: * Detected change in 'C:\\Users\\hbill\\PycharmProjects\\web_service\\menus.py', reloading
INFO:werkzeug: * Restarting with stat
INFO:root:Flask Web Server Started
WARNING:werkzeug: * Debugger is active!
INFO:werkzeug: * Debugger PIN: 505-006-647
INFO:werkzeug: * Running on http://localhost:8080/ (Press CTRL+C to quit)
DEBUG:urllib3.connectionpool:Starting new HTTPS connection (1): dapi.kakao.com:443
DEBUG:urllib3.connectionpool:https://dapi.kakao.com:443 "GET /v3/search/book?target=authors&query=%EC%B0%A8%EC%8A%B9%ED%9B%88 HTTP/1.1" 200 None
INFO:werkzeug:127.0.0.1 - - [12/Nov/2019 12:07:50] "GET /menus/books HTTP/1.1" 200 -
INFO:werkzeug: * Detected change in 'C:\\Users\\hbill\\PycharmProjects\\web_service\\menus.py', reloading
INFO:werkzeug: * Restarting with stat
INFO:root:Flask Web Server Started
WARNING:werkzeug: * Debugger is active!
INFO:werkzeug: * Debugger PIN: 505-006-647
INFO:werkzeug: * Running on http://localhost:8080/ (Press CTRL+C to quit)
DEBUG:urllib3.connectionpool:Starting new HTTPS connection (1): dapi.kakao.com:443
DEBUG:urllib3.connectionpool:https://dapi.kakao.com:443 "GET /v3/search/book?target=authors&query=%ED%99%8D%EA%B2%BD%ED%83%9D HTTP/1.1" 200 None
INFO:werkzeug:127.0.0.1 - - [12/Nov/2019 12:08:06] "GET /menus/books HTTP/1.1" 200 -
DEBUG:urllib3.connectionpool:Starting new HTTPS connection (1): dapi.kakao.com:443
DEBUG:urllib3.connectionpool:https://dapi.kakao.com:443 "GET /v3/search/book?target=authors&query=%ED%99%8D%EA%B2%BD%ED%83%9D HTTP/1.1" 200 None
INFO:werkzeug:127.0.0.1 - - [12/Nov/2019 12:08:16] "GET /menus/books HTTP/1.1" 200 -
INFO:werkzeug: * Detected change in 'C:\\Users\\hbill\\PycharmProjects\\web_service\\menus.py', reloading
INFO:werkzeug: * Restarting with stat
INFO:root:Flask Web Server Started
WARNING:werkzeug: * Debugger is active!
INFO:werkzeug: * Debugger PIN: 505-006-647
INFO:werkzeug: * Running on http://localhost:8080/ (Press CTRL+C to quit)
DEBUG:urllib3.connectionpool:Starting new HTTPS connection (1): dapi.kakao.com:443
DEBUG:urllib3.connectionpool:https://dapi.kakao.com:443 "GET /v3/search/book?target=authors&query=%EC%A0%95%ED%83%9C%EC%9C%A4 HTTP/1.1" 200 None
INFO:werkzeug:127.0.0.1 - - [12/Nov/2019 12:08:18] "GET /menus/books HTTP/1.1" 200 -
DEBUG:urllib3.connectionpool:Starting new HTTPS connection (1): dapi.kakao.com:443
DEBUG:urllib3.connectionpool:https://dapi.kakao.com:443 "GET /v3/search/book?target=authors&query=%EC%A0%95%ED%83%9C%EC%9C%A4 HTTP/1.1" 200 None
INFO:werkzeug:127.0.0.1 - - [12/Nov/2019 12:16:46] "GET /menus/books HTTP/1.1" 200 -
DEBUG:urllib3.connectionpool:Starting new HTTPS connection (1): dapi.kakao.com:443
DEBUG:urllib3.connectionpool:https://dapi.kakao.com:443 "GET /v3/search/book?target=authors&query=%EC%A0%95%ED%83%9C%EC%9C%A4 HTTP/1.1" 200 None
INFO:werkzeug:127.0.0.1 - - [12/Nov/2019 12:17:05] "GET /menus/books HTTP/1.1" 200 -
DEBUG:urllib3.connectionpool:Starting new HTTPS connection (1): dapi.kakao.com:443
DEBUG:urllib3.connectionpool:https://dapi.kakao.com:443 "GET /v3/search/book?target=authors&query=%EC%A0%95%ED%83%9C%EC%9C%A4 HTTP/1.1" 200 None
INFO:werkzeug:127.0.0.1 - - [12/Nov/2019 12:21:22] "GET /menus/books HTTP/1.1" 500 -
INFO:werkzeug:127.0.0.1 - - [12/Nov/2019 12:21:22] "GET /menus/books?__debugger__=yes&cmd=resource&f=style.css HTTP/1.1" 200 -
INFO:werkzeug:127.0.0.1 - - [12/Nov/2019 12:21:22] "GET /menus/books?__debugger__=yes&cmd=resource&f=jquery.js HTTP/1.1" 200 -
INFO:werkzeug:127.0.0.1 - - [12/Nov/2019 12:21:22] "GET /menus/books?__debugger__=yes&cmd=resource&f=debugger.js HTTP/1.1" 200 -
INFO:werkzeug:127.0.0.1 - - [12/Nov/2019 12:21:22] "GET /menus/books?__debugger__=yes&cmd=resource&f=ubuntu.ttf HTTP/1.1" 200 -
INFO:werkzeug:127.0.0.1 - - [12/Nov/2019 12:21:23] "GET /menus/books?__debugger__=yes&cmd=resource&f=console.png HTTP/1.1" 200 -
INFO:werkzeug:127.0.0.1 - - [12/Nov/2019 12:21:23] "GET /menus/books?__debugger__=yes&cmd=resource&f=console.png HTTP/1.1" 200 -
DEBUG:urllib3.connectionpool:Starting new HTTPS connection (1): dapi.kakao.com:443
DEBUG:urllib3.connectionpool:https://dapi.kakao.com:443 "GET /v3/search/book?target=authors&query=%EC%A0%95%ED%83%9C%EC%9C%A4 HTTP/1.1" 200 None
INFO:werkzeug:127.0.0.1 - - [12/Nov/2019 12:21:58] "GET /menus/books HTTP/1.1" 200 -
INFO:werkzeug: * Detected change in 'C:\\Users\\hbill\\PycharmProjects\\web_service\\rest_server\\resource.py', reloading
INFO:werkzeug: * Restarting with stat
INFO:root:Flask Web Server Started
INFO:werkzeug: * Restarting with stat
INFO:root:Flask Web Server Started
WARNING:werkzeug: * Debugger is active!
INFO:werkzeug: * Debugger PIN: 505-006-647
INFO:werkzeug: * Running on http://localhost:8080/ (Press CTRL+C to quit)
INFO:werkzeug:127.0.0.1 - - [12/Nov/2019 12:31:47] "GET /resource/t1 HTTP/1.1" 500 -
INFO:werkzeug:127.0.0.1 - - [12/Nov/2019 12:31:47] "GET /resource/t1?__debugger__=yes&cmd=resource&f=style.css HTTP/1.1" 200 -
INFO:werkzeug:127.0.0.1 - - [12/Nov/2019 12:31:47] "GET /resource/t1?__debugger__=yes&cmd=resource&f=jquery.js HTTP/1.1" 200 -
INFO:werkzeug:127.0.0.1 - - [12/Nov/2019 12:31:47] "GET /resource/t1?__debugger__=yes&cmd=resource&f=debugger.js HTTP/1.1" 200 -
INFO:werkzeug:127.0.0.1 - - [12/Nov/2019 12:31:47] "GET /resource/t1?__debugger__=yes&cmd=resource&f=ubuntu.ttf HTTP/1.1" 200 -
INFO:werkzeug:127.0.0.1 - - [12/Nov/2019 12:31:47] "GET /resource/t1?__debugger__=yes&cmd=resource&f=console.png HTTP/1.1" 200 -
INFO:werkzeug:127.0.0.1 - - [12/Nov/2019 12:31:48] "GET /resource/t1?__debugger__=yes&cmd=resource&f=console.png HTTP/1.1" 200 -
INFO:werkzeug: * Detected change in 'C:\\Users\\hbill\\PycharmProjects\\web_service\\rest_server\\resource.py', reloading
INFO:werkzeug: * Restarting with stat
INFO:root:Flask Web Server Started
WARNING:werkzeug: * Debugger is active!
INFO:werkzeug: * Debugger PIN: 505-006-647
INFO:werkzeug: * Running on http://localhost:8080/ (Press CTRL+C to quit)
DEBUG:urllib3.connectionpool:Starting new HTTPS connection (1): dapi.kakao.com:443
DEBUG:urllib3.connectionpool:https://dapi.kakao.com:443 "GET /v3/search/book?target=authors&query=%EC%A0%95%ED%83%9C%EC%9C%A4 HTTP/1.1" 200 None
INFO:werkzeug:127.0.0.1 - - [12/Nov/2019 12:31:58] "GET /resource/t1 HTTP/1.1" 200 -
INFO:root:Flask Web Server Started
INFO:werkzeug: * Restarting with stat
INFO:root:Flask Web Server Started
WARNING:werkzeug: * Debugger is active!
INFO:werkzeug: * Debugger PIN: 505-006-647
INFO:werkzeug: * Running on http://localhost:8080/ (Press CTRL+C to quit)
INFO:werkzeug:127.0.0.1 - - [26/Nov/2019 11:15:31] "GET / HTTP/1.1" 200 -
INFO:werkzeug:127.0.0.1 - - [26/Nov/2019 11:15:31] "GET /static/assets/css/material-dashboard.css?v=2.1.1 HTTP/1.1" 200 -
INFO:werkzeug:127.0.0.1 - - [26/Nov/2019 11:15:32] "GET /favicon.ico HTTP/1.1" 404 -
INFO:werkzeug:127.0.0.1 - - [26/Nov/2019 11:15:34] "GET / HTTP/1.1" 200 -
INFO:werkzeug:127.0.0.1 - - [26/Nov/2019 11:15:39] "GET / HTTP/1.1" 200 -
INFO:werkzeug:127.0.0.1 - - [26/Nov/2019 11:15:39] "GET / HTTP/1.1" 200 -
INFO:werkzeug:127.0.0.1 - - [26/Nov/2019 11:15:40] "GET / HTTP/1.1" 200 -
INFO:werkzeug:127.0.0.1 - - [26/Nov/2019 11:15:40] "GET / HTTP/1.1" 200 -
INFO:werkzeug:127.0.0.1 - - [26/Nov/2019 11:15:40] "GET / HTTP/1.1" 200 -
INFO:werkzeug:127.0.0.1 - - [26/Nov/2019 11:16:07] "GET / HTTP/1.1" 200 -
INFO:werkzeug:127.0.0.1 - - [26/Nov/2019 11:16:07] "GET /static/assets/js/core/jquery.min.js HTTP/1.1" 200 -
INFO:werkzeug:127.0.0.1 - - [26/Nov/2019 11:16:07] "GET /static/assets/js/core/popper.min.js HTTP/1.1" 200 -
INFO:werkzeug:127.0.0.1 - - [26/Nov/2019 11:16:07] "GET /static/assets/js/plugins/bootstrap-notify.js HTTP/1.1" 200 -
INFO:werkzeug:127.0.0.1 - - [26/Nov/2019 11:16:07] "GET /static/assets/js/material-dashboard.js?v=2.1.1 HTTP/1.1" 200 -
INFO:werkzeug:127.0.0.1 - - [26/Nov/2019 11:16:07] "GET /static/assets/js/core/bootstrap-material-design.min.js HTTP/1.1" 200 -
INFO:werkzeug:127.0.0.1 - - [26/Nov/2019 11:16:07] "GET /static/assets/js/plugins/chartist.min.js HTTP/1.1" 200 -
INFO:werkzeug:127.0.0.1 - - [26/Nov/2019 11:16:07] "GET /static/assets/js/plugins/perfect-scrollbar.jquery.min.js HTTP/1.1" 200 -
INFO:werkzeug:127.0.0.1 - - [26/Nov/2019 11:16:11] "GET /auth/signup HTTP/1.1" 404 -
INFO:werkzeug:127.0.0.1 - - [26/Nov/2019 11:16:14] "GET /auth/signup HTTP/1.1" 404 -
INFO:werkzeug:127.0.0.1 - - [26/Nov/2019 11:16:16] "GET /auth/login HTTP/1.1" 404 -
INFO:werkzeug:127.0.0.1 - - [26/Nov/2019 11:16:21] "GET /auth/signup HTTP/1.1" 404 -
INFO:werkzeug:127.0.0.1 - - [26/Nov/2019 11:16:53] "GET / HTTP/1.1" 200 -
INFO:werkzeug:127.0.0.1 - - [26/Nov/2019 11:16:54] "GET /subpage/data_collects HTTP/1.1" 404 -
INFO:werkzeug:127.0.0.1 - - [26/Nov/2019 11:17:30] "GET / HTTP/1.1" 200 -
INFO:werkzeug:127.0.0.1 - - [26/Nov/2019 11:17:31] "GET / HTTP/1.1" 200 -
INFO:werkzeug:127.0.0.1 - - [26/Nov/2019 11:17:31] "GET / HTTP/1.1" 200 -
INFO:werkzeug:127.0.0.1 - - [26/Nov/2019 11:17:32] "GET / HTTP/1.1" 200 -
INFO:werkzeug:127.0.0.1 - - [26/Nov/2019 11:17:32] "GET / HTTP/1.1" 200 -
INFO:werkzeug:127.0.0.1 - - [26/Nov/2019 11:17:50] "GET /subpage/data_collects HTTP/1.1" 404 -
INFO:werkzeug:127.0.0.1 - - [26/Nov/2019 11:18:04] "GET / HTTP/1.1" 200 -
INFO:werkzeug:127.0.0.1 - - [26/Nov/2019 11:18:12] "GET / HTTP/1.1" 200 -
INFO:werkzeug:127.0.0.1 - - [26/Nov/2019 11:18:13] "GET / HTTP/1.1" 200 -
INFO:werkzeug:127.0.0.1 - - [26/Nov/2019 11:18:13] "GET / HTTP/1.1" 200 -
DEBUG:urllib3.connectionpool:Starting new HTTPS connection (1): dapi.kakao.com:443
DEBUG:urllib3.connectionpool:https://dapi.kakao.com:443 "GET /v2/search/image?query=%EC%95%84%EC%9D%B4%EC%9C%A0 HTTP/1.1" 200 None
INFO:werkzeug:127.0.0.1 - - [26/Nov/2019 11:20:39] "GET /menus/images HTTP/1.1" 500 -
INFO:werkzeug:127.0.0.1 - - [26/Nov/2019 11:20:39] "GET /menus/images?__debugger__=yes&cmd=resource&f=style.css HTTP/1.1" 200 -
INFO:werkzeug:127.0.0.1 - - [26/Nov/2019 11:20:39] "GET /menus/images?__debugger__=yes&cmd=resource&f=jquery.js HTTP/1.1" 200 -
INFO:werkzeug:127.0.0.1 - - [26/Nov/2019 11:20:40] "GET /menus/images?__debugger__=yes&cmd=resource&f=debugger.js HTTP/1.1" 200 -
INFO:werkzeug:127.0.0.1 - - [26/Nov/2019 11:20:40] "GET /menus/images?__debugger__=yes&cmd=resource&f=ubuntu.ttf HTTP/1.1" 200 -
INFO:werkzeug:127.0.0.1 - - [26/Nov/2019 11:20:40] "GET /menus/images?__debugger__=yes&cmd=resource&f=console.png HTTP/1.1" 200 -
INFO:werkzeug:127.0.0.1 - - [26/Nov/2019 11:20:40] "GET /menus/images?__debugger__=yes&cmd=resource&f=console.png HTTP/1.1" 200 -
DEBUG:urllib3.connectionpool:Starting new HTTPS connection (1): dapi.kakao.com:443
DEBUG:urllib3.connectionpool:https://dapi.kakao.com:443 "GET /v2/search/image?query=%EC%95%84%EC%9D%B4%EC%9C%A0 HTTP/1.1" 200 None
INFO:werkzeug:127.0.0.1 - - [26/Nov/2019 11:21:35] "GET /menus/images HTTP/1.1" 200 -
INFO:werkzeug:127.0.0.1 - - [26/Nov/2019 11:21:37] "GET / HTTP/1.1" 200 -
INFO:werkzeug:127.0.0.1 - - [26/Nov/2019 11:21:38] "GET / HTTP/1.1" 200 -
INFO:werkzeug:127.0.0.1 - - [26/Nov/2019 11:21:39] "GET /auth/login HTTP/1.1" 404 -
INFO:werkzeug:127.0.0.1 - - [26/Nov/2019 11:21:41] "GET /auth/login HTTP/1.1" 404 -
DEBUG:urllib3.connectionpool:Starting new HTTPS connection (1): dapi.kakao.com:443
DEBUG:urllib3.connectionpool:https://dapi.kakao.com:443 "GET /v2/search/image?query=%EC%95%84%EC%9D%B4%EC%9C%A0 HTTP/1.1" 200 None
INFO:werkzeug:127.0.0.1 - - [26/Nov/2019 11:21:43] "GET /menus/images HTTP/1.1" 200 -
DEBUG:urllib3.connectionpool:Starting new HTTPS connection (1): dapi.kakao.com:443
DEBUG:urllib3.connectionpool:https://dapi.kakao.com:443 "GET /v3/search/book?target=authors&query=%EC%A0%95%ED%83%9C%EC%9C%A4 HTTP/1.1" 200 None
INFO:werkzeug:127.0.0.1 - - [26/Nov/2019 11:21:44] "GET /menus/books HTTP/1.1" 200 -
INFO:werkzeug: * Detected change in 'C:\\Users\\hbill\\PycharmProjects\\web_service\\application.py', reloading
INFO:werkzeug: * Restarting with stat
INFO:root:Flask Web Server Started
WARNING:werkzeug: * Debugger is active!
INFO:werkzeug: * Debugger PIN: 505-006-647
INFO:werkzeug: * Running on http://localhost:8080/ (Press CTRL+C to quit)
INFO:werkzeug: * Detected change in 'C:\\Users\\hbill\\PycharmProjects\\web_service\\application.py', reloading
INFO:werkzeug: * Restarting with stat
INFO:root:Flask Web Server Started
INFO:werkzeug: * Restarting with stat
INFO:root:Flask Web Server Started
WARNING:werkzeug: * Debugger is active!
INFO:werkzeug: * Debugger PIN: 505-006-647
INFO:werkzeug: * Running on http://localhost:8080/ (Press CTRL+C to quit)
INFO:werkzeug:127.0.0.1 - - [26/Nov/2019 11:40:24] "GET / HTTP/1.1" 200 -
INFO:werkzeug:127.0.0.1 - - [26/Nov/2019 11:40:25] "GET /auth/login HTTP/1.1" 200 -
INFO:werkzeug:127.0.0.1 - - [26/Nov/2019 11:40:26] "GET /static/images/kakao_account_login_btn_medium_narrow.png HTTP/1.1" 404 -
INFO:werkzeug:127.0.0.1 - - [26/Nov/2019 11:40:31] "GET /auth/login HTTP/1.1" 200 -
INFO:werkzeug:127.0.0.1 - - [26/Nov/2019 11:40:38] "POST /auth/login HTTP/1.1" 302 -
INFO:werkzeug:127.0.0.1 - - [26/Nov/2019 11:40:38] "GET /auth/login HTTP/1.1" 200 -
INFO:werkzeug:127.0.0.1 - - [26/Nov/2019 11:40:38] "GET /static/images/kakao_account_login_btn_medium_narrow.png HTTP/1.1" 404 -
DEBUG:urllib3.connectionpool:Starting new HTTPS connection (1): kauth.kakao.com:443
DEBUG:urllib3.connectionpool:https://kauth.kakao.com:443 "POST /oauth/token HTTP/1.1" 200 None
DEBUG:urllib3.connectionpool:Starting new HTTPS connection (1): kapi.kakao.com:443
DEBUG:urllib3.connectionpool:https://kapi.kakao.com:443 "POST /v1/user/me HTTP/1.1" 200 323
INFO:werkzeug:127.0.0.1 - - [26/Nov/2019 11:41:03] "GET /auth/kakao_oauth_redirect?code=q6kjiAXLts5QGZD_2DoD7jRU1JkHVTpHzqzhl-dOqUMYINK36ZBZMCkU5WMugAqXD0T1_QoqAvQAAAFupZVt0A HTTP/1.1" 302 -
INFO:werkzeug:127.0.0.1 - - [26/Nov/2019 11:41:03] "GET / HTTP/1.1" 500 -
INFO:werkzeug:127.0.0.1 - - [26/Nov/2019 11:41:03] "GET /?__debugger__=yes&cmd=resource&f=style.css HTTP/1.1" 200 -
INFO:werkzeug:127.0.0.1 - - [26/Nov/2019 11:41:03] "GET /?__debugger__=yes&cmd=resource&f=jquery.js HTTP/1.1" 200 -
INFO:werkzeug:127.0.0.1 - - [26/Nov/2019 11:41:03] "GET /?__debugger__=yes&cmd=resource&f=debugger.js HTTP/1.1" 200 -
INFO:werkzeug:127.0.0.1 - - [26/Nov/2019 11:41:03] "GET /?__debugger__=yes&cmd=resource&f=ubuntu.ttf HTTP/1.1" 200 -
INFO:werkzeug:127.0.0.1 - - [26/Nov/2019 11:41:04] "GET /?__debugger__=yes&cmd=resource&f=console.png HTTP/1.1" 200 -
INFO:werkzeug:127.0.0.1 - - [26/Nov/2019 11:41:04] "GET /?__debugger__=yes&cmd=resource&f=console.png HTTP/1.1" 200 -
DEBUG:urllib3.connectionpool:Starting new HTTPS connection (1): kauth.kakao.com:443
DEBUG:urllib3.connectionpool:https://kauth.kakao.com:443 "POST /oauth/token HTTP/1.1" 200 None
INFO:werkzeug:127.0.0.1 - - [26/Nov/2019 11:41:19] "GET /auth/kakao_oauth_redirect?code=WscOwUh80hU0cnfY1H7zChj2RRr_Q2ktVYMnOvhut3S2pd4CGcmyJGQ7v-AiU0q-gGEOgAoqAvQAAAFupZWtCw HTTP/1.1" 302 -
INFO:werkzeug:127.0.0.1 - - [26/Nov/2019 11:41:22] "GET /auth/login HTTP/1.1" 500 -
INFO:werkzeug:127.0.0.1 - - [26/Nov/2019 11:41:22] "GET /auth/login?__debugger__=yes&cmd=resource&f=style.css HTTP/1.1" 200 -
INFO:werkzeug:127.0.0.1 - - [26/Nov/2019 11:41:22] "GET /auth/login?__debugger__=yes&cmd=resource&f=jquery.js HTTP/1.1" 200 -
INFO:werkzeug:127.0.0.1 - - [26/Nov/2019 11:41:22] "GET /auth/login?__debugger__=yes&cmd=resource&f=debugger.js HTTP/1.1" 200 -
INFO:werkzeug:127.0.0.1 - - [26/Nov/2019 11:41:22] "GET /auth/login?__debugger__=yes&cmd=resource&f=ubuntu.ttf HTTP/1.1" 200 -
INFO:werkzeug:127.0.0.1 - - [26/Nov/2019 11:41:23] "GET /auth/login?__debugger__=yes&cmd=resource&f=console.png HTTP/1.1" 200 -
INFO:werkzeug:127.0.0.1 - - [26/Nov/2019 11:41:23] "GET /auth/login?__debugger__=yes&cmd=resource&f=console.png HTTP/1.1" 200 -
INFO:werkzeug:127.0.0.1 - - [26/Nov/2019 11:41:25] "GET /auth/login HTTP/1.1" 500 -
INFO:werkzeug:127.0.0.1 - - [26/Nov/2019 11:41:25] "GET /auth/login?__debugger__=yes&cmd=resource&f=style.css HTTP/1.1" 200 -
INFO:werkzeug:127.0.0.1 - - [26/Nov/2019 11:41:25] "GET /auth/login?__debugger__=yes&cmd=resource&f=jquery.js HTTP/1.1" 200 -
INFO:werkzeug:127.0.0.1 - - [26/Nov/2019 11:41:25] "GET /auth/login?__debugger__=yes&cmd=resource&f=debugger.js HTTP/1.1" 200 -
INFO:werkzeug:127.0.0.1 - - [26/Nov/2019 11:41:26] "GET /auth/login?__debugger__=yes&cmd=resource&f=ubuntu.ttf HTTP/1.1" 200 -
INFO:werkzeug:127.0.0.1 - - [26/Nov/2019 11:41:26] "GET /auth/login HTTP/1.1" 500 -
INFO:werkzeug:127.0.0.1 - - [26/Nov/2019 11:41:26] "GET /auth/login?__debugger__=yes&cmd=resource&f=style.css HTTP/1.1" 200 -
INFO:werkzeug:127.0.0.1 - - [26/Nov/2019 11:41:26] "GET /auth/login?__debugger__=yes&cmd=resource&f=jquery.js HTTP/1.1" 200 -
INFO:werkzeug:127.0.0.1 - - [26/Nov/2019 11:41:26] "GET /auth/login?__debugger__=yes&cmd=resource&f=debugger.js HTTP/1.1" 200 -
INFO:werkzeug:127.0.0.1 - - [26/Nov/2019 11:41:26] "GET /auth/login?__debugger__=yes&cmd=resource&f=console.png HTTP/1.1" 200 -
INFO:werkzeug:127.0.0.1 - - [26/Nov/2019 11:41:26] "GET /auth/login?__debugger__=yes&cmd=resource&f=ubuntu.ttf HTTP/1.1" 200 -
INFO:werkzeug:127.0.0.1 - - [26/Nov/2019 11:41:26] "GET /auth/login?__debugger__=yes&cmd=resource&f=console.png HTTP/1.1" 200 -
INFO:werkzeug:127.0.0.1 - - [26/Nov/2019 11:41:30] "GET / HTTP/1.1" 500 -
INFO:werkzeug:127.0.0.1 - - [26/Nov/2019 11:41:30] "GET /?__debugger__=yes&cmd=resource&f=style.css HTTP/1.1" 200 -
INFO:werkzeug:127.0.0.1 - - [26/Nov/2019 11:41:30] "GET /?__debugger__=yes&cmd=resource&f=jquery.js HTTP/1.1" 200 -
INFO:werkzeug:127.0.0.1 - - [26/Nov/2019 11:41:30] "GET /?__debugger__=yes&cmd=resource&f=debugger.js HTTP/1.1" 200 -
INFO:werkzeug:127.0.0.1 - - [26/Nov/2019 11:41:31] "GET /?__debugger__=yes&cmd=resource&f=ubuntu.ttf HTTP/1.1" 200 -
INFO:werkzeug:127.0.0.1 - - [26/Nov/2019 11:41:31] "GET /?__debugger__=yes&cmd=resource&f=console.png HTTP/1.1" 200 -
INFO:werkzeug:127.0.0.1 - - [26/Nov/2019 11:41:34] "GET / HTTP/1.1" 500 -
INFO:werkzeug:127.0.0.1 - - [26/Nov/2019 11:41:35] "GET /?__debugger__=yes&cmd=resource&f=style.css HTTP/1.1" 200 -
INFO:werkzeug:127.0.0.1 - - [26/Nov/2019 11:41:35] "GET /?__debugger__=yes&cmd=resource&f=jquery.js HTTP/1.1" 200 -
INFO:werkzeug:127.0.0.1 - - [26/Nov/2019 11:41:35] "GET /?__debugger__=yes&cmd=resource&f=debugger.js HTTP/1.1" 200 -
INFO:werkzeug:127.0.0.1 - - [26/Nov/2019 11:41:35] "GET /?__debugger__=yes&cmd=resource&f=ubuntu.ttf HTTP/1.1" 200 -
INFO:werkzeug:127.0.0.1 - - [26/Nov/2019 11:41:35] "GET /?__debugger__=yes&cmd=resource&f=console.png HTTP/1.1" 200 -
INFO:werkzeug:127.0.0.1 - - [26/Nov/2019 11:43:52] "GET / HTTP/1.1" 500 -
INFO:werkzeug:127.0.0.1 - - [26/Nov/2019 11:43:53] "GET /?__debugger__=yes&cmd=resource&f=style.css HTTP/1.1" 200 -
INFO:werkzeug:127.0.0.1 - - [26/Nov/2019 11:43:53] "GET /?__debugger__=yes&cmd=resource&f=jquery.js HTTP/1.1" 200 -
INFO:werkzeug:127.0.0.1 - - [26/Nov/2019 11:43:53] "GET /?__debugger__=yes&cmd=resource&f=debugger.js HTTP/1.1" 200 -
INFO:werkzeug:127.0.0.1 - - [26/Nov/2019 11:43:53] "GET /?__debugger__=yes&cmd=resource&f=ubuntu.ttf HTTP/1.1" 200 -
INFO:werkzeug:127.0.0.1 - - [26/Nov/2019 11:43:53] "GET /?__debugger__=yes&cmd=resource&f=console.png HTTP/1.1" 200 -
INFO:werkzeug:127.0.0.1 - - [26/Nov/2019 11:43:53] "GET /?__debugger__=yes&cmd=resource&f=console.png HTTP/1.1" 200 -
INFO:werkzeug:127.0.0.1 - - [26/Nov/2019 11:43:55] "GET / HTTP/1.1" 500 -
INFO:werkzeug:127.0.0.1 - - [26/Nov/2019 11:43:55] "GET /?__debugger__=yes&cmd=resource&f=style.css HTTP/1.1" 200 -
INFO:werkzeug:127.0.0.1 - - [26/Nov/2019 11:43:56] "GET /?__debugger__=yes&cmd=resource&f=jquery.js HTTP/1.1" 200 -
INFO:werkzeug:127.0.0.1 - - [26/Nov/2019 11:43:56] "GET /?__debugger__=yes&cmd=resource&f=debugger.js HTTP/1.1" 200 -
INFO:werkzeug:127.0.0.1 - - [26/Nov/2019 11:43:56] "GET /?__debugger__=yes&cmd=resource&f=ubuntu.ttf HTTP/1.1" 200 -
INFO:werkzeug:127.0.0.1 - - [26/Nov/2019 11:43:56] "GET /?__debugger__=yes&cmd=resource&f=console.png HTTP/1.1" 200 -
INFO:root:Flask Web Server Started
INFO:werkzeug: * Restarting with stat
INFO:root:Flask Web Server Started
WARNING:werkzeug: * Debugger is active!
INFO:werkzeug: * Debugger PIN: 505-006-647
INFO:werkzeug: * Running on http://localhost:8080/ (Press CTRL+C to quit)
INFO:werkzeug:127.0.0.1 - - [26/Nov/2019 11:44:32] "GET / HTTP/1.1" 200 -
INFO:werkzeug:127.0.0.1 - - [26/Nov/2019 11:44:34] "GET /auth/login HTTP/1.1" 500 -
INFO:werkzeug:127.0.0.1 - - [26/Nov/2019 11:44:34] "GET /auth/login?__debugger__=yes&cmd=resource&f=style.css HTTP/1.1" 200 -
INFO:werkzeug:127.0.0.1 - - [26/Nov/2019 11:44:34] "GET /auth/login?__debugger__=yes&cmd=resource&f=jquery.js HTTP/1.1" 200 -
INFO:werkzeug:127.0.0.1 - - [26/Nov/2019 11:44:34] "GET /auth/login?__debugger__=yes&cmd=resource&f=debugger.js HTTP/1.1" 200 -
INFO:werkzeug:127.0.0.1 - - [26/Nov/2019 11:44:35] "GET /auth/login?__debugger__=yes&cmd=resource&f=ubuntu.ttf HTTP/1.1" 200 -
INFO:werkzeug:127.0.0.1 - - [26/Nov/2019 11:44:35] "GET /auth/login?__debugger__=yes&cmd=resource&f=console.png HTTP/1.1" 200 -
INFO:werkzeug:127.0.0.1 - - [26/Nov/2019 11:45:32] "GET / HTTP/1.1" 200 -
INFO:werkzeug:127.0.0.1 - - [26/Nov/2019 11:45:32] "GET / HTTP/1.1" 200 -
INFO:werkzeug:127.0.0.1 - - [26/Nov/2019 11:45:32] "GET / HTTP/1.1" 200 -
INFO:werkzeug:127.0.0.1 - - [26/Nov/2019 11:45:33] "GET / HTTP/1.1" 200 -
INFO:werkzeug:127.0.0.1 - - [26/Nov/2019 11:45:35] "GET /auth/login HTTP/1.1" 500 -
INFO:werkzeug:127.0.0.1 - - [26/Nov/2019 11:45:35] "GET /auth/login?__debugger__=yes&cmd=resource&f=style.css HTTP/1.1" 200 -
INFO:werkzeug:127.0.0.1 - - [26/Nov/2019 11:45:35] "GET /auth/login?__debugger__=yes&cmd=resource&f=jquery.js HTTP/1.1" 200 -
INFO:werkzeug:127.0.0.1 - - [26/Nov/2019 11:45:35] "GET /auth/login?__debugger__=yes&cmd=resource&f=debugger.js HTTP/1.1" 200 -
INFO:werkzeug:127.0.0.1 - - [26/Nov/2019 11:45:36] "GET /auth/login?__debugger__=yes&cmd=resource&f=ubuntu.ttf HTTP/1.1" 200 -
INFO:werkzeug:127.0.0.1 - - [26/Nov/2019 11:45:36] "GET /auth/login?__debugger__=yes&cmd=resource&f=console.png HTTP/1.1" 200 -
INFO:werkzeug:127.0.0.1 - - [26/Nov/2019 11:45:53] "GET /auth/login HTTP/1.1" 500 -
INFO:werkzeug:127.0.0.1 - - [26/Nov/2019 11:45:53] "GET /auth/login?__debugger__=yes&cmd=resource&f=style.css HTTP/1.1" 200 -
INFO:werkzeug:127.0.0.1 - - [26/Nov/2019 11:45:53] "GET /auth/login?__debugger__=yes&cmd=resource&f=jquery.js HTTP/1.1" 200 -
INFO:werkzeug:127.0.0.1 - - [26/Nov/2019 11:45:53] "GET /auth/login?__debugger__=yes&cmd=resource&f=debugger.js HTTP/1.1" 200 -
INFO:werkzeug:127.0.0.1 - - [26/Nov/2019 11:45:53] "GET /auth/login?__debugger__=yes&cmd=resource&f=ubuntu.ttf HTTP/1.1" 200 -
INFO:werkzeug:127.0.0.1 - - [26/Nov/2019 11:45:53] "GET /auth/login?__debugger__=yes&cmd=resource&f=console.png HTTP/1.1" 200 -
INFO:werkzeug:127.0.0.1 - - [26/Nov/2019 11:45:53] "GET /auth/login?__debugger__=yes&cmd=resource&f=console.png HTTP/1.1" 200 -
INFO:werkzeug:127.0.0.1 - - [26/Nov/2019 11:46:31] "GET /auth/login HTTP/1.1" 500 -
INFO:werkzeug:127.0.0.1 - - [26/Nov/2019 11:46:31] "GET /auth/login?__debugger__=yes&cmd=resource&f=style.css HTTP/1.1" 200 -
INFO:werkzeug:127.0.0.1 - - [26/Nov/2019 11:46:31] "GET /auth/login?__debugger__=yes&cmd=resource&f=jquery.js HTTP/1.1" 200 -
INFO:werkzeug:127.0.0.1 - - [26/Nov/2019 11:46:31] "GET /auth/login?__debugger__=yes&cmd=resource&f=debugger.js HTTP/1.1" 200 -
INFO:werkzeug:127.0.0.1 - - [26/Nov/2019 11:46:32] "GET /auth/login?__debugger__=yes&cmd=resource&f=ubuntu.ttf HTTP/1.1" 200 -
INFO:werkzeug:127.0.0.1 - - [26/Nov/2019 11:46:32] "GET /auth/login?__debugger__=yes&cmd=resource&f=console.png HTTP/1.1" 200 -
INFO:werkzeug:127.0.0.1 - - [26/Nov/2019 11:46:32] "GET /auth/login?__debugger__=yes&cmd=resource&f=console.png HTTP/1.1" 200 -
INFO:werkzeug:127.0.0.1 - - [26/Nov/2019 11:46:33] "GET /auth/login HTTP/1.1" 500 -
INFO:werkzeug:127.0.0.1 - - [26/Nov/2019 11:46:33] "GET /auth/login?__debugger__=yes&cmd=resource&f=style.css HTTP/1.1" 200 -
INFO:werkzeug:127.0.0.1 - - [26/Nov/2019 11:46:33] "GET /auth/login?__debugger__=yes&cmd=resource&f=debugger.js HTTP/1.1" 200 -
INFO:werkzeug:127.0.0.1 - - [26/Nov/2019 11:46:33] "GET /auth/login?__debugger__=yes&cmd=resource&f=jquery.js HTTP/1.1" 200 -
INFO:werkzeug:127.0.0.1 - - [26/Nov/2019 11:46:33] "GET /auth/login?__debugger__=yes&cmd=resource&f=ubuntu.ttf HTTP/1.1" 200 -
INFO:werkzeug:127.0.0.1 - - [26/Nov/2019 11:46:33] "GET /auth/login?__debugger__=yes&cmd=resource&f=console.png HTTP/1.1" 200 -
INFO:werkzeug:127.0.0.1 - - [26/Nov/2019 11:46:34] "GET /auth/login?__debugger__=yes&cmd=resource&f=console.png HTTP/1.1" 200 -
INFO:werkzeug:127.0.0.1 - - [26/Nov/2019 11:46:36] "GET / HTTP/1.1" 200 -
INFO:werkzeug:127.0.0.1 - - [26/Nov/2019 11:46:37] "GET /auth/login HTTP/1.1" 500 -
INFO:werkzeug:127.0.0.1 - - [26/Nov/2019 11:46:38] "GET /auth/login?__debugger__=yes&cmd=resource&f=style.css HTTP/1.1" 200 -
INFO:werkzeug:127.0.0.1 - - [26/Nov/2019 11:46:38] "GET /auth/login?__debugger__=yes&cmd=resource&f=jquery.js HTTP/1.1" 200 -
INFO:werkzeug:127.0.0.1 - - [26/Nov/2019 11:46:38] "GET /auth/login?__debugger__=yes&cmd=resource&f=debugger.js HTTP/1.1" 200 -
INFO:werkzeug:127.0.0.1 - - [26/Nov/2019 11:46:38] "GET /auth/login?__debugger__=yes&cmd=resource&f=ubuntu.ttf HTTP/1.1" 200 -
INFO:werkzeug:127.0.0.1 - - [26/Nov/2019 11:46:38] "GET /auth/login?__debugger__=yes&cmd=resource&f=console.png HTTP/1.1" 200 -
INFO:werkzeug:127.0.0.1 - - [26/Nov/2019 11:46:55] "GET / HTTP/1.1" 200 -
INFO:werkzeug:127.0.0.1 - - [26/Nov/2019 11:46:55] "GET / HTTP/1.1" 200 -
INFO:werkzeug:127.0.0.1 - - [26/Nov/2019 11:46:56] "GET / HTTP/1.1" 200 -
INFO:werkzeug:127.0.0.1 - - [26/Nov/2019 11:46:57] "GET /auth/login HTTP/1.1" 200 -
INFO:werkzeug:127.0.0.1 - - [26/Nov/2019 11:46:57] "GET /static/images/kakao_account_login_btn_medium_narrow.png HTTP/1.1" 404 -
DEBUG:urllib3.connectionpool:Starting new HTTPS connection (1): kauth.kakao.com:443
DEBUG:urllib3.connectionpool:https://kauth.kakao.com:443 "POST /oauth/token HTTP/1.1" 200 None
DEBUG:urllib3.connectionpool:Starting new HTTPS connection (1): kapi.kakao.com:443
DEBUG:urllib3.connectionpool:https://kapi.kakao.com:443 "POST /v1/user/me HTTP/1.1" 200 323
INFO:werkzeug:127.0.0.1 - - [26/Nov/2019 11:47:02] "GET /auth/kakao_oauth_redirect?code=Y9VZLMnRj05H6S_40iNl-4DYAh_PIZDThcLyHZ5BksB1On6tHsiHWu5SybxWXgtWl1H6Swo9dJcAAAFupZrqeQ HTTP/1.1" 302 -
INFO:werkzeug:127.0.0.1 - - [26/Nov/2019 11:47:02] "GET / HTTP/1.1" 500 -
INFO:werkzeug:127.0.0.1 - - [26/Nov/2019 11:47:03] "GET /?__debugger__=yes&cmd=resource&f=style.css HTTP/1.1" 200 -
INFO:werkzeug:127.0.0.1 - - [26/Nov/2019 11:47:03] "GET /?__debugger__=yes&cmd=resource&f=jquery.js HTTP/1.1" 200 -
INFO:werkzeug:127.0.0.1 - - [26/Nov/2019 11:47:03] "GET /?__debugger__=yes&cmd=resource&f=debugger.js HTTP/1.1" 200 -
INFO:werkzeug:127.0.0.1 - - [26/Nov/2019 11:47:03] "GET /?__debugger__=yes&cmd=resource&f=ubuntu.ttf HTTP/1.1" 200 -
INFO:werkzeug:127.0.0.1 - - [26/Nov/2019 11:47:03] "GET /?__debugger__=yes&cmd=resource&f=console.png HTTP/1.1" 200 -
INFO:werkzeug:127.0.0.1 - - [26/Nov/2019 11:47:03] "GET /?__debugger__=yes&cmd=resource&f=console.png HTTP/1.1" 200 -
INFO:werkzeug: * Detected change in 'C:\\Users\\hbill\\PycharmProjects\\web_service\\application.py', reloading
INFO:werkzeug: * Restarting with stat
INFO:root:Flask Web Server Started
WARNING:werkzeug: * Debugger is active!
INFO:werkzeug: * Debugger PIN: 505-006-647
INFO:werkzeug: * Running on http://localhost:8080/ (Press CTRL+C to quit)
INFO:werkzeug: * Detected change in 'C:\\Users\\hbill\\PycharmProjects\\web_service\\application.py', reloading
INFO:werkzeug: * Restarting with stat
INFO:root:Flask Web Server Started
WARNING:werkzeug: * Debugger is active!
INFO:werkzeug: * Debugger PIN: 505-006-647
INFO:werkzeug: * Running on http://localhost:8080/ (Press CTRL+C to quit)
INFO:werkzeug:127.0.0.1 - - [26/Nov/2019 11:48:48] "GET / HTTP/1.1" 200 -
INFO:werkzeug:127.0.0.1 - - [26/Nov/2019 11:48:50] "GET /auth/login HTTP/1.1" 200 -
INFO:werkzeug:127.0.0.1 - - [26/Nov/2019 11:48:50] "GET /static/images/kakao_account_login_btn_medium_narrow.png HTTP/1.1" 404 -
DEBUG:urllib3.connectionpool:Starting new HTTPS connection (1): kauth.kakao.com:443
DEBUG:urllib3.connectionpool:https://kauth.kakao.com:443 "POST /oauth/token HTTP/1.1" 200 None
DEBUG:urllib3.connectionpool:Starting new HTTPS connection (1): kapi.kakao.com:443
DEBUG:urllib3.connectionpool:https://kapi.kakao.com:443 "POST /v1/user/me HTTP/1.1" 200 323
INFO:werkzeug:127.0.0.1 - - [26/Nov/2019 11:48:53] "GET /auth/kakao_oauth_redirect?code=-tAQTf8j7d5BB3QDYQ1UuwNSRvkfgfJmKcOhlZ5lzGMhCkUjXoGfxmgUU0peniCyQas-sQo9d6gAAAFupZybDA HTTP/1.1" 302 -
INFO:werkzeug:127.0.0.1 - - [26/Nov/2019 11:48:53] "GET / HTTP/1.1" 200 -
INFO:werkzeug: * Detected change in 'C:\\Users\\hbill\\PycharmProjects\\web_service\\forms.py', reloading
INFO:werkzeug: * Restarting with stat
INFO:root:Flask Web Server Started
WARNING:werkzeug: * Debugger is active!
INFO:werkzeug: * Debugger PIN: 505-006-647
INFO:werkzeug: * Running on http://localhost:8080/ (Press CTRL+C to quit)
INFO:werkzeug:127.0.0.1 - - [26/Nov/2019 11:51:32] "GET / HTTP/1.1" 200 -
INFO:werkzeug:127.0.0.1 - - [26/Nov/2019 11:51:33] "GET / HTTP/1.1" 200 -
INFO:werkzeug:127.0.0.1 - - [26/Nov/2019 11:51:34] "GET /auth/login HTTP/1.1" 200 -
INFO:werkzeug:127.0.0.1 - - [26/Nov/2019 11:51:35] "GET /static/images/kakao_account_login_btn_medium_narrow.png HTTP/1.1" 200 -
DEBUG:urllib3.connectionpool:Starting new HTTPS connection (1): kauth.kakao.com:443
DEBUG:urllib3.connectionpool:https://kauth.kakao.com:443 "POST /oauth/token HTTP/1.1" 200 None
DEBUG:urllib3.connectionpool:Starting new HTTPS connection (1): kapi.kakao.com:443
DEBUG:urllib3.connectionpool:https://kapi.kakao.com:443 "POST /v1/user/me HTTP/1.1" 200 323
INFO:werkzeug:127.0.0.1 - - [26/Nov/2019 11:51:36] "GET /auth/kakao_oauth_redirect?code=QUoC_WV3sGMDE2xcZ6-DTEQBKsIcCTf4RIXSoWLsm-GDfdUFjIV-GbUpa7wEROV1IwbYrAo9dZwAAAFupZ8ZiA HTTP/1.1" 302 -
INFO:werkzeug:127.0.0.1 - - [26/Nov/2019 11:51:36] "GET / HTTP/1.1" 200 -
INFO:werkzeug:127.0.0.1 - - [26/Nov/2019 11:51:39] "GET /auth/my_page HTTP/1.1" 500 -
INFO:werkzeug:127.0.0.1 - - [26/Nov/2019 11:51:39] "GET /auth/my_page?__debugger__=yes&cmd=resource&f=style.css HTTP/1.1" 200 -
INFO:werkzeug:127.0.0.1 - - [26/Nov/2019 11:51:39] "GET /auth/my_page?__debugger__=yes&cmd=resource&f=jquery.js HTTP/1.1" 200 -
INFO:werkzeug:127.0.0.1 - - [26/Nov/2019 11:51:39] "GET /auth/my_page?__debugger__=yes&cmd=resource&f=debugger.js HTTP/1.1" 200 -
INFO:werkzeug:127.0.0.1 - - [26/Nov/2019 11:51:39] "GET /auth/my_page?__debugger__=yes&cmd=resource&f=ubuntu.ttf HTTP/1.1" 200 -
INFO:werkzeug:127.0.0.1 - - [26/Nov/2019 11:51:40] "GET /auth/my_page?__debugger__=yes&cmd=resource&f=console.png HTTP/1.1" 200 -
INFO:werkzeug:127.0.0.1 - - [26/Nov/2019 11:51:40] "GET /auth/my_page?__debugger__=yes&cmd=resource&f=console.png HTTP/1.1" 200 -
DEBUG:urllib3.connectionpool:Starting new HTTPS connection (1): kapi.kakao.com:443
DEBUG:urllib3.connectionpool:https://kapi.kakao.com:443 "POST /v1/user/logout HTTP/1.1" 200 17
INFO:werkzeug:127.0.0.1 - - [26/Nov/2019 11:52:26] "GET /auth/logout HTTP/1.1" 302 -
INFO:werkzeug:127.0.0.1 - - [26/Nov/2019 11:52:26] "GET / HTTP/1.1" 200 -
INFO:werkzeug:127.0.0.1 - - [26/Nov/2019 11:52:28] "GET /auth/login HTTP/1.1" 200 -
DEBUG:urllib3.connectionpool:Starting new HTTPS connection (1): kauth.kakao.com:443
DEBUG:urllib3.connectionpool:https://kauth.kakao.com:443 "POST /oauth/token HTTP/1.1" 200 None
DEBUG:urllib3.connectionpool:Starting new HTTPS connection (1): kapi.kakao.com:443
DEBUG:urllib3.connectionpool:https://kapi.kakao.com:443 "POST /v1/user/me HTTP/1.1" 200 323
INFO:werkzeug:127.0.0.1 - - [26/Nov/2019 11:52:29] "GET /auth/kakao_oauth_redirect?code=kmakftYLWMAVXc8neMqf0VY7yGnU6HMH5Il1SS5pu9r98MADTOsOmyA-pd4hXs5rYyx2-go9dJgAAAFupZ_oXA HTTP/1.1" 302 -
INFO:werkzeug:127.0.0.1 - - [26/Nov/2019 11:52:29] "GET / HTTP/1.1" 200 -
INFO:werkzeug: * Detected change in 'C:\\Users\\hbill\\PycharmProjects\\web_service\\forms.py', reloading
INFO:werkzeug: * Restarting with stat
INFO:root:Flask Web Server Started
WARNING:werkzeug: * Debugger is active!
INFO:werkzeug: * Debugger PIN: 505-006-647
INFO:werkzeug: * Running on http://localhost:8080/ (Press CTRL+C to quit)
INFO:werkzeug:127.0.0.1 - - [26/Nov/2019 11:55:29] "GET /auth/logout HTTP/1.1" 401 -
INFO:werkzeug:127.0.0.1 - - [26/Nov/2019 11:55:35] "GET /auth/logout HTTP/1.1" 401 -
INFO:werkzeug: * Detected change in 'C:\\Users\\hbill\\PycharmProjects\\web_service\\forms.py', reloading
INFO:werkzeug: * Restarting with stat
INFO:root:Flask Web Server Started
WARNING:werkzeug: * Debugger is active!
INFO:werkzeug: * Debugger PIN: 505-006-647
INFO:werkzeug: * Running on http://localhost:8080/ (Press CTRL+C to quit)
INFO:werkzeug:127.0.0.1 - - [26/Nov/2019 11:55:50] "GET /auth/logout HTTP/1.1" 401 -
INFO:werkzeug:127.0.0.1 - - [26/Nov/2019 11:55:52] "GET /auth/logout HTTP/1.1" 401 -
INFO:werkzeug:127.0.0.1 - - [26/Nov/2019 11:56:00] "GET /auth/login HTTP/1.1" 200 -
INFO:werkzeug:127.0.0.1 - - [26/Nov/2019 11:56:01] "GET / HTTP/1.1" 200 -
INFO:werkzeug:127.0.0.1 - - [26/Nov/2019 11:56:16] "GET / HTTP/1.1" 200 -
INFO:werkzeug:127.0.0.1 - - [26/Nov/2019 11:56:56] "GET / HTTP/1.1" 200 -
INFO:werkzeug:127.0.0.1 - - [26/Nov/2019 11:57:00] "GET / HTTP/1.1" 200 -
INFO:werkzeug:127.0.0.1 - - [26/Nov/2019 11:59:17] "GET / HTTP/1.1" 200 -
INFO:werkzeug:127.0.0.1 - - [26/Nov/2019 11:59:19] "GET / HTTP/1.1" 200 -
INFO:werkzeug:127.0.0.1 - - [26/Nov/2019 11:59:20] "GET / HTTP/1.1" 200 -
INFO:werkzeug:127.0.0.1 - - [26/Nov/2019 11:59:21] "GET / HTTP/1.1" 200 -
INFO:werkzeug:127.0.0.1 - - [26/Nov/2019 11:59:21] "GET / HTTP/1.1" 200 -
INFO:werkzeug:127.0.0.1 - - [26/Nov/2019 11:59:22] "GET / HTTP/1.1" 200 -
DEBUG:urllib3.connectionpool:Starting new HTTPS connection (1): dapi.kakao.com:443
DEBUG:urllib3.connectionpool:https://dapi.kakao.com:443 "GET /v2/search/image?query=%EC%95%84%EC%9D%B4%EC%9C%A0 HTTP/1.1" 200 None
INFO:werkzeug:127.0.0.1 - - [26/Nov/2019 11:59:23] "GET /menus/images HTTP/1.1" 200 -
INFO:werkzeug:127.0.0.1 - - [26/Nov/2019 11:59:24] "GET / HTTP/1.1" 200 -
INFO:werkzeug:127.0.0.1 - - [26/Nov/2019 11:59:25] "GET /auth/login HTTP/1.1" 200 -
INFO:werkzeug:127.0.0.1 - - [26/Nov/2019 11:59:31] "POST /auth/login HTTP/1.1" 302 -
INFO:werkzeug:127.0.0.1 - - [26/Nov/2019 11:59:32] "GET /auth/login HTTP/1.1" 200 -
INFO:werkzeug:127.0.0.1 - - [26/Nov/2019 11:59:37] "POST /auth/login HTTP/1.1" 302 -
INFO:werkzeug:127.0.0.1 - - [26/Nov/2019 11:59:37] "GET /auth/login HTTP/1.1" 200 -
INFO:werkzeug:127.0.0.1 - - [26/Nov/2019 11:59:40] "POST /auth/login HTTP/1.1" 302 -
INFO:werkzeug:127.0.0.1 - - [26/Nov/2019 11:59:40] "GET /auth/login HTTP/1.1" 200 -
INFO:werkzeug: * Detected change in 'C:\\Users\\hbill\\PycharmProjects\\web_service\\forms.py', reloading
INFO:werkzeug: * Restarting with stat
INFO:root:Flask Web Server Started
WARNING:werkzeug: * Debugger is active!
INFO:werkzeug: * Debugger PIN: 505-006-647
INFO:werkzeug: * Running on http://localhost:8080/ (Press CTRL+C to quit)
INFO:werkzeug:127.0.0.1 - - [26/Nov/2019 11:59:51] "GET /auth/login HTTP/1.1" 200 -
INFO:werkzeug:127.0.0.1 - - [26/Nov/2019 11:59:54] "POST /auth/login HTTP/1.1" 302 -
INFO:werkzeug:127.0.0.1 - - [26/Nov/2019 11:59:54] "GET /auth/login HTTP/1.1" 200 -
INFO:werkzeug:127.0.0.1 - - [26/Nov/2019 12:00:02] "GET / HTTP/1.1" 200 -
INFO:werkzeug:127.0.0.1 - - [26/Nov/2019 12:00:03] "GET / HTTP/1.1" 200 -
INFO:werkzeug:127.0.0.1 - - [26/Nov/2019 12:00:05] "GET / HTTP/1.1" 200 -
INFO:werkzeug:127.0.0.1 - - [26/Nov/2019 12:00:07] "GET /auth/login HTTP/1.1" 200 -
INFO:werkzeug:127.0.0.1 - - [26/Nov/2019 12:00:12] "POST /auth/login HTTP/1.1" 302 -
INFO:werkzeug:127.0.0.1 - - [26/Nov/2019 12:00:12] "GET /auth/login HTTP/1.1" 200 -
INFO:werkzeug:127.0.0.1 - - [26/Nov/2019 12:00:18] "POST /auth/login HTTP/1.1" 302 -
INFO:werkzeug:127.0.0.1 - - [26/Nov/2019 12:00:19] "GET /auth/login HTTP/1.1" 200 -
INFO:werkzeug: * Detected change in 'C:\\Users\\hbill\\PycharmProjects\\web_service\\forms.py', reloading
INFO:werkzeug: * Restarting with stat
INFO:root:Flask Web Server Started
WARNING:werkzeug: * Debugger is active!
INFO:werkzeug: * Debugger PIN: 505-006-647
INFO:werkzeug: * Running on http://localhost:8080/ (Press CTRL+C to quit)
INFO:werkzeug:127.0.0.1 - - [26/Nov/2019 12:00:41] "GET /auth/login HTTP/1.1" 200 -
INFO:werkzeug: * Detected change in 'C:\\Users\\hbill\\PycharmProjects\\web_service\\forms.py', reloading
INFO:werkzeug: * Restarting with stat
INFO:root:Flask Web Server Started
INFO:werkzeug: * Restarting with stat
INFO:root:Flask Web Server Started
WARNING:werkzeug: * Debugger is active!
INFO:werkzeug: * Debugger PIN: 505-006-647
INFO:werkzeug: * Running on http://localhost:8080/ (Press CTRL+C to quit)
INFO:werkzeug:127.0.0.1 - - [26/Nov/2019 12:01:39] "GET / HTTP/1.1" 200 -
INFO:werkzeug:127.0.0.1 - - [26/Nov/2019 12:01:41] "GET /auth/login HTTP/1.1" 200 -
INFO:werkzeug:127.0.0.1 - - [26/Nov/2019 12:01:45] "POST /auth/login HTTP/1.1" 302 -
INFO:werkzeug:127.0.0.1 - - [26/Nov/2019 12:01:46] "GET /auth/login HTTP/1.1" 200 -
INFO:werkzeug:127.0.0.1 - - [26/Nov/2019 12:02:03] "POST /auth/login HTTP/1.1" 302 -
INFO:werkzeug:127.0.0.1 - - [26/Nov/2019 12:02:03] "GET /auth/login HTTP/1.1" 200 -
INFO:werkzeug:127.0.0.1 - - [26/Nov/2019 12:11:40] "GET /static/assets/css/dashboard-free.css.map HTTP/1.1" 404 -
INFO:werkzeug:127.0.0.1 - - [26/Nov/2019 12:11:43] "GET /auth/login HTTP/1.1" 200 -
INFO:werkzeug: * Detected change in 'C:\\Users\\hbill\\PycharmProjects\\web_service\\views\\auth.py', reloading
INFO:werkzeug: * Restarting with stat
INFO:root:Flask Web Server Started
WARNING:werkzeug: * Debugger is active!
INFO:werkzeug: * Debugger PIN: 505-006-647
INFO:werkzeug: * Running on http://localhost:8080/ (Press CTRL+C to quit)
INFO:werkzeug:127.0.0.1 - - [26/Nov/2019 12:19:29] "GET /auth/login HTTP/1.1" 200 -
INFO:werkzeug:127.0.0.1 - - [26/Nov/2019 12:19:34] "POST /auth/login HTTP/1.1" 302 -
INFO:werkzeug:127.0.0.1 - - [26/Nov/2019 12:19:34] "GET /auth/login HTTP/1.1" 200 -
INFO:werkzeug: * Detected change in 'C:\\Users\\hbill\\PycharmProjects\\web_service\\views\\auth.py', reloading
INFO:werkzeug: * Restarting with stat
INFO:root:Flask Web Server Started
WARNING:werkzeug: * Debugger is active!
INFO:werkzeug: * Debugger PIN: 505-006-647
INFO:werkzeug: * Running on http://localhost:8080/ (Press CTRL+C to quit)
DEBUG:urllib3.connectionpool:Starting new HTTPS connection (1): kauth.kakao.com:443
DEBUG:urllib3.connectionpool:https://kauth.kakao.com:443 "POST /oauth/token HTTP/1.1" 200 None
DEBUG:urllib3.connectionpool:Starting new HTTPS connection (1): kapi.kakao.com:443
DEBUG:urllib3.connectionpool:https://kapi.kakao.com:443 "POST /v1/user/me HTTP/1.1" 200 323
INFO:werkzeug:127.0.0.1 - - [26/Nov/2019 12:22:34] "GET /auth/kakao_oauth_redirect?code=5kqiYKaj7W1G59T-z2qCAznou0y-nvBUDZe90v4e4qo_VZtu26IKoWYgFf4PySZqj6BTiAo9dycAAAFupbtyvA HTTP/1.1" 302 -
INFO:werkzeug:127.0.0.1 - - [26/Nov/2019 12:22:34] "GET / HTTP/1.1" 200 -
INFO:werkzeug:127.0.0.1 - - [26/Nov/2019 12:25:05] "GET / HTTP/1.1" 200 -
INFO:werkzeug:127.0.0.1 - - [26/Nov/2019 12:25:07] "GET / HTTP/1.1" 200 -
INFO:werkzeug:127.0.0.1 - - [26/Nov/2019 12:25:08] "GET / HTTP/1.1" 200 -
INFO:werkzeug:127.0.0.1 - - [26/Nov/2019 12:25:09] "GET / HTTP/1.1" 200 -
INFO:werkzeug:127.0.0.1 - - [26/Nov/2019 12:25:14] "GET /auth/my_page HTTP/1.1" 500 -
INFO:werkzeug:127.0.0.1 - - [26/Nov/2019 12:25:14] "GET /auth/my_page?__debugger__=yes&cmd=resource&f=style.css HTTP/1.1" 200 -
INFO:werkzeug:127.0.0.1 - - [26/Nov/2019 12:25:14] "GET /auth/my_page?__debugger__=yes&cmd=resource&f=jquery.js HTTP/1.1" 200 -
INFO:werkzeug:127.0.0.1 - - [26/Nov/2019 12:25:14] "GET /auth/my_page?__debugger__=yes&cmd=resource&f=debugger.js HTTP/1.1" 200 -
INFO:werkzeug:127.0.0.1 - - [26/Nov/2019 12:25:15] "GET /auth/my_page?__debugger__=yes&cmd=resource&f=ubuntu.ttf HTTP/1.1" 200 -
INFO:werkzeug:127.0.0.1 - - [26/Nov/2019 12:25:15] "GET /auth/my_page?__debugger__=yes&cmd=resource&f=console.png HTTP/1.1" 200 -
INFO:werkzeug:127.0.0.1 - - [26/Nov/2019 12:25:20] "GET /auth/my_page HTTP/1.1" 500 -
INFO:werkzeug:127.0.0.1 - - [26/Nov/2019 12:25:20] "GET /auth/my_page?__debugger__=yes&cmd=resource&f=style.css HTTP/1.1" 200 -
INFO:werkzeug:127.0.0.1 - - [26/Nov/2019 12:25:20] "GET /auth/my_page?__debugger__=yes&cmd=resource&f=jquery.js HTTP/1.1" 200 -
INFO:werkzeug:127.0.0.1 - - [26/Nov/2019 12:25:20] "GET /auth/my_page?__debugger__=yes&cmd=resource&f=debugger.js HTTP/1.1" 200 -
INFO:werkzeug:127.0.0.1 - - [26/Nov/2019 12:25:20] "GET /auth/my_page?__debugger__=yes&cmd=resource&f=ubuntu.ttf HTTP/1.1" 200 -
INFO:werkzeug:127.0.0.1 - - [26/Nov/2019 12:25:20] "GET /auth/my_page?__debugger__=yes&cmd=resource&f=console.png HTTP/1.1" 200 -
INFO:werkzeug: * Detected change in 'C:\\Users\\hbill\\PycharmProjects\\web_service\\forms.py', reloading
INFO:werkzeug: * Restarting with stat
INFO:root:Flask Web Server Started
WARNING:werkzeug: * Debugger is active!
INFO:werkzeug: * Debugger PIN: 505-006-647
INFO:werkzeug: * Running on http://localhost:8080/ (Press CTRL+C to quit)
INFO:werkzeug: * Detected change in 'C:\\Users\\hbill\\PycharmProjects\\web_service\\forms.py', reloading
INFO:werkzeug: * Restarting with stat
INFO:root:Flask Web Server Started
INFO:werkzeug: * Restarting with stat
INFO:root:Flask Web Server Started
WARNING:werkzeug: * Debugger is active!
INFO:werkzeug: * Debugger PIN: 505-006-647
INFO:werkzeug: * Running on http://localhost:8080/ (Press CTRL+C to quit)
INFO:werkzeug:127.0.0.1 - - [26/Nov/2019 12:33:23] "GET / HTTP/1.1" 200 -
INFO:werkzeug:127.0.0.1 - - [26/Nov/2019 12:33:25] "GET /auth/login HTTP/1.1" 200 -
INFO:werkzeug:127.0.0.1 - - [26/Nov/2019 12:33:28] "GET /auth/login HTTP/1.1" 200 -
INFO:werkzeug:127.0.0.1 - - [26/Nov/2019 12:33:29] "GET /auth/login HTTP/1.1" 200 -
INFO:werkzeug:127.0.0.1 - - [26/Nov/2019 12:33:37] "GET /auth/login HTTP/1.1" 200 -
DEBUG:urllib3.connectionpool:Starting new HTTPS connection (1): kauth.kakao.com:443
DEBUG:urllib3.connectionpool:https://kauth.kakao.com:443 "POST /oauth/token HTTP/1.1" 200 None
DEBUG:urllib3.connectionpool:Starting new HTTPS connection (1): kapi.kakao.com:443
DEBUG:urllib3.connectionpool:https://kapi.kakao.com:443 "POST /v1/user/me HTTP/1.1" 200 323
INFO:werkzeug:127.0.0.1 - - [26/Nov/2019 12:33:41] "GET /auth/kakao_oauth_redirect?code=rTlY7pu1PNVjjZvdajt1MmoQC8FSm3o_fAdkMbuUhv2JRr05Z_4k3Ov2Mfp0_cI2N_iKZwo9dJcAAAFupcWiZg HTTP/1.1" 302 -
INFO:werkzeug:127.0.0.1 - - [26/Nov/2019 12:33:42] "GET / HTTP/1.1" 200 -
INFO:werkzeug:127.0.0.1 - - [26/Nov/2019 12:33:47] "GET /auth/my_page HTTP/1.1" 200 -
INFO:werkzeug:127.0.0.1 - - [26/Nov/2019 12:43:30] "GET / HTTP/1.1" 200 -
DEBUG:urllib3.connectionpool:Starting new HTTPS connection (1): kapi.kakao.com:443
DEBUG:urllib3.connectionpool:https://kapi.kakao.com:443 "POST /v1/user/logout HTTP/1.1" 200 17
INFO:werkzeug:127.0.0.1 - - [26/Nov/2019 12:43:31] "GET /auth/logout HTTP/1.1" 302 -
INFO:werkzeug:127.0.0.1 - - [26/Nov/2019 12:43:31] "GET / HTTP/1.1" 200 -
INFO:werkzeug:127.0.0.1 - - [26/Nov/2019 12:43:33] "GET /auth/login HTTP/1.1" 200 -
INFO:werkzeug:127.0.0.1 - - [26/Nov/2019 12:43:36] "GET /auth/signup HTTP/1.1" 500 -
INFO:werkzeug:127.0.0.1 - - [26/Nov/2019 12:43:36] "GET /auth/signup?__debugger__=yes&cmd=resource&f=style.css HTTP/1.1" 200 -
INFO:werkzeug:127.0.0.1 - - [26/Nov/2019 12:43:36] "GET /auth/signup?__debugger__=yes&cmd=resource&f=debugger.js HTTP/1.1" 200 -
INFO:werkzeug:127.0.0.1 - - [26/Nov/2019 12:43:36] "GET /auth/signup?__debugger__=yes&cmd=resource&f=jquery.js HTTP/1.1" 200 -
INFO:werkzeug:127.0.0.1 - - [26/Nov/2019 12:43:37] "GET /auth/signup?__debugger__=yes&cmd=resource&f=ubuntu.ttf HTTP/1.1" 200 -
INFO:werkzeug:127.0.0.1 - - [26/Nov/2019 12:43:37] "GET /auth/signup?__debugger__=yes&cmd=resource&f=console.png HTTP/1.1" 200 -
INFO:werkzeug:127.0.0.1 - - [26/Nov/2019 12:43:37] "GET /auth/signup?__debugger__=yes&cmd=resource&f=console.png HTTP/1.1" 200 -
INFO:werkzeug:127.0.0.1 - - [26/Nov/2019 12:43:39] "GET / HTTP/1.1" 200 -
INFO:werkzeug:127.0.0.1 - - [26/Nov/2019 12:44:21] "GET /auth/login HTTP/1.1" 200 -
INFO:werkzeug:127.0.0.1 - - [26/Nov/2019 12:44:22] "GET /auth/signup HTTP/1.1" 200 -
INFO:werkzeug:127.0.0.1 - - [26/Nov/2019 12:47:51] "GET / HTTP/1.1" 500 -
INFO:werkzeug:127.0.0.1 - - [26/Nov/2019 12:47:51] "GET /?__debugger__=yes&cmd=resource&f=style.css HTTP/1.1" 200 -
INFO:werkzeug:127.0.0.1 - - [26/Nov/2019 12:47:52] "GET /?__debugger__=yes&cmd=resource&f=jquery.js HTTP/1.1" 200 -
INFO:werkzeug:127.0.0.1 - - [26/Nov/2019 12:47:52] "GET /?__debugger__=yes&cmd=resource&f=debugger.js HTTP/1.1" 200 -
INFO:werkzeug:127.0.0.1 - - [26/Nov/2019 12:47:52] "GET /?__debugger__=yes&cmd=resource&f=ubuntu.ttf HTTP/1.1" 200 -
INFO:werkzeug:127.0.0.1 - - [26/Nov/2019 12:47:52] "GET /?__debugger__=yes&cmd=resource&f=console.png HTTP/1.1" 200 -
INFO:werkzeug:127.0.0.1 - - [26/Nov/2019 12:47:52] "GET /?__debugger__=yes&cmd=resource&f=console.png HTTP/1.1" 200 -
INFO:werkzeug:127.0.0.1 - - [26/Nov/2019 12:47:58] "GET / HTTP/1.1" 500 -
INFO:werkzeug:127.0.0.1 - - [26/Nov/2019 12:47:58] "GET /?__debugger__=yes&cmd=resource&f=style.css HTTP/1.1" 200 -
INFO:werkzeug:127.0.0.1 - - [26/Nov/2019 12:47:58] "GET /?__debugger__=yes&cmd=resource&f=jquery.js HTTP/1.1" 200 -
INFO:werkzeug:127.0.0.1 - - [26/Nov/2019 12:47:58] "GET /?__debugger__=yes&cmd=resource&f=debugger.js HTTP/1.1" 200 -
INFO:werkzeug:127.0.0.1 - - [26/Nov/2019 12:47:59] "GET /?__debugger__=yes&cmd=resource&f=ubuntu.ttf HTTP/1.1" 200 -
INFO:werkzeug:127.0.0.1 - - [26/Nov/2019 12:47:59] "GET /?__debugger__=yes&cmd=resource&f=console.png HTTP/1.1" 200 -
INFO:werkzeug:127.0.0.1 - - [26/Nov/2019 12:47:59] "GET /?__debugger__=yes&cmd=resource&f=console.png HTTP/1.1" 200 -
INFO:werkzeug:127.0.0.1 - - [26/Nov/2019 12:48:01] "GET / HTTP/1.1" 500 -
INFO:werkzeug:127.0.0.1 - - [26/Nov/2019 12:48:01] "GET /?__debugger__=yes&cmd=resource&f=style.css HTTP/1.1" 200 -
INFO:werkzeug:127.0.0.1 - - [26/Nov/2019 12:48:01] "GET /?__debugger__=yes&cmd=resource&f=jquery.js HTTP/1.1" 200 -
INFO:werkzeug:127.0.0.1 - - [26/Nov/2019 12:48:01] "GET /?__debugger__=yes&cmd=resource&f=debugger.js HTTP/1.1" 200 -
INFO:werkzeug:127.0.0.1 - - [26/Nov/2019 12:48:02] "GET /?__debugger__=yes&cmd=resource&f=ubuntu.ttf HTTP/1.1" 200 -
INFO:werkzeug:127.0.0.1 - - [26/Nov/2019 12:48:02] "GET /?__debugger__=yes&cmd=resource&f=console.png HTTP/1.1" 200 -
INFO:werkzeug:127.0.0.1 - - [26/Nov/2019 12:48:15] "GET / HTTP/1.1" 200 -
INFO:werkzeug:127.0.0.1 - - [26/Nov/2019 12:48:16] "GET / HTTP/1.1" 200 -
INFO:werkzeug:127.0.0.1 - - [26/Nov/2019 12:48:49] "GET / HTTP/1.1" 200 -
INFO:werkzeug:127.0.0.1 - - [26/Nov/2019 12:48:50] "GET / HTTP/1.1" 200 -
INFO:werkzeug:127.0.0.1 - - [26/Nov/2019 12:48:53] "GET /auth/login HTTP/1.1" 200 -
INFO:werkzeug:127.0.0.1 - - [26/Nov/2019 12:48:56] "GET /auth/signup HTTP/1.1" 200 -
INFO:werkzeug:127.0.0.1 - - [26/Nov/2019 12:49:18] "POST /auth/signup HTTP/1.1" 302 -
INFO:werkzeug:127.0.0.1 - - [26/Nov/2019 12:49:18] "GET /auth/login HTTP/1.1" 200 -
INFO:werkzeug:127.0.0.1 - - [26/Nov/2019 12:49:24] "POST /auth/login HTTP/1.1" 302 -
INFO:werkzeug:127.0.0.1 - - [26/Nov/2019 12:49:24] "GET / HTTP/1.1" 200 -
INFO:werkzeug:127.0.0.1 - - [26/Nov/2019 12:49:28] "GET /auth/my_page HTTP/1.1" 200 -
INFO:werkzeug:127.0.0.1 - - [26/Nov/2019 12:49:28] "GET /auth/None HTTP/1.1" 404 -
INFO:root:Flask Web Server Started
INFO:werkzeug: * Restarting with stat
INFO:root:Flask Web Server Started
WARNING:werkzeug: * Debugger is active!
INFO:werkzeug: * Debugger PIN: 505-006-647
INFO:werkzeug: * Running on http://localhost:8080/ (Press CTRL+C to quit)
INFO:werkzeug:127.0.0.1 - - [27/Nov/2019 11:04:33] "GET / HTTP/1.1" 200 -
INFO:werkzeug:127.0.0.1 - - [27/Nov/2019 11:04:33] "GET /static/assets/css/material-dashboard.css?v=2.1.1 HTTP/1.1" 304 -
INFO:werkzeug:127.0.0.1 - - [27/Nov/2019 11:04:33] "GET /favicon.ico HTTP/1.1" 404 -
INFO:werkzeug:127.0.0.1 - - [27/Nov/2019 11:04:35] "GET /auth/login HTTP/1.1" 200 -
INFO:werkzeug:127.0.0.1 - - [27/Nov/2019 11:04:35] "GET /static/images/kakao_account_login_btn_medium_narrow.png HTTP/1.1" 304 -
INFO:werkzeug:127.0.0.1 - - [27/Nov/2019 11:04:36] "GET /static/assets/js/core/jquery.min.js HTTP/1.1" 304 -
INFO:werkzeug:127.0.0.1 - - [27/Nov/2019 11:04:36] "GET /static/assets/js/plugins/bootstrap-notify.js HTTP/1.1" 304 -
INFO:werkzeug:127.0.0.1 - - [27/Nov/2019 11:04:36] "GET /static/assets/js/core/bootstrap-material-design.min.js HTTP/1.1" 304 -
INFO:werkzeug:127.0.0.1 - - [27/Nov/2019 11:04:36] "GET /static/assets/js/plugins/perfect-scrollbar.jquery.min.js HTTP/1.1" 304 -
INFO:werkzeug:127.0.0.1 - - [27/Nov/2019 11:04:36] "GET /static/assets/js/plugins/chartist.min.js HTTP/1.1" 304 -
INFO:werkzeug:127.0.0.1 - - [27/Nov/2019 11:04:36] "GET /static/assets/js/core/popper.min.js HTTP/1.1" 304 -
INFO:werkzeug:127.0.0.1 - - [27/Nov/2019 11:04:36] "GET /static/assets/js/material-dashboard.js?v=2.1.1 HTTP/1.1" 304 -
DEBUG:urllib3.connectionpool:Starting new HTTPS connection (1): kauth.kakao.com:443
DEBUG:urllib3.connectionpool:https://kauth.kakao.com:443 "POST /oauth/token HTTP/1.1" 200 None
DEBUG:urllib3.connectionpool:Starting new HTTPS connection (1): kapi.kakao.com:443
DEBUG:urllib3.connectionpool:https://kapi.kakao.com:443 "POST /v1/user/me HTTP/1.1" 200 323
INFO:werkzeug:127.0.0.1 - - [27/Nov/2019 11:04:46] "GET /auth/kakao_oauth_redirect?code=Q4R5shYdKZdQIbrezvu84TtEtZWqZUAgI3mNmet_0OnhaTSFmzPYZsN3qrSGlBd-6PY6ZgoqAq8AAAFuqpqU2A HTTP/1.1" 302 -
INFO:werkzeug:127.0.0.1 - - [27/Nov/2019 11:04:47] "GET / HTTP/1.1" 200 -
DEBUG:urllib3.connectionpool:Starting new HTTPS connection (1): kapi.kakao.com:443
DEBUG:urllib3.connectionpool:https://kapi.kakao.com:443 "POST /v1/user/logout HTTP/1.1" 200 17
INFO:werkzeug:127.0.0.1 - - [27/Nov/2019 11:04:50] "GET /auth/logout HTTP/1.1" 302 -
INFO:werkzeug:127.0.0.1 - - [27/Nov/2019 11:04:51] "GET / HTTP/1.1" 200 -
INFO:root:Flask Web Server Started
INFO:werkzeug: * Restarting with stat
INFO:root:Flask Web Server Started
WARNING:werkzeug: * Debugger is active!
INFO:werkzeug: * Debugger PIN: 505-006-647
INFO:werkzeug: * Running on http://localhost:8080/ (Press CTRL+C to quit)
INFO:werkzeug:127.0.0.1 - - [27/Nov/2019 11:15:25] "GET / HTTP/1.1" 200 -
INFO:werkzeug:127.0.0.1 - - [27/Nov/2019 11:15:26] "GET /static/assets/css/material-dashboard.css?v=2.1.1 HTTP/1.1" 200 -
INFO:werkzeug:127.0.0.1 - - [27/Nov/2019 11:15:27] "GET /favicon.ico HTTP/1.1" 404 -
INFO:werkzeug:127.0.0.1 - - [27/Nov/2019 11:15:28] "GET /auth/login HTTP/1.1" 200 -
INFO:werkzeug:127.0.0.1 - - [27/Nov/2019 11:15:28] "GET /static/assets/js/core/jquery.min.js HTTP/1.1" 200 -
INFO:werkzeug:127.0.0.1 - - [27/Nov/2019 11:15:28] "GET /static/assets/js/core/popper.min.js HTTP/1.1" 200 -
INFO:werkzeug:127.0.0.1 - - [27/Nov/2019 11:15:28] "GET /static/assets/js/core/bootstrap-material-design.min.js HTTP/1.1" 200 -
INFO:werkzeug:127.0.0.1 - - [27/Nov/2019 11:15:28] "GET /static/assets/js/plugins/perfect-scrollbar.jquery.min.js HTTP/1.1" 200 -
INFO:werkzeug:127.0.0.1 - - [27/Nov/2019 11:15:28] "GET /static/assets/js/plugins/chartist.min.js HTTP/1.1" 200 -
INFO:werkzeug:127.0.0.1 - - [27/Nov/2019 11:15:28] "GET /static/assets/js/plugins/bootstrap-notify.js HTTP/1.1" 200 -
INFO:werkzeug:127.0.0.1 - - [27/Nov/2019 11:15:28] "GET /static/assets/js/material-dashboard.js?v=2.1.1 HTTP/1.1" 200 -
INFO:werkzeug:127.0.0.1 - - [27/Nov/2019 11:15:28] "GET /static/images/kakao_account_login_btn_medium_narrow.png HTTP/1.1" 200 -
DEBUG:urllib3.connectionpool:Starting new HTTPS connection (1): kauth.kakao.com:443
DEBUG:urllib3.connectionpool:https://kauth.kakao.com:443 "POST /oauth/token HTTP/1.1" 401 1069
INFO:werkzeug:127.0.0.1 - - [27/Nov/2019 11:15:30] "GET /auth/kakao_oauth_redirect?code=2uY7BndiESArkNFNMQRd7sCGguJyKaD5anYm3SR9gMfwpRgefFsKYaGsOl16jGzM45Zv-worDSAAAAFuqqRqvQ HTTP/1.1" 500 -
INFO:werkzeug:127.0.0.1 - - [27/Nov/2019 11:15:30] "GET /auth/kakao_oauth_redirect?__debugger__=yes&cmd=resource&f=style.css HTTP/1.1" 200 -
INFO:werkzeug:127.0.0.1 - - [27/Nov/2019 11:15:31] "GET /auth/kakao_oauth_redirect?__debugger__=yes&cmd=resource&f=debugger.js HTTP/1.1" 200 -
INFO:werkzeug:127.0.0.1 - - [27/Nov/2019 11:15:31] "GET /auth/kakao_oauth_redirect?__debugger__=yes&cmd=resource&f=jquery.js HTTP/1.1" 200 -
INFO:werkzeug:127.0.0.1 - - [27/Nov/2019 11:15:31] "GET /auth/kakao_oauth_redirect?__debugger__=yes&cmd=resource&f=ubuntu.ttf HTTP/1.1" 200 -
INFO:werkzeug:127.0.0.1 - - [27/Nov/2019 11:15:31] "GET /auth/kakao_oauth_redirect?__debugger__=yes&cmd=resource&f=console.png HTTP/1.1" 200 -
INFO:werkzeug:127.0.0.1 - - [27/Nov/2019 11:15:31] "GET /auth/kakao_oauth_redirect?__debugger__=yes&cmd=resource&f=console.png HTTP/1.1" 200 -
INFO:werkzeug: * Detected change in 'C:\\Users\\hbill\\PycharmProjects\\web_service\\views\\auth.py', reloading
INFO:werkzeug: * Restarting with stat
INFO:root:Flask Web Server Started
WARNING:werkzeug: * Debugger is active!
INFO:werkzeug: * Debugger PIN: 505-006-647
INFO:werkzeug: * Running on http://localhost:8080/ (Press CTRL+C to quit)
DEBUG:urllib3.connectionpool:Starting new HTTPS connection (1): kauth.kakao.com:443
DEBUG:urllib3.connectionpool:https://kauth.kakao.com:443 "POST /oauth/token HTTP/1.1" 200 None
DEBUG:urllib3.connectionpool:Starting new HTTPS connection (1): kapi.kakao.com:443
DEBUG:urllib3.connectionpool:https://kapi.kakao.com:443 "POST /v1/user/me HTTP/1.1" 200 323
INFO:werkzeug:127.0.0.1 - - [27/Nov/2019 11:15:48] "GET /auth/kakao_oauth_redirect?code=2uY7BndiESArkNFNMQRd7sCGguJyKaD5anYm3SR9gMfwpRgefFsKYaGsOl16jGzM45Zv-worDSAAAAFuqqRqvQ HTTP/1.1" 302 -
INFO:werkzeug:127.0.0.1 - - [27/Nov/2019 11:15:48] "GET / HTTP/1.1" 200 -
INFO:werkzeug:127.0.0.1 - - [27/Nov/2019 11:15:50] "GET /auth/my_page HTTP/1.1" 200 -
DEBUG:urllib3.connectionpool:Starting new HTTPS connection (1): kapi.kakao.com:443
DEBUG:urllib3.connectionpool:https://kapi.kakao.com:443 "POST /v1/user/logout HTTP/1.1" 200 17
INFO:werkzeug:127.0.0.1 - - [27/Nov/2019 11:15:53] "GET /auth/logout HTTP/1.1" 302 -
INFO:werkzeug:127.0.0.1 - - [27/Nov/2019 11:15:53] "GET / HTTP/1.1" 200 -
INFO:werkzeug:127.0.0.1 - - [27/Nov/2019 11:15:55] "GET /auth/login HTTP/1.1" 200 -
DEBUG:urllib3.connectionpool:Starting new HTTPS connection (1): kauth.kakao.com:443
DEBUG:urllib3.connectionpool:https://kauth.kakao.com:443 "POST /oauth/token HTTP/1.1" 200 None
DEBUG:urllib3.connectionpool:Starting new HTTPS connection (1): kapi.kakao.com:443
DEBUG:urllib3.connectionpool:https://kapi.kakao.com:443 "POST /v1/user/me HTTP/1.1" 200 323
INFO:werkzeug:127.0.0.1 - - [27/Nov/2019 11:15:57] "GET /auth/kakao_oauth_redirect?code=aYXSTYcyi8JA2ipKN0d-hsUf1r8meH9G6DnZRHv55-DLWZ5ZT49o9D-nKqEURfs3VT6t_QorDSAAAAFuqqTSwA HTTP/1.1" 302 -
INFO:werkzeug:127.0.0.1 - - [27/Nov/2019 11:15:57] "GET / HTTP/1.1" 200 -
INFO:werkzeug: * Detected change in 'C:\\Users\\hbill\\PycharmProjects\\web_service\\views\\auth.py', reloading
INFO:werkzeug: * Restarting with stat
INFO:root:Flask Web Server Started
WARNING:werkzeug: * Debugger is active!
INFO:werkzeug: * Debugger PIN: 505-006-647
INFO:werkzeug: * Running on http://localhost:8080/ (Press CTRL+C to quit)
INFO:werkzeug:127.0.0.1 - - [27/Nov/2019 11:16:10] "GET / HTTP/1.1" 200 -
INFO:werkzeug:127.0.0.1 - - [27/Nov/2019 11:16:11] "GET /auth/login HTTP/1.1" 200 -
DEBUG:urllib3.connectionpool:Starting new HTTPS connection (1): kauth.kakao.com:443
DEBUG:urllib3.connectionpool:https://kauth.kakao.com:443 "POST /oauth/token HTTP/1.1" 401 1069
INFO:werkzeug:127.0.0.1 - - [27/Nov/2019 11:16:12] "GET /auth/kakao_oauth_redirect?code=VIHcsaaecs3TO77cXr_LbAs209pp2wo4RN32-InzL7AxDQu_ZpALS7mvCpDiGj4X3ItDSQorDSAAAAFuqqURaA HTTP/1.1" 500 -
INFO:werkzeug:127.0.0.1 - - [27/Nov/2019 11:16:13] "GET /auth/kakao_oauth_redirect?__debugger__=yes&cmd=resource&f=jquery.js HTTP/1.1" 200 -
INFO:werkzeug:127.0.0.1 - - [27/Nov/2019 11:16:13] "GET /auth/kakao_oauth_redirect?__debugger__=yes&cmd=resource&f=debugger.js HTTP/1.1" 200 -
INFO:werkzeug:127.0.0.1 - - [27/Nov/2019 11:16:13] "GET /auth/kakao_oauth_redirect?__debugger__=yes&cmd=resource&f=style.css HTTP/1.1" 200 -
INFO:werkzeug:127.0.0.1 - - [27/Nov/2019 11:16:13] "GET /auth/kakao_oauth_redirect?__debugger__=yes&cmd=resource&f=ubuntu.ttf HTTP/1.1" 200 -
INFO:werkzeug:127.0.0.1 - - [27/Nov/2019 11:16:13] "GET /auth/kakao_oauth_redirect?__debugger__=yes&cmd=resource&f=console.png HTTP/1.1" 200 -
INFO:werkzeug:127.0.0.1 - - [27/Nov/2019 11:16:13] "GET /auth/kakao_oauth_redirect?__debugger__=yes&cmd=resource&f=console.png HTTP/1.1" 200 -
INFO:werkzeug:127.0.0.1 - - [27/Nov/2019 11:16:16] "GET /auth/login HTTP/1.1" 200 -
INFO:werkzeug: * Detected change in 'C:\\Users\\hbill\\PycharmProjects\\web_service\\views\\auth.py', reloading
INFO:werkzeug: * Restarting with stat
INFO:root:Flask Web Server Started
WARNING:werkzeug: * Debugger is active!
INFO:werkzeug: * Debugger PIN: 505-006-647
INFO:werkzeug: * Running on http://localhost:8080/ (Press CTRL+C to quit)
INFO:werkzeug: * Detected change in 'C:\\Users\\hbill\\PycharmProjects\\web_service\\views\\auth.py', reloading
INFO:werkzeug: * Restarting with stat
INFO:root:Flask Web Server Started
WARNING:werkzeug: * Debugger is active!
INFO:werkzeug: * Debugger PIN: 505-006-647
INFO:werkzeug: * Running on http://localhost:8080/ (Press CTRL+C to quit)
DEBUG:urllib3.connectionpool:Starting new HTTPS connection (1): kauth.kakao.com:443
DEBUG:urllib3.connectionpool:https://kauth.kakao.com:443 "POST /oauth/token HTTP/1.1" 401 None
INFO:werkzeug:127.0.0.1 - - [27/Nov/2019 11:43:27] "GET /auth/kakao_oauth_redirect?code=3FYzjohJT0iQLHsQn_3sZO1I2GveW_PdsTr-EGXSO6v05OfM5uLCNXNdFMorUOI-GmxccQo9dNkAAAFuqr3_KQ HTTP/1.1" 500 -
INFO:werkzeug:127.0.0.1 - - [27/Nov/2019 11:43:27] "GET /auth/kakao_oauth_redirect?__debugger__=yes&cmd=resource&f=style.css HTTP/1.1" 200 -
INFO:werkzeug:127.0.0.1 - - [27/Nov/2019 11:43:27] "GET /auth/kakao_oauth_redirect?__debugger__=yes&cmd=resource&f=debugger.js HTTP/1.1" 200 -
INFO:werkzeug:127.0.0.1 - - [27/Nov/2019 11:43:27] "GET /auth/kakao_oauth_redirect?__debugger__=yes&cmd=resource&f=jquery.js HTTP/1.1" 200 -
INFO:werkzeug:127.0.0.1 - - [27/Nov/2019 11:43:27] "GET /auth/kakao_oauth_redirect?__debugger__=yes&cmd=resource&f=ubuntu.ttf HTTP/1.1" 200 -
INFO:werkzeug:127.0.0.1 - - [27/Nov/2019 11:43:27] "GET /auth/kakao_oauth_redirect?__debugger__=yes&cmd=resource&f=console.png HTTP/1.1" 200 -
INFO:werkzeug: * Detected change in 'C:\\Users\\hbill\\PycharmProjects\\web_service\\views\\auth.py', reloading
INFO:werkzeug: * Restarting with stat
INFO:root:Flask Web Server Started
WARNING:werkzeug: * Debugger is active!
INFO:werkzeug: * Debugger PIN: 505-006-647
INFO:werkzeug: * Running on http://localhost:8080/ (Press CTRL+C to quit)
DEBUG:urllib3.connectionpool:Starting new HTTPS connection (1): kauth.kakao.com:443
DEBUG:urllib3.connectionpool:https://kauth.kakao.com:443 "POST /oauth/token HTTP/1.1" 400 None
INFO:werkzeug:127.0.0.1 - - [27/Nov/2019 11:44:17] "GET /auth/kakao_oauth_redirect?code=3FYzjohJT0iQLHsQn_3sZO1I2GveW_PdsTr-EGXSO6v05OfM5uLCNXNdFMorUOI-GmxccQo9dNkAAAFuqr3_KQ HTTP/1.1" 500 -
INFO:werkzeug:127.0.0.1 - - [27/Nov/2019 11:44:18] "GET /auth/kakao_oauth_redirect?__debugger__=yes&cmd=resource&f=style.css HTTP/1.1" 200 -
INFO:werkzeug:127.0.0.1 - - [27/Nov/2019 11:44:18] "GET /auth/kakao_oauth_redirect?__debugger__=yes&cmd=resource&f=jquery.js HTTP/1.1" 200 -
INFO:werkzeug:127.0.0.1 - - [27/Nov/2019 11:44:18] "GET /auth/kakao_oauth_redirect?__debugger__=yes&cmd=resource&f=debugger.js HTTP/1.1" 200 -
INFO:werkzeug:127.0.0.1 - - [27/Nov/2019 11:44:18] "GET /auth/kakao_oauth_redirect?__debugger__=yes&cmd=resource&f=ubuntu.ttf HTTP/1.1" 200 -
INFO:werkzeug:127.0.0.1 - - [27/Nov/2019 11:44:18] "GET /auth/kakao_oauth_redirect?__debugger__=yes&cmd=resource&f=console.png HTTP/1.1" 200 -
INFO:werkzeug:127.0.0.1 - - [27/Nov/2019 11:44:18] "GET /auth/kakao_oauth_redirect?__debugger__=yes&cmd=resource&f=console.png HTTP/1.1" 200 -
INFO:werkzeug:127.0.0.1 - - [27/Nov/2019 11:44:20] "GET /auth/login HTTP/1.1" 200 -
DEBUG:urllib3.connectionpool:Starting new HTTPS connection (1): kauth.kakao.com:443
DEBUG:urllib3.connectionpool:https://kauth.kakao.com:443 "POST /oauth/token HTTP/1.1" 401 None
INFO:werkzeug:127.0.0.1 - - [27/Nov/2019 11:44:22] "GET /auth/kakao_oauth_redirect?code=dlANyqt77wbAB1XY54YyE2LIamVmQptxReOgZxeanKEyTraxBWvcbm22Zgo-w6Yp_wqN6Ao9dJgAAAFuqr7ZHA HTTP/1.1" 500 -
INFO:werkzeug:127.0.0.1 - - [27/Nov/2019 11:44:22] "GET /auth/kakao_oauth_redirect?__debugger__=yes&cmd=resource&f=debugger.js HTTP/1.1" 200 -
INFO:werkzeug:127.0.0.1 - - [27/Nov/2019 11:44:22] "GET /auth/kakao_oauth_redirect?__debugger__=yes&cmd=resource&f=style.css HTTP/1.1" 200 -
INFO:werkzeug:127.0.0.1 - - [27/Nov/2019 11:44:22] "GET /auth/kakao_oauth_redirect?__debugger__=yes&cmd=resource&f=jquery.js HTTP/1.1" 200 -
INFO:werkzeug:127.0.0.1 - - [27/Nov/2019 11:44:23] "GET /auth/kakao_oauth_redirect?__debugger__=yes&cmd=resource&f=ubuntu.ttf HTTP/1.1" 200 -
INFO:werkzeug:127.0.0.1 - - [27/Nov/2019 11:44:23] "GET /auth/kakao_oauth_redirect?__debugger__=yes&cmd=resource&f=console.png HTTP/1.1" 200 -
INFO:werkzeug:127.0.0.1 - - [27/Nov/2019 11:44:41] "GET /auth/login HTTP/1.1" 200 -
INFO:werkzeug: * Detected change in 'C:\\Users\\hbill\\PycharmProjects\\web_service\\views\\auth.py', reloading
INFO:werkzeug: * Restarting with stat
INFO:root:Flask Web Server Started
WARNING:werkzeug: * Debugger is active!
INFO:werkzeug: * Debugger PIN: 505-006-647
INFO:werkzeug: * Running on http://localhost:8080/ (Press CTRL+C to quit)
INFO:werkzeug:127.0.0.1 - - [27/Nov/2019 11:45:01] "GET /auth/login HTTP/1.1" 200 -
INFO:werkzeug:127.0.0.1 - - [27/Nov/2019 11:45:02] "GET /auth/login HTTP/1.1" 200 -
DEBUG:urllib3.connectionpool:Starting new HTTPS connection (1): kauth.kakao.com:443
DEBUG:urllib3.connectionpool:https://kauth.kakao.com:443 "POST /oauth/token HTTP/1.1" 401 None
INFO:werkzeug:127.0.0.1 - - [27/Nov/2019 11:45:03] "GET /auth/kakao_oauth_redirect?code=WxVqM2e_Iv9D6GilF9pjh0VzMZwzk8jzmwHNsg2MxtIeHixp7435yLmtG3CAxLnG-pRNYAorDR4AAAFuqr96kg HTTP/1.1" 500 -
INFO:werkzeug:127.0.0.1 - - [27/Nov/2019 11:45:04] "GET /auth/kakao_oauth_redirect?__debugger__=yes&cmd=resource&f=style.css HTTP/1.1" 200 -
INFO:werkzeug:127.0.0.1 - - [27/Nov/2019 11:45:04] "GET /auth/kakao_oauth_redirect?__debugger__=yes&cmd=resource&f=jquery.js HTTP/1.1" 200 -
INFO:werkzeug:127.0.0.1 - - [27/Nov/2019 11:45:04] "GET /auth/kakao_oauth_redirect?__debugger__=yes&cmd=resource&f=debugger.js HTTP/1.1" 200 -
INFO:werkzeug:127.0.0.1 - - [27/Nov/2019 11:45:04] "GET /auth/kakao_oauth_redirect?__debugger__=yes&cmd=resource&f=ubuntu.ttf HTTP/1.1" 200 -
INFO:werkzeug:127.0.0.1 - - [27/Nov/2019 11:45:04] "GET /auth/kakao_oauth_redirect?__debugger__=yes&cmd=resource&f=console.png HTTP/1.1" 200 -
INFO:werkzeug:127.0.0.1 - - [27/Nov/2019 11:45:07] "GET /auth/login HTTP/1.1" 200 -
INFO:werkzeug: * Detected change in 'C:\\Users\\hbill\\PycharmProjects\\web_service\\views\\auth.py', reloading
INFO:werkzeug: * Restarting with stat
INFO:root:Flask Web Server Started
INFO:werkzeug: * Restarting with stat
INFO:root:Flask Web Server Started
WARNING:werkzeug: * Debugger is active!
INFO:werkzeug: * Debugger PIN: 505-006-647
INFO:werkzeug: * Running on http://localhost:8080/ (Press CTRL+C to quit)
DEBUG:urllib3.connectionpool:Starting new HTTPS connection (1): kauth.kakao.com:443
DEBUG:urllib3.connectionpool:https://kauth.kakao.com:443 "POST /oauth/token HTTP/1.1" 401 None
INFO:werkzeug:127.0.0.1 - - [27/Nov/2019 11:51:51] "GET /auth/kakao_oauth_redirect?code=QAQ3PqZpODI-8-bB4LUDZb6WSkdWDTNc6o_a4ffbV_2frJpTG-m81ZggHpMNAWwmK1yG1Ao9eGEAAAFuqsGabg HTTP/1.1" 500 -
INFO:werkzeug:127.0.0.1 - - [27/Nov/2019 11:51:51] "GET /auth/kakao_oauth_redirect?__debugger__=yes&cmd=resource&f=style.css HTTP/1.1" 200 -
INFO:werkzeug:127.0.0.1 - - [27/Nov/2019 11:51:51] "GET /auth/kakao_oauth_redirect?__debugger__=yes&cmd=resource&f=jquery.js HTTP/1.1" 200 -
INFO:werkzeug:127.0.0.1 - - [27/Nov/2019 11:51:51] "GET /auth/kakao_oauth_redirect?__debugger__=yes&cmd=resource&f=debugger.js HTTP/1.1" 200 -
INFO:werkzeug:127.0.0.1 - - [27/Nov/2019 11:51:52] "GET /auth/kakao_oauth_redirect?__debugger__=yes&cmd=resource&f=ubuntu.ttf HTTP/1.1" 200 -
INFO:werkzeug:127.0.0.1 - - [27/Nov/2019 11:51:52] "GET /auth/kakao_oauth_redirect?__debugger__=yes&cmd=resource&f=console.png HTTP/1.1" 200 -
INFO:werkzeug:127.0.0.1 - - [27/Nov/2019 11:51:54] "GET /auth/login HTTP/1.1" 200 -
INFO:werkzeug: * Detected change in 'C:\\Users\\hbill\\PycharmProjects\\web_service\\views\\auth.py', reloading
INFO:werkzeug: * Restarting with stat
INFO:root:Flask Web Server Started
WARNING:werkzeug: * Debugger is active!
INFO:werkzeug: * Debugger PIN: 505-006-647
INFO:werkzeug: * Running on http://localhost:8080/ (Press CTRL+C to quit)
INFO:werkzeug: * Detected change in 'C:\\Users\\hbill\\PycharmProjects\\web_service\\views\\auth.py', reloading
INFO:werkzeug: * Restarting with stat
INFO:root:Flask Web Server Started
WARNING:werkzeug: * Debugger is active!
INFO:werkzeug: * Debugger PIN: 505-006-647
INFO:werkzeug: * Running on http://localhost:8080/ (Press CTRL+C to quit)
DEBUG:urllib3.connectionpool:Starting new HTTPS connection (1): kauth.kakao.com:443
DEBUG:urllib3.connectionpool:https://kauth.kakao.com:443 "POST /oauth/token HTTP/1.1" 401 None
INFO:werkzeug:127.0.0.1 - - [27/Nov/2019 11:53:28] "GET /auth/kakao_oauth_redirect?code=pD8vCA6pCOGtRkChH8iLOzncS70o6_N1xvAkuRL-iJwPNBqfF0sUYFJ8qpUQRNLfi_FblwopyV8AAAFuqscrWw HTTP/1.1" 500 -
INFO:werkzeug:127.0.0.1 - - [27/Nov/2019 11:53:28] "GET /auth/kakao_oauth_redirect?__debugger__=yes&cmd=resource&f=style.css HTTP/1.1" 200 -
INFO:werkzeug:127.0.0.1 - - [27/Nov/2019 11:53:28] "GET /auth/kakao_oauth_redirect?__debugger__=yes&cmd=resource&f=debugger.js HTTP/1.1" 200 -
INFO:werkzeug:127.0.0.1 - - [27/Nov/2019 11:53:28] "GET /auth/kakao_oauth_redirect?__debugger__=yes&cmd=resource&f=jquery.js HTTP/1.1" 200 -
INFO:werkzeug:127.0.0.1 - - [27/Nov/2019 11:53:28] "GET /auth/kakao_oauth_redirect?__debugger__=yes&cmd=resource&f=ubuntu.ttf HTTP/1.1" 200 -
INFO:werkzeug:127.0.0.1 - - [27/Nov/2019 11:53:28] "GET /auth/kakao_oauth_redirect?__debugger__=yes&cmd=resource&f=console.png HTTP/1.1" 200 -
INFO:werkzeug: * Detected change in 'C:\\Users\\hbill\\PycharmProjects\\web_service\\views\\auth.py', reloading
INFO:werkzeug: * Restarting with stat
INFO:root:Flask Web Server Started
WARNING:werkzeug: * Debugger is active!
INFO:werkzeug: * Debugger PIN: 505-006-647
INFO:werkzeug: * Running on http://localhost:8080/ (Press CTRL+C to quit)
INFO:werkzeug: * Detected change in 'C:\\Users\\hbill\\PycharmProjects\\web_service\\views\\auth.py', reloading
INFO:werkzeug: * Restarting with stat
INFO:root:Flask Web Server Started
WARNING:werkzeug: * Debugger is active!
INFO:werkzeug: * Debugger PIN: 505-006-647
INFO:werkzeug: * Running on http://localhost:8080/ (Press CTRL+C to quit)
DEBUG:urllib3.connectionpool:Starting new HTTPS connection (1): kauth.kakao.com:443
DEBUG:urllib3.connectionpool:https://kauth.kakao.com:443 "POST /oauth/token HTTP/1.1" 400 None
INFO:werkzeug:127.0.0.1 - - [27/Nov/2019 11:55:58] "GET /auth/kakao_oauth_redirect?code=pD8vCA6pCOGtRkChH8iLOzncS70o6_N1xvAkuRL-iJwPNBqfF0sUYFJ8qpUQRNLfi_FblwopyV8AAAFuqscrWw HTTP/1.1" 500 -
INFO:werkzeug:127.0.0.1 - - [27/Nov/2019 11:55:58] "GET /auth/kakao_oauth_redirect?__debugger__=yes&cmd=resource&f=style.css HTTP/1.1" 200 -
INFO:werkzeug:127.0.0.1 - - [27/Nov/2019 11:55:59] "GET /auth/kakao_oauth_redirect?__debugger__=yes&cmd=resource&f=jquery.js HTTP/1.1" 200 -
INFO:werkzeug:127.0.0.1 - - [27/Nov/2019 11:55:59] "GET /auth/kakao_oauth_redirect?__debugger__=yes&cmd=resource&f=debugger.js HTTP/1.1" 200 -
INFO:werkzeug:127.0.0.1 - - [27/Nov/2019 11:55:59] "GET /auth/kakao_oauth_redirect?__debugger__=yes&cmd=resource&f=ubuntu.ttf HTTP/1.1" 200 -
INFO:werkzeug:127.0.0.1 - - [27/Nov/2019 11:55:59] "GET /auth/kakao_oauth_redirect?__debugger__=yes&cmd=resource&f=console.png HTTP/1.1" 200 -
INFO:werkzeug:127.0.0.1 - - [27/Nov/2019 11:55:59] "GET /auth/kakao_oauth_redirect?__debugger__=yes&cmd=resource&f=console.png HTTP/1.1" 200 -
INFO:werkzeug:127.0.0.1 - - [27/Nov/2019 11:56:00] "GET /auth/login HTTP/1.1" 200 -
INFO:werkzeug:127.0.0.1 - - [27/Nov/2019 11:56:02] "GET / HTTP/1.1" 200 -
INFO:werkzeug:127.0.0.1 - - [27/Nov/2019 11:56:03] "GET /auth/login HTTP/1.1" 200 -
INFO:werkzeug:127.0.0.1 - - [27/Nov/2019 11:59:06] "GET /auth/login HTTP/1.1" 200 -
INFO:werkzeug:127.0.0.1 - - [27/Nov/2019 11:59:13] "GET /auth/login HTTP/1.1" 200 -
INFO:werkzeug: * Detected change in 'C:\\Users\\hbill\\PycharmProjects\\web_service\\views\\auth.py', reloading
INFO:werkzeug: * Restarting with stat
INFO:root:Flask Web Server Started
WARNING:werkzeug: * Debugger is active!
INFO:werkzeug: * Debugger PIN: 505-006-647
INFO:werkzeug: * Running on http://localhost:8080/ (Press CTRL+C to quit)
INFO:werkzeug:127.0.0.1 - - [27/Nov/2019 12:00:23] "GET /auth/login HTTP/1.1" 200 -
INFO:werkzeug: * Detected change in 'C:\\Users\\hbill\\PycharmProjects\\web_service\\views\\auth.py', reloading
INFO:werkzeug: * Restarting with stat
INFO:root:Flask Web Server Started
WARNING:werkzeug: * Debugger is active!
INFO:werkzeug: * Debugger PIN: 505-006-647
INFO:werkzeug: * Running on http://localhost:8080/ (Press CTRL+C to quit)
INFO:werkzeug:127.0.0.1 - - [27/Nov/2019 12:03:34] "GET /auth/login HTTP/1.1" 200 -
INFO:werkzeug: * Detected change in 'C:\\Users\\hbill\\PycharmProjects\\web_service\\views\\auth.py', reloading
INFO:werkzeug: * Restarting with stat
INFO:root:Flask Web Server Started
WARNING:werkzeug: * Debugger is active!
INFO:werkzeug: * Debugger PIN: 505-006-647
INFO:werkzeug: * Running on http://localhost:8080/ (Press CTRL+C to quit)
INFO:werkzeug: * Detected change in 'C:\\Users\\hbill\\PycharmProjects\\web_service\\views\\auth.py', reloading
INFO:werkzeug: * Restarting with stat
INFO:root:Flask Web Server Started
WARNING:werkzeug: * Debugger is active!
INFO:werkzeug: * Debugger PIN: 505-006-647
INFO:werkzeug: * Running on http://localhost:8080/ (Press CTRL+C to quit)
DEBUG:urllib3.connectionpool:Starting new HTTPS connection (1): kauth.kakao.com:443
DEBUG:urllib3.connectionpool:https://kauth.kakao.com:443 "POST /oauth/token HTTP/1.1" 200 None
DEBUG:urllib3.connectionpool:Starting new HTTPS connection (1): kapi.kakao.com:443
DEBUG:urllib3.connectionpool:https://kapi.kakao.com:443 "POST /v2/user/me HTTP/1.1" 200 756
INFO:werkzeug:127.0.0.1 - - [27/Nov/2019 12:49:17] "GET /auth/kakao_oauth_redirect?code=QNUUhUYRDQsDz-AyQ7VH2_ekopCXrQT4ogydAur6UJfoV9kxp2_uVvCs2wHwUt1stbM2mwopdbIAAAFuqvo-ww HTTP/1.1" 500 -
INFO:werkzeug:127.0.0.1 - - [27/Nov/2019 12:49:18] "GET /auth/kakao_oauth_redirect?__debugger__=yes&cmd=resource&f=style.css HTTP/1.1" 200 -
INFO:werkzeug:127.0.0.1 - - [27/Nov/2019 12:49:18] "GET /auth/kakao_oauth_redirect?__debugger__=yes&cmd=resource&f=debugger.js HTTP/1.1" 200 -
INFO:werkzeug:127.0.0.1 - - [27/Nov/2019 12:49:18] "GET /auth/kakao_oauth_redirect?__debugger__=yes&cmd=resource&f=jquery.js HTTP/1.1" 200 -
INFO:werkzeug:127.0.0.1 - - [27/Nov/2019 12:49:18] "GET /auth/kakao_oauth_redirect?__debugger__=yes&cmd=resource&f=ubuntu.ttf HTTP/1.1" 200 -
INFO:werkzeug:127.0.0.1 - - [27/Nov/2019 12:49:18] "GET /auth/kakao_oauth_redirect?__debugger__=yes&cmd=resource&f=console.png HTTP/1.1" 200 -
DEBUG:urllib3.connectionpool:Starting new HTTPS connection (1): kauth.kakao.com:443
DEBUG:urllib3.connectionpool:https://kauth.kakao.com:443 "POST /oauth/token HTTP/1.1" 200 None
DEBUG:urllib3.connectionpool:Starting new HTTPS connection (1): kapi.kakao.com:443
DEBUG:urllib3.connectionpool:https://kapi.kakao.com:443 "POST /v2/user/me HTTP/1.1" 200 756
INFO:werkzeug:127.0.0.1 - - [27/Nov/2019 12:49:20] "GET /auth/kakao_oauth_redirect?code=L8FkFa01QR5FM7R7ni4xLykXUuG5AFJknMIFt89GJw3azZxp7N3l1i6Y_g4Bm9KlJ08LWwopdbIAAAFuqvpMxA HTTP/1.1" 500 -
DEBUG:urllib3.connectionpool:Starting new HTTPS connection (1): kauth.kakao.com:443
DEBUG:urllib3.connectionpool:https://kauth.kakao.com:443 "POST /oauth/token HTTP/1.1" 200 None
DEBUG:urllib3.connectionpool:Starting new HTTPS connection (1): kapi.kakao.com:443
DEBUG:urllib3.connectionpool:https://kapi.kakao.com:443 "POST /v2/user/me HTTP/1.1" 200 756
INFO:werkzeug:127.0.0.1 - - [27/Nov/2019 12:49:25] "GET /auth/kakao_oauth_redirect?code=f7H9JWEuykMiTts9c6DPpBuTs16ARNRIS3KZxlnYKaQmQL-R-jXxD5Iq9HRHsJzYQ1HOyQopdbIAAAFuqvpbhQ HTTP/1.1" 500 -
INFO:werkzeug: * Detected change in 'C:\\Users\\hbill\\PycharmProjects\\web_service\\views\\auth.py', reloading
INFO:werkzeug: * Restarting with stat
INFO:root:Flask Web Server Started
WARNING:werkzeug: * Debugger is active!
INFO:werkzeug: * Debugger PIN: 505-006-647
INFO:werkzeug: * Running on http://localhost:8080/ (Press CTRL+C to quit)
INFO:werkzeug:127.0.0.1 - - [27/Nov/2019 12:49:31] "GET /auth/login HTTP/1.1" 200 -
INFO:root:Flask Web Server Started
INFO:werkzeug: * Restarting with stat
INFO:root:Flask Web Server Started
WARNING:werkzeug: * Debugger is active!
INFO:werkzeug: * Debugger PIN: 505-006-647
INFO:werkzeug: * Running on http://localhost:8080/ (Press CTRL+C to quit)
INFO:werkzeug:127.0.0.1 - - [03/Dec/2019 11:08:15] "GET / HTTP/1.1" 200 -
INFO:werkzeug:127.0.0.1 - - [03/Dec/2019 11:08:15] "GET /static/assets/css/material-dashboard.css?v=2.1.1 HTTP/1.1" 200 -
INFO:werkzeug:127.0.0.1 - - [03/Dec/2019 11:08:16] "GET /favicon.ico HTTP/1.1" 404 -
INFO:werkzeug:127.0.0.1 - - [03/Dec/2019 11:08:19] "GET /auth/login HTTP/1.1" 200 -
INFO:werkzeug:127.0.0.1 - - [03/Dec/2019 11:08:19] "GET /static/images/kakao_account_login_btn_medium_narrow.png HTTP/1.1" 200 -
INFO:werkzeug:127.0.0.1 - - [03/Dec/2019 11:08:19] "GET /static/assets/js/core/jquery.min.js HTTP/1.1" 200 -
INFO:werkzeug:127.0.0.1 - - [03/Dec/2019 11:08:20] "GET /static/assets/js/core/popper.min.js HTTP/1.1" 200 -
INFO:werkzeug:127.0.0.1 - - [03/Dec/2019 11:08:20] "GET /static/assets/js/core/bootstrap-material-design.min.js HTTP/1.1" 200 -
INFO:werkzeug:127.0.0.1 - - [03/Dec/2019 11:08:20] "GET /static/assets/js/plugins/chartist.min.js HTTP/1.1" 200 -
INFO:werkzeug:127.0.0.1 - - [03/Dec/2019 11:08:20] "GET /static/assets/js/plugins/perfect-scrollbar.jquery.min.js HTTP/1.1" 200 -
INFO:werkzeug:127.0.0.1 - - [03/Dec/2019 11:08:20] "GET /static/assets/js/plugins/bootstrap-notify.js HTTP/1.1" 200 -
INFO:werkzeug:127.0.0.1 - - [03/Dec/2019 11:08:20] "GET /static/assets/js/material-dashboard.js?v=2.1.1 HTTP/1.1" 200 -
DEBUG:urllib3.connectionpool:Starting new HTTPS connection (1): kauth.kakao.com:443
DEBUG:urllib3.connectionpool:https://kauth.kakao.com:443 "POST /oauth/token HTTP/1.1" 200 None
DEBUG:urllib3.connectionpool:Starting new HTTPS connection (1): kapi.kakao.com:443
DEBUG:urllib3.connectionpool:https://kapi.kakao.com:443 "POST /v2/user/me HTTP/1.1" 200 756
INFO:werkzeug:127.0.0.1 - - [03/Dec/2019 11:08:36] "GET /auth/kakao_oauth_redirect?code=l5FKbILXO2uRy7hTEl2kc59xaDwG_OBhXNdyFNE-7T-nSnj3C2W3CGCmFHk4-xcDmrbcDQo9dZsAAAFuyYRTLw HTTP/1.1" 500 -
INFO:werkzeug:127.0.0.1 - - [03/Dec/2019 11:08:36] "GET /auth/kakao_oauth_redirect?__debugger__=yes&cmd=resource&f=style.css HTTP/1.1" 200 -
INFO:werkzeug:127.0.0.1 - - [03/Dec/2019 11:08:36] "GET /auth/kakao_oauth_redirect?__debugger__=yes&cmd=resource&f=debugger.js HTTP/1.1" 200 -
INFO:werkzeug:127.0.0.1 - - [03/Dec/2019 11:08:36] "GET /auth/kakao_oauth_redirect?__debugger__=yes&cmd=resource&f=jquery.js HTTP/1.1" 200 -
INFO:werkzeug:127.0.0.1 - - [03/Dec/2019 11:08:37] "GET /auth/kakao_oauth_redirect?__debugger__=yes&cmd=resource&f=ubuntu.ttf HTTP/1.1" 200 -
INFO:werkzeug:127.0.0.1 - - [03/Dec/2019 11:08:37] "GET /auth/kakao_oauth_redirect?__debugger__=yes&cmd=resource&f=console.png HTTP/1.1" 200 -
INFO:werkzeug: * Detected change in 'C:\\Users\\hbill\\PycharmProjects\\web_service\\views\\auth.py', reloading
INFO:werkzeug: * Restarting with stat
INFO:root:Flask Web Server Started
WARNING:werkzeug: * Debugger is active!
INFO:werkzeug: * Debugger PIN: 505-006-647
INFO:werkzeug: * Running on http://localhost:8080/ (Press CTRL+C to quit)
DEBUG:urllib3.connectionpool:Starting new HTTPS connection (1): kauth.kakao.com:443
DEBUG:urllib3.connectionpool:https://kauth.kakao.com:443 "POST /oauth/token HTTP/1.1" 400 None
INFO:werkzeug:127.0.0.1 - - [03/Dec/2019 11:10:07] "GET /auth/kakao_oauth_redirect?code=l5FKbILXO2uRy7hTEl2kc59xaDwG_OBhXNdyFNE-7T-nSnj3C2W3CGCmFHk4-xcDmrbcDQo9dZsAAAFuyYRTLw HTTP/1.1" 500 -
INFO:werkzeug:127.0.0.1 - - [03/Dec/2019 11:10:07] "GET /auth/kakao_oauth_redirect?__debugger__=yes&cmd=resource&f=style.css HTTP/1.1" 200 -
INFO:werkzeug:127.0.0.1 - - [03/Dec/2019 11:10:07] "GET /auth/kakao_oauth_redirect?__debugger__=yes&cmd=resource&f=jquery.js HTTP/1.1" 200 -
INFO:werkzeug:127.0.0.1 - - [03/Dec/2019 11:10:08] "GET /auth/kakao_oauth_redirect?__debugger__=yes&cmd=resource&f=debugger.js HTTP/1.1" 200 -
INFO:werkzeug:127.0.0.1 - - [03/Dec/2019 11:10:08] "GET /auth/kakao_oauth_redirect?__debugger__=yes&cmd=resource&f=ubuntu.ttf HTTP/1.1" 200 -
INFO:werkzeug:127.0.0.1 - - [03/Dec/2019 11:10:08] "GET /auth/kakao_oauth_redirect?__debugger__=yes&cmd=resource&f=console.png HTTP/1.1" 200 -
INFO:werkzeug:127.0.0.1 - - [03/Dec/2019 11:10:08] "GET /auth/kakao_oauth_redirect?__debugger__=yes&cmd=resource&f=console.png HTTP/1.1" 200 -
DEBUG:urllib3.connectionpool:Starting new HTTPS connection (1): kauth.kakao.com:443
DEBUG:urllib3.connectionpool:https://kauth.kakao.com:443 "POST /oauth/token HTTP/1.1" 401 None
INFO:werkzeug:127.0.0.1 - - [03/Dec/2019 11:10:46] "GET /auth/kakao_oauth_redirect?code=E2YTU1mfMVKwiaq8xHYED4QiBTUfp21d2qM-coMbWhK-O-L22RF-O7QsAx-306wYafqXggo9dRkAAAFuyYZRhg HTTP/1.1" 500 -
INFO:werkzeug:127.0.0.1 - - [03/Dec/2019 11:10:46] "GET /auth/kakao_oauth_redirect?__debugger__=yes&cmd=resource&f=style.css HTTP/1.1" 200 -
INFO:werkzeug:127.0.0.1 - - [03/Dec/2019 11:10:47] "GET /auth/kakao_oauth_redirect?__debugger__=yes&cmd=resource&f=jquery.js HTTP/1.1" 200 -
INFO:werkzeug:127.0.0.1 - - [03/Dec/2019 11:10:47] "GET /auth/kakao_oauth_redirect?__debugger__=yes&cmd=resource&f=debugger.js HTTP/1.1" 200 -
INFO:werkzeug:127.0.0.1 - - [03/Dec/2019 11:10:47] "GET /auth/kakao_oauth_redirect?__debugger__=yes&cmd=resource&f=ubuntu.ttf HTTP/1.1" 200 -
INFO:werkzeug:127.0.0.1 - - [03/Dec/2019 11:10:47] "GET /auth/kakao_oauth_redirect?__debugger__=yes&cmd=resource&f=console.png HTTP/1.1" 200 -
INFO:werkzeug:127.0.0.1 - - [03/Dec/2019 11:14:13] "GET /auth/login HTTP/1.1" 200 -
DEBUG:urllib3.connectionpool:Starting new HTTPS connection (1): kauth.kakao.com:443
DEBUG:urllib3.connectionpool:https://kauth.kakao.com:443 "POST /oauth/token HTTP/1.1" 200 None
DEBUG:urllib3.connectionpool:Starting new HTTPS connection (1): kapi.kakao.com:443
DEBUG:urllib3.connectionpool:https://kapi.kakao.com:443 "POST /v2/user/me HTTP/1.1" 200 756
INFO:werkzeug:127.0.0.1 - - [03/Dec/2019 11:14:15] "GET /auth/kakao_oauth_redirect?code=MPG0GuLEz-2wtDMJDg-ky7UWOybBfF_9RNDZHtVoxeeNwGlv2CsTCTQQkN8R8EiDflUKUAopyWAAAAFuyYmBfQ HTTP/1.1" 500 -
INFO:werkzeug:127.0.0.1 - - [03/Dec/2019 11:14:15] "GET /auth/kakao_oauth_redirect?__debugger__=yes&cmd=resource&f=style.css HTTP/1.1" 200 -
INFO:werkzeug:127.0.0.1 - - [03/Dec/2019 11:14:15] "GET /auth/kakao_oauth_redirect?__debugger__=yes&cmd=resource&f=jquery.js HTTP/1.1" 200 -
INFO:werkzeug:127.0.0.1 - - [03/Dec/2019 11:14:15] "GET /auth/kakao_oauth_redirect?__debugger__=yes&cmd=resource&f=debugger.js HTTP/1.1" 200 -
INFO:werkzeug:127.0.0.1 - - [03/Dec/2019 11:14:16] "GET /auth/kakao_oauth_redirect?__debugger__=yes&cmd=resource&f=ubuntu.ttf HTTP/1.1" 200 -
INFO:werkzeug:127.0.0.1 - - [03/Dec/2019 11:14:16] "GET /auth/kakao_oauth_redirect?__debugger__=yes&cmd=resource&f=console.png HTTP/1.1" 200 -
INFO:werkzeug:127.0.0.1 - - [03/Dec/2019 11:17:15] "GET /auth/login HTTP/1.1" 200 -
DEBUG:urllib3.connectionpool:Starting new HTTPS connection (1): kauth.kakao.com:443
DEBUG:urllib3.connectionpool:https://kauth.kakao.com:443 "POST /oauth/token HTTP/1.1" 200 None
DEBUG:urllib3.connectionpool:Starting new HTTPS connection (1): kapi.kakao.com:443
DEBUG:urllib3.connectionpool:https://kapi.kakao.com:443 "POST /v2/user/me HTTP/1.1" 200 756
INFO:werkzeug:127.0.0.1 - - [03/Dec/2019 11:17:18] "GET /auth/kakao_oauth_redirect?code=pabL-368iNfqUaOUv6qw6xz-3v0D20YeFDeX_Qj8vpTBmWZj532-5EuLlyxIgsv2BukHeAo9eGEAAAFuyYxNfw HTTP/1.1" 500 -
INFO:werkzeug:127.0.0.1 - - [03/Dec/2019 11:17:18] "GET /auth/kakao_oauth_redirect?__debugger__=yes&cmd=resource&f=style.css HTTP/1.1" 200 -
INFO:werkzeug:127.0.0.1 - - [03/Dec/2019 11:17:19] "GET /auth/kakao_oauth_redirect?__debugger__=yes&cmd=resource&f=jquery.js HTTP/1.1" 200 -
INFO:werkzeug:127.0.0.1 - - [03/Dec/2019 11:17:19] "GET /auth/kakao_oauth_redirect?__debugger__=yes&cmd=resource&f=debugger.js HTTP/1.1" 200 -
INFO:werkzeug:127.0.0.1 - - [03/Dec/2019 11:17:19] "GET /auth/kakao_oauth_redirect?__debugger__=yes&cmd=resource&f=ubuntu.ttf HTTP/1.1" 200 -
INFO:werkzeug:127.0.0.1 - - [03/Dec/2019 11:17:19] "GET /auth/kakao_oauth_redirect?__debugger__=yes&cmd=resource&f=console.png HTTP/1.1" 200 -
INFO:werkzeug: * Detected change in 'C:\\Users\\hbill\\PycharmProjects\\web_service\\views\\auth.py', reloading
INFO:werkzeug: * Restarting with stat
INFO:root:Flask Web Server Started
WARNING:werkzeug: * Debugger is active!
INFO:werkzeug: * Debugger PIN: 505-006-647
INFO:werkzeug: * Running on http://localhost:8080/ (Press CTRL+C to quit)
DEBUG:urllib3.connectionpool:Starting new HTTPS connection (1): kauth.kakao.com:443
DEBUG:urllib3.connectionpool:https://kauth.kakao.com:443 "POST /oauth/token HTTP/1.1" 400 None
INFO:werkzeug:127.0.0.1 - - [03/Dec/2019 11:18:46] "GET /auth/kakao_oauth_redirect?code=pabL-368iNfqUaOUv6qw6xz-3v0D20YeFDeX_Qj8vpTBmWZj532-5EuLlyxIgsv2BukHeAo9eGEAAAFuyYxNfw HTTP/1.1" 500 -
INFO:werkzeug:127.0.0.1 - - [03/Dec/2019 11:18:46] "GET /auth/kakao_oauth_redirect?__debugger__=yes&cmd=resource&f=style.css HTTP/1.1" 200 -
INFO:werkzeug:127.0.0.1 - - [03/Dec/2019 11:18:46] "GET /auth/kakao_oauth_redirect?__debugger__=yes&cmd=resource&f=jquery.js HTTP/1.1" 200 -
INFO:werkzeug:127.0.0.1 - - [03/Dec/2019 11:18:46] "GET /auth/kakao_oauth_redirect?__debugger__=yes&cmd=resource&f=debugger.js HTTP/1.1" 200 -
INFO:werkzeug:127.0.0.1 - - [03/Dec/2019 11:18:47] "GET /auth/kakao_oauth_redirect?__debugger__=yes&cmd=resource&f=ubuntu.ttf HTTP/1.1" 200 -
INFO:werkzeug:127.0.0.1 - - [03/Dec/2019 11:18:47] "GET /auth/kakao_oauth_redirect?__debugger__=yes&cmd=resource&f=console.png HTTP/1.1" 200 -
INFO:werkzeug:127.0.0.1 - - [03/Dec/2019 11:18:47] "GET /auth/kakao_oauth_redirect?__debugger__=yes&cmd=resource&f=console.png HTTP/1.1" 200 -
INFO:werkzeug:127.0.0.1 - - [03/Dec/2019 11:21:49] "GET /auth/login HTTP/1.1" 200 -
DEBUG:urllib3.connectionpool:Starting new HTTPS connection (1): kauth.kakao.com:443
DEBUG:urllib3.connectionpool:https://kauth.kakao.com:443 "POST /oauth/token HTTP/1.1" 200 None
DEBUG:urllib3.connectionpool:Starting new HTTPS connection (1): kapi.kakao.com:443
DEBUG:urllib3.connectionpool:https://kapi.kakao.com:443 "POST /v2/user/me HTTP/1.1" 200 756
INFO:werkzeug:127.0.0.1 - - [03/Dec/2019 11:21:51] "GET /auth/kakao_oauth_redirect?code=SCSlr-A_CW-P7oMdb6TUBHbOllgTuuGlaNfqTp_4b7G7y94s8N-PTP_66ZHf9IrfVOaHYQopyV8AAAFuyZB1yg HTTP/1.1" 500 -
INFO:werkzeug:127.0.0.1 - - [03/Dec/2019 11:21:51] "GET /auth/kakao_oauth_redirect?__debugger__=yes&cmd=resource&f=style.css HTTP/1.1" 200 -
INFO:werkzeug:127.0.0.1 - - [03/Dec/2019 11:21:51] "GET /auth/kakao_oauth_redirect?__debugger__=yes&cmd=resource&f=jquery.js HTTP/1.1" 200 -
INFO:werkzeug:127.0.0.1 - - [03/Dec/2019 11:21:51] "GET /auth/kakao_oauth_redirect?__debugger__=yes&cmd=resource&f=debugger.js HTTP/1.1" 200 -
INFO:werkzeug:127.0.0.1 - - [03/Dec/2019 11:21:52] "GET /auth/kakao_oauth_redirect?__debugger__=yes&cmd=resource&f=ubuntu.ttf HTTP/1.1" 200 -
INFO:werkzeug:127.0.0.1 - - [03/Dec/2019 11:21:52] "GET /auth/kakao_oauth_redirect?__debugger__=yes&cmd=resource&f=console.png HTTP/1.1" 200 -
INFO:werkzeug: * Detected change in 'C:\\Users\\hbill\\PycharmProjects\\web_service\\views\\auth.py', reloading
INFO:werkzeug: * Restarting with stat
INFO:root:Flask Web Server Started
WARNING:werkzeug: * Debugger is active!
INFO:werkzeug: * Debugger PIN: 505-006-647
INFO:werkzeug: * Running on http://localhost:8080/ (Press CTRL+C to quit)
DEBUG:urllib3.connectionpool:Starting new HTTPS connection (1): kauth.kakao.com:443
DEBUG:urllib3.connectionpool:https://kauth.kakao.com:443 "POST /oauth/token HTTP/1.1" 400 None
INFO:werkzeug:127.0.0.1 - - [03/Dec/2019 11:22:30] "GET /auth/kakao_oauth_redirect?code=SCSlr-A_CW-P7oMdb6TUBHbOllgTuuGlaNfqTp_4b7G7y94s8N-PTP_66ZHf9IrfVOaHYQopyV8AAAFuyZB1yg HTTP/1.1" 500 -
INFO:werkzeug:127.0.0.1 - - [03/Dec/2019 11:22:30] "GET /auth/kakao_oauth_redirect?__debugger__=yes&cmd=resource&f=style.css HTTP/1.1" 200 -
INFO:werkzeug:127.0.0.1 - - [03/Dec/2019 11:22:30] "GET /auth/kakao_oauth_redirect?__debugger__=yes&cmd=resource&f=jquery.js HTTP/1.1" 200 -
INFO:werkzeug:127.0.0.1 - - [03/Dec/2019 11:22:30] "GET /auth/kakao_oauth_redirect?__debugger__=yes&cmd=resource&f=debugger.js HTTP/1.1" 200 -
INFO:werkzeug:127.0.0.1 - - [03/Dec/2019 11:22:31] "GET /auth/kakao_oauth_redirect?__debugger__=yes&cmd=resource&f=ubuntu.ttf HTTP/1.1" 200 -
INFO:werkzeug:127.0.0.1 - - [03/Dec/2019 11:22:31] "GET /auth/kakao_oauth_redirect?__debugger__=yes&cmd=resource&f=console.png HTTP/1.1" 200 -
INFO:werkzeug:127.0.0.1 - - [03/Dec/2019 11:22:31] "GET /auth/kakao_oauth_redirect?__debugger__=yes&cmd=resource&f=console.png HTTP/1.1" 200 -
INFO:werkzeug:127.0.0.1 - - [03/Dec/2019 11:22:40] "GET /auth/login HTTP/1.1" 200 -
DEBUG:urllib3.connectionpool:Starting new HTTPS connection (1): kauth.kakao.com:443
DEBUG:urllib3.connectionpool:https://kauth.kakao.com:443 "POST /oauth/token HTTP/1.1" 200 None
DEBUG:urllib3.connectionpool:Starting new HTTPS connection (1): kapi.kakao.com:443
DEBUG:urllib3.connectionpool:https://kapi.kakao.com:443 "POST /v2/user/me HTTP/1.1" 200 756
INFO:werkzeug:127.0.0.1 - - [03/Dec/2019 11:22:44] "GET /auth/kakao_oauth_redirect?code=Q40Sxng_J4sHdjv_f-mx7Lay7_ksddk-0PN-a61_pEuWYl0rQ5Zrk8tXqR_kCzS5mgI82AorDNIAAAFuyZE_iw HTTP/1.1" 500 -
INFO:werkzeug:127.0.0.1 - - [03/Dec/2019 11:22:44] "GET /auth/kakao_oauth_redirect?__debugger__=yes&cmd=resource&f=style.css HTTP/1.1" 200 -
INFO:werkzeug:127.0.0.1 - - [03/Dec/2019 11:22:44] "GET /auth/kakao_oauth_redirect?__debugger__=yes&cmd=resource&f=jquery.js HTTP/1.1" 200 -
INFO:werkzeug:127.0.0.1 - - [03/Dec/2019 11:22:44] "GET /auth/kakao_oauth_redirect?__debugger__=yes&cmd=resource&f=debugger.js HTTP/1.1" 200 -
INFO:werkzeug:127.0.0.1 - - [03/Dec/2019 11:22:44] "GET /auth/kakao_oauth_redirect?__debugger__=yes&cmd=resource&f=ubuntu.ttf HTTP/1.1" 200 -
INFO:werkzeug:127.0.0.1 - - [03/Dec/2019 11:22:44] "GET /auth/kakao_oauth_redirect?__debugger__=yes&cmd=resource&f=console.png HTTP/1.1" 200 -
INFO:werkzeug: * Detected change in 'C:\\Users\\hbill\\PycharmProjects\\web_service\\views\\auth.py', reloading
INFO:werkzeug: * Restarting with stat
INFO:root:Flask Web Server Started
WARNING:werkzeug: * Debugger is active!
INFO:werkzeug: * Debugger PIN: 505-006-647
INFO:werkzeug: * Running on http://localhost:8080/ (Press CTRL+C to quit)
INFO:werkzeug: * Detected change in 'C:\\Users\\hbill\\PycharmProjects\\web_service\\views\\auth.py', reloading
INFO:werkzeug: * Restarting with stat
INFO:root:Flask Web Server Started
WARNING:werkzeug: * Debugger is active!
INFO:werkzeug: * Debugger PIN: 505-006-647
INFO:werkzeug: * Running on http://localhost:8080/ (Press CTRL+C to quit)
INFO:werkzeug:127.0.0.1 - - [03/Dec/2019 11:25:51] "GET /auth/login HTTP/1.1" 200 -
DEBUG:urllib3.connectionpool:Starting new HTTPS connection (1): kauth.kakao.com:443
DEBUG:urllib3.connectionpool:https://kauth.kakao.com:443 "POST /oauth/token HTTP/1.1" 200 None
INFO:werkzeug:127.0.0.1 - - [03/Dec/2019 11:25:56] "GET /auth/kakao_oauth_redirect?code=x0AfEMB2EvDlaREa9GirUNF89W6WBWcdyLoyBgLUzlKbz72hQQ_ZJvphl6T7d_B_Dndf4AorDR8AAAFuyZQ1ZA HTTP/1.1" 500 -
INFO:werkzeug:127.0.0.1 - - [03/Dec/2019 11:25:56] "GET /auth/kakao_oauth_redirect?__debugger__=yes&cmd=resource&f=style.css HTTP/1.1" 200 -
INFO:werkzeug:127.0.0.1 - - [03/Dec/2019 11:25:57] "GET /auth/kakao_oauth_redirect?__debugger__=yes&cmd=resource&f=debugger.js HTTP/1.1" 200 -
INFO:werkzeug:127.0.0.1 - - [03/Dec/2019 11:25:57] "GET /auth/kakao_oauth_redirect?__debugger__=yes&cmd=resource&f=jquery.js HTTP/1.1" 200 -
INFO:werkzeug:127.0.0.1 - - [03/Dec/2019 11:25:57] "GET /auth/kakao_oauth_redirect?__debugger__=yes&cmd=resource&f=ubuntu.ttf HTTP/1.1" 200 -
INFO:werkzeug:127.0.0.1 - - [03/Dec/2019 11:25:57] "GET /auth/kakao_oauth_redirect?__debugger__=yes&cmd=resource&f=console.png HTTP/1.1" 200 -
INFO:werkzeug: * Detected change in 'C:\\Users\\hbill\\PycharmProjects\\web_service\\views\\auth.py', reloading
INFO:werkzeug: * Restarting with stat
INFO:root:Flask Web Server Started
WARNING:werkzeug: * Debugger is active!
INFO:werkzeug: * Debugger PIN: 505-006-647
INFO:werkzeug: * Running on http://localhost:8080/ (Press CTRL+C to quit)
INFO:werkzeug: * Detected change in 'C:\\Users\\hbill\\PycharmProjects\\web_service\\views\\auth.py', reloading
INFO:werkzeug: * Restarting with stat
INFO:root:Flask Web Server Started
WARNING:werkzeug: * Debugger is active!
INFO:werkzeug: * Debugger PIN: 505-006-647
INFO:werkzeug: * Running on http://localhost:8080/ (Press CTRL+C to quit)
DEBUG:urllib3.connectionpool:Starting new HTTPS connection (1): kauth.kakao.com:443
DEBUG:urllib3.connectionpool:https://kauth.kakao.com:443 "POST /oauth/token HTTP/1.1" 400 None
INFO:werkzeug:127.0.0.1 - - [03/Dec/2019 11:30:09] "GET /auth/kakao_oauth_redirect?code=x0AfEMB2EvDlaREa9GirUNF89W6WBWcdyLoyBgLUzlKbz72hQQ_ZJvphl6T7d_B_Dndf4AorDR8AAAFuyZQ1ZA HTTP/1.1" 500 -
INFO:werkzeug:127.0.0.1 - - [03/Dec/2019 11:30:09] "GET /auth/kakao_oauth_redirect?__debugger__=yes&cmd=resource&f=style.css HTTP/1.1" 200 -
INFO:werkzeug:127.0.0.1 - - [03/Dec/2019 11:30:09] "GET /auth/kakao_oauth_redirect?__debugger__=yes&cmd=resource&f=jquery.js HTTP/1.1" 200 -
INFO:werkzeug:127.0.0.1 - - [03/Dec/2019 11:30:09] "GET /auth/kakao_oauth_redirect?__debugger__=yes&cmd=resource&f=debugger.js HTTP/1.1" 200 -
INFO:werkzeug:127.0.0.1 - - [03/Dec/2019 11:30:10] "GET /auth/kakao_oauth_redirect?__debugger__=yes&cmd=resource&f=ubuntu.ttf HTTP/1.1" 200 -
INFO:werkzeug:127.0.0.1 - - [03/Dec/2019 11:30:10] "GET /auth/kakao_oauth_redirect?__debugger__=yes&cmd=resource&f=console.png HTTP/1.1" 200 -
INFO:werkzeug:127.0.0.1 - - [03/Dec/2019 11:30:10] "GET /auth/kakao_oauth_redirect?__debugger__=yes&cmd=resource&f=console.png HTTP/1.1" 200 -
INFO:werkzeug: * Detected change in 'C:\\Users\\hbill\\PycharmProjects\\web_service\\views\\auth.py', reloading
INFO:werkzeug: * Restarting with stat
INFO:root:Flask Web Server Started
WARNING:werkzeug: * Debugger is active!
INFO:werkzeug: * Debugger PIN: 505-006-647
INFO:werkzeug: * Running on http://localhost:8080/ (Press CTRL+C to quit)
INFO:werkzeug: * Detected change in 'C:\\Users\\hbill\\PycharmProjects\\web_service\\views\\auth.py', reloading
INFO:werkzeug: * Restarting with stat
INFO:root:Flask Web Server Started
WARNING:werkzeug: * Debugger is active!
INFO:werkzeug: * Debugger PIN: 505-006-647
INFO:werkzeug: * Running on http://localhost:8080/ (Press CTRL+C to quit)
DEBUG:urllib3.connectionpool:Starting new HTTPS connection (1): kauth.kakao.com:443
DEBUG:urllib3.connectionpool:https://kauth.kakao.com:443 "POST /oauth/token HTTP/1.1" 400 None
INFO:werkzeug:127.0.0.1 - - [03/Dec/2019 11:31:20] "GET /auth/kakao_oauth_redirect?code=x0AfEMB2EvDlaREa9GirUNF89W6WBWcdyLoyBgLUzlKbz72hQQ_ZJvphl6T7d_B_Dndf4AorDR8AAAFuyZQ1ZA HTTP/1.1" 500 -
INFO:werkzeug:127.0.0.1 - - [03/Dec/2019 11:31:20] "GET /auth/kakao_oauth_redirect?__debugger__=yes&cmd=resource&f=style.css HTTP/1.1" 200 -
INFO:werkzeug:127.0.0.1 - - [03/Dec/2019 11:31:20] "GET /auth/kakao_oauth_redirect?__debugger__=yes&cmd=resource&f=jquery.js HTTP/1.1" 200 -
INFO:werkzeug:127.0.0.1 - - [03/Dec/2019 11:31:20] "GET /auth/kakao_oauth_redirect?__debugger__=yes&cmd=resource&f=debugger.js HTTP/1.1" 200 -
INFO:werkzeug:127.0.0.1 - - [03/Dec/2019 11:31:20] "GET /auth/kakao_oauth_redirect?__debugger__=yes&cmd=resource&f=ubuntu.ttf HTTP/1.1" 200 -
INFO:werkzeug:127.0.0.1 - - [03/Dec/2019 11:31:20] "GET /auth/kakao_oauth_redirect?__debugger__=yes&cmd=resource&f=console.png HTTP/1.1" 200 -
INFO:werkzeug:127.0.0.1 - - [03/Dec/2019 11:31:21] "GET /auth/kakao_oauth_redirect?__debugger__=yes&cmd=resource&f=console.png HTTP/1.1" 200 -
INFO:werkzeug: * Detected change in 'C:\\Users\\hbill\\PycharmProjects\\web_service\\views\\auth.py', reloading
INFO:werkzeug: * Restarting with stat
INFO:root:Flask Web Server Started
WARNING:werkzeug: * Debugger is active!
INFO:werkzeug: * Debugger PIN: 505-006-647
INFO:werkzeug: * Running on http://localhost:8080/ (Press CTRL+C to quit)
DEBUG:urllib3.connectionpool:Starting new HTTPS connection (1): kauth.kakao.com:443
DEBUG:urllib3.connectionpool:https://kauth.kakao.com:443 "POST /oauth/token HTTP/1.1" 400 None
INFO:werkzeug:127.0.0.1 - - [03/Dec/2019 11:32:16] "GET /auth/kakao_oauth_redirect?code=x0AfEMB2EvDlaREa9GirUNF89W6WBWcdyLoyBgLUzlKbz72hQQ_ZJvphl6T7d_B_Dndf4AorDR8AAAFuyZQ1ZA HTTP/1.1" 500 -
INFO:werkzeug:127.0.0.1 - - [03/Dec/2019 11:32:16] "GET /auth/kakao_oauth_redirect?__debugger__=yes&cmd=resource&f=style.css HTTP/1.1" 200 -
INFO:werkzeug:127.0.0.1 - - [03/Dec/2019 11:32:16] "GET /auth/kakao_oauth_redirect?__debugger__=yes&cmd=resource&f=jquery.js HTTP/1.1" 200 -
INFO:werkzeug:127.0.0.1 - - [03/Dec/2019 11:32:16] "GET /auth/kakao_oauth_redirect?__debugger__=yes&cmd=resource&f=debugger.js HTTP/1.1" 200 -
INFO:werkzeug:127.0.0.1 - - [03/Dec/2019 11:32:17] "GET /auth/kakao_oauth_redirect?__debugger__=yes&cmd=resource&f=ubuntu.ttf HTTP/1.1" 200 -
INFO:werkzeug:127.0.0.1 - - [03/Dec/2019 11:32:17] "GET /auth/kakao_oauth_redirect?__debugger__=yes&cmd=resource&f=console.png HTTP/1.1" 200 -
INFO:werkzeug:127.0.0.1 - - [03/Dec/2019 11:32:17] "GET /auth/kakao_oauth_redirect?__debugger__=yes&cmd=resource&f=console.png HTTP/1.1" 200 -
INFO:werkzeug:127.0.0.1 - - [03/Dec/2019 11:33:24] "GET /auth/login HTTP/1.1" 200 -
DEBUG:urllib3.connectionpool:Starting new HTTPS connection (1): kauth.kakao.com:443
DEBUG:urllib3.connectionpool:https://kauth.kakao.com:443 "POST /oauth/token HTTP/1.1" 200 None
INFO:werkzeug:127.0.0.1 - - [03/Dec/2019 11:33:26] "GET /auth/kakao_oauth_redirect?code=-g8RezDLMUTvCNxj4MyNATVjUfDKVjRGIwJt9rydktuMAy0f1oENE4V2Bw0pLYjFmPo1VAo9dRoAAAFuyZsS6A HTTP/1.1" 500 -
INFO:werkzeug:127.0.0.1 - - [03/Dec/2019 11:33:26] "GET /auth/kakao_oauth_redirect?__debugger__=yes&cmd=resource&f=style.css HTTP/1.1" 200 -
INFO:werkzeug:127.0.0.1 - - [03/Dec/2019 11:33:27] "GET /auth/kakao_oauth_redirect?__debugger__=yes&cmd=resource&f=jquery.js HTTP/1.1" 200 -
INFO:werkzeug:127.0.0.1 - - [03/Dec/2019 11:33:27] "GET /auth/kakao_oauth_redirect?__debugger__=yes&cmd=resource&f=debugger.js HTTP/1.1" 200 -
INFO:werkzeug:127.0.0.1 - - [03/Dec/2019 11:33:27] "GET /auth/kakao_oauth_redirect?__debugger__=yes&cmd=resource&f=ubuntu.ttf HTTP/1.1" 200 -
INFO:werkzeug:127.0.0.1 - - [03/Dec/2019 11:33:27] "GET /auth/kakao_oauth_redirect?__debugger__=yes&cmd=resource&f=console.png HTTP/1.1" 200 -
INFO:werkzeug: * Detected change in 'C:\\Users\\hbill\\PycharmProjects\\web_service\\views\\auth.py', reloading
INFO:werkzeug: * Restarting with stat
INFO:root:Flask Web Server Started
WARNING:werkzeug: * Debugger is active!
INFO:werkzeug: * Debugger PIN: 505-006-647
INFO:werkzeug: * Running on http://localhost:8080/ (Press CTRL+C to quit)
INFO:werkzeug:127.0.0.1 - - [03/Dec/2019 11:36:52] "GET /auth/login HTTP/1.1" 200 -
DEBUG:urllib3.connectionpool:Starting new HTTPS connection (1): kauth.kakao.com:443
DEBUG:urllib3.connectionpool:https://kauth.kakao.com:443 "POST /oauth/token HTTP/1.1" 200 None
DEBUG:urllib3.connectionpool:Starting new HTTPS connection (1): kapi.kakao.com:443
DEBUG:urllib3.connectionpool:https://kapi.kakao.com:443 "POST /v2/user/me HTTP/1.1" 200 756
INFO:werkzeug:127.0.0.1 - - [03/Dec/2019 11:36:55] "GET /auth/kakao_oauth_redirect?code=WyloB8b5xge9EvsjCD_7C5YCJvJ12dAtI9bTmsjguBWh0UIg-bf4rUqFwhkR5J95-lTcrQo9eCIAAAFuyZ5Adg HTTP/1.1" 500 -
INFO:werkzeug:127.0.0.1 - - [03/Dec/2019 11:36:55] "GET /auth/kakao_oauth_redirect?__debugger__=yes&cmd=resource&f=style.css HTTP/1.1" 200 -
INFO:werkzeug:127.0.0.1 - - [03/Dec/2019 11:36:55] "GET /auth/kakao_oauth_redirect?__debugger__=yes&cmd=resource&f=jquery.js HTTP/1.1" 200 -
INFO:werkzeug:127.0.0.1 - - [03/Dec/2019 11:36:55] "GET /auth/kakao_oauth_redirect?__debugger__=yes&cmd=resource&f=debugger.js HTTP/1.1" 200 -
INFO:werkzeug:127.0.0.1 - - [03/Dec/2019 11:36:55] "GET /auth/kakao_oauth_redirect?__debugger__=yes&cmd=resource&f=ubuntu.ttf HTTP/1.1" 200 -
INFO:werkzeug:127.0.0.1 - - [03/Dec/2019 11:36:55] "GET /auth/kakao_oauth_redirect?__debugger__=yes&cmd=resource&f=console.png HTTP/1.1" 200 -
INFO:werkzeug: * Detected change in 'C:\\Users\\hbill\\PycharmProjects\\web_service\\views\\auth.py', reloading
INFO:werkzeug: * Restarting with stat
INFO:root:Flask Web Server Started
WARNING:werkzeug: * Debugger is active!
INFO:werkzeug: * Debugger PIN: 505-006-647
INFO:werkzeug: * Running on http://localhost:8080/ (Press CTRL+C to quit)
INFO:werkzeug:127.0.0.1 - - [03/Dec/2019 11:37:18] "GET /auth/login HTTP/1.1" 200 -
DEBUG:urllib3.connectionpool:Starting new HTTPS connection (1): kauth.kakao.com:443
DEBUG:urllib3.connectionpool:https://kauth.kakao.com:443 "POST /oauth/token HTTP/1.1" 200 None
DEBUG:urllib3.connectionpool:Starting new HTTPS connection (1): kapi.kakao.com:443
DEBUG:urllib3.connectionpool:https://kapi.kakao.com:443 "POST /v2/user/me HTTP/1.1" 200 756
INFO:werkzeug:127.0.0.1 - - [03/Dec/2019 11:37:20] "GET /auth/kakao_oauth_redirect?code=XeeHGe3j7--O-LcaS9OT4q_Su1ZyzbPgQDGTy_9_hdyQ2-Gfkq1yQBBcdFXiOGv9iyzkRQo9eCIAAAFuyZ6i5Q HTTP/1.1" 500 -
INFO:werkzeug:127.0.0.1 - - [03/Dec/2019 11:37:20] "GET /auth/kakao_oauth_redirect?__debugger__=yes&cmd=resource&f=style.css HTTP/1.1" 200 -
INFO:werkzeug:127.0.0.1 - - [03/Dec/2019 11:37:20] "GET /auth/kakao_oauth_redirect?__debugger__=yes&cmd=resource&f=jquery.js HTTP/1.1" 200 -
INFO:werkzeug:127.0.0.1 - - [03/Dec/2019 11:37:20] "GET /auth/kakao_oauth_redirect?__debugger__=yes&cmd=resource&f=debugger.js HTTP/1.1" 200 -
INFO:werkzeug:127.0.0.1 - - [03/Dec/2019 11:37:21] "GET /auth/kakao_oauth_redirect?__debugger__=yes&cmd=resource&f=ubuntu.ttf HTTP/1.1" 200 -
INFO:werkzeug:127.0.0.1 - - [03/Dec/2019 11:37:21] "GET /auth/kakao_oauth_redirect?__debugger__=yes&cmd=resource&f=console.png HTTP/1.1" 200 -
INFO:werkzeug: * Detected change in 'C:\\Users\\hbill\\PycharmProjects\\web_service\\views\\auth.py', reloading
INFO:werkzeug: * Restarting with stat
INFO:root:Flask Web Server Started
WARNING:werkzeug: * Debugger is active!
INFO:werkzeug: * Debugger PIN: 505-006-647
INFO:werkzeug: * Running on http://localhost:8080/ (Press CTRL+C to quit)
INFO:werkzeug:127.0.0.1 - - [03/Dec/2019 11:37:52] "GET /auth/login HTTP/1.1" 200 -
DEBUG:urllib3.connectionpool:Starting new HTTPS connection (1): kauth.kakao.com:443
DEBUG:urllib3.connectionpool:https://kauth.kakao.com:443 "POST /oauth/token HTTP/1.1" 200 None
DEBUG:urllib3.connectionpool:Starting new HTTPS connection (1): kapi.kakao.com:443
DEBUG:urllib3.connectionpool:https://kapi.kakao.com:443 "POST /v2/user/me HTTP/1.1" 200 756
INFO:werkzeug:127.0.0.1 - - [03/Dec/2019 11:37:54] "GET /auth/kakao_oauth_redirect?code=9eoWvj_l8a5dQX_NwSBQOR_l19YCFuuiO5VoHdIUFx2erC255WMNX0w8vHR4pe3t69asewo9dqQAAAFuyZ8msA HTTP/1.1" 500 -
INFO:werkzeug:127.0.0.1 - - [03/Dec/2019 11:37:54] "GET /auth/kakao_oauth_redirect?__debugger__=yes&cmd=resource&f=style.css HTTP/1.1" 200 -
INFO:werkzeug:127.0.0.1 - - [03/Dec/2019 11:37:54] "GET /auth/kakao_oauth_redirect?__debugger__=yes&cmd=resource&f=jquery.js HTTP/1.1" 200 -
INFO:werkzeug:127.0.0.1 - - [03/Dec/2019 11:37:54] "GET /auth/kakao_oauth_redirect?__debugger__=yes&cmd=resource&f=debugger.js HTTP/1.1" 200 -
INFO:werkzeug:127.0.0.1 - - [03/Dec/2019 11:37:54] "GET /auth/kakao_oauth_redirect?__debugger__=yes&cmd=resource&f=ubuntu.ttf HTTP/1.1" 200 -
INFO:werkzeug:127.0.0.1 - - [03/Dec/2019 11:37:54] "GET /auth/kakao_oauth_redirect?__debugger__=yes&cmd=resource&f=console.png HTTP/1.1" 200 -
INFO:werkzeug:127.0.0.1 - - [03/Dec/2019 11:40:34] "GET /auth/login HTTP/1.1" 200 -
DEBUG:urllib3.connectionpool:Starting new HTTPS connection (1): kauth.kakao.com:443
DEBUG:urllib3.connectionpool:https://kauth.kakao.com:443 "POST /oauth/token HTTP/1.1" 200 None
DEBUG:urllib3.connectionpool:Starting new HTTPS connection (1): kapi.kakao.com:443
DEBUG:urllib3.connectionpool:https://kapi.kakao.com:443 "POST /v2/user/me HTTP/1.1" 200 885
INFO:werkzeug:127.0.0.1 - - [03/Dec/2019 11:40:41] "GET /auth/kakao_oauth_redirect?code=hlbl1c6aBiH67Zk3yOsH0R-f_aiViTpiXenSh_iJjlYyebeyK4fzu3x6cVTkAaDIZzILQQoqAq4AAAFuyaG11Q HTTP/1.1" 500 -
INFO:werkzeug:127.0.0.1 - - [03/Dec/2019 11:40:42] "GET /auth/kakao_oauth_redirect?__debugger__=yes&cmd=resource&f=style.css HTTP/1.1" 200 -
INFO:werkzeug:127.0.0.1 - - [03/Dec/2019 11:40:42] "GET /auth/kakao_oauth_redirect?__debugger__=yes&cmd=resource&f=debugger.js HTTP/1.1" 200 -
INFO:werkzeug:127.0.0.1 - - [03/Dec/2019 11:40:42] "GET /auth/kakao_oauth_redirect?__debugger__=yes&cmd=resource&f=jquery.js HTTP/1.1" 200 -
INFO:werkzeug:127.0.0.1 - - [03/Dec/2019 11:40:42] "GET /auth/kakao_oauth_redirect?__debugger__=yes&cmd=resource&f=ubuntu.ttf HTTP/1.1" 200 -
INFO:werkzeug:127.0.0.1 - - [03/Dec/2019 11:40:42] "GET /auth/kakao_oauth_redirect?__debugger__=yes&cmd=resource&f=console.png HTTP/1.1" 200 -
INFO:werkzeug: * Detected change in 'C:\\Users\\hbill\\PycharmProjects\\web_service\\views\\auth.py', reloading
INFO:werkzeug: * Restarting with stat
INFO:root:Flask Web Server Started
WARNING:werkzeug: * Debugger is active!
INFO:werkzeug: * Debugger PIN: 505-006-647
INFO:werkzeug: * Running on http://localhost:8080/ (Press CTRL+C to quit)
DEBUG:urllib3.connectionpool:Starting new HTTPS connection (1): kauth.kakao.com:443
DEBUG:urllib3.connectionpool:https://kauth.kakao.com:443 "POST /oauth/token HTTP/1.1" 400 None
INFO:werkzeug:127.0.0.1 - - [03/Dec/2019 11:41:21] "GET /auth/kakao_oauth_redirect?code=hlbl1c6aBiH67Zk3yOsH0R-f_aiViTpiXenSh_iJjlYyebeyK4fzu3x6cVTkAaDIZzILQQoqAq4AAAFuyaG11Q HTTP/1.1" 500 -
INFO:werkzeug:127.0.0.1 - - [03/Dec/2019 11:41:21] "GET /auth/kakao_oauth_redirect?__debugger__=yes&cmd=resource&f=style.css HTTP/1.1" 200 -
INFO:werkzeug:127.0.0.1 - - [03/Dec/2019 11:41:22] "GET /auth/kakao_oauth_redirect?__debugger__=yes&cmd=resource&f=jquery.js HTTP/1.1" 200 -
INFO:werkzeug:127.0.0.1 - - [03/Dec/2019 11:41:22] "GET /auth/kakao_oauth_redirect?__debugger__=yes&cmd=resource&f=debugger.js HTTP/1.1" 200 -
INFO:werkzeug:127.0.0.1 - - [03/Dec/2019 11:41:22] "GET /auth/kakao_oauth_redirect?__debugger__=yes&cmd=resource&f=ubuntu.ttf HTTP/1.1" 200 -
INFO:werkzeug:127.0.0.1 - - [03/Dec/2019 11:41:22] "GET /auth/kakao_oauth_redirect?__debugger__=yes&cmd=resource&f=console.png HTTP/1.1" 200 -
INFO:werkzeug:127.0.0.1 - - [03/Dec/2019 11:41:22] "GET /auth/kakao_oauth_redirect?__debugger__=yes&cmd=resource&f=console.png HTTP/1.1" 200 -
DEBUG:urllib3.connectionpool:Starting new HTTPS connection (1): kauth.kakao.com:443
DEBUG:urllib3.connectionpool:https://kauth.kakao.com:443 "POST /oauth/token HTTP/1.1" 200 None
DEBUG:urllib3.connectionpool:Starting new HTTPS connection (1): kapi.kakao.com:443
DEBUG:urllib3.connectionpool:https://kapi.kakao.com:443 "POST /v2/user/me HTTP/1.1" 200 885
INFO:werkzeug:127.0.0.1 - - [03/Dec/2019 11:42:33] "GET /auth/kakao_oauth_redirect?code=AHW0OyjGPGaTeQJ7SR-S0O3oso76TY0nCasFsW5bZ5MfRFHPQPQfgX0UVi2ZJMeoo3SfuQo9dqQAAAFuyaNptg HTTP/1.1" 302 -
INFO:werkzeug:127.0.0.1 - - [03/Dec/2019 11:42:36] "GET /auth/login HTTP/1.1" 302 -
INFO:werkzeug:127.0.0.1 - - [03/Dec/2019 11:42:36] "GET / HTTP/1.1" 200 -
INFO:werkzeug:127.0.0.1 - - [03/Dec/2019 11:42:40] "GET /auth/my_page HTTP/1.1" 200 -
DEBUG:urllib3.connectionpool:Starting new HTTPS connection (1): kapi.kakao.com:443
DEBUG:urllib3.connectionpool:https://kapi.kakao.com:443 "POST /v1/user/logout HTTP/1.1" 200 17
INFO:werkzeug:127.0.0.1 - - [03/Dec/2019 11:42:50] "GET /auth/logout HTTP/1.1" 302 -
INFO:werkzeug:127.0.0.1 - - [03/Dec/2019 11:42:50] "GET / HTTP/1.1" 200 -
INFO:werkzeug:127.0.0.1 - - [03/Dec/2019 11:42:53] "GET /auth/login HTTP/1.1" 200 -
DEBUG:urllib3.connectionpool:Starting new HTTPS connection (1): kauth.kakao.com:443
DEBUG:urllib3.connectionpool:https://kauth.kakao.com:443 "POST /oauth/token HTTP/1.1" 200 None
DEBUG:urllib3.connectionpool:Starting new HTTPS connection (1): kapi.kakao.com:443
DEBUG:urllib3.connectionpool:https://kapi.kakao.com:443 "POST /v2/user/me HTTP/1.1" 200 885
INFO:werkzeug:127.0.0.1 - - [03/Dec/2019 11:42:54] "GET /auth/kakao_oauth_redirect?code=zaNoTNC7rAwJ_eH0oVXiWCos5NifMdxfp--9PstLGqCqPfirFKY3fbwy6GWjvJe3GBoZ0Qo9dqQAAAFuyaO8vg HTTP/1.1" 302 -
INFO:werkzeug:127.0.0.1 - - [03/Dec/2019 11:42:54] "GET / HTTP/1.1" 200 -
INFO:werkzeug: * Detected change in 'C:\\Users\\hbill\\PycharmProjects\\web_service\\views\\auth.py', reloading
INFO:werkzeug: * Restarting with stat
INFO:root:Flask Web Server Started
WARNING:werkzeug: * Debugger is active!
INFO:werkzeug: * Debugger PIN: 505-006-647
INFO:werkzeug: * Running on http://localhost:8080/ (Press CTRL+C to quit)
INFO:werkzeug:127.0.0.1 - - [03/Dec/2019 11:43:14] "GET / HTTP/1.1" 200 -
INFO:werkzeug:127.0.0.1 - - [03/Dec/2019 11:43:15] "GET /auth/login HTTP/1.1" 200 -
DEBUG:urllib3.connectionpool:Starting new HTTPS connection (1): kauth.kakao.com:443
DEBUG:urllib3.connectionpool:https://kauth.kakao.com:443 "POST /oauth/token HTTP/1.1" 200 None
DEBUG:urllib3.connectionpool:Starting new HTTPS connection (1): kapi.kakao.com:443
DEBUG:urllib3.connectionpool:https://kapi.kakao.com:443 "POST /v2/user/me HTTP/1.1" 200 885
INFO:werkzeug:127.0.0.1 - - [03/Dec/2019 11:43:18] "GET /auth/kakao_oauth_redirect?code=RBIK8AxHxgfrzXiclmYIb4CxLZXDq1-6wVRrgRv9X8FOT9yXHao-jeiEvKbewsbklI5X4wo9dqQAAAFuyaQYJQ HTTP/1.1" 500 -
INFO:werkzeug:127.0.0.1 - - [03/Dec/2019 11:43:18] "GET /auth/kakao_oauth_redirect?__debugger__=yes&cmd=resource&f=style.css HTTP/1.1" 200 -
INFO:werkzeug:127.0.0.1 - - [03/Dec/2019 11:43:18] "GET /auth/kakao_oauth_redirect?__debugger__=yes&cmd=resource&f=jquery.js HTTP/1.1" 200 -
INFO:werkzeug:127.0.0.1 - - [03/Dec/2019 11:43:18] "GET /auth/kakao_oauth_redirect?__debugger__=yes&cmd=resource&f=debugger.js HTTP/1.1" 200 -
INFO:werkzeug:127.0.0.1 - - [03/Dec/2019 11:43:18] "GET /auth/kakao_oauth_redirect?__debugger__=yes&cmd=resource&f=ubuntu.ttf HTTP/1.1" 200 -
INFO:werkzeug:127.0.0.1 - - [03/Dec/2019 11:43:18] "GET /auth/kakao_oauth_redirect?__debugger__=yes&cmd=resource&f=console.png HTTP/1.1" 200 -
INFO:werkzeug: * Detected change in 'C:\\Users\\hbill\\PycharmProjects\\web_service\\views\\auth.py', reloading
INFO:werkzeug: * Restarting with stat
INFO:root:Flask Web Server Started
WARNING:werkzeug: * Debugger is active!
INFO:werkzeug: * Debugger PIN: 505-006-647
INFO:werkzeug: * Running on http://localhost:8080/ (Press CTRL+C to quit)
DEBUG:urllib3.connectionpool:Starting new HTTPS connection (1): kauth.kakao.com:443
DEBUG:urllib3.connectionpool:https://kauth.kakao.com:443 "POST /oauth/token HTTP/1.1" 400 None
INFO:werkzeug:127.0.0.1 - - [03/Dec/2019 11:43:23] "GET /auth/kakao_oauth_redirect?code=RBIK8AxHxgfrzXiclmYIb4CxLZXDq1-6wVRrgRv9X8FOT9yXHao-jeiEvKbewsbklI5X4wo9dqQAAAFuyaQYJQ HTTP/1.1" 500 -
INFO:werkzeug:127.0.0.1 - - [03/Dec/2019 11:43:24] "GET /auth/kakao_oauth_redirect?__debugger__=yes&cmd=resource&f=style.css HTTP/1.1" 200 -
INFO:werkzeug:127.0.0.1 - - [03/Dec/2019 11:43:24] "GET /auth/kakao_oauth_redirect?__debugger__=yes&cmd=resource&f=jquery.js HTTP/1.1" 200 -
INFO:werkzeug:127.0.0.1 - - [03/Dec/2019 11:43:24] "GET /auth/kakao_oauth_redirect?__debugger__=yes&cmd=resource&f=debugger.js HTTP/1.1" 200 -
INFO:werkzeug:127.0.0.1 - - [03/Dec/2019 11:43:24] "GET /auth/kakao_oauth_redirect?__debugger__=yes&cmd=resource&f=console.png HTTP/1.1" 200 -
INFO:werkzeug:127.0.0.1 - - [03/Dec/2019 11:43:24] "GET /auth/kakao_oauth_redirect?__debugger__=yes&cmd=resource&f=ubuntu.ttf HTTP/1.1" 200 -
INFO:werkzeug:127.0.0.1 - - [03/Dec/2019 11:43:24] "GET /auth/kakao_oauth_redirect?__debugger__=yes&cmd=resource&f=console.png HTTP/1.1" 200 -
INFO:werkzeug:127.0.0.1 - - [03/Dec/2019 11:43:28] "GET /auth/login HTTP/1.1" 200 -
DEBUG:urllib3.connectionpool:Starting new HTTPS connection (1): kauth.kakao.com:443
DEBUG:urllib3.connectionpool:https://kauth.kakao.com:443 "POST /oauth/token HTTP/1.1" 200 None
DEBUG:urllib3.connectionpool:Starting new HTTPS connection (1): kapi.kakao.com:443
DEBUG:urllib3.connectionpool:https://kapi.kakao.com:443 "POST /v2/user/me HTTP/1.1" 200 885
INFO:werkzeug:127.0.0.1 - - [03/Dec/2019 11:43:30] "GET /auth/kakao_oauth_redirect?code=hJYVoAt35qWoCSyeVO40CVXWw9cdFfft_QcXzVRGLHikd9ylMF9toTnJ_-gaGQi0OLu0mwo9dqQAAAFuyaRKKQ HTTP/1.1" 500 -
INFO:werkzeug:127.0.0.1 - - [03/Dec/2019 11:43:31] "GET /auth/kakao_oauth_redirect?__debugger__=yes&cmd=resource&f=jquery.js HTTP/1.1" 200 -
INFO:werkzeug:127.0.0.1 - - [03/Dec/2019 11:43:31] "GET /auth/kakao_oauth_redirect?__debugger__=yes&cmd=resource&f=style.css HTTP/1.1" 200 -
INFO:werkzeug:127.0.0.1 - - [03/Dec/2019 11:43:31] "GET /auth/kakao_oauth_redirect?__debugger__=yes&cmd=resource&f=debugger.js HTTP/1.1" 200 -
INFO:werkzeug:127.0.0.1 - - [03/Dec/2019 11:43:31] "GET /auth/kakao_oauth_redirect?__debugger__=yes&cmd=resource&f=ubuntu.ttf HTTP/1.1" 200 -
INFO:werkzeug:127.0.0.1 - - [03/Dec/2019 11:43:31] "GET /auth/kakao_oauth_redirect?__debugger__=yes&cmd=resource&f=console.png HTTP/1.1" 200 -
INFO:werkzeug:127.0.0.1 - - [03/Dec/2019 11:43:32] "GET /auth/login HTTP/1.1" 200 -
INFO:werkzeug: * Detected change in 'C:\\Users\\hbill\\PycharmProjects\\web_service\\views\\auth.py', reloading
INFO:werkzeug: * Restarting with stat
INFO:root:Flask Web Server Started
WARNING:werkzeug: * Debugger is active!
INFO:werkzeug: * Debugger PIN: 505-006-647
INFO:werkzeug: * Running on http://localhost:8080/ (Press CTRL+C to quit)
DEBUG:urllib3.connectionpool:Starting new HTTPS connection (1): kauth.kakao.com:443
DEBUG:urllib3.connectionpool:https://kauth.kakao.com:443 "POST /oauth/token HTTP/1.1" 200 None
DEBUG:urllib3.connectionpool:Starting new HTTPS connection (1): kapi.kakao.com:443
DEBUG:urllib3.connectionpool:https://kapi.kakao.com:443 "POST /v2/user/me HTTP/1.1" 200 885
INFO:werkzeug:127.0.0.1 - - [03/Dec/2019 11:43:38] "GET /auth/kakao_oauth_redirect?code=17z4AxcMYTTjsI5U4Wve0dEPmv0OgPDsUEh65Zu-BIE2B-_HLqPn2ra1OJw1chySgW4d2wo9dqQAAAFuyaRllg HTTP/1.1" 302 -
INFO:werkzeug:127.0.0.1 - - [03/Dec/2019 11:43:38] "GET / HTTP/1.1" 200 -
INFO:werkzeug:127.0.0.1 - - [03/Dec/2019 11:43:40] "GET /auth/my_page HTTP/1.1" 200 -
INFO:werkzeug:127.0.0.1 - - [03/Dec/2019 11:44:20] "GET / HTTP/1.1" 200 -
INFO:werkzeug:127.0.0.1 - - [03/Dec/2019 11:44:21] "GET /static/assets/css/material-dashboard.css?v=2.1.1 HTTP/1.1" 200 -
INFO:werkzeug:127.0.0.1 - - [03/Dec/2019 11:44:24] "GET /auth/login HTTP/1.1" 200 -
INFO:werkzeug:127.0.0.1 - - [03/Dec/2019 11:44:24] "GET /static/assets/js/core/jquery.min.js HTTP/1.1" 200 -
INFO:werkzeug:127.0.0.1 - - [03/Dec/2019 11:44:24] "GET /static/assets/js/core/popper.min.js HTTP/1.1" 200 -
INFO:werkzeug:127.0.0.1 - - [03/Dec/2019 11:44:24] "GET /static/assets/js/plugins/perfect-scrollbar.jquery.min.js HTTP/1.1" 200 -
INFO:werkzeug:127.0.0.1 - - [03/Dec/2019 11:44:24] "GET /static/assets/js/core/bootstrap-material-design.min.js HTTP/1.1" 200 -
INFO:werkzeug:127.0.0.1 - - [03/Dec/2019 11:44:24] "GET /static/assets/js/plugins/chartist.min.js HTTP/1.1" 200 -
INFO:werkzeug:127.0.0.1 - - [03/Dec/2019 11:44:24] "GET /static/assets/js/plugins/bootstrap-notify.js HTTP/1.1" 200 -
INFO:werkzeug:127.0.0.1 - - [03/Dec/2019 11:44:25] "GET /static/images/kakao_account_login_btn_medium_narrow.png HTTP/1.1" 200 -
INFO:werkzeug:127.0.0.1 - - [03/Dec/2019 11:44:25] "GET /static/assets/js/material-dashboard.js?v=2.1.1 HTTP/1.1" 200 -
DEBUG:urllib3.connectionpool:Starting new HTTPS connection (1): kauth.kakao.com:443
DEBUG:urllib3.connectionpool:https://kauth.kakao.com:443 "POST /oauth/token HTTP/1.1" 200 None
INFO:werkzeug:127.0.0.1 - - [03/Dec/2019 11:45:06] "GET /auth/kakao_oauth_redirect?code=0jSNvzVJFRVklZC5RIvOg-6T8CpPCDFs-JKy2bIIg9AadMvV8yl6Rcor7am7y9MQ_9dhHQopdXYAAAFuyaW-1Q HTTP/1.1" 302 -
INFO:werkzeug:127.0.0.1 - - [03/Dec/2019 11:45:06] "GET / HTTP/1.1" 200 -
INFO:werkzeug:127.0.0.1 - - [03/Dec/2019 11:45:17] "GET /auth/my_page HTTP/1.1" 200 -
DEBUG:urllib3.connectionpool:Starting new HTTPS connection (1): dapi.kakao.com:443
DEBUG:urllib3.connectionpool:https://dapi.kakao.com:443 "GET /v2/search/image?query=%EC%95%84%EC%9D%B4%EC%9C%A0 HTTP/1.1" 200 None
INFO:werkzeug:127.0.0.1 - - [03/Dec/2019 11:47:20] "GET /menus/images HTTP/1.1" 200 -
DEBUG:urllib3.connectionpool:Starting new HTTPS connection (1): dapi.kakao.com:443
DEBUG:urllib3.connectionpool:https://dapi.kakao.com:443 "GET /v2/search/image?query=%EC%95%84%EC%9D%B4%EC%9C%A0 HTTP/1.1" 200 None
INFO:werkzeug:127.0.0.1 - - [03/Dec/2019 11:50:36] "GET /menus/images HTTP/1.1" 200 -
INFO:werkzeug:127.0.0.1 - - [03/Dec/2019 11:50:39] "GET / HTTP/1.1" 200 -
INFO:werkzeug:127.0.0.1 - - [03/Dec/2019 11:50:40] "GET / HTTP/1.1" 200 -
INFO:werkzeug: * Detected change in 'C:\\Users\\hbill\\PycharmProjects\\web_service\\application.py', reloading
INFO:werkzeug: * Restarting with stat
INFO:root:Flask Web Server Started
WARNING:werkzeug: * Debugger is active!
INFO:werkzeug: * Debugger PIN: 505-006-647
INFO:werkzeug: * Running on http://localhost:8080/ (Press CTRL+C to quit)
INFO:werkzeug:127.0.0.1 - - [03/Dec/2019 11:52:28] "GET / HTTP/1.1" 200 -
INFO:werkzeug:127.0.0.1 - - [03/Dec/2019 11:52:29] "GET / HTTP/1.1" 200 -
INFO:werkzeug:127.0.0.1 - - [03/Dec/2019 11:52:31] "GET /auth/login HTTP/1.1" 200 -
DEBUG:urllib3.connectionpool:Starting new HTTPS connection (1): kauth.kakao.com:443
DEBUG:urllib3.connectionpool:https://kauth.kakao.com:443 "POST /oauth/token HTTP/1.1" 200 None
DEBUG:urllib3.connectionpool:Starting new HTTPS connection (1): kapi.kakao.com:443
DEBUG:urllib3.connectionpool:https://kapi.kakao.com:443 "POST /v2/user/me HTTP/1.1" 200 885
INFO:werkzeug:127.0.0.1 - - [03/Dec/2019 11:52:34] "GET /auth/kakao_oauth_redirect?code=ohB1Zt6RPzES1eF-gxPoB_5vBcle2N52iTbaBlh01chgqy9wcTPvtvGkYcYs9G0ZBPFgfgopyNoAAAFuyayV-A HTTP/1.1" 302 -
INFO:werkzeug:127.0.0.1 - - [03/Dec/2019 11:52:34] "GET / HTTP/1.1" 200 -
INFO:werkzeug:127.0.0.1 - - [03/Dec/2019 11:52:37] "GET / HTTP/1.1" 200 -
INFO:werkzeug:127.0.0.1 - - [03/Dec/2019 11:52:39] "GET / HTTP/1.1" 200 -
DEBUG:urllib3.connectionpool:Starting new HTTPS connection (1): dapi.kakao.com:443
DEBUG:urllib3.connectionpool:https://dapi.kakao.com:443 "GET /v2/search/image?query=%EC%95%84%EC%9D%B4%EC%9C%A0 HTTP/1.1" 200 None
INFO:werkzeug:127.0.0.1 - - [03/Dec/2019 11:52:42] "GET /menus/images HTTP/1.1" 200 -
INFO:werkzeug:127.0.0.1 - - [03/Dec/2019 11:52:44] "GET / HTTP/1.1" 200 -
INFO:werkzeug: * Detected change in 'C:\\Users\\hbill\\PycharmProjects\\web_service\\application.py', reloading
INFO:werkzeug: * Restarting with stat
INFO:root:Flask Web Server Started
WARNING:werkzeug: * Debugger is active!
INFO:werkzeug: * Debugger PIN: 505-006-647
INFO:werkzeug: * Running on http://localhost:8080/ (Press CTRL+C to quit)
INFO:werkzeug: * Detected change in 'C:\\Users\\hbill\\PycharmProjects\\web_service\\views\\auth.py', reloading
INFO:werkzeug: * Restarting with stat
INFO:root:Flask Web Server Started
WARNING:werkzeug: * Debugger is active!
INFO:werkzeug: * Debugger PIN: 505-006-647
INFO:werkzeug: * Running on http://localhost:8080/ (Press CTRL+C to quit)
INFO:werkzeug:127.0.0.1 - - [03/Dec/2019 11:53:57] "GET / HTTP/1.1" 200 -
INFO:werkzeug:127.0.0.1 - - [03/Dec/2019 11:53:59] "GET /auth/login HTTP/1.1" 200 -
DEBUG:urllib3.connectionpool:Starting new HTTPS connection (1): kauth.kakao.com:443
DEBUG:urllib3.connectionpool:https://kauth.kakao.com:443 "POST /oauth/token HTTP/1.1" 200 None
DEBUG:urllib3.connectionpool:Starting new HTTPS connection (1): kapi.kakao.com:443
DEBUG:urllib3.connectionpool:https://kapi.kakao.com:443 "POST /v2/user/me HTTP/1.1" 200 885
INFO:werkzeug:127.0.0.1 - - [03/Dec/2019 11:54:02] "GET /auth/kakao_oauth_redirect?code=QZ94cwy57-jI1gnGY8ko68TRjZoVM6-hOoocsLJ2Zj0lwDcnLHUhFiF3wK5VwP_FLtLRcQo9dVsAAAFuya3qOw HTTP/1.1" 302 -
INFO:werkzeug:127.0.0.1 - - [03/Dec/2019 11:54:02] "GET / HTTP/1.1" 200 -
INFO:werkzeug: * Detected change in 'C:\\Users\\hbill\\PycharmProjects\\web_service\\views\\auth.py', reloading
INFO:werkzeug: * Restarting with stat
INFO:root:Flask Web Server Started
WARNING:werkzeug: * Debugger is active!
INFO:werkzeug: * Debugger PIN: 505-006-647
INFO:werkzeug: * Running on http://localhost:8080/ (Press CTRL+C to quit)
INFO:werkzeug:127.0.0.1 - - [03/Dec/2019 11:54:51] "GET / HTTP/1.1" 200 -
INFO:werkzeug:127.0.0.1 - - [03/Dec/2019 11:54:53] "GET /auth/login HTTP/1.1" 200 -
DEBUG:urllib3.connectionpool:Starting new HTTPS connection (1): kauth.kakao.com:443
DEBUG:urllib3.connectionpool:https://kauth.kakao.com:443 "POST /oauth/token HTTP/1.1" 200 None
DEBUG:urllib3.connectionpool:Starting new HTTPS connection (1): kapi.kakao.com:443
DEBUG:urllib3.connectionpool:https://kapi.kakao.com:443 "POST /v2/user/me HTTP/1.1" 200 885
INFO:werkzeug:127.0.0.1 - - [03/Dec/2019 11:54:55] "GET /auth/kakao_oauth_redirect?code=sFcAeWxQW4zBLEgqdUlODQaS74y8xEj4UXixN4lKe5PI4lPzAoOxae6uCtambuGrNelWPAo9dZwAAAFuya67cQ HTTP/1.1" 302 -
INFO:werkzeug:127.0.0.1 - - [03/Dec/2019 11:54:55] "GET / HTTP/1.1" 200 -
INFO:werkzeug: * Detected change in 'C:\\Users\\hbill\\PycharmProjects\\web_service\\views\\auth.py', reloading
INFO:werkzeug: * Restarting with stat
INFO:root:Flask Web Server Started
WARNING:werkzeug: * Debugger is active!
INFO:werkzeug: * Debugger PIN: 505-006-647
INFO:werkzeug: * Running on http://localhost:8080/ (Press CTRL+C to quit)
INFO:werkzeug:127.0.0.1 - - [03/Dec/2019 11:55:45] "GET /auth/my_page HTTP/1.1" 401 -
INFO:werkzeug:127.0.0.1 - - [03/Dec/2019 11:55:49] "GET / HTTP/1.1" 200 -
INFO:werkzeug:127.0.0.1 - - [03/Dec/2019 11:55:53] "GET /auth/login HTTP/1.1" 200 -
DEBUG:urllib3.connectionpool:Starting new HTTPS connection (1): kauth.kakao.com:443
DEBUG:urllib3.connectionpool:https://kauth.kakao.com:443 "POST /oauth/token HTTP/1.1" 200 None
DEBUG:urllib3.connectionpool:Starting new HTTPS connection (1): kapi.kakao.com:443
DEBUG:urllib3.connectionpool:https://kapi.kakao.com:443 "POST /v2/user/me HTTP/1.1" 200 885
INFO:werkzeug:127.0.0.1 - - [03/Dec/2019 11:55:55] "GET /auth/kakao_oauth_redirect?code=_1a0kvkV17l1L73SWgk_210Ktt3BD-NLNxWJlFuj-bHcQvyQ7QCtzlp1FdsAM1XZcylPego9eCIAAAFuya-l0Q HTTP/1.1" 302 -
INFO:werkzeug:127.0.0.1 - - [03/Dec/2019 11:55:55] "GET / HTTP/1.1" 200 -
INFO:werkzeug:127.0.0.1 - - [03/Dec/2019 11:55:57] "GET /auth/my_page HTTP/1.1" 200 -
INFO:werkzeug: * Detected change in 'C:\\Users\\hbill\\PycharmProjects\\web_service\\views\\auth.py', reloading
INFO:werkzeug: * Restarting with stat
INFO:root:Flask Web Server Started
WARNING:werkzeug: * Debugger is active!
INFO:werkzeug: * Debugger PIN: 505-006-647
INFO:werkzeug: * Running on http://localhost:8080/ (Press CTRL+C to quit)
INFO:werkzeug:127.0.0.1 - - [03/Dec/2019 11:58:08] "GET /auth/my_page HTTP/1.1" 401 -
INFO:werkzeug:127.0.0.1 - - [03/Dec/2019 11:58:11] "GET /auth/my_page HTTP/1.1" 401 -
INFO:werkzeug:127.0.0.1 - - [03/Dec/2019 11:58:15] "GET /auth/logout HTTP/1.1" 401 -
INFO:werkzeug:127.0.0.1 - - [03/Dec/2019 11:58:17] "GET / HTTP/1.1" 200 -
INFO:werkzeug:127.0.0.1 - - [03/Dec/2019 11:58:19] "GET /auth/login HTTP/1.1" 200 -
DEBUG:urllib3.connectionpool:Starting new HTTPS connection (1): kauth.kakao.com:443
DEBUG:urllib3.connectionpool:https://kauth.kakao.com:443 "POST /oauth/token HTTP/1.1" 200 None
DEBUG:urllib3.connectionpool:Starting new HTTPS connection (1): kapi.kakao.com:443
DEBUG:urllib3.connectionpool:https://kapi.kakao.com:443 "POST /v2/user/me HTTP/1.1" 200 885
INFO:werkzeug:127.0.0.1 - - [03/Dec/2019 11:58:20] "GET /auth/kakao_oauth_redirect?code=iOyZFK_EH9ToEmLdvIEG0K3EZGSa_JGXRD-CDcT3mefqnPvBaRAutIiL34Z2d58rY46XlwopyV8AAAFuybHeiA HTTP/1.1" 302 -
INFO:werkzeug:127.0.0.1 - - [03/Dec/2019 11:58:21] "GET / HTTP/1.1" 200 -
INFO:werkzeug:127.0.0.1 - - [03/Dec/2019 11:58:23] "GET /auth/my_page HTTP/1.1" 200 -
INFO:werkzeug:127.0.0.1 - - [03/Dec/2019 11:58:34] "GET /auth/my_page HTTP/1.1" 200 -
INFO:werkzeug:127.0.0.1 - - [03/Dec/2019 11:58:34] "GET /auth/my_page HTTP/1.1" 200 -
INFO:werkzeug:127.0.0.1 - - [03/Dec/2019 11:58:55] "GET /auth/my_page HTTP/1.1" 200 -
INFO:werkzeug:127.0.0.1 - - [03/Dec/2019 11:59:57] "GET /auth/my_page HTTP/1.1" 200 -
INFO:werkzeug:127.0.0.1 - - [03/Dec/2019 12:00:00] "GET / HTTP/1.1" 200 -
INFO:werkzeug:127.0.0.1 - - [03/Dec/2019 12:00:01] "GET / HTTP/1.1" 200 -
INFO:werkzeug:127.0.0.1 - - [03/Dec/2019 12:00:02] "GET / HTTP/1.1" 200 -
DEBUG:urllib3.connectionpool:Starting new HTTPS connection (1): dapi.kakao.com:443
DEBUG:urllib3.connectionpool:https://dapi.kakao.com:443 "GET /v2/search/image?query=%EC%95%84%EC%9D%B4%EC%9C%A0 HTTP/1.1" 200 None
INFO:werkzeug:127.0.0.1 - - [03/Dec/2019 12:00:06] "GET /menus/images HTTP/1.1" 200 -
INFO:werkzeug:127.0.0.1 - - [03/Dec/2019 12:00:08] "GET / HTTP/1.1" 200 -
INFO:werkzeug: * Detected change in 'C:\\Users\\hbill\\PycharmProjects\\web_service\\views\\auth.py', reloading
INFO:werkzeug: * Restarting with stat
INFO:root:Flask Web Server Started
WARNING:werkzeug: * Debugger is active!
INFO:werkzeug: * Debugger PIN: 505-006-647
INFO:werkzeug: * Running on http://localhost:8080/ (Press CTRL+C to quit)
INFO:werkzeug:127.0.0.1 - - [03/Dec/2019 12:01:41] "GET / HTTP/1.1" 200 -
INFO:werkzeug:127.0.0.1 - - [03/Dec/2019 12:01:43] "GET /auth/login HTTP/1.1" 200 -
DEBUG:urllib3.connectionpool:Starting new HTTPS connection (1): kauth.kakao.com:443
DEBUG:urllib3.connectionpool:https://kauth.kakao.com:443 "POST /oauth/token HTTP/1.1" 200 None
DEBUG:urllib3.connectionpool:Starting new HTTPS connection (1): kapi.kakao.com:443
DEBUG:urllib3.connectionpool:https://kapi.kakao.com:443 "POST /v2/user/me HTTP/1.1" 200 885
INFO:werkzeug:127.0.0.1 - - [03/Dec/2019 12:01:45] "GET /auth/kakao_oauth_redirect?code=luvS0Kfy8V1tBscoVkK9kTcCDYavkhG1jsP0jkenz2vam6EI53m3_fHM_j6p4lnAHElyqgorDR4AAAFuybT83w HTTP/1.1" 302 -
INFO:werkzeug:127.0.0.1 - - [03/Dec/2019 12:01:45] "GET / HTTP/1.1" 200 -
INFO:werkzeug:127.0.0.1 - - [03/Dec/2019 12:01:48] "GET /auth/my_page HTTP/1.1" 200 -
DEBUG:urllib3.connectionpool:Starting new HTTPS connection (1): dapi.kakao.com:443
DEBUG:urllib3.connectionpool:https://dapi.kakao.com:443 "GET /v2/search/image?query=%EC%95%84%EC%9D%B4%EC%9C%A0 HTTP/1.1" 200 None
INFO:werkzeug:127.0.0.1 - - [03/Dec/2019 12:01:51] "GET /menus/images HTTP/1.1" 200 -
INFO:werkzeug: * Detected change in 'C:\\Users\\hbill\\PycharmProjects\\web_service\\application.py', reloading
INFO:werkzeug: * Restarting with stat
INFO:root:Flask Web Server Started
WARNING:werkzeug: * Debugger is active!
INFO:werkzeug: * Debugger PIN: 505-006-647
INFO:werkzeug: * Running on http://localhost:8080/ (Press CTRL+C to quit)
DEBUG:urllib3.connectionpool:Starting new HTTPS connection (1): dapi.kakao.com:443
DEBUG:urllib3.connectionpool:https://dapi.kakao.com:443 "GET /v2/search/image?query=%EC%95%84%EC%9D%B4%EC%9C%A0 HTTP/1.1" 200 None
INFO:werkzeug:127.0.0.1 - - [03/Dec/2019 12:02:13] "GET /menus/images HTTP/1.1" 200 -
INFO:werkzeug:127.0.0.1 - - [03/Dec/2019 12:02:14] "GET / HTTP/1.1" 500 -
INFO:werkzeug:127.0.0.1 - - [03/Dec/2019 12:02:15] "GET /?__debugger__=yes&cmd=resource&f=jquery.js HTTP/1.1" 200 -
INFO:werkzeug:127.0.0.1 - - [03/Dec/2019 12:02:15] "GET /?__debugger__=yes&cmd=resource&f=style.css HTTP/1.1" 200 -
INFO:werkzeug:127.0.0.1 - - [03/Dec/2019 12:02:15] "GET /?__debugger__=yes&cmd=resource&f=debugger.js HTTP/1.1" 200 -
INFO:werkzeug:127.0.0.1 - - [03/Dec/2019 12:02:15] "GET /?__debugger__=yes&cmd=resource&f=ubuntu.ttf HTTP/1.1" 200 -
INFO:werkzeug:127.0.0.1 - - [03/Dec/2019 12:02:15] "GET /?__debugger__=yes&cmd=resource&f=console.png HTTP/1.1" 200 -
INFO:werkzeug:127.0.0.1 - - [03/Dec/2019 12:02:15] "GET /?__debugger__=yes&cmd=resource&f=console.png HTTP/1.1" 200 -
INFO:werkzeug: * Detected change in 'C:\\Users\\hbill\\PycharmProjects\\web_service\\application.py', reloading
INFO:werkzeug: * Restarting with stat
INFO:root:Flask Web Server Started
WARNING:werkzeug: * Debugger is active!
INFO:werkzeug: * Debugger PIN: 505-006-647
INFO:werkzeug: * Running on http://localhost:8080/ (Press CTRL+C to quit)
DEBUG:urllib3.connectionpool:Starting new HTTPS connection (1): dapi.kakao.com:443
DEBUG:urllib3.connectionpool:https://dapi.kakao.com:443 "GET /v2/search/image?query=%EC%95%84%EC%9D%B4%EC%9C%A0 HTTP/1.1" 200 None
INFO:werkzeug:127.0.0.1 - - [03/Dec/2019 12:02:23] "GET /menus/images HTTP/1.1" 200 -
INFO:werkzeug:127.0.0.1 - - [03/Dec/2019 12:02:25] "GET / HTTP/1.1" 200 -
INFO:werkzeug:127.0.0.1 - - [03/Dec/2019 12:02:28] "GET /auth/login HTTP/1.1" 200 -
DEBUG:urllib3.connectionpool:Starting new HTTPS connection (1): kauth.kakao.com:443
DEBUG:urllib3.connectionpool:https://kauth.kakao.com:443 "POST /oauth/token HTTP/1.1" 200 None
DEBUG:urllib3.connectionpool:Starting new HTTPS connection (1): kapi.kakao.com:443
DEBUG:urllib3.connectionpool:https://kapi.kakao.com:443 "POST /v2/user/me HTTP/1.1" 200 885
INFO:werkzeug:127.0.0.1 - - [03/Dec/2019 12:02:29] "GET /auth/kakao_oauth_redirect?code=wOUHC1JxHkVS--2vUBxIi6n8sj4L6_Jyqv7kbKiIlsIcSiJvbGi-9zV7Ok5X2C5DiB-F0wopyNgAAAFuybWrAQ HTTP/1.1" 302 -
INFO:werkzeug:127.0.0.1 - - [03/Dec/2019 12:02:30] "GET / HTTP/1.1" 200 -
INFO:werkzeug:127.0.0.1 - - [03/Dec/2019 12:02:49] "GET / HTTP/1.1" 200 -
DEBUG:urllib3.connectionpool:Starting new HTTPS connection (1): dapi.kakao.com:443
DEBUG:urllib3.connectionpool:https://dapi.kakao.com:443 "GET /v2/search/image?query=%EC%95%84%EC%9D%B4%EC%9C%A0 HTTP/1.1" 200 None
INFO:werkzeug:127.0.0.1 - - [03/Dec/2019 12:02:51] "GET /menus/images HTTP/1.1" 200 -
DEBUG:urllib3.connectionpool:Starting new HTTPS connection (1): dapi.kakao.com:443
DEBUG:urllib3.connectionpool:https://dapi.kakao.com:443 "GET /v3/search/book?target=authors&query=%EC%A0%95%ED%83%9C%EC%9C%A4 HTTP/1.1" 200 None
INFO:werkzeug:127.0.0.1 - - [03/Dec/2019 12:02:53] "GET /menus/books HTTP/1.1" 200 -
DEBUG:urllib3.connectionpool:Starting new HTTPS connection (1): dapi.kakao.com:443
DEBUG:urllib3.connectionpool:https://dapi.kakao.com:443 "GET /v2/search/image?query=%EC%95%84%EC%9D%B4%EC%9C%A0 HTTP/1.1" 200 None
INFO:werkzeug:127.0.0.1 - - [03/Dec/2019 12:02:54] "GET /menus/images HTTP/1.1" 200 -
DEBUG:urllib3.connectionpool:Starting new HTTPS connection (1): dapi.kakao.com:443
DEBUG:urllib3.connectionpool:https://dapi.kakao.com:443 "GET /v2/search/image?query=%EC%95%84%EC%9D%B4%EC%9C%A0 HTTP/1.1" 200 None
INFO:werkzeug:127.0.0.1 - - [03/Dec/2019 12:03:12] "GET /menus/images HTTP/1.1" 500 -
INFO:werkzeug:127.0.0.1 - - [03/Dec/2019 12:03:12] "GET /menus/images?__debugger__=yes&cmd=resource&f=style.css HTTP/1.1" 200 -
INFO:werkzeug:127.0.0.1 - - [03/Dec/2019 12:03:13] "GET /menus/images?__debugger__=yes&cmd=resource&f=jquery.js HTTP/1.1" 200 -
INFO:werkzeug:127.0.0.1 - - [03/Dec/2019 12:03:13] "GET /menus/images?__debugger__=yes&cmd=resource&f=debugger.js HTTP/1.1" 200 -
INFO:werkzeug:127.0.0.1 - - [03/Dec/2019 12:03:13] "GET /menus/images?__debugger__=yes&cmd=resource&f=ubuntu.ttf HTTP/1.1" 200 -
INFO:werkzeug:127.0.0.1 - - [03/Dec/2019 12:03:13] "GET /menus/images?__debugger__=yes&cmd=resource&f=console.png HTTP/1.1" 200 -
INFO:werkzeug:127.0.0.1 - - [03/Dec/2019 12:03:13] "GET /menus/images?__debugger__=yes&cmd=resource&f=console.png HTTP/1.1" 200 -
INFO:werkzeug: * Detected change in 'C:\\Users\\hbill\\PycharmProjects\\web_service\\views\\menus.py', reloading
INFO:werkzeug: * Restarting with stat
INFO:root:Flask Web Server Started
WARNING:werkzeug: * Debugger is active!
INFO:werkzeug: * Debugger PIN: 505-006-647
INFO:werkzeug: * Running on http://localhost:8080/ (Press CTRL+C to quit)
DEBUG:urllib3.connectionpool:Starting new HTTPS connection (1): dapi.kakao.com:443
DEBUG:urllib3.connectionpool:https://dapi.kakao.com:443 "GET /v2/search/image?query=%EC%95%84%EC%9D%B4%EC%9C%A0 HTTP/1.1" 200 None
INFO:werkzeug:127.0.0.1 - - [03/Dec/2019 12:03:32] "GET /menus/images HTTP/1.1" 200 -
INFO:werkzeug:127.0.0.1 - - [03/Dec/2019 12:03:36] "GET /auth/login HTTP/1.1" 200 -
DEBUG:urllib3.connectionpool:Starting new HTTPS connection (1): kauth.kakao.com:443
DEBUG:urllib3.connectionpool:https://kauth.kakao.com:443 "POST /oauth/token HTTP/1.1" 200 None
DEBUG:urllib3.connectionpool:Starting new HTTPS connection (1): kapi.kakao.com:443
DEBUG:urllib3.connectionpool:https://kapi.kakao.com:443 "POST /v2/user/me HTTP/1.1" 200 885
INFO:werkzeug:127.0.0.1 - - [03/Dec/2019 12:03:38] "GET /auth/kakao_oauth_redirect?code=OYcH2ICrGa-sTNKL0ip-hSjnjkkFBR5XentZ0Lkos6bAnsEiPtI0PmIQTYlD-qj8Nm8CZgo9eGEAAAFuyba2NQ HTTP/1.1" 302 -
INFO:werkzeug:127.0.0.1 - - [03/Dec/2019 12:03:38] "GET / HTTP/1.1" 200 -
DEBUG:urllib3.connectionpool:Starting new HTTPS connection (1): dapi.kakao.com:443
DEBUG:urllib3.connectionpool:https://dapi.kakao.com:443 "GET /v2/search/image?query=%EC%95%84%EC%9D%B4%EC%9C%A0 HTTP/1.1" 200 None
INFO:werkzeug:127.0.0.1 - - [03/Dec/2019 12:03:41] "GET /menus/images HTTP/1.1" 200 -
DEBUG:urllib3.connectionpool:Starting new HTTPS connection (1): dapi.kakao.com:443
DEBUG:urllib3.connectionpool:https://dapi.kakao.com:443 "GET /v3/search/book?target=authors&query=%EC%A0%95%ED%83%9C%EC%9C%A4 HTTP/1.1" 200 None
INFO:werkzeug:127.0.0.1 - - [03/Dec/2019 12:03:43] "GET /menus/books HTTP/1.1" 200 -
INFO:werkzeug: * Detected change in 'C:\\Users\\hbill\\PycharmProjects\\web_service\\views\\menus.py', reloading
INFO:werkzeug: * Restarting with stat
INFO:root:Flask Web Server Started
WARNING:werkzeug: * Debugger is active!
INFO:werkzeug: * Debugger PIN: 505-006-647
INFO:werkzeug: * Running on http://localhost:8080/ (Press CTRL+C to quit)
DEBUG:urllib3.connectionpool:Starting new HTTPS connection (1): dapi.kakao.com:443
DEBUG:urllib3.connectionpool:https://dapi.kakao.com:443 "GET /v2/search/image?query=%EC%95%84%EC%9D%B4%EC%9C%A0 HTTP/1.1" 200 None
INFO:werkzeug:127.0.0.1 - - [03/Dec/2019 12:04:21] "GET /menus/images HTTP/1.1" 200 -
INFO:werkzeug:127.0.0.1 - - [03/Dec/2019 12:04:24] "GET /auth/login HTTP/1.1" 200 -
DEBUG:urllib3.connectionpool:Starting new HTTPS connection (1): kauth.kakao.com:443
DEBUG:urllib3.connectionpool:https://kauth.kakao.com:443 "POST /oauth/token HTTP/1.1" 200 None
DEBUG:urllib3.connectionpool:Starting new HTTPS connection (1): kapi.kakao.com:443
DEBUG:urllib3.connectionpool:https://kapi.kakao.com:443 "POST /v2/user/me HTTP/1.1" 200 885
INFO:werkzeug:127.0.0.1 - - [03/Dec/2019 12:04:26] "GET /auth/kakao_oauth_redirect?code=C0G-f6H-L6cDF2717prkwtu6FyneL4-BPwCvHKJG3U85i1dNTIUH2x62XuxjF6JchiAA_go9dycAAAFuybdwFg HTTP/1.1" 302 -
INFO:werkzeug:127.0.0.1 - - [03/Dec/2019 12:04:26] "GET / HTTP/1.1" 200 -
DEBUG:urllib3.connectionpool:Starting new HTTPS connection (1): dapi.kakao.com:443
DEBUG:urllib3.connectionpool:https://dapi.kakao.com:443 "GET /v2/search/image?query=%EC%95%84%EC%9D%B4%EC%9C%A0 HTTP/1.1" 200 None
INFO:werkzeug:127.0.0.1 - - [03/Dec/2019 12:04:28] "GET /menus/images HTTP/1.1" 500 -
INFO:werkzeug:127.0.0.1 - - [03/Dec/2019 12:04:28] "GET /menus/images?__debugger__=yes&cmd=resource&f=style.css HTTP/1.1" 200 -
INFO:werkzeug:127.0.0.1 - - [03/Dec/2019 12:04:28] "GET /menus/images?__debugger__=yes&cmd=resource&f=jquery.js HTTP/1.1" 200 -
INFO:werkzeug:127.0.0.1 - - [03/Dec/2019 12:04:28] "GET /menus/images?__debugger__=yes&cmd=resource&f=debugger.js HTTP/1.1" 200 -
INFO:werkzeug:127.0.0.1 - - [03/Dec/2019 12:04:28] "GET /menus/images?__debugger__=yes&cmd=resource&f=ubuntu.ttf HTTP/1.1" 200 -
INFO:werkzeug:127.0.0.1 - - [03/Dec/2019 12:04:28] "GET /menus/images?__debugger__=yes&cmd=resource&f=console.png HTTP/1.1" 200 -
INFO:werkzeug:127.0.0.1 - - [03/Dec/2019 12:04:29] "GET /menus/images?__debugger__=yes&cmd=resource&f=console.png HTTP/1.1" 200 -
INFO:werkzeug: * Detected change in 'C:\\Users\\hbill\\PycharmProjects\\web_service\\views\\menus.py', reloading
INFO:werkzeug: * Restarting with stat
INFO:root:Flask Web Server Started
WARNING:werkzeug: * Debugger is active!
INFO:werkzeug: * Debugger PIN: 505-006-647
INFO:werkzeug: * Running on http://localhost:8080/ (Press CTRL+C to quit)
DEBUG:urllib3.connectionpool:Starting new HTTPS connection (1): dapi.kakao.com:443
DEBUG:urllib3.connectionpool:https://dapi.kakao.com:443 "GET /v2/search/image?query=%EC%95%84%EC%9D%B4%EC%9C%A0 HTTP/1.1" 200 None
INFO:werkzeug:127.0.0.1 - - [03/Dec/2019 12:05:00] "GET /menus/images HTTP/1.1" 200 -
INFO:werkzeug:127.0.0.1 - - [03/Dec/2019 12:05:02] "GET /auth/login HTTP/1.1" 200 -
DEBUG:urllib3.connectionpool:Starting new HTTPS connection (1): kauth.kakao.com:443
DEBUG:urllib3.connectionpool:https://kauth.kakao.com:443 "POST /oauth/token HTTP/1.1" 200 None
DEBUG:urllib3.connectionpool:Starting new HTTPS connection (1): kapi.kakao.com:443
DEBUG:urllib3.connectionpool:https://kapi.kakao.com:443 "POST /v2/user/me HTTP/1.1" 200 885
INFO:werkzeug:127.0.0.1 - - [03/Dec/2019 12:05:05] "GET /auth/kakao_oauth_redirect?code=lHXQwFDmnxmubjojlUklz6K-RDal8lay4VoMeS5XobDTpVuPzm-IalxMGBfHJzqmhrHNLwo9dJgAAAFuybgJSg HTTP/1.1" 302 -
INFO:werkzeug:127.0.0.1 - - [03/Dec/2019 12:05:05] "GET / HTTP/1.1" 200 -
DEBUG:urllib3.connectionpool:Starting new HTTPS connection (1): dapi.kakao.com:443
DEBUG:urllib3.connectionpool:https://dapi.kakao.com:443 "GET /v2/search/image?query=%EC%95%84%EC%9D%B4%EC%9C%A0 HTTP/1.1" 200 None
INFO:werkzeug:127.0.0.1 - - [03/Dec/2019 12:05:07] "GET /menus/images HTTP/1.1" 200 -
DEBUG:urllib3.connectionpool:Starting new HTTPS connection (1): dapi.kakao.com:443
DEBUG:urllib3.connectionpool:https://dapi.kakao.com:443 "GET /v3/search/book?target=authors&query=%EC%A0%95%ED%83%9C%EC%9C%A4 HTTP/1.1" 200 None
INFO:werkzeug:127.0.0.1 - - [03/Dec/2019 12:05:09] "GET /menus/books HTTP/1.1" 200 -
DEBUG:urllib3.connectionpool:Starting new HTTPS connection (1): dapi.kakao.com:443
DEBUG:urllib3.connectionpool:https://dapi.kakao.com:443 "GET /v3/search/book?target=authors&query=%EC%A0%95%ED%83%9C%EC%9C%A4 HTTP/1.1" 200 None
INFO:werkzeug:127.0.0.1 - - [03/Dec/2019 12:06:45] "GET /menus/books HTTP/1.1" 200 -
DEBUG:urllib3.connectionpool:Starting new HTTPS connection (1): dapi.kakao.com:443
DEBUG:urllib3.connectionpool:https://dapi.kakao.com:443 "GET /v3/search/book?target=authors&query=%EC%A0%95%ED%83%9C%EC%9C%A4 HTTP/1.1" 200 None
INFO:werkzeug:127.0.0.1 - - [03/Dec/2019 12:06:46] "GET /menus/books HTTP/1.1" 200 -
INFO:werkzeug:127.0.0.1 - - [03/Dec/2019 12:06:48] "GET / HTTP/1.1" 200 -
INFO:werkzeug:127.0.0.1 - - [03/Dec/2019 12:07:20] "GET / HTTP/1.1" 200 -
INFO:werkzeug:127.0.0.1 - - [03/Dec/2019 12:07:22] "GET / HTTP/1.1" 200 -
INFO:werkzeug:127.0.0.1 - - [03/Dec/2019 12:07:48] "GET / HTTP/1.1" 200 -
INFO:werkzeug:127.0.0.1 - - [03/Dec/2019 12:08:08] "GET / HTTP/1.1" 200 -
INFO:werkzeug:127.0.0.1 - - [03/Dec/2019 12:08:14] "GET / HTTP/1.1" 200 -
INFO:werkzeug:127.0.0.1 - - [03/Dec/2019 12:08:16] "GET / HTTP/1.1" 200 -
INFO:werkzeug:127.0.0.1 - - [03/Dec/2019 12:08:22] "GET / HTTP/1.1" 200 -
INFO:werkzeug:127.0.0.1 - - [03/Dec/2019 12:08:24] "GET / HTTP/1.1" 200 -
INFO:werkzeug:127.0.0.1 - - [03/Dec/2019 12:08:24] "GET / HTTP/1.1" 200 -
INFO:werkzeug:127.0.0.1 - - [03/Dec/2019 12:08:25] "GET / HTTP/1.1" 200 -
INFO:werkzeug:127.0.0.1 - - [03/Dec/2019 12:08:26] "GET / HTTP/1.1" 200 -
INFO:werkzeug:127.0.0.1 - - [03/Dec/2019 12:08:26] "GET / HTTP/1.1" 200 -
INFO:werkzeug:127.0.0.1 - - [03/Dec/2019 12:08:49] "GET /auth/my_page HTTP/1.1" 401 -
INFO:werkzeug:127.0.0.1 - - [03/Dec/2019 12:08:54] "GET / HTTP/1.1" 200 -
INFO:werkzeug:127.0.0.1 - - [03/Dec/2019 12:10:59] "GET / HTTP/1.1" 200 -
INFO:werkzeug:127.0.0.1 - - [03/Dec/2019 12:11:00] "GET /auth/login HTTP/1.1" 200 -
DEBUG:urllib3.connectionpool:Starting new HTTPS connection (1): kauth.kakao.com:443
DEBUG:urllib3.connectionpool:https://kauth.kakao.com:443 "POST /oauth/token HTTP/1.1" 200 None
INFO:werkzeug:127.0.0.1 - - [03/Dec/2019 12:11:02] "GET /auth/kakao_oauth_redirect?code=FckZVsm7j4MklAs6MLLzXuYMH0dHcPj_UjtWlKRjpPDnhT3JgYkU26PLs_kB4PdHKtWH0gorDR4AAAFuyb1_Rg HTTP/1.1" 302 -
INFO:werkzeug:127.0.0.1 - - [03/Dec/2019 12:11:03] "GET / HTTP/1.1" 200 -
INFO:werkzeug:127.0.0.1 - - [03/Dec/2019 12:11:05] "GET /auth/my_page HTTP/1.1" 200 -
DEBUG:urllib3.connectionpool:Starting new HTTPS connection (1): dapi.kakao.com:443
DEBUG:urllib3.connectionpool:https://dapi.kakao.com:443 "GET /v2/search/image?query=%EC%95%84%EC%9D%B4%EC%9C%A0 HTTP/1.1" 200 None
INFO:werkzeug:127.0.0.1 - - [03/Dec/2019 12:11:07] "GET /menus/images HTTP/1.1" 200 -
DEBUG:urllib3.connectionpool:Starting new HTTPS connection (1): dapi.kakao.com:443
DEBUG:urllib3.connectionpool:https://dapi.kakao.com:443 "GET /v3/search/book?target=authors&query=%EC%A0%95%ED%83%9C%EC%9C%A4 HTTP/1.1" 200 None
INFO:werkzeug:127.0.0.1 - - [03/Dec/2019 12:11:09] "GET /menus/books HTTP/1.1" 200 -
INFO:werkzeug:127.0.0.1 - - [03/Dec/2019 12:11:11] "GET / HTTP/1.1" 200 -
DEBUG:urllib3.connectionpool:Starting new HTTPS connection (1): dapi.kakao.com:443
DEBUG:urllib3.connectionpool:https://dapi.kakao.com:443 "GET /v2/search/image?query=%EC%95%84%EC%9D%B4%EC%9C%A0 HTTP/1.1" 200 None
INFO:werkzeug:127.0.0.1 - - [03/Dec/2019 12:17:09] "GET /menus/images HTTP/1.1" 200 -
INFO:werkzeug:127.0.0.1 - - [03/Dec/2019 12:17:11] "GET / HTTP/1.1" 200 -
DEBUG:urllib3.connectionpool:Starting new HTTPS connection (1): dapi.kakao.com:443
DEBUG:urllib3.connectionpool:https://dapi.kakao.com:443 "GET /v3/search/book?target=authors&query=%EC%A0%95%ED%83%9C%EC%9C%A4 HTTP/1.1" 200 None
INFO:werkzeug:127.0.0.1 - - [03/Dec/2019 12:17:12] "GET /menus/books HTTP/1.1" 200 -
DEBUG:urllib3.connectionpool:Starting new HTTPS connection (1): dapi.kakao.com:443
DEBUG:urllib3.connectionpool:https://dapi.kakao.com:443 "GET /v2/search/image?query=%EC%95%84%EC%9D%B4%EC%9C%A0 HTTP/1.1" 200 None
INFO:werkzeug:127.0.0.1 - - [03/Dec/2019 12:17:13] "GET /menus/images HTTP/1.1" 200 -
INFO:werkzeug:127.0.0.1 - - [03/Dec/2019 12:17:15] "GET / HTTP/1.1" 200 -
INFO:werkzeug:127.0.0.1 - - [03/Dec/2019 12:17:31] "GET / HTTP/1.1" 200 -
INFO:werkzeug:127.0.0.1 - - [03/Dec/2019 12:17:32] "GET / HTTP/1.1" 200 -
DEBUG:urllib3.connectionpool:Starting new HTTPS connection (1): dapi.kakao.com:443
DEBUG:urllib3.connectionpool:https://dapi.kakao.com:443 "GET /v2/search/image?query=%EC%95%84%EC%9D%B4%EC%9C%A0 HTTP/1.1" 200 None
INFO:werkzeug:127.0.0.1 - - [03/Dec/2019 12:17:33] "GET /menus/images HTTP/1.1" 200 -
DEBUG:urllib3.connectionpool:Starting new HTTPS connection (1): dapi.kakao.com:443
DEBUG:urllib3.connectionpool:https://dapi.kakao.com:443 "GET /v3/search/book?target=authors&query=%EC%A0%95%ED%83%9C%EC%9C%A4 HTTP/1.1" 200 None
INFO:werkzeug:127.0.0.1 - - [03/Dec/2019 12:17:34] "GET /menus/books HTTP/1.1" 200 -
INFO:werkzeug:127.0.0.1 - - [03/Dec/2019 12:17:35] "GET / HTTP/1.1" 200 -
INFO:werkzeug:127.0.0.1 - - [03/Dec/2019 12:17:37] "GET /auth/my_page HTTP/1.1" 200 -
INFO:werkzeug:127.0.0.1 - - [03/Dec/2019 12:17:49] "GET /auth/my_page HTTP/1.1" 200 -
INFO:werkzeug:127.0.0.1 - - [03/Dec/2019 12:17:52] "GET /auth/my_page HTTP/1.1" 200 -
INFO:werkzeug:127.0.0.1 - - [03/Dec/2019 12:17:54] "GET /auth/my_page HTTP/1.1" 200 -
INFO:werkzeug:127.0.0.1 - - [03/Dec/2019 12:17:55] "GET /auth/my_page HTTP/1.1" 200 -
INFO:werkzeug:127.0.0.1 - - [03/Dec/2019 12:17:56] "GET /auth/my_page HTTP/1.1" 200 -
INFO:werkzeug:127.0.0.1 - - [03/Dec/2019 12:18:00] "GET /auth/my_page HTTP/1.1" 200 -
INFO:werkzeug:127.0.0.1 - - [03/Dec/2019 12:23:59] "GET / HTTP/1.1" 200 -
DEBUG:urllib3.connectionpool:Starting new HTTPS connection (1): dapi.kakao.com:443
DEBUG:urllib3.connectionpool:https://dapi.kakao.com:443 "GET /v2/search/image?query=%EC%95%84%EC%9D%B4%EC%9C%A0 HTTP/1.1" 200 None
INFO:werkzeug:127.0.0.1 - - [03/Dec/2019 12:26:42] "GET /menus/images HTTP/1.1" 200 -
DEBUG:urllib3.connectionpool:Starting new HTTPS connection (1): dapi.kakao.com:443
DEBUG:urllib3.connectionpool:https://dapi.kakao.com:443 "GET /v3/search/book?target=authors&query=%EC%A0%95%ED%83%9C%EC%9C%A4 HTTP/1.1" 200 None
INFO:werkzeug:127.0.0.1 - - [03/Dec/2019 12:26:44] "GET /menus/books HTTP/1.1" 200 -
DEBUG:urllib3.connectionpool:Starting new HTTPS connection (1): dapi.kakao.com:443
DEBUG:urllib3.connectionpool:https://dapi.kakao.com:443 "GET /v2/search/image?query=%EC%95%84%EC%9D%B4%EC%9C%A0 HTTP/1.1" 200 None
INFO:werkzeug:127.0.0.1 - - [03/Dec/2019 12:26:45] "GET /menus/images HTTP/1.1" 200 -
INFO:root:Flask Web Server Started
INFO:werkzeug: * Restarting with stat
INFO:root:Flask Web Server Started
WARNING:werkzeug: * Debugger is active!
INFO:werkzeug: * Debugger PIN: 505-006-647
INFO:werkzeug: * Running on http://localhost:8080/ (Press CTRL+C to quit)
INFO:root:Flask Web Server Started
INFO:werkzeug: * Restarting with stat
INFO:root:Flask Web Server Started
WARNING:werkzeug: * Debugger is active!
INFO:werkzeug: * Debugger PIN: 505-006-647
INFO:werkzeug: * Running on http://localhost:8080/ (Press CTRL+C to quit)
INFO:werkzeug:127.0.0.1 - - [04/Dec/2019 11:05:33] "GET / HTTP/1.1" 200 -
INFO:werkzeug:127.0.0.1 - - [04/Dec/2019 11:05:33] "GET /static/assets/css/material-dashboard.css?v=2.1.1 HTTP/1.1" 304 -
INFO:werkzeug:127.0.0.1 - - [04/Dec/2019 11:05:33] "GET /favicon.ico HTTP/1.1" 404 -
INFO:werkzeug:127.0.0.1 - - [04/Dec/2019 11:05:35] "GET /auth/login HTTP/1.1" 200 -
INFO:werkzeug:127.0.0.1 - - [04/Dec/2019 11:05:35] "GET /static/images/kakao_account_login_btn_medium_narrow.png HTTP/1.1" 304 -
INFO:werkzeug:127.0.0.1 - - [04/Dec/2019 11:05:35] "GET /static/assets/js/core/jquery.min.js HTTP/1.1" 304 -
INFO:werkzeug:127.0.0.1 - - [04/Dec/2019 11:05:35] "GET /static/assets/js/core/popper.min.js HTTP/1.1" 304 -
INFO:werkzeug:127.0.0.1 - - [04/Dec/2019 11:05:35] "GET /static/assets/js/core/bootstrap-material-design.min.js HTTP/1.1" 304 -
INFO:werkzeug:127.0.0.1 - - [04/Dec/2019 11:05:35] "GET /static/assets/js/plugins/perfect-scrollbar.jquery.min.js HTTP/1.1" 304 -
INFO:werkzeug:127.0.0.1 - - [04/Dec/2019 11:05:35] "GET /static/assets/js/plugins/chartist.min.js HTTP/1.1" 304 -
INFO:werkzeug:127.0.0.1 - - [04/Dec/2019 11:05:35] "GET /static/assets/js/plugins/bootstrap-notify.js HTTP/1.1" 304 -
INFO:werkzeug:127.0.0.1 - - [04/Dec/2019 11:05:36] "GET /static/assets/js/material-dashboard.js?v=2.1.1 HTTP/1.1" 304 -
DEBUG:urllib3.connectionpool:Starting new HTTPS connection (1): kauth.kakao.com:443
DEBUG:urllib3.connectionpool:https://kauth.kakao.com:443 "POST /oauth/token HTTP/1.1" 200 None
DEBUG:urllib3.connectionpool:Starting new HTTPS connection (1): kapi.kakao.com:443
DEBUG:urllib3.connectionpool:https://kapi.kakao.com:443 "POST /v2/user/me HTTP/1.1" 200 885
INFO:werkzeug:127.0.0.1 - - [04/Dec/2019 11:05:44] "GET /auth/kakao_oauth_redirect?code=mBKTbOgX3y14AnpUFcIOUL1rsNhxoEz-chPEoanoxn97O2VQT29BW7E5D-mZB6_zvh8PowopdfcAAAFuzqf5KQ HTTP/1.1" 302 -
INFO:werkzeug:127.0.0.1 - - [04/Dec/2019 11:05:44] "GET / HTTP/1.1" 200 -
INFO:werkzeug:127.0.0.1 - - [04/Dec/2019 11:05:50] "GET /auth/my_page HTTP/1.1" 200 -
DEBUG:urllib3.connectionpool:Starting new HTTPS connection (1): dapi.kakao.com:443
DEBUG:urllib3.connectionpool:https://dapi.kakao.com:443 "GET /v2/search/image?query=%EC%95%84%EC%9D%B4%EC%9C%A0 HTTP/1.1" 200 None
INFO:werkzeug:127.0.0.1 - - [04/Dec/2019 11:05:53] "GET /menus/images HTTP/1.1" 200 -
DEBUG:urllib3.connectionpool:Starting new HTTPS connection (1): dapi.kakao.com:443
DEBUG:urllib3.connectionpool:https://dapi.kakao.com:443 "GET /v3/search/book?target=authors&query=%EC%A0%95%ED%83%9C%EC%9C%A4 HTTP/1.1" 200 None
INFO:werkzeug:127.0.0.1 - - [04/Dec/2019 11:05:54] "GET /menus/books HTTP/1.1" 200 -
INFO:werkzeug:127.0.0.1 - - [04/Dec/2019 11:05:55] "GET / HTTP/1.1" 200 -
INFO:werkzeug: * Detected change in 'C:\\Users\\hbill\\PycharmProjects\\web_service\\keys.py', reloading
INFO:werkzeug: * Restarting with stat
INFO:root:Flask Web Server Started
WARNING:werkzeug: * Debugger is active!
INFO:werkzeug: * Debugger PIN: 505-006-647
INFO:werkzeug: * Running on http://localhost:8080/ (Press CTRL+C to quit)
INFO:werkzeug: * Detected change in 'C:\\Users\\hbill\\PycharmProjects\\web_service\\keys.py', reloading
INFO:werkzeug: * Restarting with stat
INFO:root:Flask Web Server Started
WARNING:werkzeug: * Debugger is active!
INFO:werkzeug: * Debugger PIN: 505-006-647
INFO:werkzeug: * Running on http://localhost:8080/ (Press CTRL+C to quit)
INFO:werkzeug:127.0.0.1 - - [04/Dec/2019 11:09:19] "GET / HTTP/1.1" 200 -
INFO:werkzeug:127.0.0.1 - - [04/Dec/2019 11:09:21] "GET /auth/login HTTP/1.1" 200 -
INFO:werkzeug:127.0.0.1 - - [04/Dec/2019 11:11:07] "GET /auth/login HTTP/1.1" 200 -
INFO:werkzeug:127.0.0.1 - - [04/Dec/2019 11:11:08] "GET /auth/login HTTP/1.1" 200 -
INFO:werkzeug:127.0.0.1 - - [04/Dec/2019 11:11:24] "GET /auth/login HTTP/1.1" 200 -
INFO:werkzeug:127.0.0.1 - - [04/Dec/2019 11:12:50] "GET /auth/login HTTP/1.1" 200 -
INFO:werkzeug:127.0.0.1 - - [04/Dec/2019 11:12:50] "GET /auth/login HTTP/1.1" 200 -
INFO:werkzeug:127.0.0.1 - - [04/Dec/2019 11:12:51] "GET /auth/login HTTP/1.1" 200 -
INFO:werkzeug:127.0.0.1 - - [04/Dec/2019 11:13:54] "GET /auth/login HTTP/1.1" 200 -
INFO:werkzeug:127.0.0.1 - - [04/Dec/2019 11:14:25] "GET /auth/login HTTP/1.1" 200 -
INFO:root:Flask Web Server Started
INFO:werkzeug: * Restarting with stat
INFO:root:Flask Web Server Started
WARNING:werkzeug: * Debugger is active!
INFO:werkzeug: * Debugger PIN: 505-006-647
INFO:werkzeug: * Running on http://localhost:8080/ (Press CTRL+C to quit)
INFO:werkzeug:127.0.0.1 - - [04/Dec/2019 20:26:01] "GET / HTTP/1.1" 200 -
INFO:werkzeug:127.0.0.1 - - [04/Dec/2019 20:26:01] "GET /favicon.ico HTTP/1.1" 404 -
DEBUG:urllib3.connectionpool:Starting new HTTPS connection (1): dapi.kakao.com:443
DEBUG:urllib3.connectionpool:https://dapi.kakao.com:443 "GET /v2/search/image?query=%EC%95%84%EC%9D%B4%EC%9C%A0 HTTP/1.1" 200 None
INFO:werkzeug:127.0.0.1 - - [04/Dec/2019 20:26:03] "GET /menus/images HTTP/1.1" 200 -
DEBUG:urllib3.connectionpool:Starting new HTTPS connection (1): dapi.kakao.com:443
DEBUG:urllib3.connectionpool:https://dapi.kakao.com:443 "GET /v3/search/book?target=authors&query=%EC%A0%95%ED%83%9C%EC%9C%A4 HTTP/1.1" 200 None
INFO:werkzeug:127.0.0.1 - - [04/Dec/2019 20:26:05] "GET /menus/books HTTP/1.1" 200 -
INFO:werkzeug:127.0.0.1 - - [04/Dec/2019 20:26:07] "GET /auth/login HTTP/1.1" 200 -
DEBUG:urllib3.connectionpool:Starting new HTTPS connection (1): kauth.kakao.com:443
DEBUG:urllib3.connectionpool:https://kauth.kakao.com:443 "POST /oauth/token HTTP/1.1" 200 None
DEBUG:urllib3.connectionpool:Starting new HTTPS connection (1): kapi.kakao.com:443
DEBUG:urllib3.connectionpool:https://kapi.kakao.com:443 "POST /v2/user/me HTTP/1.1" 200 885
INFO:werkzeug:127.0.0.1 - - [04/Dec/2019 20:26:17] "GET /auth/kakao_oauth_redirect?code=8yiPaZ4GC-LDwSaqYHZxTGSXFNFYkEKxQ_WelRdgzQfGFIZ2Ttg6x57mRQy7ij-mSiKCFAo9dZwAAAFu0KktZg HTTP/1.1" 302 -
INFO:werkzeug:127.0.0.1 - - [04/Dec/2019 20:26:17] "GET / HTTP/1.1" 200 -
INFO:root:Flask Web Server Started
INFO:werkzeug: * Restarting with stat
INFO:root:Flask Web Server Started
WARNING:werkzeug: * Debugger is active!
INFO:werkzeug: * Debugger PIN: 871-573-713
INFO:werkzeug: * Running on http://localhost:8080/ (Press CTRL+C to quit)
INFO:werkzeug:127.0.0.1 - - [04/Dec/2019 20:42:43] "GET / HTTP/1.1" 200 -
INFO:werkzeug:127.0.0.1 - - [04/Dec/2019 20:42:43] "GET /favicon.ico HTTP/1.1" 404 -
INFO:werkzeug:127.0.0.1 - - [04/Dec/2019 20:42:45] "GET /auth/login HTTP/1.1" 200 -
DEBUG:urllib3.connectionpool:Starting new HTTPS connection (1): kauth.kakao.com:443
DEBUG:urllib3.connectionpool:https://kauth.kakao.com:443 "POST /oauth/token HTTP/1.1" 200 None
DEBUG:urllib3.connectionpool:Starting new HTTPS connection (1): kapi.kakao.com:443
DEBUG:urllib3.connectionpool:https://kapi.kakao.com:443 "POST /v2/user/me HTTP/1.1" 200 885
INFO:werkzeug:127.0.0.1 - - [04/Dec/2019 20:42:58] "GET /auth/kakao_oauth_redirect?code=36OGSwNiU3S8-Wb91ELOgTVsTswSXd-HEfpSYN1CjIoqhnOZW8olf3EoSxd8bV2dIbMZPQo9dqQAAAFu0Lh1dQ HTTP/1.1" 302 -
INFO:werkzeug:127.0.0.1 - - [04/Dec/2019 20:42:58] "GET / HTTP/1.1" 200 -
INFO:werkzeug:127.0.0.1 - - [04/Dec/2019 20:43:08] "GET /auth/my_page HTTP/1.1" 200 -
INFO:root:Flask Web Server Started
INFO:werkzeug: * Restarting with stat
INFO:root:Flask Web Server Started
WARNING:werkzeug: * Debugger is active!
INFO:werkzeug: * Debugger PIN: 505-006-647
INFO:werkzeug: * Running on http://localhost:8080/ (Press CTRL+C to quit)
INFO:werkzeug:127.0.0.1 - - [10/Dec/2019 15:27:28] "GET / HTTP/1.1" 200 -
INFO:werkzeug:127.0.0.1 - - [10/Dec/2019 15:27:28] "GET /static/assets/css/material-dashboard.css?v=2.1.1 HTTP/1.1" 304 -
INFO:werkzeug:127.0.0.1 - - [10/Dec/2019 15:27:29] "GET /favicon.ico HTTP/1.1" 404 -
DEBUG:urllib3.connectionpool:Starting new HTTPS connection (1): dapi.kakao.com:443
DEBUG:urllib3.connectionpool:https://dapi.kakao.com:443 "GET /v2/search/image?query=%EC%95%84%EC%9D%B4%EC%9C%A0 HTTP/1.1" 200 None
INFO:werkzeug:127.0.0.1 - - [10/Dec/2019 15:27:33] "GET /menus/images HTTP/1.1" 200 -
DEBUG:urllib3.connectionpool:Starting new HTTPS connection (1): dapi.kakao.com:443
DEBUG:urllib3.connectionpool:https://dapi.kakao.com:443 "GET /v3/search/book?target=authors&query=%EC%A0%95%ED%83%9C%EC%9C%A4 HTTP/1.1" 200 None
INFO:werkzeug:127.0.0.1 - - [10/Dec/2019 15:27:41] "GET /menus/books HTTP/1.1" 200 -
DEBUG:urllib3.connectionpool:Starting new HTTPS connection (1): dapi.kakao.com:443
DEBUG:urllib3.connectionpool:https://dapi.kakao.com:443 "GET /v2/search/image?query=%EC%95%84%EC%9D%B4%EC%9C%A0 HTTP/1.1" 200 None
INFO:werkzeug:127.0.0.1 - - [10/Dec/2019 15:27:43] "GET /menus/images HTTP/1.1" 200 -
INFO:werkzeug:127.0.0.1 - - [10/Dec/2019 15:27:46] "GET / HTTP/1.1" 200 -
INFO:werkzeug: * Detected change in 'C:\\Users\\hbill\\PycharmProjects\\web_service\\views\\menus.py', reloading
INFO:werkzeug: * Restarting with stat
INFO:root:Flask Web Server Started
WARNING:werkzeug: * Debugger is active!
INFO:werkzeug: * Debugger PIN: 505-006-647
INFO:werkzeug: * Running on http://localhost:8080/ (Press CTRL+C to quit)
DEBUG:urllib3.connectionpool:Starting new HTTPS connection (1): dapi.kakao.com:443
DEBUG:urllib3.connectionpool:https://dapi.kakao.com:443 "GET /v3/search/book?target=authors&query=%ED%99%8D%EA%B2%BD%ED%83%9D HTTP/1.1" 200 None
INFO:werkzeug:127.0.0.1 - - [10/Dec/2019 15:29:20] "GET /menus/books HTTP/1.1" 200 -
INFO:werkzeug: * Detected change in 'C:\\Users\\hbill\\PycharmProjects\\web_service\\views\\menus.py', reloading
INFO:werkzeug: * Restarting with stat
INFO:root:Flask Web Server Started
WARNING:werkzeug: * Debugger is active!
INFO:werkzeug: * Debugger PIN: 505-006-647
INFO:werkzeug: * Running on http://localhost:8080/ (Press CTRL+C to quit)
DEBUG:urllib3.connectionpool:Starting new HTTPS connection (1): dapi.kakao.com:443
DEBUG:urllib3.connectionpool:https://dapi.kakao.com:443 "GET /v3/search/book?target=authors&query=%EC%A0%95%ED%83%9C%EC%9C%A4 HTTP/1.1" 200 None
INFO:werkzeug:127.0.0.1 - - [10/Dec/2019 15:29:31] "GET /menus/books HTTP/1.1" 200 -
INFO:werkzeug: * Detected change in 'C:\\Users\\hbill\\PycharmProjects\\web_service\\views\\menus.py', reloading
INFO:werkzeug: * Restarting with stat
INFO:root:Flask Web Server Started
WARNING:werkzeug: * Debugger is active!
INFO:werkzeug: * Debugger PIN: 505-006-647
INFO:werkzeug: * Running on http://localhost:8080/ (Press CTRL+C to quit)
DEBUG:urllib3.connectionpool:Starting new HTTPS connection (1): dapi.kakao.com:443
DEBUG:urllib3.connectionpool:https://dapi.kakao.com:443 "GET /v2/search/image?query=%EC%8A%A4%ED%94%84%EB%A7%81 HTTP/1.1" 200 None
INFO:werkzeug:127.0.0.1 - - [10/Dec/2019 15:29:50] "GET /menus/images HTTP/1.1" 200 -
INFO:werkzeug: * Detected change in 'C:\\Users\\hbill\\PycharmProjects\\web_service\\views\\menus.py', reloading
INFO:werkzeug: * Restarting with stat
INFO:root:Flask Web Server Started
WARNING:werkzeug: * Debugger is active!
INFO:werkzeug: * Debugger PIN: 505-006-647
INFO:werkzeug: * Running on http://localhost:8080/ (Press CTRL+C to quit)
INFO:root:Flask Web Server Started
INFO:werkzeug: * Restarting with stat
INFO:root:Flask Web Server Started
WARNING:werkzeug: * Debugger is active!
INFO:werkzeug: * Debugger PIN: 505-006-647
INFO:werkzeug: * Running on http://localhost:8080/ (Press CTRL+C to quit)
INFO:werkzeug: * Detected change in 'C:\\Users\\hbill\\PycharmProjects\\web_service\\application.py', reloading
INFO:werkzeug: * Restarting with stat
INFO:root:Flask Web Server Started
WARNING:werkzeug: * Debugger is active!
INFO:werkzeug: * Debugger PIN: 505-006-647
INFO:werkzeug: * Running on http://localhost:8080/ (Press CTRL+C to quit)
INFO:werkzeug: * Detected change in 'C:\\Users\\hbill\\PycharmProjects\\web_service\\application.py', reloading
INFO:werkzeug: * Restarting with stat
INFO:root:Flask Web Server Started
WARNING:werkzeug: * Debugger is active!
INFO:werkzeug: * Debugger PIN: 505-006-647
INFO:werkzeug: * Running on http://localhost:8080/ (Press CTRL+C to quit)
INFO:werkzeug: * Detected change in 'C:\\Users\\hbill\\PycharmProjects\\web_service\\application.py', reloading
INFO:werkzeug: * Restarting with stat
INFO:root:Flask Web Server Started
WARNING:werkzeug: * Debugger is active!
INFO:werkzeug: * Debugger PIN: 505-006-647
INFO:werkzeug: * Running on http://localhost:8080/ (Press CTRL+C to quit)
INFO:werkzeug: * Detected change in 'C:\\Users\\hbill\\PycharmProjects\\web_service\\application.py', reloading
INFO:werkzeug: * Restarting with stat
INFO:root:Flask Web Server Started
WARNING:werkzeug: * Debugger is active!
INFO:werkzeug: * Debugger PIN: 505-006-647
INFO:werkzeug: * Running on http://localhost:8080/ (Press CTRL+C to quit)
INFO:werkzeug: * Detected change in 'C:\\Users\\hbill\\PycharmProjects\\web_service\\application.py', reloading
INFO:werkzeug: * Restarting with stat
INFO:root:Flask Web Server Started
WARNING:werkzeug: * Debugger is active!
INFO:werkzeug: * Debugger PIN: 505-006-647
INFO:werkzeug: * Running on http://0.0.0.0:8080/ (Press CTRL+C to quit)
INFO:werkzeug: * Detected change in 'C:\\Users\\hbill\\PycharmProjects\\web_service\\application.py', reloading
INFO:werkzeug: * Restarting with stat
INFO:root:Flask Web Server Started
INFO:werkzeug: * Restarting with stat
INFO:root:Flask Web Server Started
WARNING:werkzeug: * Debugger is active!
INFO:werkzeug: * Debugger PIN: 871-573-713
INFO:werkzeug: * Running on http://0.0.0.0:8080/ (Press CTRL+C to quit)
INFO:werkzeug:127.0.0.1 - - [12/Dec/2019 18:46:13] "GET / HTTP/1.1" 200 -
INFO:werkzeug:127.0.0.1 - - [12/Dec/2019 18:46:13] "GET /static/assets/css/material-dashboard.css?v=2.1.1 HTTP/1.1" 304 -
INFO:werkzeug:127.0.0.1 - - [12/Dec/2019 18:46:14] "GET /favicon.ico HTTP/1.1" 404 -
INFO:root:Flask Web Server Started
INFO:werkzeug: * Restarting with stat
INFO:root:Flask Web Server Started
WARNING:werkzeug: * Debugger is active!
INFO:werkzeug: * Debugger PIN: 505-006-647
INFO:werkzeug: * Running on http://0.0.0.0:8080/ (Press CTRL+C to quit)
INFO:werkzeug:127.0.0.1 - - [12/Dec/2019 19:40:20] "GET / HTTP/1.1" 200 -
INFO:werkzeug:127.0.0.1 - - [12/Dec/2019 19:40:21] "GET /favicon.ico HTTP/1.1" 404 -
DEBUG:urllib3.connectionpool:Starting new HTTP connection (1): api.visitkorea.or.kr:80
DEBUG:urllib3.connectionpool:http://api.visitkorea.or.kr:80 "GET /openapi/service/rest/KorService/searchKeyword?ServiceKey=mzv%2B5nKLrKuD%2BmQQsQNPL9WTK%2B%2Bv2TmZhLsfKQ94z9xgb1RpWBP17HLSPzxlwwYugsmNqEOJqSxKVAXxdImgXg%3D%3D&keyword=%EA%B3%84%EA%B3%A1&listYN=Y&arrange=A&MobileOS=ETC&MobileApp=AppTest&_type=json HTTP/1.1" 200 4755
DEBUG:urllib3.connectionpool:Starting new HTTP connection (1): apis.data.go.kr:80
DEBUG:urllib3.connectionpool:http://apis.data.go.kr:80 "GET /B553077/api/open/sdsc/baroApi?resId=dong&catId=cty&ctprvnCd=46&ServiceKey=mzv%2B5nKLrKuD%2BmQQsQNPL9WTK%2B%2Bv2TmZhLsfKQ94z9xgb1RpWBP17HLSPzxlwwYugsmNqEOJqSxKVAXxdImgXg%3D%3D&type=json HTTP/1.1" 200 544
DEBUG:urllib3.connectionpool:Starting new HTTP connection (1): apis.data.go.kr:80
DEBUG:urllib3.connectionpool:http://apis.data.go.kr:80 "GET /B553077/api/open/sdsc/storeListInDong?divId=signguCd&key=46790&ServiceKey=mzv%2B5nKLrKuD%2BmQQsQNPL9WTK%2B%2Bv2TmZhLsfKQ94z9xgb1RpWBP17HLSPzxlwwYugsmNqEOJqSxKVAXxdImgXg%3D%3D&type=json HTTP/1.1" 200 3552
DEBUG:urllib3.connectionpool:Starting new HTTP connection (1): apis.data.go.kr:80
DEBUG:urllib3.connectionpool:http://apis.data.go.kr:80 "GET /B553077/api/open/sdsc/baroApi?resId=dong&catId=cty&ctprvnCd=45&ServiceKey=mzv%2B5nKLrKuD%2BmQQsQNPL9WTK%2B%2Bv2TmZhLsfKQ94z9xgb1RpWBP17HLSPzxlwwYugsmNqEOJqSxKVAXxdImgXg%3D%3D&type=json HTTP/1.1" 200 483
DEBUG:urllib3.connectionpool:Starting new HTTP connection (1): apis.data.go.kr:80
DEBUG:urllib3.connectionpool:http://apis.data.go.kr:80 "GET /B553077/api/open/sdsc/storeListInDong?divId=signguCd&key=45720&ServiceKey=mzv%2B5nKLrKuD%2BmQQsQNPL9WTK%2B%2Bv2TmZhLsfKQ94z9xgb1RpWBP17HLSPzxlwwYugsmNqEOJqSxKVAXxdImgXg%3D%3D&type=json HTTP/1.1" 200 3787
DEBUG:urllib3.connectionpool:Starting new HTTP connection (1): apis.data.go.kr:80
DEBUG:urllib3.connectionpool:http://apis.data.go.kr:80 "GET /B553077/api/open/sdsc/baroApi?resId=dong&catId=cty&ctprvnCd=42&ServiceKey=mzv%2B5nKLrKuD%2BmQQsQNPL9WTK%2B%2Bv2TmZhLsfKQ94z9xgb1RpWBP17HLSPzxlwwYugsmNqEOJqSxKVAXxdImgXg%3D%3D&type=json HTTP/1.1" 200 504
DEBUG:urllib3.connectionpool:Starting new HTTP connection (1): apis.data.go.kr:80
DEBUG:urllib3.connectionpool:http://apis.data.go.kr:80 "GET /B553077/api/open/sdsc/storeListInDong?divId=signguCd&key=42730&ServiceKey=mzv%2B5nKLrKuD%2BmQQsQNPL9WTK%2B%2Bv2TmZhLsfKQ94z9xgb1RpWBP17HLSPzxlwwYugsmNqEOJqSxKVAXxdImgXg%3D%3D&type=json HTTP/1.1" 200 4002
DEBUG:urllib3.connectionpool:Starting new HTTP connection (1): apis.data.go.kr:80
DEBUG:urllib3.connectionpool:http://apis.data.go.kr:80 "GET /B553077/api/open/sdsc/baroApi?resId=dong&catId=cty&ctprvnCd=45&ServiceKey=mzv%2B5nKLrKuD%2BmQQsQNPL9WTK%2B%2Bv2TmZhLsfKQ94z9xgb1RpWBP17HLSPzxlwwYugsmNqEOJqSxKVAXxdImgXg%3D%3D&type=json HTTP/1.1" 200 483
DEBUG:urllib3.connectionpool:Starting new HTTP connection (1): apis.data.go.kr:80
DEBUG:urllib3.connectionpool:http://apis.data.go.kr:80 "GET /B553077/api/open/sdsc/storeListInDong?divId=signguCd&key=45720&ServiceKey=mzv%2B5nKLrKuD%2BmQQsQNPL9WTK%2B%2Bv2TmZhLsfKQ94z9xgb1RpWBP17HLSPzxlwwYugsmNqEOJqSxKVAXxdImgXg%3D%3D&type=json HTTP/1.1" 200 3787
DEBUG:urllib3.connectionpool:Starting new HTTP connection (1): apis.data.go.kr:80
DEBUG:urllib3.connectionpool:http://apis.data.go.kr:80 "GET /B553077/api/open/sdsc/baroApi?resId=dong&catId=cty&ctprvnCd=43&ServiceKey=mzv%2B5nKLrKuD%2BmQQsQNPL9WTK%2B%2Bv2TmZhLsfKQ94z9xgb1RpWBP17HLSPzxlwwYugsmNqEOJqSxKVAXxdImgXg%3D%3D&type=json HTTP/1.1" 200 474
DEBUG:urllib3.connectionpool:Starting new HTTP connection (1): apis.data.go.kr:80
DEBUG:urllib3.connectionpool:http://apis.data.go.kr:80 "GET /B553077/api/open/sdsc/storeListInDong?divId=signguCd&key=43130&ServiceKey=mzv%2B5nKLrKuD%2BmQQsQNPL9WTK%2B%2Bv2TmZhLsfKQ94z9xgb1RpWBP17HLSPzxlwwYugsmNqEOJqSxKVAXxdImgXg%3D%3D&type=json HTTP/1.1" 200 4158
DEBUG:urllib3.connectionpool:Starting new HTTP connection (1): apis.data.go.kr:80
DEBUG:urllib3.connectionpool:http://apis.data.go.kr:80 "GET /B553077/api/open/sdsc/baroApi?resId=dong&catId=cty&ctprvnCd=42&ServiceKey=mzv%2B5nKLrKuD%2BmQQsQNPL9WTK%2B%2Bv2TmZhLsfKQ94z9xgb1RpWBP17HLSPzxlwwYugsmNqEOJqSxKVAXxdImgXg%3D%3D&type=json HTTP/1.1" 200 504
DEBUG:urllib3.connectionpool:Starting new HTTP connection (1): apis.data.go.kr:80
DEBUG:urllib3.connectionpool:http://apis.data.go.kr:80 "GET /B553077/api/open/sdsc/storeListInDong?divId=signguCd&key=42730&ServiceKey=mzv%2B5nKLrKuD%2BmQQsQNPL9WTK%2B%2Bv2TmZhLsfKQ94z9xgb1RpWBP17HLSPzxlwwYugsmNqEOJqSxKVAXxdImgXg%3D%3D&type=json HTTP/1.1" 200 4002
DEBUG:urllib3.connectionpool:Starting new HTTP connection (1): apis.data.go.kr:80
DEBUG:urllib3.connectionpool:http://apis.data.go.kr:80 "GET /B553077/api/open/sdsc/baroApi?resId=dong&catId=cty&ctprvnCd=44&ServiceKey=mzv%2B5nKLrKuD%2BmQQsQNPL9WTK%2B%2Bv2TmZhLsfKQ94z9xgb1RpWBP17HLSPzxlwwYugsmNqEOJqSxKVAXxdImgXg%3D%3D&type=json HTTP/1.1" 200 497
DEBUG:urllib3.connectionpool:Starting new HTTP connection (1): apis.data.go.kr:80
DEBUG:urllib3.connectionpool:http://apis.data.go.kr:80 "GET /B553077/api/open/sdsc/storeListInDong?divId=signguCd&key=44800&ServiceKey=mzv%2B5nKLrKuD%2BmQQsQNPL9WTK%2B%2Bv2TmZhLsfKQ94z9xgb1RpWBP17HLSPzxlwwYugsmNqEOJqSxKVAXxdImgXg%3D%3D&type=json HTTP/1.1" 200 3840
DEBUG:urllib3.connectionpool:Starting new HTTP connection (1): apis.data.go.kr:80
DEBUG:urllib3.connectionpool:http://apis.data.go.kr:80 "GET /B553077/api/open/sdsc/baroApi?resId=dong&catId=cty&ctprvnCd=45&ServiceKey=mzv%2B5nKLrKuD%2BmQQsQNPL9WTK%2B%2Bv2TmZhLsfKQ94z9xgb1RpWBP17HLSPzxlwwYugsmNqEOJqSxKVAXxdImgXg%3D%3D&type=json HTTP/1.1" 200 483
DEBUG:urllib3.connectionpool:Starting new HTTP connection (1): apis.data.go.kr:80
DEBUG:urllib3.connectionpool:http://apis.data.go.kr:80 "GET /B553077/api/open/sdsc/storeListInDong?divId=signguCd&key=45720&ServiceKey=mzv%2B5nKLrKuD%2BmQQsQNPL9WTK%2B%2Bv2TmZhLsfKQ94z9xgb1RpWBP17HLSPzxlwwYugsmNqEOJqSxKVAXxdImgXg%3D%3D&type=json HTTP/1.1" 200 3787
DEBUG:urllib3.connectionpool:Starting new HTTP connection (1): apis.data.go.kr:80
DEBUG:urllib3.connectionpool:http://apis.data.go.kr:80 "GET /B553077/api/open/sdsc/baroApi?resId=dong&catId=cty&ctprvnCd=45&ServiceKey=mzv%2B5nKLrKuD%2BmQQsQNPL9WTK%2B%2Bv2TmZhLsfKQ94z9xgb1RpWBP17HLSPzxlwwYugsmNqEOJqSxKVAXxdImgXg%3D%3D&type=json HTTP/1.1" 200 483
DEBUG:urllib3.connectionpool:Starting new HTTP connection (1): apis.data.go.kr:80
DEBUG:urllib3.connectionpool:http://apis.data.go.kr:80 "GET /B553077/api/open/sdsc/storeListInDong?divId=signguCd&key=45720&ServiceKey=mzv%2B5nKLrKuD%2BmQQsQNPL9WTK%2B%2Bv2TmZhLsfKQ94z9xgb1RpWBP17HLSPzxlwwYugsmNqEOJqSxKVAXxdImgXg%3D%3D&type=json HTTP/1.1" 200 3787
DEBUG:urllib3.connectionpool:Starting new HTTP connection (1): apis.data.go.kr:80
DEBUG:urllib3.connectionpool:http://apis.data.go.kr:80 "GET /B553077/api/open/sdsc/baroApi?resId=dong&catId=cty&ctprvnCd=48&ServiceKey=mzv%2B5nKLrKuD%2BmQQsQNPL9WTK%2B%2Bv2TmZhLsfKQ94z9xgb1RpWBP17HLSPzxlwwYugsmNqEOJqSxKVAXxdImgXg%3D%3D&type=json HTTP/1.1" 200 565
DEBUG:urllib3.connectionpool:Starting new HTTP connection (1): apis.data.go.kr:80
DEBUG:urllib3.connectionpool:http://apis.data.go.kr:80 "GET /B553077/api/open/sdsc/storeListInDong?divId=signguCd&key=48890&ServiceKey=mzv%2B5nKLrKuD%2BmQQsQNPL9WTK%2B%2Bv2TmZhLsfKQ94z9xgb1RpWBP17HLSPzxlwwYugsmNqEOJqSxKVAXxdImgXg%3D%3D&type=json HTTP/1.1" 200 3866
INFO:werkzeug:127.0.0.1 - - [12/Dec/2019 19:40:37] "POST /menus/travel HTTP/1.1" 500 -
INFO:werkzeug:127.0.0.1 - - [12/Dec/2019 19:40:37] "GET /menus/travel?__debugger__=yes&cmd=resource&f=style.css HTTP/1.1" 200 -
INFO:werkzeug:127.0.0.1 - - [12/Dec/2019 19:40:37] "GET /menus/travel?__debugger__=yes&cmd=resource&f=debugger.js HTTP/1.1" 200 -
INFO:werkzeug:127.0.0.1 - - [12/Dec/2019 19:40:37] "GET /menus/travel?__debugger__=yes&cmd=resource&f=jquery.js HTTP/1.1" 200 -
INFO:werkzeug:127.0.0.1 - - [12/Dec/2019 19:40:38] "GET /menus/travel?__debugger__=yes&cmd=resource&f=ubuntu.ttf HTTP/1.1" 200 -
INFO:werkzeug:127.0.0.1 - - [12/Dec/2019 19:40:38] "GET /menus/travel?__debugger__=yes&cmd=resource&f=console.png HTTP/1.1" 200 -
INFO:werkzeug:127.0.0.1 - - [12/Dec/2019 19:40:38] "GET /menus/travel?__debugger__=yes&cmd=resource&f=console.png HTTP/1.1" 200 -
INFO:werkzeug: * Detected change in 'C:\\Users\\hbill\\PycharmProjects\\web_service\\views\\menus.py', reloading
INFO:werkzeug: * Restarting with stat
INFO:root:Flask Web Server Started
WARNING:werkzeug: * Debugger is active!
INFO:werkzeug: * Debugger PIN: 505-006-647
INFO:werkzeug: * Running on http://0.0.0.0:8080/ (Press CTRL+C to quit)
DEBUG:urllib3.connectionpool:Starting new HTTP connection (1): api.visitkorea.or.kr:80
DEBUG:urllib3.connectionpool:http://api.visitkorea.or.kr:80 "GET /openapi/service/rest/KorService/searchKeyword?ServiceKey=mzv%2B5nKLrKuD%2BmQQsQNPL9WTK%2B%2Bv2TmZhLsfKQ94z9xgb1RpWBP17HLSPzxlwwYugsmNqEOJqSxKVAXxdImgXg%3D%3D&keyword=%EA%B3%84%EA%B3%A1&listYN=Y&arrange=A&MobileOS=ETC&MobileApp=AppTest&_type=json HTTP/1.1" 200 4755
DEBUG:urllib3.connectionpool:Starting new HTTP connection (1): apis.data.go.kr:80
DEBUG:urllib3.connectionpool:http://apis.data.go.kr:80 "GET /B553077/api/open/sdsc/baroApi?resId=dong&catId=cty&ctprvnCd=46&ServiceKey=mzv%2B5nKLrKuD%2BmQQsQNPL9WTK%2B%2Bv2TmZhLsfKQ94z9xgb1RpWBP17HLSPzxlwwYugsmNqEOJqSxKVAXxdImgXg%3D%3D&type=json HTTP/1.1" 200 544
DEBUG:urllib3.connectionpool:Starting new HTTP connection (1): apis.data.go.kr:80
DEBUG:urllib3.connectionpool:http://apis.data.go.kr:80 "GET /B553077/api/open/sdsc/storeListInDong?divId=signguCd&key=46790&ServiceKey=mzv%2B5nKLrKuD%2BmQQsQNPL9WTK%2B%2Bv2TmZhLsfKQ94z9xgb1RpWBP17HLSPzxlwwYugsmNqEOJqSxKVAXxdImgXg%3D%3D&type=json HTTP/1.1" 200 3552
DEBUG:urllib3.connectionpool:Starting new HTTP connection (1): apis.data.go.kr:80
DEBUG:urllib3.connectionpool:http://apis.data.go.kr:80 "GET /B553077/api/open/sdsc/baroApi?resId=dong&catId=cty&ctprvnCd=45&ServiceKey=mzv%2B5nKLrKuD%2BmQQsQNPL9WTK%2B%2Bv2TmZhLsfKQ94z9xgb1RpWBP17HLSPzxlwwYugsmNqEOJqSxKVAXxdImgXg%3D%3D&type=json HTTP/1.1" 200 483
DEBUG:urllib3.connectionpool:Starting new HTTP connection (1): apis.data.go.kr:80
DEBUG:urllib3.connectionpool:http://apis.data.go.kr:80 "GET /B553077/api/open/sdsc/storeListInDong?divId=signguCd&key=45720&ServiceKey=mzv%2B5nKLrKuD%2BmQQsQNPL9WTK%2B%2Bv2TmZhLsfKQ94z9xgb1RpWBP17HLSPzxlwwYugsmNqEOJqSxKVAXxdImgXg%3D%3D&type=json HTTP/1.1" 200 3787
DEBUG:urllib3.connectionpool:Starting new HTTP connection (1): apis.data.go.kr:80
DEBUG:urllib3.connectionpool:http://apis.data.go.kr:80 "GET /B553077/api/open/sdsc/baroApi?resId=dong&catId=cty&ctprvnCd=42&ServiceKey=mzv%2B5nKLrKuD%2BmQQsQNPL9WTK%2B%2Bv2TmZhLsfKQ94z9xgb1RpWBP17HLSPzxlwwYugsmNqEOJqSxKVAXxdImgXg%3D%3D&type=json HTTP/1.1" 200 504
DEBUG:urllib3.connectionpool:Starting new HTTP connection (1): apis.data.go.kr:80
DEBUG:urllib3.connectionpool:http://apis.data.go.kr:80 "GET /B553077/api/open/sdsc/storeListInDong?divId=signguCd&key=42730&ServiceKey=mzv%2B5nKLrKuD%2BmQQsQNPL9WTK%2B%2Bv2TmZhLsfKQ94z9xgb1RpWBP17HLSPzxlwwYugsmNqEOJqSxKVAXxdImgXg%3D%3D&type=json HTTP/1.1" 200 4002
DEBUG:urllib3.connectionpool:Starting new HTTP connection (1): apis.data.go.kr:80
DEBUG:urllib3.connectionpool:http://apis.data.go.kr:80 "GET /B553077/api/open/sdsc/baroApi?resId=dong&catId=cty&ctprvnCd=45&ServiceKey=mzv%2B5nKLrKuD%2BmQQsQNPL9WTK%2B%2Bv2TmZhLsfKQ94z9xgb1RpWBP17HLSPzxlwwYugsmNqEOJqSxKVAXxdImgXg%3D%3D&type=json HTTP/1.1" 200 483
DEBUG:urllib3.connectionpool:Starting new HTTP connection (1): apis.data.go.kr:80
DEBUG:urllib3.connectionpool:http://apis.data.go.kr:80 "GET /B553077/api/open/sdsc/storeListInDong?divId=signguCd&key=45720&ServiceKey=mzv%2B5nKLrKuD%2BmQQsQNPL9WTK%2B%2Bv2TmZhLsfKQ94z9xgb1RpWBP17HLSPzxlwwYugsmNqEOJqSxKVAXxdImgXg%3D%3D&type=json HTTP/1.1" 200 3787
DEBUG:urllib3.connectionpool:Starting new HTTP connection (1): apis.data.go.kr:80
DEBUG:urllib3.connectionpool:http://apis.data.go.kr:80 "GET /B553077/api/open/sdsc/baroApi?resId=dong&catId=cty&ctprvnCd=43&ServiceKey=mzv%2B5nKLrKuD%2BmQQsQNPL9WTK%2B%2Bv2TmZhLsfKQ94z9xgb1RpWBP17HLSPzxlwwYugsmNqEOJqSxKVAXxdImgXg%3D%3D&type=json HTTP/1.1" 200 474
DEBUG:urllib3.connectionpool:Starting new HTTP connection (1): apis.data.go.kr:80
DEBUG:urllib3.connectionpool:http://apis.data.go.kr:80 "GET /B553077/api/open/sdsc/storeListInDong?divId=signguCd&key=43130&ServiceKey=mzv%2B5nKLrKuD%2BmQQsQNPL9WTK%2B%2Bv2TmZhLsfKQ94z9xgb1RpWBP17HLSPzxlwwYugsmNqEOJqSxKVAXxdImgXg%3D%3D&type=json HTTP/1.1" 200 4158
DEBUG:urllib3.connectionpool:Starting new HTTP connection (1): apis.data.go.kr:80
DEBUG:urllib3.connectionpool:http://apis.data.go.kr:80 "GET /B553077/api/open/sdsc/baroApi?resId=dong&catId=cty&ctprvnCd=42&ServiceKey=mzv%2B5nKLrKuD%2BmQQsQNPL9WTK%2B%2Bv2TmZhLsfKQ94z9xgb1RpWBP17HLSPzxlwwYugsmNqEOJqSxKVAXxdImgXg%3D%3D&type=json HTTP/1.1" 200 504
DEBUG:urllib3.connectionpool:Starting new HTTP connection (1): apis.data.go.kr:80
DEBUG:urllib3.connectionpool:http://apis.data.go.kr:80 "GET /B553077/api/open/sdsc/storeListInDong?divId=signguCd&key=42730&ServiceKey=mzv%2B5nKLrKuD%2BmQQsQNPL9WTK%2B%2Bv2TmZhLsfKQ94z9xgb1RpWBP17HLSPzxlwwYugsmNqEOJqSxKVAXxdImgXg%3D%3D&type=json HTTP/1.1" 200 4002
DEBUG:urllib3.connectionpool:Starting new HTTP connection (1): apis.data.go.kr:80
DEBUG:urllib3.connectionpool:http://apis.data.go.kr:80 "GET /B553077/api/open/sdsc/baroApi?resId=dong&catId=cty&ctprvnCd=44&ServiceKey=mzv%2B5nKLrKuD%2BmQQsQNPL9WTK%2B%2Bv2TmZhLsfKQ94z9xgb1RpWBP17HLSPzxlwwYugsmNqEOJqSxKVAXxdImgXg%3D%3D&type=json HTTP/1.1" 200 497
DEBUG:urllib3.connectionpool:Starting new HTTP connection (1): apis.data.go.kr:80
DEBUG:urllib3.connectionpool:http://apis.data.go.kr:80 "GET /B553077/api/open/sdsc/storeListInDong?divId=signguCd&key=44800&ServiceKey=mzv%2B5nKLrKuD%2BmQQsQNPL9WTK%2B%2Bv2TmZhLsfKQ94z9xgb1RpWBP17HLSPzxlwwYugsmNqEOJqSxKVAXxdImgXg%3D%3D&type=json HTTP/1.1" 200 3840
DEBUG:urllib3.connectionpool:Starting new HTTP connection (1): apis.data.go.kr:80
DEBUG:urllib3.connectionpool:http://apis.data.go.kr:80 "GET /B553077/api/open/sdsc/baroApi?resId=dong&catId=cty&ctprvnCd=45&ServiceKey=mzv%2B5nKLrKuD%2BmQQsQNPL9WTK%2B%2Bv2TmZhLsfKQ94z9xgb1RpWBP17HLSPzxlwwYugsmNqEOJqSxKVAXxdImgXg%3D%3D&type=json HTTP/1.1" 200 483
DEBUG:urllib3.connectionpool:Starting new HTTP connection (1): apis.data.go.kr:80
DEBUG:urllib3.connectionpool:http://apis.data.go.kr:80 "GET /B553077/api/open/sdsc/storeListInDong?divId=signguCd&key=45720&ServiceKey=mzv%2B5nKLrKuD%2BmQQsQNPL9WTK%2B%2Bv2TmZhLsfKQ94z9xgb1RpWBP17HLSPzxlwwYugsmNqEOJqSxKVAXxdImgXg%3D%3D&type=json HTTP/1.1" 200 3787
DEBUG:urllib3.connectionpool:Starting new HTTP connection (1): apis.data.go.kr:80
DEBUG:urllib3.connectionpool:http://apis.data.go.kr:80 "GET /B553077/api/open/sdsc/baroApi?resId=dong&catId=cty&ctprvnCd=45&ServiceKey=mzv%2B5nKLrKuD%2BmQQsQNPL9WTK%2B%2Bv2TmZhLsfKQ94z9xgb1RpWBP17HLSPzxlwwYugsmNqEOJqSxKVAXxdImgXg%3D%3D&type=json HTTP/1.1" 200 483
DEBUG:urllib3.connectionpool:Starting new HTTP connection (1): apis.data.go.kr:80
DEBUG:urllib3.connectionpool:http://apis.data.go.kr:80 "GET /B553077/api/open/sdsc/storeListInDong?divId=signguCd&key=45720&ServiceKey=mzv%2B5nKLrKuD%2BmQQsQNPL9WTK%2B%2Bv2TmZhLsfKQ94z9xgb1RpWBP17HLSPzxlwwYugsmNqEOJqSxKVAXxdImgXg%3D%3D&type=json HTTP/1.1" 200 3787
DEBUG:urllib3.connectionpool:Starting new HTTP connection (1): apis.data.go.kr:80
DEBUG:urllib3.connectionpool:http://apis.data.go.kr:80 "GET /B553077/api/open/sdsc/baroApi?resId=dong&catId=cty&ctprvnCd=48&ServiceKey=mzv%2B5nKLrKuD%2BmQQsQNPL9WTK%2B%2Bv2TmZhLsfKQ94z9xgb1RpWBP17HLSPzxlwwYugsmNqEOJqSxKVAXxdImgXg%3D%3D&type=json HTTP/1.1" 200 565
DEBUG:urllib3.connectionpool:Starting new HTTP connection (1): apis.data.go.kr:80
DEBUG:urllib3.connectionpool:http://apis.data.go.kr:80 "GET /B553077/api/open/sdsc/storeListInDong?divId=signguCd&key=48890&ServiceKey=mzv%2B5nKLrKuD%2BmQQsQNPL9WTK%2B%2Bv2TmZhLsfKQ94z9xgb1RpWBP17HLSPzxlwwYugsmNqEOJqSxKVAXxdImgXg%3D%3D&type=json HTTP/1.1" 200 3866
INFO:werkzeug:127.0.0.1 - - [12/Dec/2019 19:41:14] "POST /menus/travel HTTP/1.1" 500 -
INFO:werkzeug:127.0.0.1 - - [12/Dec/2019 19:41:14] "GET /menus/travel?__debugger__=yes&cmd=resource&f=style.css HTTP/1.1" 200 -
INFO:werkzeug:127.0.0.1 - - [12/Dec/2019 19:41:14] "GET /menus/travel?__debugger__=yes&cmd=resource&f=jquery.js HTTP/1.1" 200 -
INFO:werkzeug:127.0.0.1 - - [12/Dec/2019 19:41:14] "GET /menus/travel?__debugger__=yes&cmd=resource&f=debugger.js HTTP/1.1" 200 -
INFO:werkzeug:127.0.0.1 - - [12/Dec/2019 19:41:15] "GET /menus/travel?__debugger__=yes&cmd=resource&f=ubuntu.ttf HTTP/1.1" 200 -
INFO:werkzeug:127.0.0.1 - - [12/Dec/2019 19:41:15] "GET /menus/travel?__debugger__=yes&cmd=resource&f=console.png HTTP/1.1" 200 -
INFO:werkzeug: * Detected change in 'C:\\Users\\hbill\\PycharmProjects\\web_service\\views\\menus.py', reloading
INFO:werkzeug: * Restarting with stat
INFO:root:Flask Web Server Started
WARNING:werkzeug: * Debugger is active!
INFO:werkzeug: * Debugger PIN: 505-006-647
INFO:werkzeug: * Running on http://0.0.0.0:8080/ (Press CTRL+C to quit)
INFO:werkzeug: * Detected change in 'C:\\Users\\hbill\\PycharmProjects\\web_service\\views\\menus.py', reloading
INFO:werkzeug: * Restarting with stat
INFO:root:Flask Web Server Started
WARNING:werkzeug: * Debugger is active!
INFO:werkzeug: * Debugger PIN: 505-006-647
INFO:werkzeug: * Running on http://0.0.0.0:8080/ (Press CTRL+C to quit)
DEBUG:urllib3.connectionpool:Starting new HTTP connection (1): api.visitkorea.or.kr:80
DEBUG:urllib3.connectionpool:http://api.visitkorea.or.kr:80 "GET /openapi/service/rest/KorService/searchKeyword?ServiceKey=mzv%2B5nKLrKuD%2BmQQsQNPL9WTK%2B%2Bv2TmZhLsfKQ94z9xgb1RpWBP17HLSPzxlwwYugsmNqEOJqSxKVAXxdImgXg%3D%3D&keyword=%EA%B3%84%EA%B3%A1&listYN=Y&arrange=A&MobileOS=ETC&MobileApp=AppTest&_type=json HTTP/1.1" 200 4755
DEBUG:urllib3.connectionpool:Starting new HTTP connection (1): apis.data.go.kr:80
DEBUG:urllib3.connectionpool:http://apis.data.go.kr:80 "GET /B553077/api/open/sdsc/baroApi?resId=dong&catId=cty&ctprvnCd=46&ServiceKey=mzv%2B5nKLrKuD%2BmQQsQNPL9WTK%2B%2Bv2TmZhLsfKQ94z9xgb1RpWBP17HLSPzxlwwYugsmNqEOJqSxKVAXxdImgXg%3D%3D&type=json HTTP/1.1" 200 544
DEBUG:urllib3.connectionpool:Starting new HTTP connection (1): apis.data.go.kr:80
DEBUG:urllib3.connectionpool:http://apis.data.go.kr:80 "GET /B553077/api/open/sdsc/storeListInDong?divId=signguCd&key=46790&ServiceKey=mzv%2B5nKLrKuD%2BmQQsQNPL9WTK%2B%2Bv2TmZhLsfKQ94z9xgb1RpWBP17HLSPzxlwwYugsmNqEOJqSxKVAXxdImgXg%3D%3D&type=json HTTP/1.1" 200 3552
DEBUG:urllib3.connectionpool:Starting new HTTP connection (1): apis.data.go.kr:80
DEBUG:urllib3.connectionpool:http://apis.data.go.kr:80 "GET /B553077/api/open/sdsc/baroApi?resId=dong&catId=cty&ctprvnCd=45&ServiceKey=mzv%2B5nKLrKuD%2BmQQsQNPL9WTK%2B%2Bv2TmZhLsfKQ94z9xgb1RpWBP17HLSPzxlwwYugsmNqEOJqSxKVAXxdImgXg%3D%3D&type=json HTTP/1.1" 200 483
DEBUG:urllib3.connectionpool:Starting new HTTP connection (1): apis.data.go.kr:80
DEBUG:urllib3.connectionpool:http://apis.data.go.kr:80 "GET /B553077/api/open/sdsc/storeListInDong?divId=signguCd&key=45720&ServiceKey=mzv%2B5nKLrKuD%2BmQQsQNPL9WTK%2B%2Bv2TmZhLsfKQ94z9xgb1RpWBP17HLSPzxlwwYugsmNqEOJqSxKVAXxdImgXg%3D%3D&type=json HTTP/1.1" 200 3787
DEBUG:urllib3.connectionpool:Starting new HTTP connection (1): apis.data.go.kr:80
DEBUG:urllib3.connectionpool:http://apis.data.go.kr:80 "GET /B553077/api/open/sdsc/baroApi?resId=dong&catId=cty&ctprvnCd=42&ServiceKey=mzv%2B5nKLrKuD%2BmQQsQNPL9WTK%2B%2Bv2TmZhLsfKQ94z9xgb1RpWBP17HLSPzxlwwYugsmNqEOJqSxKVAXxdImgXg%3D%3D&type=json HTTP/1.1" 200 504
DEBUG:urllib3.connectionpool:Starting new HTTP connection (1): apis.data.go.kr:80
DEBUG:urllib3.connectionpool:http://apis.data.go.kr:80 "GET /B553077/api/open/sdsc/storeListInDong?divId=signguCd&key=42730&ServiceKey=mzv%2B5nKLrKuD%2BmQQsQNPL9WTK%2B%2Bv2TmZhLsfKQ94z9xgb1RpWBP17HLSPzxlwwYugsmNqEOJqSxKVAXxdImgXg%3D%3D&type=json HTTP/1.1" 200 4002
DEBUG:urllib3.connectionpool:Starting new HTTP connection (1): apis.data.go.kr:80
DEBUG:urllib3.connectionpool:http://apis.data.go.kr:80 "GET /B553077/api/open/sdsc/baroApi?resId=dong&catId=cty&ctprvnCd=45&ServiceKey=mzv%2B5nKLrKuD%2BmQQsQNPL9WTK%2B%2Bv2TmZhLsfKQ94z9xgb1RpWBP17HLSPzxlwwYugsmNqEOJqSxKVAXxdImgXg%3D%3D&type=json HTTP/1.1" 200 483
DEBUG:urllib3.connectionpool:Starting new HTTP connection (1): apis.data.go.kr:80
DEBUG:urllib3.connectionpool:http://apis.data.go.kr:80 "GET /B553077/api/open/sdsc/storeListInDong?divId=signguCd&key=45720&ServiceKey=mzv%2B5nKLrKuD%2BmQQsQNPL9WTK%2B%2Bv2TmZhLsfKQ94z9xgb1RpWBP17HLSPzxlwwYugsmNqEOJqSxKVAXxdImgXg%3D%3D&type=json HTTP/1.1" 200 3787
DEBUG:urllib3.connectionpool:Starting new HTTP connection (1): apis.data.go.kr:80
DEBUG:urllib3.connectionpool:http://apis.data.go.kr:80 "GET /B553077/api/open/sdsc/baroApi?resId=dong&catId=cty&ctprvnCd=43&ServiceKey=mzv%2B5nKLrKuD%2BmQQsQNPL9WTK%2B%2Bv2TmZhLsfKQ94z9xgb1RpWBP17HLSPzxlwwYugsmNqEOJqSxKVAXxdImgXg%3D%3D&type=json HTTP/1.1" 200 474
DEBUG:urllib3.connectionpool:Starting new HTTP connection (1): apis.data.go.kr:80
DEBUG:urllib3.connectionpool:http://apis.data.go.kr:80 "GET /B553077/api/open/sdsc/storeListInDong?divId=signguCd&key=43130&ServiceKey=mzv%2B5nKLrKuD%2BmQQsQNPL9WTK%2B%2Bv2TmZhLsfKQ94z9xgb1RpWBP17HLSPzxlwwYugsmNqEOJqSxKVAXxdImgXg%3D%3D&type=json HTTP/1.1" 200 4158
DEBUG:urllib3.connectionpool:Starting new HTTP connection (1): apis.data.go.kr:80
DEBUG:urllib3.connectionpool:http://apis.data.go.kr:80 "GET /B553077/api/open/sdsc/baroApi?resId=dong&catId=cty&ctprvnCd=42&ServiceKey=mzv%2B5nKLrKuD%2BmQQsQNPL9WTK%2B%2Bv2TmZhLsfKQ94z9xgb1RpWBP17HLSPzxlwwYugsmNqEOJqSxKVAXxdImgXg%3D%3D&type=json HTTP/1.1" 200 504
DEBUG:urllib3.connectionpool:Starting new HTTP connection (1): apis.data.go.kr:80
DEBUG:urllib3.connectionpool:http://apis.data.go.kr:80 "GET /B553077/api/open/sdsc/storeListInDong?divId=signguCd&key=42730&ServiceKey=mzv%2B5nKLrKuD%2BmQQsQNPL9WTK%2B%2Bv2TmZhLsfKQ94z9xgb1RpWBP17HLSPzxlwwYugsmNqEOJqSxKVAXxdImgXg%3D%3D&type=json HTTP/1.1" 200 4002
DEBUG:urllib3.connectionpool:Starting new HTTP connection (1): apis.data.go.kr:80
DEBUG:urllib3.connectionpool:http://apis.data.go.kr:80 "GET /B553077/api/open/sdsc/baroApi?resId=dong&catId=cty&ctprvnCd=44&ServiceKey=mzv%2B5nKLrKuD%2BmQQsQNPL9WTK%2B%2Bv2TmZhLsfKQ94z9xgb1RpWBP17HLSPzxlwwYugsmNqEOJqSxKVAXxdImgXg%3D%3D&type=json HTTP/1.1" 200 497
DEBUG:urllib3.connectionpool:Starting new HTTP connection (1): apis.data.go.kr:80
DEBUG:urllib3.connectionpool:http://apis.data.go.kr:80 "GET /B553077/api/open/sdsc/storeListInDong?divId=signguCd&key=44800&ServiceKey=mzv%2B5nKLrKuD%2BmQQsQNPL9WTK%2B%2Bv2TmZhLsfKQ94z9xgb1RpWBP17HLSPzxlwwYugsmNqEOJqSxKVAXxdImgXg%3D%3D&type=json HTTP/1.1" 200 3840
DEBUG:urllib3.connectionpool:Starting new HTTP connection (1): apis.data.go.kr:80
DEBUG:urllib3.connectionpool:http://apis.data.go.kr:80 "GET /B553077/api/open/sdsc/baroApi?resId=dong&catId=cty&ctprvnCd=45&ServiceKey=mzv%2B5nKLrKuD%2BmQQsQNPL9WTK%2B%2Bv2TmZhLsfKQ94z9xgb1RpWBP17HLSPzxlwwYugsmNqEOJqSxKVAXxdImgXg%3D%3D&type=json HTTP/1.1" 200 483
DEBUG:urllib3.connectionpool:Starting new HTTP connection (1): apis.data.go.kr:80
DEBUG:urllib3.connectionpool:http://apis.data.go.kr:80 "GET /B553077/api/open/sdsc/storeListInDong?divId=signguCd&key=45720&ServiceKey=mzv%2B5nKLrKuD%2BmQQsQNPL9WTK%2B%2Bv2TmZhLsfKQ94z9xgb1RpWBP17HLSPzxlwwYugsmNqEOJqSxKVAXxdImgXg%3D%3D&type=json HTTP/1.1" 200 3787
DEBUG:urllib3.connectionpool:Starting new HTTP connection (1): apis.data.go.kr:80
DEBUG:urllib3.connectionpool:http://apis.data.go.kr:80 "GET /B553077/api/open/sdsc/baroApi?resId=dong&catId=cty&ctprvnCd=45&ServiceKey=mzv%2B5nKLrKuD%2BmQQsQNPL9WTK%2B%2Bv2TmZhLsfKQ94z9xgb1RpWBP17HLSPzxlwwYugsmNqEOJqSxKVAXxdImgXg%3D%3D&type=json HTTP/1.1" 200 483
DEBUG:urllib3.connectionpool:Starting new HTTP connection (1): apis.data.go.kr:80
DEBUG:urllib3.connectionpool:http://apis.data.go.kr:80 "GET /B553077/api/open/sdsc/storeListInDong?divId=signguCd&key=45720&ServiceKey=mzv%2B5nKLrKuD%2BmQQsQNPL9WTK%2B%2Bv2TmZhLsfKQ94z9xgb1RpWBP17HLSPzxlwwYugsmNqEOJqSxKVAXxdImgXg%3D%3D&type=json HTTP/1.1" 200 3787
DEBUG:urllib3.connectionpool:Starting new HTTP connection (1): apis.data.go.kr:80
DEBUG:urllib3.connectionpool:http://apis.data.go.kr:80 "GET /B553077/api/open/sdsc/baroApi?resId=dong&catId=cty&ctprvnCd=48&ServiceKey=mzv%2B5nKLrKuD%2BmQQsQNPL9WTK%2B%2Bv2TmZhLsfKQ94z9xgb1RpWBP17HLSPzxlwwYugsmNqEOJqSxKVAXxdImgXg%3D%3D&type=json HTTP/1.1" 200 565
DEBUG:urllib3.connectionpool:Starting new HTTP connection (1): apis.data.go.kr:80
DEBUG:urllib3.connectionpool:http://apis.data.go.kr:80 "GET /B553077/api/open/sdsc/storeListInDong?divId=signguCd&key=48890&ServiceKey=mzv%2B5nKLrKuD%2BmQQsQNPL9WTK%2B%2Bv2TmZhLsfKQ94z9xgb1RpWBP17HLSPzxlwwYugsmNqEOJqSxKVAXxdImgXg%3D%3D&type=json HTTP/1.1" 200 3866
INFO:werkzeug:127.0.0.1 - - [12/Dec/2019 19:41:44] "POST /menus/travel HTTP/1.1" 200 -
DEBUG:urllib3.connectionpool:Starting new HTTP connection (1): api.visitkorea.or.kr:80
DEBUG:urllib3.connectionpool:http://api.visitkorea.or.kr:80 "GET /openapi/service/rest/KorService/searchKeyword?ServiceKey=mzv%2B5nKLrKuD%2BmQQsQNPL9WTK%2B%2Bv2TmZhLsfKQ94z9xgb1RpWBP17HLSPzxlwwYugsmNqEOJqSxKVAXxdImgXg%3D%3D&keyword=%EA%B3%84%EA%B3%A1&listYN=Y&arrange=A&MobileOS=ETC&MobileApp=AppTest&_type=json HTTP/1.1" 200 4755
DEBUG:urllib3.connectionpool:Starting new HTTP connection (1): apis.data.go.kr:80
DEBUG:urllib3.connectionpool:http://apis.data.go.kr:80 "GET /B553077/api/open/sdsc/baroApi?resId=dong&catId=cty&ctprvnCd=46&ServiceKey=mzv%2B5nKLrKuD%2BmQQsQNPL9WTK%2B%2Bv2TmZhLsfKQ94z9xgb1RpWBP17HLSPzxlwwYugsmNqEOJqSxKVAXxdImgXg%3D%3D&type=json HTTP/1.1" 200 544
DEBUG:urllib3.connectionpool:Starting new HTTP connection (1): apis.data.go.kr:80
DEBUG:urllib3.connectionpool:http://apis.data.go.kr:80 "GET /B553077/api/open/sdsc/storeListInDong?divId=signguCd&key=46790&ServiceKey=mzv%2B5nKLrKuD%2BmQQsQNPL9WTK%2B%2Bv2TmZhLsfKQ94z9xgb1RpWBP17HLSPzxlwwYugsmNqEOJqSxKVAXxdImgXg%3D%3D&type=json HTTP/1.1" 200 3552
DEBUG:urllib3.connectionpool:Starting new HTTP connection (1): apis.data.go.kr:80
DEBUG:urllib3.connectionpool:http://apis.data.go.kr:80 "GET /B553077/api/open/sdsc/baroApi?resId=dong&catId=cty&ctprvnCd=45&ServiceKey=mzv%2B5nKLrKuD%2BmQQsQNPL9WTK%2B%2Bv2TmZhLsfKQ94z9xgb1RpWBP17HLSPzxlwwYugsmNqEOJqSxKVAXxdImgXg%3D%3D&type=json HTTP/1.1" 200 483
DEBUG:urllib3.connectionpool:Starting new HTTP connection (1): apis.data.go.kr:80
DEBUG:urllib3.connectionpool:http://apis.data.go.kr:80 "GET /B553077/api/open/sdsc/storeListInDong?divId=signguCd&key=45720&ServiceKey=mzv%2B5nKLrKuD%2BmQQsQNPL9WTK%2B%2Bv2TmZhLsfKQ94z9xgb1RpWBP17HLSPzxlwwYugsmNqEOJqSxKVAXxdImgXg%3D%3D&type=json HTTP/1.1" 200 3787
DEBUG:urllib3.connectionpool:Starting new HTTP connection (1): apis.data.go.kr:80
DEBUG:urllib3.connectionpool:http://apis.data.go.kr:80 "GET /B553077/api/open/sdsc/baroApi?resId=dong&catId=cty&ctprvnCd=42&ServiceKey=mzv%2B5nKLrKuD%2BmQQsQNPL9WTK%2B%2Bv2TmZhLsfKQ94z9xgb1RpWBP17HLSPzxlwwYugsmNqEOJqSxKVAXxdImgXg%3D%3D&type=json HTTP/1.1" 200 504
DEBUG:urllib3.connectionpool:Starting new HTTP connection (1): apis.data.go.kr:80
DEBUG:urllib3.connectionpool:http://apis.data.go.kr:80 "GET /B553077/api/open/sdsc/storeListInDong?divId=signguCd&key=42730&ServiceKey=mzv%2B5nKLrKuD%2BmQQsQNPL9WTK%2B%2Bv2TmZhLsfKQ94z9xgb1RpWBP17HLSPzxlwwYugsmNqEOJqSxKVAXxdImgXg%3D%3D&type=json HTTP/1.1" 200 4002
DEBUG:urllib3.connectionpool:Starting new HTTP connection (1): apis.data.go.kr:80
DEBUG:urllib3.connectionpool:http://apis.data.go.kr:80 "GET /B553077/api/open/sdsc/baroApi?resId=dong&catId=cty&ctprvnCd=45&ServiceKey=mzv%2B5nKLrKuD%2BmQQsQNPL9WTK%2B%2Bv2TmZhLsfKQ94z9xgb1RpWBP17HLSPzxlwwYugsmNqEOJqSxKVAXxdImgXg%3D%3D&type=json HTTP/1.1" 200 483
DEBUG:urllib3.connectionpool:Starting new HTTP connection (1): apis.data.go.kr:80
DEBUG:urllib3.connectionpool:http://apis.data.go.kr:80 "GET /B553077/api/open/sdsc/storeListInDong?divId=signguCd&key=45720&ServiceKey=mzv%2B5nKLrKuD%2BmQQsQNPL9WTK%2B%2Bv2TmZhLsfKQ94z9xgb1RpWBP17HLSPzxlwwYugsmNqEOJqSxKVAXxdImgXg%3D%3D&type=json HTTP/1.1" 200 3787
DEBUG:urllib3.connectionpool:Starting new HTTP connection (1): apis.data.go.kr:80
DEBUG:urllib3.connectionpool:http://apis.data.go.kr:80 "GET /B553077/api/open/sdsc/baroApi?resId=dong&catId=cty&ctprvnCd=43&ServiceKey=mzv%2B5nKLrKuD%2BmQQsQNPL9WTK%2B%2Bv2TmZhLsfKQ94z9xgb1RpWBP17HLSPzxlwwYugsmNqEOJqSxKVAXxdImgXg%3D%3D&type=json HTTP/1.1" 200 474
DEBUG:urllib3.connectionpool:Starting new HTTP connection (1): apis.data.go.kr:80
DEBUG:urllib3.connectionpool:http://apis.data.go.kr:80 "GET /B553077/api/open/sdsc/storeListInDong?divId=signguCd&key=43130&ServiceKey=mzv%2B5nKLrKuD%2BmQQsQNPL9WTK%2B%2Bv2TmZhLsfKQ94z9xgb1RpWBP17HLSPzxlwwYugsmNqEOJqSxKVAXxdImgXg%3D%3D&type=json HTTP/1.1" 200 4158
DEBUG:urllib3.connectionpool:Starting new HTTP connection (1): apis.data.go.kr:80
DEBUG:urllib3.connectionpool:http://apis.data.go.kr:80 "GET /B553077/api/open/sdsc/baroApi?resId=dong&catId=cty&ctprvnCd=42&ServiceKey=mzv%2B5nKLrKuD%2BmQQsQNPL9WTK%2B%2Bv2TmZhLsfKQ94z9xgb1RpWBP17HLSPzxlwwYugsmNqEOJqSxKVAXxdImgXg%3D%3D&type=json HTTP/1.1" 200 504
DEBUG:urllib3.connectionpool:Starting new HTTP connection (1): apis.data.go.kr:80
DEBUG:urllib3.connectionpool:http://apis.data.go.kr:80 "GET /B553077/api/open/sdsc/storeListInDong?divId=signguCd&key=42730&ServiceKey=mzv%2B5nKLrKuD%2BmQQsQNPL9WTK%2B%2Bv2TmZhLsfKQ94z9xgb1RpWBP17HLSPzxlwwYugsmNqEOJqSxKVAXxdImgXg%3D%3D&type=json HTTP/1.1" 200 4002
DEBUG:urllib3.connectionpool:Starting new HTTP connection (1): apis.data.go.kr:80
DEBUG:urllib3.connectionpool:http://apis.data.go.kr:80 "GET /B553077/api/open/sdsc/baroApi?resId=dong&catId=cty&ctprvnCd=44&ServiceKey=mzv%2B5nKLrKuD%2BmQQsQNPL9WTK%2B%2Bv2TmZhLsfKQ94z9xgb1RpWBP17HLSPzxlwwYugsmNqEOJqSxKVAXxdImgXg%3D%3D&type=json HTTP/1.1" 200 497
DEBUG:urllib3.connectionpool:Starting new HTTP connection (1): apis.data.go.kr:80
DEBUG:urllib3.connectionpool:http://apis.data.go.kr:80 "GET /B553077/api/open/sdsc/storeListInDong?divId=signguCd&key=44800&ServiceKey=mzv%2B5nKLrKuD%2BmQQsQNPL9WTK%2B%2Bv2TmZhLsfKQ94z9xgb1RpWBP17HLSPzxlwwYugsmNqEOJqSxKVAXxdImgXg%3D%3D&type=json HTTP/1.1" 200 3840
DEBUG:urllib3.connectionpool:Starting new HTTP connection (1): apis.data.go.kr:80
DEBUG:urllib3.connectionpool:http://apis.data.go.kr:80 "GET /B553077/api/open/sdsc/baroApi?resId=dong&catId=cty&ctprvnCd=45&ServiceKey=mzv%2B5nKLrKuD%2BmQQsQNPL9WTK%2B%2Bv2TmZhLsfKQ94z9xgb1RpWBP17HLSPzxlwwYugsmNqEOJqSxKVAXxdImgXg%3D%3D&type=json HTTP/1.1" 200 483
DEBUG:urllib3.connectionpool:Starting new HTTP connection (1): apis.data.go.kr:80
DEBUG:urllib3.connectionpool:http://apis.data.go.kr:80 "GET /B553077/api/open/sdsc/storeListInDong?divId=signguCd&key=45720&ServiceKey=mzv%2B5nKLrKuD%2BmQQsQNPL9WTK%2B%2Bv2TmZhLsfKQ94z9xgb1RpWBP17HLSPzxlwwYugsmNqEOJqSxKVAXxdImgXg%3D%3D&type=json HTTP/1.1" 200 3787
DEBUG:urllib3.connectionpool:Starting new HTTP connection (1): apis.data.go.kr:80
DEBUG:urllib3.connectionpool:http://apis.data.go.kr:80 "GET /B553077/api/open/sdsc/baroApi?resId=dong&catId=cty&ctprvnCd=45&ServiceKey=mzv%2B5nKLrKuD%2BmQQsQNPL9WTK%2B%2Bv2TmZhLsfKQ94z9xgb1RpWBP17HLSPzxlwwYugsmNqEOJqSxKVAXxdImgXg%3D%3D&type=json HTTP/1.1" 200 483
DEBUG:urllib3.connectionpool:Starting new HTTP connection (1): apis.data.go.kr:80
DEBUG:urllib3.connectionpool:http://apis.data.go.kr:80 "GET /B553077/api/open/sdsc/storeListInDong?divId=signguCd&key=45720&ServiceKey=mzv%2B5nKLrKuD%2BmQQsQNPL9WTK%2B%2Bv2TmZhLsfKQ94z9xgb1RpWBP17HLSPzxlwwYugsmNqEOJqSxKVAXxdImgXg%3D%3D&type=json HTTP/1.1" 200 3787
DEBUG:urllib3.connectionpool:Starting new HTTP connection (1): apis.data.go.kr:80
DEBUG:urllib3.connectionpool:http://apis.data.go.kr:80 "GET /B553077/api/open/sdsc/baroApi?resId=dong&catId=cty&ctprvnCd=48&ServiceKey=mzv%2B5nKLrKuD%2BmQQsQNPL9WTK%2B%2Bv2TmZhLsfKQ94z9xgb1RpWBP17HLSPzxlwwYugsmNqEOJqSxKVAXxdImgXg%3D%3D&type=json HTTP/1.1" 200 565
DEBUG:urllib3.connectionpool:Starting new HTTP connection (1): apis.data.go.kr:80
DEBUG:urllib3.connectionpool:http://apis.data.go.kr:80 "GET /B553077/api/open/sdsc/storeListInDong?divId=signguCd&key=48890&ServiceKey=mzv%2B5nKLrKuD%2BmQQsQNPL9WTK%2B%2Bv2TmZhLsfKQ94z9xgb1RpWBP17HLSPzxlwwYugsmNqEOJqSxKVAXxdImgXg%3D%3D&type=json HTTP/1.1" 200 3866
INFO:werkzeug:127.0.0.1 - - [12/Dec/2019 19:43:48] "POST /menus/travel HTTP/1.1" 200 -
INFO:werkzeug:127.0.0.1 - - [12/Dec/2019 19:44:06] "GET /static/assets/css/dashboard-free.css.map HTTP/1.1" 404 -
DEBUG:urllib3.connectionpool:Starting new HTTP connection (1): api.visitkorea.or.kr:80
DEBUG:urllib3.connectionpool:http://api.visitkorea.or.kr:80 "GET /openapi/service/rest/KorService/searchKeyword?ServiceKey=mzv%2B5nKLrKuD%2BmQQsQNPL9WTK%2B%2Bv2TmZhLsfKQ94z9xgb1RpWBP17HLSPzxlwwYugsmNqEOJqSxKVAXxdImgXg%3D%3D&keyword=%EA%B3%84%EA%B3%A1&listYN=Y&arrange=A&MobileOS=ETC&MobileApp=AppTest&_type=json HTTP/1.1" 200 4755
DEBUG:urllib3.connectionpool:Starting new HTTP connection (1): apis.data.go.kr:80
DEBUG:urllib3.connectionpool:http://apis.data.go.kr:80 "GET /B553077/api/open/sdsc/baroApi?resId=dong&catId=cty&ctprvnCd=46&ServiceKey=mzv%2B5nKLrKuD%2BmQQsQNPL9WTK%2B%2Bv2TmZhLsfKQ94z9xgb1RpWBP17HLSPzxlwwYugsmNqEOJqSxKVAXxdImgXg%3D%3D&type=json HTTP/1.1" 200 544
DEBUG:urllib3.connectionpool:Starting new HTTP connection (1): apis.data.go.kr:80
DEBUG:urllib3.connectionpool:http://apis.data.go.kr:80 "GET /B553077/api/open/sdsc/storeListInDong?divId=signguCd&key=46790&ServiceKey=mzv%2B5nKLrKuD%2BmQQsQNPL9WTK%2B%2Bv2TmZhLsfKQ94z9xgb1RpWBP17HLSPzxlwwYugsmNqEOJqSxKVAXxdImgXg%3D%3D&type=json HTTP/1.1" 200 3552
DEBUG:urllib3.connectionpool:Starting new HTTP connection (1): apis.data.go.kr:80
DEBUG:urllib3.connectionpool:http://apis.data.go.kr:80 "GET /B553077/api/open/sdsc/baroApi?resId=dong&catId=cty&ctprvnCd=45&ServiceKey=mzv%2B5nKLrKuD%2BmQQsQNPL9WTK%2B%2Bv2TmZhLsfKQ94z9xgb1RpWBP17HLSPzxlwwYugsmNqEOJqSxKVAXxdImgXg%3D%3D&type=json HTTP/1.1" 200 483
DEBUG:urllib3.connectionpool:Starting new HTTP connection (1): apis.data.go.kr:80
DEBUG:urllib3.connectionpool:http://apis.data.go.kr:80 "GET /B553077/api/open/sdsc/storeListInDong?divId=signguCd&key=45720&ServiceKey=mzv%2B5nKLrKuD%2BmQQsQNPL9WTK%2B%2Bv2TmZhLsfKQ94z9xgb1RpWBP17HLSPzxlwwYugsmNqEOJqSxKVAXxdImgXg%3D%3D&type=json HTTP/1.1" 200 3787
DEBUG:urllib3.connectionpool:Starting new HTTP connection (1): apis.data.go.kr:80
DEBUG:urllib3.connectionpool:http://apis.data.go.kr:80 "GET /B553077/api/open/sdsc/baroApi?resId=dong&catId=cty&ctprvnCd=42&ServiceKey=mzv%2B5nKLrKuD%2BmQQsQNPL9WTK%2B%2Bv2TmZhLsfKQ94z9xgb1RpWBP17HLSPzxlwwYugsmNqEOJqSxKVAXxdImgXg%3D%3D&type=json HTTP/1.1" 200 504
DEBUG:urllib3.connectionpool:Starting new HTTP connection (1): apis.data.go.kr:80
DEBUG:urllib3.connectionpool:http://apis.data.go.kr:80 "GET /B553077/api/open/sdsc/storeListInDong?divId=signguCd&key=42730&ServiceKey=mzv%2B5nKLrKuD%2BmQQsQNPL9WTK%2B%2Bv2TmZhLsfKQ94z9xgb1RpWBP17HLSPzxlwwYugsmNqEOJqSxKVAXxdImgXg%3D%3D&type=json HTTP/1.1" 200 4002
DEBUG:urllib3.connectionpool:Starting new HTTP connection (1): apis.data.go.kr:80
DEBUG:urllib3.connectionpool:http://apis.data.go.kr:80 "GET /B553077/api/open/sdsc/baroApi?resId=dong&catId=cty&ctprvnCd=45&ServiceKey=mzv%2B5nKLrKuD%2BmQQsQNPL9WTK%2B%2Bv2TmZhLsfKQ94z9xgb1RpWBP17HLSPzxlwwYugsmNqEOJqSxKVAXxdImgXg%3D%3D&type=json HTTP/1.1" 200 483
DEBUG:urllib3.connectionpool:Starting new HTTP connection (1): apis.data.go.kr:80
DEBUG:urllib3.connectionpool:http://apis.data.go.kr:80 "GET /B553077/api/open/sdsc/storeListInDong?divId=signguCd&key=45720&ServiceKey=mzv%2B5nKLrKuD%2BmQQsQNPL9WTK%2B%2Bv2TmZhLsfKQ94z9xgb1RpWBP17HLSPzxlwwYugsmNqEOJqSxKVAXxdImgXg%3D%3D&type=json HTTP/1.1" 200 3787
DEBUG:urllib3.connectionpool:Starting new HTTP connection (1): apis.data.go.kr:80
DEBUG:urllib3.connectionpool:http://apis.data.go.kr:80 "GET /B553077/api/open/sdsc/baroApi?resId=dong&catId=cty&ctprvnCd=43&ServiceKey=mzv%2B5nKLrKuD%2BmQQsQNPL9WTK%2B%2Bv2TmZhLsfKQ94z9xgb1RpWBP17HLSPzxlwwYugsmNqEOJqSxKVAXxdImgXg%3D%3D&type=json HTTP/1.1" 200 474
DEBUG:urllib3.connectionpool:Starting new HTTP connection (1): apis.data.go.kr:80
DEBUG:urllib3.connectionpool:http://apis.data.go.kr:80 "GET /B553077/api/open/sdsc/storeListInDong?divId=signguCd&key=43130&ServiceKey=mzv%2B5nKLrKuD%2BmQQsQNPL9WTK%2B%2Bv2TmZhLsfKQ94z9xgb1RpWBP17HLSPzxlwwYugsmNqEOJqSxKVAXxdImgXg%3D%3D&type=json HTTP/1.1" 200 4158
DEBUG:urllib3.connectionpool:Starting new HTTP connection (1): apis.data.go.kr:80
DEBUG:urllib3.connectionpool:http://apis.data.go.kr:80 "GET /B553077/api/open/sdsc/baroApi?resId=dong&catId=cty&ctprvnCd=42&ServiceKey=mzv%2B5nKLrKuD%2BmQQsQNPL9WTK%2B%2Bv2TmZhLsfKQ94z9xgb1RpWBP17HLSPzxlwwYugsmNqEOJqSxKVAXxdImgXg%3D%3D&type=json HTTP/1.1" 200 504
DEBUG:urllib3.connectionpool:Starting new HTTP connection (1): apis.data.go.kr:80
DEBUG:urllib3.connectionpool:http://apis.data.go.kr:80 "GET /B553077/api/open/sdsc/storeListInDong?divId=signguCd&key=42730&ServiceKey=mzv%2B5nKLrKuD%2BmQQsQNPL9WTK%2B%2Bv2TmZhLsfKQ94z9xgb1RpWBP17HLSPzxlwwYugsmNqEOJqSxKVAXxdImgXg%3D%3D&type=json HTTP/1.1" 200 4002
DEBUG:urllib3.connectionpool:Starting new HTTP connection (1): apis.data.go.kr:80
DEBUG:urllib3.connectionpool:http://apis.data.go.kr:80 "GET /B553077/api/open/sdsc/baroApi?resId=dong&catId=cty&ctprvnCd=44&ServiceKey=mzv%2B5nKLrKuD%2BmQQsQNPL9WTK%2B%2Bv2TmZhLsfKQ94z9xgb1RpWBP17HLSPzxlwwYugsmNqEOJqSxKVAXxdImgXg%3D%3D&type=json HTTP/1.1" 200 497
DEBUG:urllib3.connectionpool:Starting new HTTP connection (1): apis.data.go.kr:80
DEBUG:urllib3.connectionpool:http://apis.data.go.kr:80 "GET /B553077/api/open/sdsc/storeListInDong?divId=signguCd&key=44800&ServiceKey=mzv%2B5nKLrKuD%2BmQQsQNPL9WTK%2B%2Bv2TmZhLsfKQ94z9xgb1RpWBP17HLSPzxlwwYugsmNqEOJqSxKVAXxdImgXg%3D%3D&type=json HTTP/1.1" 200 3840
DEBUG:urllib3.connectionpool:Starting new HTTP connection (1): apis.data.go.kr:80
DEBUG:urllib3.connectionpool:http://apis.data.go.kr:80 "GET /B553077/api/open/sdsc/baroApi?resId=dong&catId=cty&ctprvnCd=45&ServiceKey=mzv%2B5nKLrKuD%2BmQQsQNPL9WTK%2B%2Bv2TmZhLsfKQ94z9xgb1RpWBP17HLSPzxlwwYugsmNqEOJqSxKVAXxdImgXg%3D%3D&type=json HTTP/1.1" 200 483
DEBUG:urllib3.connectionpool:Starting new HTTP connection (1): apis.data.go.kr:80
DEBUG:urllib3.connectionpool:http://apis.data.go.kr:80 "GET /B553077/api/open/sdsc/storeListInDong?divId=signguCd&key=45720&ServiceKey=mzv%2B5nKLrKuD%2BmQQsQNPL9WTK%2B%2Bv2TmZhLsfKQ94z9xgb1RpWBP17HLSPzxlwwYugsmNqEOJqSxKVAXxdImgXg%3D%3D&type=json HTTP/1.1" 200 3787
DEBUG:urllib3.connectionpool:Starting new HTTP connection (1): apis.data.go.kr:80
DEBUG:urllib3.connectionpool:http://apis.data.go.kr:80 "GET /B553077/api/open/sdsc/baroApi?resId=dong&catId=cty&ctprvnCd=45&ServiceKey=mzv%2B5nKLrKuD%2BmQQsQNPL9WTK%2B%2Bv2TmZhLsfKQ94z9xgb1RpWBP17HLSPzxlwwYugsmNqEOJqSxKVAXxdImgXg%3D%3D&type=json HTTP/1.1" 200 483
DEBUG:urllib3.connectionpool:Starting new HTTP connection (1): apis.data.go.kr:80
DEBUG:urllib3.connectionpool:http://apis.data.go.kr:80 "GET /B553077/api/open/sdsc/storeListInDong?divId=signguCd&key=45720&ServiceKey=mzv%2B5nKLrKuD%2BmQQsQNPL9WTK%2B%2Bv2TmZhLsfKQ94z9xgb1RpWBP17HLSPzxlwwYugsmNqEOJqSxKVAXxdImgXg%3D%3D&type=json HTTP/1.1" 200 3787
DEBUG:urllib3.connectionpool:Starting new HTTP connection (1): apis.data.go.kr:80
DEBUG:urllib3.connectionpool:http://apis.data.go.kr:80 "GET /B553077/api/open/sdsc/baroApi?resId=dong&catId=cty&ctprvnCd=48&ServiceKey=mzv%2B5nKLrKuD%2BmQQsQNPL9WTK%2B%2Bv2TmZhLsfKQ94z9xgb1RpWBP17HLSPzxlwwYugsmNqEOJqSxKVAXxdImgXg%3D%3D&type=json HTTP/1.1" 200 565
DEBUG:urllib3.connectionpool:Starting new HTTP connection (1): apis.data.go.kr:80
DEBUG:urllib3.connectionpool:http://apis.data.go.kr:80 "GET /B553077/api/open/sdsc/storeListInDong?divId=signguCd&key=48890&ServiceKey=mzv%2B5nKLrKuD%2BmQQsQNPL9WTK%2B%2Bv2TmZhLsfKQ94z9xgb1RpWBP17HLSPzxlwwYugsmNqEOJqSxKVAXxdImgXg%3D%3D&type=json HTTP/1.1" 200 3866
INFO:werkzeug:127.0.0.1 - - [12/Dec/2019 19:44:49] "POST /menus/travel HTTP/1.1" 500 -
INFO:werkzeug:127.0.0.1 - - [12/Dec/2019 19:44:50] "GET /menus/travel?__debugger__=yes&cmd=resource&f=style.css HTTP/1.1" 200 -
INFO:werkzeug:127.0.0.1 - - [12/Dec/2019 19:44:50] "GET /menus/travel?__debugger__=yes&cmd=resource&f=jquery.js HTTP/1.1" 200 -
INFO:werkzeug:127.0.0.1 - - [12/Dec/2019 19:44:50] "GET /menus/travel?__debugger__=yes&cmd=resource&f=debugger.js HTTP/1.1" 200 -
INFO:werkzeug:127.0.0.1 - - [12/Dec/2019 19:44:50] "GET /menus/travel?__debugger__=yes&cmd=resource&f=ubuntu.ttf HTTP/1.1" 200 -
INFO:werkzeug:127.0.0.1 - - [12/Dec/2019 19:44:50] "GET /menus/travel?__debugger__=yes&cmd=resource&f=console.png HTTP/1.1" 200 -
INFO:werkzeug:127.0.0.1 - - [12/Dec/2019 19:44:51] "GET /menus/travel?__debugger__=yes&cmd=resource&f=console.png HTTP/1.1" 200 -
DEBUG:urllib3.connectionpool:Starting new HTTP connection (1): api.visitkorea.or.kr:80
INFO:root:Flask Web Server Started
INFO:werkzeug: * Restarting with stat
INFO:root:Flask Web Server Started
WARNING:werkzeug: * Debugger is active!
INFO:werkzeug: * Debugger PIN: 505-006-647
INFO:werkzeug: * Running on http://0.0.0.0:8080/ (Press CTRL+C to quit)
DEBUG:urllib3.connectionpool:Starting new HTTP connection (1): api.visitkorea.or.kr:80
DEBUG:urllib3.connectionpool:http://api.visitkorea.or.kr:80 "GET /openapi/service/rest/KorService/searchKeyword?ServiceKey=mzv%2B5nKLrKuD%2BmQQsQNPL9WTK%2B%2Bv2TmZhLsfKQ94z9xgb1RpWBP17HLSPzxlwwYugsmNqEOJqSxKVAXxdImgXg%3D%3D&keyword=%EA%B3%84%EA%B3%A1&listYN=Y&arrange=A&MobileOS=ETC&MobileApp=AppTest&_type=json HTTP/1.1" 200 4755
DEBUG:urllib3.connectionpool:Starting new HTTP connection (1): apis.data.go.kr:80
DEBUG:urllib3.connectionpool:http://apis.data.go.kr:80 "GET /B553077/api/open/sdsc/baroApi?resId=dong&catId=cty&ctprvnCd=46&ServiceKey=mzv%2B5nKLrKuD%2BmQQsQNPL9WTK%2B%2Bv2TmZhLsfKQ94z9xgb1RpWBP17HLSPzxlwwYugsmNqEOJqSxKVAXxdImgXg%3D%3D&type=json HTTP/1.1" 200 544
DEBUG:urllib3.connectionpool:Starting new HTTP connection (1): apis.data.go.kr:80
DEBUG:urllib3.connectionpool:http://apis.data.go.kr:80 "GET /B553077/api/open/sdsc/storeListInDong?divId=signguCd&key=46790&ServiceKey=mzv%2B5nKLrKuD%2BmQQsQNPL9WTK%2B%2Bv2TmZhLsfKQ94z9xgb1RpWBP17HLSPzxlwwYugsmNqEOJqSxKVAXxdImgXg%3D%3D&type=json HTTP/1.1" 200 3552
DEBUG:urllib3.connectionpool:Starting new HTTP connection (1): apis.data.go.kr:80
DEBUG:urllib3.connectionpool:http://apis.data.go.kr:80 "GET /B553077/api/open/sdsc/baroApi?resId=dong&catId=cty&ctprvnCd=45&ServiceKey=mzv%2B5nKLrKuD%2BmQQsQNPL9WTK%2B%2Bv2TmZhLsfKQ94z9xgb1RpWBP17HLSPzxlwwYugsmNqEOJqSxKVAXxdImgXg%3D%3D&type=json HTTP/1.1" 200 483
DEBUG:urllib3.connectionpool:Starting new HTTP connection (1): apis.data.go.kr:80
DEBUG:urllib3.connectionpool:http://apis.data.go.kr:80 "GET /B553077/api/open/sdsc/storeListInDong?divId=signguCd&key=45720&ServiceKey=mzv%2B5nKLrKuD%2BmQQsQNPL9WTK%2B%2Bv2TmZhLsfKQ94z9xgb1RpWBP17HLSPzxlwwYugsmNqEOJqSxKVAXxdImgXg%3D%3D&type=json HTTP/1.1" 200 3787
DEBUG:urllib3.connectionpool:Starting new HTTP connection (1): apis.data.go.kr:80
DEBUG:urllib3.connectionpool:http://apis.data.go.kr:80 "GET /B553077/api/open/sdsc/baroApi?resId=dong&catId=cty&ctprvnCd=42&ServiceKey=mzv%2B5nKLrKuD%2BmQQsQNPL9WTK%2B%2Bv2TmZhLsfKQ94z9xgb1RpWBP17HLSPzxlwwYugsmNqEOJqSxKVAXxdImgXg%3D%3D&type=json HTTP/1.1" 200 504
DEBUG:urllib3.connectionpool:Starting new HTTP connection (1): apis.data.go.kr:80
DEBUG:urllib3.connectionpool:http://apis.data.go.kr:80 "GET /B553077/api/open/sdsc/storeListInDong?divId=signguCd&key=42730&ServiceKey=mzv%2B5nKLrKuD%2BmQQsQNPL9WTK%2B%2Bv2TmZhLsfKQ94z9xgb1RpWBP17HLSPzxlwwYugsmNqEOJqSxKVAXxdImgXg%3D%3D&type=json HTTP/1.1" 200 4002
DEBUG:urllib3.connectionpool:Starting new HTTP connection (1): apis.data.go.kr:80
DEBUG:urllib3.connectionpool:http://apis.data.go.kr:80 "GET /B553077/api/open/sdsc/baroApi?resId=dong&catId=cty&ctprvnCd=45&ServiceKey=mzv%2B5nKLrKuD%2BmQQsQNPL9WTK%2B%2Bv2TmZhLsfKQ94z9xgb1RpWBP17HLSPzxlwwYugsmNqEOJqSxKVAXxdImgXg%3D%3D&type=json HTTP/1.1" 200 483
DEBUG:urllib3.connectionpool:Starting new HTTP connection (1): apis.data.go.kr:80
DEBUG:urllib3.connectionpool:http://apis.data.go.kr:80 "GET /B553077/api/open/sdsc/storeListInDong?divId=signguCd&key=45720&ServiceKey=mzv%2B5nKLrKuD%2BmQQsQNPL9WTK%2B%2Bv2TmZhLsfKQ94z9xgb1RpWBP17HLSPzxlwwYugsmNqEOJqSxKVAXxdImgXg%3D%3D&type=json HTTP/1.1" 200 3787
DEBUG:urllib3.connectionpool:Starting new HTTP connection (1): apis.data.go.kr:80
DEBUG:urllib3.connectionpool:http://apis.data.go.kr:80 "GET /B553077/api/open/sdsc/baroApi?resId=dong&catId=cty&ctprvnCd=43&ServiceKey=mzv%2B5nKLrKuD%2BmQQsQNPL9WTK%2B%2Bv2TmZhLsfKQ94z9xgb1RpWBP17HLSPzxlwwYugsmNqEOJqSxKVAXxdImgXg%3D%3D&type=json HTTP/1.1" 200 474
DEBUG:urllib3.connectionpool:Starting new HTTP connection (1): apis.data.go.kr:80
DEBUG:urllib3.connectionpool:http://apis.data.go.kr:80 "GET /B553077/api/open/sdsc/storeListInDong?divId=signguCd&key=43130&ServiceKey=mzv%2B5nKLrKuD%2BmQQsQNPL9WTK%2B%2Bv2TmZhLsfKQ94z9xgb1RpWBP17HLSPzxlwwYugsmNqEOJqSxKVAXxdImgXg%3D%3D&type=json HTTP/1.1" 200 4158
DEBUG:urllib3.connectionpool:Starting new HTTP connection (1): apis.data.go.kr:80
DEBUG:urllib3.connectionpool:http://apis.data.go.kr:80 "GET /B553077/api/open/sdsc/baroApi?resId=dong&catId=cty&ctprvnCd=42&ServiceKey=mzv%2B5nKLrKuD%2BmQQsQNPL9WTK%2B%2Bv2TmZhLsfKQ94z9xgb1RpWBP17HLSPzxlwwYugsmNqEOJqSxKVAXxdImgXg%3D%3D&type=json HTTP/1.1" 200 504
DEBUG:urllib3.connectionpool:Starting new HTTP connection (1): apis.data.go.kr:80
DEBUG:urllib3.connectionpool:http://apis.data.go.kr:80 "GET /B553077/api/open/sdsc/storeListInDong?divId=signguCd&key=42730&ServiceKey=mzv%2B5nKLrKuD%2BmQQsQNPL9WTK%2B%2Bv2TmZhLsfKQ94z9xgb1RpWBP17HLSPzxlwwYugsmNqEOJqSxKVAXxdImgXg%3D%3D&type=json HTTP/1.1" 200 4002
DEBUG:urllib3.connectionpool:Starting new HTTP connection (1): apis.data.go.kr:80
DEBUG:urllib3.connectionpool:http://apis.data.go.kr:80 "GET /B553077/api/open/sdsc/baroApi?resId=dong&catId=cty&ctprvnCd=44&ServiceKey=mzv%2B5nKLrKuD%2BmQQsQNPL9WTK%2B%2Bv2TmZhLsfKQ94z9xgb1RpWBP17HLSPzxlwwYugsmNqEOJqSxKVAXxdImgXg%3D%3D&type=json HTTP/1.1" 200 497
DEBUG:urllib3.connectionpool:Starting new HTTP connection (1): apis.data.go.kr:80
DEBUG:urllib3.connectionpool:http://apis.data.go.kr:80 "GET /B553077/api/open/sdsc/storeListInDong?divId=signguCd&key=44800&ServiceKey=mzv%2B5nKLrKuD%2BmQQsQNPL9WTK%2B%2Bv2TmZhLsfKQ94z9xgb1RpWBP17HLSPzxlwwYugsmNqEOJqSxKVAXxdImgXg%3D%3D&type=json HTTP/1.1" 200 3840
DEBUG:urllib3.connectionpool:Starting new HTTP connection (1): apis.data.go.kr:80
DEBUG:urllib3.connectionpool:http://apis.data.go.kr:80 "GET /B553077/api/open/sdsc/baroApi?resId=dong&catId=cty&ctprvnCd=45&ServiceKey=mzv%2B5nKLrKuD%2BmQQsQNPL9WTK%2B%2Bv2TmZhLsfKQ94z9xgb1RpWBP17HLSPzxlwwYugsmNqEOJqSxKVAXxdImgXg%3D%3D&type=json HTTP/1.1" 200 483
DEBUG:urllib3.connectionpool:Starting new HTTP connection (1): apis.data.go.kr:80
DEBUG:urllib3.connectionpool:http://apis.data.go.kr:80 "GET /B553077/api/open/sdsc/storeListInDong?divId=signguCd&key=45720&ServiceKey=mzv%2B5nKLrKuD%2BmQQsQNPL9WTK%2B%2Bv2TmZhLsfKQ94z9xgb1RpWBP17HLSPzxlwwYugsmNqEOJqSxKVAXxdImgXg%3D%3D&type=json HTTP/1.1" 200 3787
DEBUG:urllib3.connectionpool:Starting new HTTP connection (1): apis.data.go.kr:80
DEBUG:urllib3.connectionpool:http://apis.data.go.kr:80 "GET /B553077/api/open/sdsc/baroApi?resId=dong&catId=cty&ctprvnCd=45&ServiceKey=mzv%2B5nKLrKuD%2BmQQsQNPL9WTK%2B%2Bv2TmZhLsfKQ94z9xgb1RpWBP17HLSPzxlwwYugsmNqEOJqSxKVAXxdImgXg%3D%3D&type=json HTTP/1.1" 200 483
DEBUG:urllib3.connectionpool:Starting new HTTP connection (1): apis.data.go.kr:80
DEBUG:urllib3.connectionpool:http://apis.data.go.kr:80 "GET /B553077/api/open/sdsc/storeListInDong?divId=signguCd&key=45720&ServiceKey=mzv%2B5nKLrKuD%2BmQQsQNPL9WTK%2B%2Bv2TmZhLsfKQ94z9xgb1RpWBP17HLSPzxlwwYugsmNqEOJqSxKVAXxdImgXg%3D%3D&type=json HTTP/1.1" 200 3787
DEBUG:urllib3.connectionpool:Starting new HTTP connection (1): apis.data.go.kr:80
DEBUG:urllib3.connectionpool:http://apis.data.go.kr:80 "GET /B553077/api/open/sdsc/baroApi?resId=dong&catId=cty&ctprvnCd=48&ServiceKey=mzv%2B5nKLrKuD%2BmQQsQNPL9WTK%2B%2Bv2TmZhLsfKQ94z9xgb1RpWBP17HLSPzxlwwYugsmNqEOJqSxKVAXxdImgXg%3D%3D&type=json HTTP/1.1" 200 565
DEBUG:urllib3.connectionpool:Starting new HTTP connection (1): apis.data.go.kr:80
DEBUG:urllib3.connectionpool:http://apis.data.go.kr:80 "GET /B553077/api/open/sdsc/storeListInDong?divId=signguCd&key=48890&ServiceKey=mzv%2B5nKLrKuD%2BmQQsQNPL9WTK%2B%2Bv2TmZhLsfKQ94z9xgb1RpWBP17HLSPzxlwwYugsmNqEOJqSxKVAXxdImgXg%3D%3D&type=json HTTP/1.1" 200 3866
INFO:werkzeug:127.0.0.1 - - [12/Dec/2019 19:47:10] "POST /menus/travel HTTP/1.1" 200 -
INFO:root:Flask Web Server Started
INFO:werkzeug: * Restarting with stat
INFO:root:Flask Web Server Started
WARNING:werkzeug: * Debugger is active!
INFO:werkzeug: * Debugger PIN: 505-006-647
INFO:werkzeug: * Running on http://0.0.0.0:8080/ (Press CTRL+C to quit)
INFO:werkzeug:127.0.0.1 - - [12/Dec/2019 19:51:57] "GET / HTTP/1.1" 200 -
DEBUG:urllib3.connectionpool:Starting new HTTP connection (1): api.visitkorea.or.kr:80
DEBUG:urllib3.connectionpool:http://api.visitkorea.or.kr:80 "GET /openapi/service/rest/KorService/searchKeyword?ServiceKey=mzv%2B5nKLrKuD%2BmQQsQNPL9WTK%2B%2Bv2TmZhLsfKQ94z9xgb1RpWBP17HLSPzxlwwYugsmNqEOJqSxKVAXxdImgXg%3D%3D&keyword=%EA%B3%84%EA%B3%A1&listYN=Y&arrange=A&MobileOS=ETC&MobileApp=AppTest&_type=json HTTP/1.1" 200 4755
DEBUG:urllib3.connectionpool:Starting new HTTP connection (1): apis.data.go.kr:80
DEBUG:urllib3.connectionpool:http://apis.data.go.kr:80 "GET /B553077/api/open/sdsc/baroApi?resId=dong&catId=cty&ctprvnCd=46&ServiceKey=mzv%2B5nKLrKuD%2BmQQsQNPL9WTK%2B%2Bv2TmZhLsfKQ94z9xgb1RpWBP17HLSPzxlwwYugsmNqEOJqSxKVAXxdImgXg%3D%3D&type=json HTTP/1.1" 200 544
DEBUG:urllib3.connectionpool:Starting new HTTP connection (1): apis.data.go.kr:80
DEBUG:urllib3.connectionpool:http://apis.data.go.kr:80 "GET /B553077/api/open/sdsc/storeListInDong?divId=signguCd&key=46790&ServiceKey=mzv%2B5nKLrKuD%2BmQQsQNPL9WTK%2B%2Bv2TmZhLsfKQ94z9xgb1RpWBP17HLSPzxlwwYugsmNqEOJqSxKVAXxdImgXg%3D%3D&type=json HTTP/1.1" 200 3552
DEBUG:urllib3.connectionpool:Starting new HTTP connection (1): apis.data.go.kr:80
DEBUG:urllib3.connectionpool:http://apis.data.go.kr:80 "GET /B553077/api/open/sdsc/baroApi?resId=dong&catId=cty&ctprvnCd=45&ServiceKey=mzv%2B5nKLrKuD%2BmQQsQNPL9WTK%2B%2Bv2TmZhLsfKQ94z9xgb1RpWBP17HLSPzxlwwYugsmNqEOJqSxKVAXxdImgXg%3D%3D&type=json HTTP/1.1" 200 483
DEBUG:urllib3.connectionpool:Starting new HTTP connection (1): apis.data.go.kr:80
DEBUG:urllib3.connectionpool:http://apis.data.go.kr:80 "GET /B553077/api/open/sdsc/storeListInDong?divId=signguCd&key=45720&ServiceKey=mzv%2B5nKLrKuD%2BmQQsQNPL9WTK%2B%2Bv2TmZhLsfKQ94z9xgb1RpWBP17HLSPzxlwwYugsmNqEOJqSxKVAXxdImgXg%3D%3D&type=json HTTP/1.1" 200 3787
DEBUG:urllib3.connectionpool:Starting new HTTP connection (1): apis.data.go.kr:80
DEBUG:urllib3.connectionpool:http://apis.data.go.kr:80 "GET /B553077/api/open/sdsc/baroApi?resId=dong&catId=cty&ctprvnCd=42&ServiceKey=mzv%2B5nKLrKuD%2BmQQsQNPL9WTK%2B%2Bv2TmZhLsfKQ94z9xgb1RpWBP17HLSPzxlwwYugsmNqEOJqSxKVAXxdImgXg%3D%3D&type=json HTTP/1.1" 200 504
DEBUG:urllib3.connectionpool:Starting new HTTP connection (1): apis.data.go.kr:80
DEBUG:urllib3.connectionpool:http://apis.data.go.kr:80 "GET /B553077/api/open/sdsc/storeListInDong?divId=signguCd&key=42730&ServiceKey=mzv%2B5nKLrKuD%2BmQQsQNPL9WTK%2B%2Bv2TmZhLsfKQ94z9xgb1RpWBP17HLSPzxlwwYugsmNqEOJqSxKVAXxdImgXg%3D%3D&type=json HTTP/1.1" 200 4002
DEBUG:urllib3.connectionpool:Starting new HTTP connection (1): apis.data.go.kr:80
DEBUG:urllib3.connectionpool:http://apis.data.go.kr:80 "GET /B553077/api/open/sdsc/baroApi?resId=dong&catId=cty&ctprvnCd=45&ServiceKey=mzv%2B5nKLrKuD%2BmQQsQNPL9WTK%2B%2Bv2TmZhLsfKQ94z9xgb1RpWBP17HLSPzxlwwYugsmNqEOJqSxKVAXxdImgXg%3D%3D&type=json HTTP/1.1" 200 483
DEBUG:urllib3.connectionpool:Starting new HTTP connection (1): apis.data.go.kr:80
DEBUG:urllib3.connectionpool:http://apis.data.go.kr:80 "GET /B553077/api/open/sdsc/storeListInDong?divId=signguCd&key=45720&ServiceKey=mzv%2B5nKLrKuD%2BmQQsQNPL9WTK%2B%2Bv2TmZhLsfKQ94z9xgb1RpWBP17HLSPzxlwwYugsmNqEOJqSxKVAXxdImgXg%3D%3D&type=json HTTP/1.1" 200 3787
DEBUG:urllib3.connectionpool:Starting new HTTP connection (1): apis.data.go.kr:80
DEBUG:urllib3.connectionpool:http://apis.data.go.kr:80 "GET /B553077/api/open/sdsc/baroApi?resId=dong&catId=cty&ctprvnCd=43&ServiceKey=mzv%2B5nKLrKuD%2BmQQsQNPL9WTK%2B%2Bv2TmZhLsfKQ94z9xgb1RpWBP17HLSPzxlwwYugsmNqEOJqSxKVAXxdImgXg%3D%3D&type=json HTTP/1.1" 200 474
DEBUG:urllib3.connectionpool:Starting new HTTP connection (1): apis.data.go.kr:80
DEBUG:urllib3.connectionpool:http://apis.data.go.kr:80 "GET /B553077/api/open/sdsc/storeListInDong?divId=signguCd&key=43130&ServiceKey=mzv%2B5nKLrKuD%2BmQQsQNPL9WTK%2B%2Bv2TmZhLsfKQ94z9xgb1RpWBP17HLSPzxlwwYugsmNqEOJqSxKVAXxdImgXg%3D%3D&type=json HTTP/1.1" 200 4158
DEBUG:urllib3.connectionpool:Starting new HTTP connection (1): apis.data.go.kr:80
DEBUG:urllib3.connectionpool:http://apis.data.go.kr:80 "GET /B553077/api/open/sdsc/baroApi?resId=dong&catId=cty&ctprvnCd=42&ServiceKey=mzv%2B5nKLrKuD%2BmQQsQNPL9WTK%2B%2Bv2TmZhLsfKQ94z9xgb1RpWBP17HLSPzxlwwYugsmNqEOJqSxKVAXxdImgXg%3D%3D&type=json HTTP/1.1" 200 504
DEBUG:urllib3.connectionpool:Starting new HTTP connection (1): apis.data.go.kr:80
DEBUG:urllib3.connectionpool:http://apis.data.go.kr:80 "GET /B553077/api/open/sdsc/storeListInDong?divId=signguCd&key=42730&ServiceKey=mzv%2B5nKLrKuD%2BmQQsQNPL9WTK%2B%2Bv2TmZhLsfKQ94z9xgb1RpWBP17HLSPzxlwwYugsmNqEOJqSxKVAXxdImgXg%3D%3D&type=json HTTP/1.1" 200 4002
DEBUG:urllib3.connectionpool:Starting new HTTP connection (1): apis.data.go.kr:80
DEBUG:urllib3.connectionpool:http://apis.data.go.kr:80 "GET /B553077/api/open/sdsc/baroApi?resId=dong&catId=cty&ctprvnCd=44&ServiceKey=mzv%2B5nKLrKuD%2BmQQsQNPL9WTK%2B%2Bv2TmZhLsfKQ94z9xgb1RpWBP17HLSPzxlwwYugsmNqEOJqSxKVAXxdImgXg%3D%3D&type=json HTTP/1.1" 200 497
DEBUG:urllib3.connectionpool:Starting new HTTP connection (1): apis.data.go.kr:80
DEBUG:urllib3.connectionpool:http://apis.data.go.kr:80 "GET /B553077/api/open/sdsc/storeListInDong?divId=signguCd&key=44800&ServiceKey=mzv%2B5nKLrKuD%2BmQQsQNPL9WTK%2B%2Bv2TmZhLsfKQ94z9xgb1RpWBP17HLSPzxlwwYugsmNqEOJqSxKVAXxdImgXg%3D%3D&type=json HTTP/1.1" 200 3840
DEBUG:urllib3.connectionpool:Starting new HTTP connection (1): apis.data.go.kr:80
DEBUG:urllib3.connectionpool:http://apis.data.go.kr:80 "GET /B553077/api/open/sdsc/baroApi?resId=dong&catId=cty&ctprvnCd=45&ServiceKey=mzv%2B5nKLrKuD%2BmQQsQNPL9WTK%2B%2Bv2TmZhLsfKQ94z9xgb1RpWBP17HLSPzxlwwYugsmNqEOJqSxKVAXxdImgXg%3D%3D&type=json HTTP/1.1" 200 483
DEBUG:urllib3.connectionpool:Starting new HTTP connection (1): apis.data.go.kr:80
DEBUG:urllib3.connectionpool:http://apis.data.go.kr:80 "GET /B553077/api/open/sdsc/storeListInDong?divId=signguCd&key=45720&ServiceKey=mzv%2B5nKLrKuD%2BmQQsQNPL9WTK%2B%2Bv2TmZhLsfKQ94z9xgb1RpWBP17HLSPzxlwwYugsmNqEOJqSxKVAXxdImgXg%3D%3D&type=json HTTP/1.1" 200 3787
DEBUG:urllib3.connectionpool:Starting new HTTP connection (1): apis.data.go.kr:80
DEBUG:urllib3.connectionpool:http://apis.data.go.kr:80 "GET /B553077/api/open/sdsc/baroApi?resId=dong&catId=cty&ctprvnCd=45&ServiceKey=mzv%2B5nKLrKuD%2BmQQsQNPL9WTK%2B%2Bv2TmZhLsfKQ94z9xgb1RpWBP17HLSPzxlwwYugsmNqEOJqSxKVAXxdImgXg%3D%3D&type=json HTTP/1.1" 200 483
DEBUG:urllib3.connectionpool:Starting new HTTP connection (1): apis.data.go.kr:80
DEBUG:urllib3.connectionpool:http://apis.data.go.kr:80 "GET /B553077/api/open/sdsc/storeListInDong?divId=signguCd&key=45720&ServiceKey=mzv%2B5nKLrKuD%2BmQQsQNPL9WTK%2B%2Bv2TmZhLsfKQ94z9xgb1RpWBP17HLSPzxlwwYugsmNqEOJqSxKVAXxdImgXg%3D%3D&type=json HTTP/1.1" 200 3787
DEBUG:urllib3.connectionpool:Starting new HTTP connection (1): apis.data.go.kr:80
DEBUG:urllib3.connectionpool:http://apis.data.go.kr:80 "GET /B553077/api/open/sdsc/baroApi?resId=dong&catId=cty&ctprvnCd=48&ServiceKey=mzv%2B5nKLrKuD%2BmQQsQNPL9WTK%2B%2Bv2TmZhLsfKQ94z9xgb1RpWBP17HLSPzxlwwYugsmNqEOJqSxKVAXxdImgXg%3D%3D&type=json HTTP/1.1" 200 565
DEBUG:urllib3.connectionpool:Starting new HTTP connection (1): apis.data.go.kr:80
DEBUG:urllib3.connectionpool:http://apis.data.go.kr:80 "GET /B553077/api/open/sdsc/storeListInDong?divId=signguCd&key=48890&ServiceKey=mzv%2B5nKLrKuD%2BmQQsQNPL9WTK%2B%2Bv2TmZhLsfKQ94z9xgb1RpWBP17HLSPzxlwwYugsmNqEOJqSxKVAXxdImgXg%3D%3D&type=json HTTP/1.1" 200 3866
INFO:werkzeug:127.0.0.1 - - [12/Dec/2019 19:52:08] "POST /menus/travel HTTP/1.1" 200 -
DEBUG:urllib3.connectionpool:Starting new HTTP connection (1): api.visitkorea.or.kr:80
DEBUG:urllib3.connectionpool:http://api.visitkorea.or.kr:80 "GET /openapi/service/rest/KorService/searchKeyword?ServiceKey=mzv%2B5nKLrKuD%2BmQQsQNPL9WTK%2B%2Bv2TmZhLsfKQ94z9xgb1RpWBP17HLSPzxlwwYugsmNqEOJqSxKVAXxdImgXg%3D%3D&keyword=%EA%B3%84%EA%B3%A1&listYN=Y&arrange=A&MobileOS=ETC&MobileApp=AppTest&_type=json HTTP/1.1" 200 4755
DEBUG:urllib3.connectionpool:Starting new HTTP connection (1): apis.data.go.kr:80
DEBUG:urllib3.connectionpool:http://apis.data.go.kr:80 "GET /B553077/api/open/sdsc/baroApi?resId=dong&catId=cty&ctprvnCd=46&ServiceKey=mzv%2B5nKLrKuD%2BmQQsQNPL9WTK%2B%2Bv2TmZhLsfKQ94z9xgb1RpWBP17HLSPzxlwwYugsmNqEOJqSxKVAXxdImgXg%3D%3D&type=json HTTP/1.1" 200 544
DEBUG:urllib3.connectionpool:Starting new HTTP connection (1): apis.data.go.kr:80
DEBUG:urllib3.connectionpool:http://apis.data.go.kr:80 "GET /B553077/api/open/sdsc/storeListInDong?divId=signguCd&key=46790&ServiceKey=mzv%2B5nKLrKuD%2BmQQsQNPL9WTK%2B%2Bv2TmZhLsfKQ94z9xgb1RpWBP17HLSPzxlwwYugsmNqEOJqSxKVAXxdImgXg%3D%3D&type=json HTTP/1.1" 200 3552
DEBUG:urllib3.connectionpool:Starting new HTTP connection (1): apis.data.go.kr:80
DEBUG:urllib3.connectionpool:http://apis.data.go.kr:80 "GET /B553077/api/open/sdsc/baroApi?resId=dong&catId=cty&ctprvnCd=45&ServiceKey=mzv%2B5nKLrKuD%2BmQQsQNPL9WTK%2B%2Bv2TmZhLsfKQ94z9xgb1RpWBP17HLSPzxlwwYugsmNqEOJqSxKVAXxdImgXg%3D%3D&type=json HTTP/1.1" 200 483
DEBUG:urllib3.connectionpool:Starting new HTTP connection (1): apis.data.go.kr:80
DEBUG:urllib3.connectionpool:http://apis.data.go.kr:80 "GET /B553077/api/open/sdsc/storeListInDong?divId=signguCd&key=45720&ServiceKey=mzv%2B5nKLrKuD%2BmQQsQNPL9WTK%2B%2Bv2TmZhLsfKQ94z9xgb1RpWBP17HLSPzxlwwYugsmNqEOJqSxKVAXxdImgXg%3D%3D&type=json HTTP/1.1" 200 3787
DEBUG:urllib3.connectionpool:Starting new HTTP connection (1): apis.data.go.kr:80
DEBUG:urllib3.connectionpool:http://apis.data.go.kr:80 "GET /B553077/api/open/sdsc/baroApi?resId=dong&catId=cty&ctprvnCd=42&ServiceKey=mzv%2B5nKLrKuD%2BmQQsQNPL9WTK%2B%2Bv2TmZhLsfKQ94z9xgb1RpWBP17HLSPzxlwwYugsmNqEOJqSxKVAXxdImgXg%3D%3D&type=json HTTP/1.1" 200 504
DEBUG:urllib3.connectionpool:Starting new HTTP connection (1): apis.data.go.kr:80
DEBUG:urllib3.connectionpool:http://apis.data.go.kr:80 "GET /B553077/api/open/sdsc/storeListInDong?divId=signguCd&key=42730&ServiceKey=mzv%2B5nKLrKuD%2BmQQsQNPL9WTK%2B%2Bv2TmZhLsfKQ94z9xgb1RpWBP17HLSPzxlwwYugsmNqEOJqSxKVAXxdImgXg%3D%3D&type=json HTTP/1.1" 200 4002
DEBUG:urllib3.connectionpool:Starting new HTTP connection (1): apis.data.go.kr:80
DEBUG:urllib3.connectionpool:http://apis.data.go.kr:80 "GET /B553077/api/open/sdsc/baroApi?resId=dong&catId=cty&ctprvnCd=45&ServiceKey=mzv%2B5nKLrKuD%2BmQQsQNPL9WTK%2B%2Bv2TmZhLsfKQ94z9xgb1RpWBP17HLSPzxlwwYugsmNqEOJqSxKVAXxdImgXg%3D%3D&type=json HTTP/1.1" 200 483
DEBUG:urllib3.connectionpool:Starting new HTTP connection (1): apis.data.go.kr:80
DEBUG:urllib3.connectionpool:http://apis.data.go.kr:80 "GET /B553077/api/open/sdsc/storeListInDong?divId=signguCd&key=45720&ServiceKey=mzv%2B5nKLrKuD%2BmQQsQNPL9WTK%2B%2Bv2TmZhLsfKQ94z9xgb1RpWBP17HLSPzxlwwYugsmNqEOJqSxKVAXxdImgXg%3D%3D&type=json HTTP/1.1" 200 3787
DEBUG:urllib3.connectionpool:Starting new HTTP connection (1): apis.data.go.kr:80
DEBUG:urllib3.connectionpool:http://apis.data.go.kr:80 "GET /B553077/api/open/sdsc/baroApi?resId=dong&catId=cty&ctprvnCd=43&ServiceKey=mzv%2B5nKLrKuD%2BmQQsQNPL9WTK%2B%2Bv2TmZhLsfKQ94z9xgb1RpWBP17HLSPzxlwwYugsmNqEOJqSxKVAXxdImgXg%3D%3D&type=json HTTP/1.1" 200 474
DEBUG:urllib3.connectionpool:Starting new HTTP connection (1): apis.data.go.kr:80
DEBUG:urllib3.connectionpool:http://apis.data.go.kr:80 "GET /B553077/api/open/sdsc/storeListInDong?divId=signguCd&key=43130&ServiceKey=mzv%2B5nKLrKuD%2BmQQsQNPL9WTK%2B%2Bv2TmZhLsfKQ94z9xgb1RpWBP17HLSPzxlwwYugsmNqEOJqSxKVAXxdImgXg%3D%3D&type=json HTTP/1.1" 200 4158
DEBUG:urllib3.connectionpool:Starting new HTTP connection (1): apis.data.go.kr:80
DEBUG:urllib3.connectionpool:http://apis.data.go.kr:80 "GET /B553077/api/open/sdsc/baroApi?resId=dong&catId=cty&ctprvnCd=42&ServiceKey=mzv%2B5nKLrKuD%2BmQQsQNPL9WTK%2B%2Bv2TmZhLsfKQ94z9xgb1RpWBP17HLSPzxlwwYugsmNqEOJqSxKVAXxdImgXg%3D%3D&type=json HTTP/1.1" 200 504
DEBUG:urllib3.connectionpool:Starting new HTTP connection (1): apis.data.go.kr:80
DEBUG:urllib3.connectionpool:http://apis.data.go.kr:80 "GET /B553077/api/open/sdsc/storeListInDong?divId=signguCd&key=42730&ServiceKey=mzv%2B5nKLrKuD%2BmQQsQNPL9WTK%2B%2Bv2TmZhLsfKQ94z9xgb1RpWBP17HLSPzxlwwYugsmNqEOJqSxKVAXxdImgXg%3D%3D&type=json HTTP/1.1" 200 4002
DEBUG:urllib3.connectionpool:Starting new HTTP connection (1): apis.data.go.kr:80
DEBUG:urllib3.connectionpool:http://apis.data.go.kr:80 "GET /B553077/api/open/sdsc/baroApi?resId=dong&catId=cty&ctprvnCd=44&ServiceKey=mzv%2B5nKLrKuD%2BmQQsQNPL9WTK%2B%2Bv2TmZhLsfKQ94z9xgb1RpWBP17HLSPzxlwwYugsmNqEOJqSxKVAXxdImgXg%3D%3D&type=json HTTP/1.1" 200 497
DEBUG:urllib3.connectionpool:Starting new HTTP connection (1): apis.data.go.kr:80
DEBUG:urllib3.connectionpool:http://apis.data.go.kr:80 "GET /B553077/api/open/sdsc/storeListInDong?divId=signguCd&key=44800&ServiceKey=mzv%2B5nKLrKuD%2BmQQsQNPL9WTK%2B%2Bv2TmZhLsfKQ94z9xgb1RpWBP17HLSPzxlwwYugsmNqEOJqSxKVAXxdImgXg%3D%3D&type=json HTTP/1.1" 200 3840
DEBUG:urllib3.connectionpool:Starting new HTTP connection (1): apis.data.go.kr:80
DEBUG:urllib3.connectionpool:http://apis.data.go.kr:80 "GET /B553077/api/open/sdsc/baroApi?resId=dong&catId=cty&ctprvnCd=45&ServiceKey=mzv%2B5nKLrKuD%2BmQQsQNPL9WTK%2B%2Bv2TmZhLsfKQ94z9xgb1RpWBP17HLSPzxlwwYugsmNqEOJqSxKVAXxdImgXg%3D%3D&type=json HTTP/1.1" 200 483
DEBUG:urllib3.connectionpool:Starting new HTTP connection (1): apis.data.go.kr:80
DEBUG:urllib3.connectionpool:http://apis.data.go.kr:80 "GET /B553077/api/open/sdsc/storeListInDong?divId=signguCd&key=45720&ServiceKey=mzv%2B5nKLrKuD%2BmQQsQNPL9WTK%2B%2Bv2TmZhLsfKQ94z9xgb1RpWBP17HLSPzxlwwYugsmNqEOJqSxKVAXxdImgXg%3D%3D&type=json HTTP/1.1" 200 3787
DEBUG:urllib3.connectionpool:Starting new HTTP connection (1): apis.data.go.kr:80
DEBUG:urllib3.connectionpool:http://apis.data.go.kr:80 "GET /B553077/api/open/sdsc/baroApi?resId=dong&catId=cty&ctprvnCd=45&ServiceKey=mzv%2B5nKLrKuD%2BmQQsQNPL9WTK%2B%2Bv2TmZhLsfKQ94z9xgb1RpWBP17HLSPzxlwwYugsmNqEOJqSxKVAXxdImgXg%3D%3D&type=json HTTP/1.1" 200 483
DEBUG:urllib3.connectionpool:Starting new HTTP connection (1): apis.data.go.kr:80
DEBUG:urllib3.connectionpool:http://apis.data.go.kr:80 "GET /B553077/api/open/sdsc/storeListInDong?divId=signguCd&key=45720&ServiceKey=mzv%2B5nKLrKuD%2BmQQsQNPL9WTK%2B%2Bv2TmZhLsfKQ94z9xgb1RpWBP17HLSPzxlwwYugsmNqEOJqSxKVAXxdImgXg%3D%3D&type=json HTTP/1.1" 200 3787
DEBUG:urllib3.connectionpool:Starting new HTTP connection (1): apis.data.go.kr:80
DEBUG:urllib3.connectionpool:http://apis.data.go.kr:80 "GET /B553077/api/open/sdsc/baroApi?resId=dong&catId=cty&ctprvnCd=48&ServiceKey=mzv%2B5nKLrKuD%2BmQQsQNPL9WTK%2B%2Bv2TmZhLsfKQ94z9xgb1RpWBP17HLSPzxlwwYugsmNqEOJqSxKVAXxdImgXg%3D%3D&type=json HTTP/1.1" 200 565
DEBUG:urllib3.connectionpool:Starting new HTTP connection (1): apis.data.go.kr:80
DEBUG:urllib3.connectionpool:http://apis.data.go.kr:80 "GET /B553077/api/open/sdsc/storeListInDong?divId=signguCd&key=48890&ServiceKey=mzv%2B5nKLrKuD%2BmQQsQNPL9WTK%2B%2Bv2TmZhLsfKQ94z9xgb1RpWBP17HLSPzxlwwYugsmNqEOJqSxKVAXxdImgXg%3D%3D&type=json HTTP/1.1" 200 3866
INFO:werkzeug:127.0.0.1 - - [12/Dec/2019 19:52:56] "POST /menus/travel HTTP/1.1" 500 -
INFO:werkzeug:127.0.0.1 - - [12/Dec/2019 19:52:56] "GET /menus/travel?__debugger__=yes&cmd=resource&f=style.css HTTP/1.1" 200 -
INFO:werkzeug:127.0.0.1 - - [12/Dec/2019 19:52:56] "GET /menus/travel?__debugger__=yes&cmd=resource&f=jquery.js HTTP/1.1" 200 -
INFO:werkzeug:127.0.0.1 - - [12/Dec/2019 19:52:57] "GET /menus/travel?__debugger__=yes&cmd=resource&f=debugger.js HTTP/1.1" 200 -
INFO:werkzeug:127.0.0.1 - - [12/Dec/2019 19:52:57] "GET /menus/travel?__debugger__=yes&cmd=resource&f=ubuntu.ttf HTTP/1.1" 200 -
INFO:werkzeug:127.0.0.1 - - [12/Dec/2019 19:52:57] "GET /menus/travel?__debugger__=yes&cmd=resource&f=console.png HTTP/1.1" 200 -
INFO:werkzeug:127.0.0.1 - - [12/Dec/2019 19:52:57] "GET /menus/travel?__debugger__=yes&cmd=resource&f=console.png HTTP/1.1" 200 -
DEBUG:urllib3.connectionpool:Starting new HTTP connection (1): api.visitkorea.or.kr:80
DEBUG:urllib3.connectionpool:http://api.visitkorea.or.kr:80 "GET /openapi/service/rest/KorService/searchKeyword?ServiceKey=mzv%2B5nKLrKuD%2BmQQsQNPL9WTK%2B%2Bv2TmZhLsfKQ94z9xgb1RpWBP17HLSPzxlwwYugsmNqEOJqSxKVAXxdImgXg%3D%3D&keyword=%EA%B3%84%EA%B3%A1&listYN=Y&arrange=A&MobileOS=ETC&MobileApp=AppTest&_type=json HTTP/1.1" 200 4755
DEBUG:urllib3.connectionpool:Starting new HTTP connection (1): apis.data.go.kr:80
DEBUG:urllib3.connectionpool:http://apis.data.go.kr:80 "GET /B553077/api/open/sdsc/baroApi?resId=dong&catId=cty&ctprvnCd=46&ServiceKey=mzv%2B5nKLrKuD%2BmQQsQNPL9WTK%2B%2Bv2TmZhLsfKQ94z9xgb1RpWBP17HLSPzxlwwYugsmNqEOJqSxKVAXxdImgXg%3D%3D&type=json HTTP/1.1" 200 544
DEBUG:urllib3.connectionpool:Starting new HTTP connection (1): apis.data.go.kr:80
DEBUG:urllib3.connectionpool:http://apis.data.go.kr:80 "GET /B553077/api/open/sdsc/storeListInDong?divId=signguCd&key=46790&ServiceKey=mzv%2B5nKLrKuD%2BmQQsQNPL9WTK%2B%2Bv2TmZhLsfKQ94z9xgb1RpWBP17HLSPzxlwwYugsmNqEOJqSxKVAXxdImgXg%3D%3D&type=json HTTP/1.1" 200 3552
DEBUG:urllib3.connectionpool:Starting new HTTP connection (1): apis.data.go.kr:80
DEBUG:urllib3.connectionpool:http://apis.data.go.kr:80 "GET /B553077/api/open/sdsc/baroApi?resId=dong&catId=cty&ctprvnCd=45&ServiceKey=mzv%2B5nKLrKuD%2BmQQsQNPL9WTK%2B%2Bv2TmZhLsfKQ94z9xgb1RpWBP17HLSPzxlwwYugsmNqEOJqSxKVAXxdImgXg%3D%3D&type=json HTTP/1.1" 200 483
DEBUG:urllib3.connectionpool:Starting new HTTP connection (1): apis.data.go.kr:80
DEBUG:urllib3.connectionpool:http://apis.data.go.kr:80 "GET /B553077/api/open/sdsc/storeListInDong?divId=signguCd&key=45720&ServiceKey=mzv%2B5nKLrKuD%2BmQQsQNPL9WTK%2B%2Bv2TmZhLsfKQ94z9xgb1RpWBP17HLSPzxlwwYugsmNqEOJqSxKVAXxdImgXg%3D%3D&type=json HTTP/1.1" 200 3787
DEBUG:urllib3.connectionpool:Starting new HTTP connection (1): apis.data.go.kr:80
DEBUG:urllib3.connectionpool:http://apis.data.go.kr:80 "GET /B553077/api/open/sdsc/baroApi?resId=dong&catId=cty&ctprvnCd=42&ServiceKey=mzv%2B5nKLrKuD%2BmQQsQNPL9WTK%2B%2Bv2TmZhLsfKQ94z9xgb1RpWBP17HLSPzxlwwYugsmNqEOJqSxKVAXxdImgXg%3D%3D&type=json HTTP/1.1" 200 504
DEBUG:urllib3.connectionpool:Starting new HTTP connection (1): apis.data.go.kr:80
DEBUG:urllib3.connectionpool:http://apis.data.go.kr:80 "GET /B553077/api/open/sdsc/storeListInDong?divId=signguCd&key=42730&ServiceKey=mzv%2B5nKLrKuD%2BmQQsQNPL9WTK%2B%2Bv2TmZhLsfKQ94z9xgb1RpWBP17HLSPzxlwwYugsmNqEOJqSxKVAXxdImgXg%3D%3D&type=json HTTP/1.1" 200 4002
DEBUG:urllib3.connectionpool:Starting new HTTP connection (1): apis.data.go.kr:80
DEBUG:urllib3.connectionpool:http://apis.data.go.kr:80 "GET /B553077/api/open/sdsc/baroApi?resId=dong&catId=cty&ctprvnCd=45&ServiceKey=mzv%2B5nKLrKuD%2BmQQsQNPL9WTK%2B%2Bv2TmZhLsfKQ94z9xgb1RpWBP17HLSPzxlwwYugsmNqEOJqSxKVAXxdImgXg%3D%3D&type=json HTTP/1.1" 200 483
DEBUG:urllib3.connectionpool:Starting new HTTP connection (1): apis.data.go.kr:80
DEBUG:urllib3.connectionpool:http://apis.data.go.kr:80 "GET /B553077/api/open/sdsc/storeListInDong?divId=signguCd&key=45720&ServiceKey=mzv%2B5nKLrKuD%2BmQQsQNPL9WTK%2B%2Bv2TmZhLsfKQ94z9xgb1RpWBP17HLSPzxlwwYugsmNqEOJqSxKVAXxdImgXg%3D%3D&type=json HTTP/1.1" 200 3787
DEBUG:urllib3.connectionpool:Starting new HTTP connection (1): apis.data.go.kr:80
DEBUG:urllib3.connectionpool:http://apis.data.go.kr:80 "GET /B553077/api/open/sdsc/baroApi?resId=dong&catId=cty&ctprvnCd=43&ServiceKey=mzv%2B5nKLrKuD%2BmQQsQNPL9WTK%2B%2Bv2TmZhLsfKQ94z9xgb1RpWBP17HLSPzxlwwYugsmNqEOJqSxKVAXxdImgXg%3D%3D&type=json HTTP/1.1" 200 474
DEBUG:urllib3.connectionpool:Starting new HTTP connection (1): apis.data.go.kr:80
DEBUG:urllib3.connectionpool:http://apis.data.go.kr:80 "GET /B553077/api/open/sdsc/storeListInDong?divId=signguCd&key=43130&ServiceKey=mzv%2B5nKLrKuD%2BmQQsQNPL9WTK%2B%2Bv2TmZhLsfKQ94z9xgb1RpWBP17HLSPzxlwwYugsmNqEOJqSxKVAXxdImgXg%3D%3D&type=json HTTP/1.1" 200 4158
DEBUG:urllib3.connectionpool:Starting new HTTP connection (1): apis.data.go.kr:80
DEBUG:urllib3.connectionpool:http://apis.data.go.kr:80 "GET /B553077/api/open/sdsc/baroApi?resId=dong&catId=cty&ctprvnCd=42&ServiceKey=mzv%2B5nKLrKuD%2BmQQsQNPL9WTK%2B%2Bv2TmZhLsfKQ94z9xgb1RpWBP17HLSPzxlwwYugsmNqEOJqSxKVAXxdImgXg%3D%3D&type=json HTTP/1.1" 200 504
DEBUG:urllib3.connectionpool:Starting new HTTP connection (1): apis.data.go.kr:80
DEBUG:urllib3.connectionpool:http://apis.data.go.kr:80 "GET /B553077/api/open/sdsc/storeListInDong?divId=signguCd&key=42730&ServiceKey=mzv%2B5nKLrKuD%2BmQQsQNPL9WTK%2B%2Bv2TmZhLsfKQ94z9xgb1RpWBP17HLSPzxlwwYugsmNqEOJqSxKVAXxdImgXg%3D%3D&type=json HTTP/1.1" 200 4002
DEBUG:urllib3.connectionpool:Starting new HTTP connection (1): apis.data.go.kr:80
DEBUG:urllib3.connectionpool:http://apis.data.go.kr:80 "GET /B553077/api/open/sdsc/baroApi?resId=dong&catId=cty&ctprvnCd=44&ServiceKey=mzv%2B5nKLrKuD%2BmQQsQNPL9WTK%2B%2Bv2TmZhLsfKQ94z9xgb1RpWBP17HLSPzxlwwYugsmNqEOJqSxKVAXxdImgXg%3D%3D&type=json HTTP/1.1" 200 497
DEBUG:urllib3.connectionpool:Starting new HTTP connection (1): apis.data.go.kr:80
DEBUG:urllib3.connectionpool:http://apis.data.go.kr:80 "GET /B553077/api/open/sdsc/storeListInDong?divId=signguCd&key=44800&ServiceKey=mzv%2B5nKLrKuD%2BmQQsQNPL9WTK%2B%2Bv2TmZhLsfKQ94z9xgb1RpWBP17HLSPzxlwwYugsmNqEOJqSxKVAXxdImgXg%3D%3D&type=json HTTP/1.1" 200 3840
DEBUG:urllib3.connectionpool:Starting new HTTP connection (1): apis.data.go.kr:80
DEBUG:urllib3.connectionpool:http://apis.data.go.kr:80 "GET /B553077/api/open/sdsc/baroApi?resId=dong&catId=cty&ctprvnCd=45&ServiceKey=mzv%2B5nKLrKuD%2BmQQsQNPL9WTK%2B%2Bv2TmZhLsfKQ94z9xgb1RpWBP17HLSPzxlwwYugsmNqEOJqSxKVAXxdImgXg%3D%3D&type=json HTTP/1.1" 200 483
DEBUG:urllib3.connectionpool:Starting new HTTP connection (1): apis.data.go.kr:80
DEBUG:urllib3.connectionpool:http://apis.data.go.kr:80 "GET /B553077/api/open/sdsc/storeListInDong?divId=signguCd&key=45720&ServiceKey=mzv%2B5nKLrKuD%2BmQQsQNPL9WTK%2B%2Bv2TmZhLsfKQ94z9xgb1RpWBP17HLSPzxlwwYugsmNqEOJqSxKVAXxdImgXg%3D%3D&type=json HTTP/1.1" 200 3787
DEBUG:urllib3.connectionpool:Starting new HTTP connection (1): apis.data.go.kr:80
DEBUG:urllib3.connectionpool:http://apis.data.go.kr:80 "GET /B553077/api/open/sdsc/baroApi?resId=dong&catId=cty&ctprvnCd=45&ServiceKey=mzv%2B5nKLrKuD%2BmQQsQNPL9WTK%2B%2Bv2TmZhLsfKQ94z9xgb1RpWBP17HLSPzxlwwYugsmNqEOJqSxKVAXxdImgXg%3D%3D&type=json HTTP/1.1" 200 483
DEBUG:urllib3.connectionpool:Starting new HTTP connection (1): apis.data.go.kr:80
DEBUG:urllib3.connectionpool:http://apis.data.go.kr:80 "GET /B553077/api/open/sdsc/storeListInDong?divId=signguCd&key=45720&ServiceKey=mzv%2B5nKLrKuD%2BmQQsQNPL9WTK%2B%2Bv2TmZhLsfKQ94z9xgb1RpWBP17HLSPzxlwwYugsmNqEOJqSxKVAXxdImgXg%3D%3D&type=json HTTP/1.1" 200 3787
DEBUG:urllib3.connectionpool:Starting new HTTP connection (1): apis.data.go.kr:80
DEBUG:urllib3.connectionpool:http://apis.data.go.kr:80 "GET /B553077/api/open/sdsc/baroApi?resId=dong&catId=cty&ctprvnCd=48&ServiceKey=mzv%2B5nKLrKuD%2BmQQsQNPL9WTK%2B%2Bv2TmZhLsfKQ94z9xgb1RpWBP17HLSPzxlwwYugsmNqEOJqSxKVAXxdImgXg%3D%3D&type=json HTTP/1.1" 200 565
DEBUG:urllib3.connectionpool:Starting new HTTP connection (1): apis.data.go.kr:80
DEBUG:urllib3.connectionpool:http://apis.data.go.kr:80 "GET /B553077/api/open/sdsc/storeListInDong?divId=signguCd&key=48890&ServiceKey=mzv%2B5nKLrKuD%2BmQQsQNPL9WTK%2B%2Bv2TmZhLsfKQ94z9xgb1RpWBP17HLSPzxlwwYugsmNqEOJqSxKVAXxdImgXg%3D%3D&type=json HTTP/1.1" 200 3866
INFO:werkzeug:127.0.0.1 - - [12/Dec/2019 19:53:12] "POST /menus/travel HTTP/1.1" 200 -
INFO:root:Flask Web Server Started
INFO:werkzeug: * Restarting with stat
INFO:root:Flask Web Server Started
WARNING:werkzeug: * Debugger is active!
INFO:werkzeug: * Debugger PIN: 505-006-647
INFO:werkzeug: * Running on http://0.0.0.0:8080/ (Press CTRL+C to quit)
DEBUG:urllib3.connectionpool:Starting new HTTP connection (1): api.visitkorea.or.kr:80
DEBUG:urllib3.connectionpool:http://api.visitkorea.or.kr:80 "GET /openapi/service/rest/KorService/searchKeyword?ServiceKey=mzv%2B5nKLrKuD%2BmQQsQNPL9WTK%2B%2Bv2TmZhLsfKQ94z9xgb1RpWBP17HLSPzxlwwYugsmNqEOJqSxKVAXxdImgXg%3D%3D&keyword=%EA%B3%84%EA%B3%A1&listYN=Y&arrange=A&MobileOS=ETC&MobileApp=AppTest&_type=json HTTP/1.1" 200 4755
DEBUG:urllib3.connectionpool:Starting new HTTP connection (1): apis.data.go.kr:80
DEBUG:urllib3.connectionpool:http://apis.data.go.kr:80 "GET /B553077/api/open/sdsc/baroApi?resId=dong&catId=cty&ctprvnCd=46&ServiceKey=mzv%2B5nKLrKuD%2BmQQsQNPL9WTK%2B%2Bv2TmZhLsfKQ94z9xgb1RpWBP17HLSPzxlwwYugsmNqEOJqSxKVAXxdImgXg%3D%3D&type=json HTTP/1.1" 200 544
DEBUG:urllib3.connectionpool:Starting new HTTP connection (1): apis.data.go.kr:80
DEBUG:urllib3.connectionpool:http://apis.data.go.kr:80 "GET /B553077/api/open/sdsc/storeListInDong?divId=signguCd&key=46790&ServiceKey=mzv%2B5nKLrKuD%2BmQQsQNPL9WTK%2B%2Bv2TmZhLsfKQ94z9xgb1RpWBP17HLSPzxlwwYugsmNqEOJqSxKVAXxdImgXg%3D%3D&type=json HTTP/1.1" 200 3552
DEBUG:urllib3.connectionpool:Starting new HTTP connection (1): apis.data.go.kr:80
DEBUG:urllib3.connectionpool:http://apis.data.go.kr:80 "GET /B553077/api/open/sdsc/baroApi?resId=dong&catId=cty&ctprvnCd=45&ServiceKey=mzv%2B5nKLrKuD%2BmQQsQNPL9WTK%2B%2Bv2TmZhLsfKQ94z9xgb1RpWBP17HLSPzxlwwYugsmNqEOJqSxKVAXxdImgXg%3D%3D&type=json HTTP/1.1" 200 483
DEBUG:urllib3.connectionpool:Starting new HTTP connection (1): apis.data.go.kr:80
DEBUG:urllib3.connectionpool:http://apis.data.go.kr:80 "GET /B553077/api/open/sdsc/storeListInDong?divId=signguCd&key=45720&ServiceKey=mzv%2B5nKLrKuD%2BmQQsQNPL9WTK%2B%2Bv2TmZhLsfKQ94z9xgb1RpWBP17HLSPzxlwwYugsmNqEOJqSxKVAXxdImgXg%3D%3D&type=json HTTP/1.1" 200 3787
DEBUG:urllib3.connectionpool:Starting new HTTP connection (1): apis.data.go.kr:80
DEBUG:urllib3.connectionpool:http://apis.data.go.kr:80 "GET /B553077/api/open/sdsc/baroApi?resId=dong&catId=cty&ctprvnCd=42&ServiceKey=mzv%2B5nKLrKuD%2BmQQsQNPL9WTK%2B%2Bv2TmZhLsfKQ94z9xgb1RpWBP17HLSPzxlwwYugsmNqEOJqSxKVAXxdImgXg%3D%3D&type=json HTTP/1.1" 200 504
DEBUG:urllib3.connectionpool:Starting new HTTP connection (1): apis.data.go.kr:80
DEBUG:urllib3.connectionpool:http://apis.data.go.kr:80 "GET /B553077/api/open/sdsc/storeListInDong?divId=signguCd&key=42730&ServiceKey=mzv%2B5nKLrKuD%2BmQQsQNPL9WTK%2B%2Bv2TmZhLsfKQ94z9xgb1RpWBP17HLSPzxlwwYugsmNqEOJqSxKVAXxdImgXg%3D%3D&type=json HTTP/1.1" 200 4002
DEBUG:urllib3.connectionpool:Starting new HTTP connection (1): apis.data.go.kr:80
DEBUG:urllib3.connectionpool:http://apis.data.go.kr:80 "GET /B553077/api/open/sdsc/baroApi?resId=dong&catId=cty&ctprvnCd=45&ServiceKey=mzv%2B5nKLrKuD%2BmQQsQNPL9WTK%2B%2Bv2TmZhLsfKQ94z9xgb1RpWBP17HLSPzxlwwYugsmNqEOJqSxKVAXxdImgXg%3D%3D&type=json HTTP/1.1" 200 483
DEBUG:urllib3.connectionpool:Starting new HTTP connection (1): apis.data.go.kr:80
DEBUG:urllib3.connectionpool:http://apis.data.go.kr:80 "GET /B553077/api/open/sdsc/storeListInDong?divId=signguCd&key=45720&ServiceKey=mzv%2B5nKLrKuD%2BmQQsQNPL9WTK%2B%2Bv2TmZhLsfKQ94z9xgb1RpWBP17HLSPzxlwwYugsmNqEOJqSxKVAXxdImgXg%3D%3D&type=json HTTP/1.1" 200 3787
DEBUG:urllib3.connectionpool:Starting new HTTP connection (1): apis.data.go.kr:80
DEBUG:urllib3.connectionpool:http://apis.data.go.kr:80 "GET /B553077/api/open/sdsc/baroApi?resId=dong&catId=cty&ctprvnCd=43&ServiceKey=mzv%2B5nKLrKuD%2BmQQsQNPL9WTK%2B%2Bv2TmZhLsfKQ94z9xgb1RpWBP17HLSPzxlwwYugsmNqEOJqSxKVAXxdImgXg%3D%3D&type=json HTTP/1.1" 200 474
DEBUG:urllib3.connectionpool:Starting new HTTP connection (1): apis.data.go.kr:80
DEBUG:urllib3.connectionpool:http://apis.data.go.kr:80 "GET /B553077/api/open/sdsc/storeListInDong?divId=signguCd&key=43130&ServiceKey=mzv%2B5nKLrKuD%2BmQQsQNPL9WTK%2B%2Bv2TmZhLsfKQ94z9xgb1RpWBP17HLSPzxlwwYugsmNqEOJqSxKVAXxdImgXg%3D%3D&type=json HTTP/1.1" 200 4158
DEBUG:urllib3.connectionpool:Starting new HTTP connection (1): apis.data.go.kr:80
DEBUG:urllib3.connectionpool:http://apis.data.go.kr:80 "GET /B553077/api/open/sdsc/baroApi?resId=dong&catId=cty&ctprvnCd=42&ServiceKey=mzv%2B5nKLrKuD%2BmQQsQNPL9WTK%2B%2Bv2TmZhLsfKQ94z9xgb1RpWBP17HLSPzxlwwYugsmNqEOJqSxKVAXxdImgXg%3D%3D&type=json HTTP/1.1" 200 504
DEBUG:urllib3.connectionpool:Starting new HTTP connection (1): apis.data.go.kr:80
DEBUG:urllib3.connectionpool:http://apis.data.go.kr:80 "GET /B553077/api/open/sdsc/storeListInDong?divId=signguCd&key=42730&ServiceKey=mzv%2B5nKLrKuD%2BmQQsQNPL9WTK%2B%2Bv2TmZhLsfKQ94z9xgb1RpWBP17HLSPzxlwwYugsmNqEOJqSxKVAXxdImgXg%3D%3D&type=json HTTP/1.1" 200 4002
DEBUG:urllib3.connectionpool:Starting new HTTP connection (1): apis.data.go.kr:80
DEBUG:urllib3.connectionpool:http://apis.data.go.kr:80 "GET /B553077/api/open/sdsc/baroApi?resId=dong&catId=cty&ctprvnCd=44&ServiceKey=mzv%2B5nKLrKuD%2BmQQsQNPL9WTK%2B%2Bv2TmZhLsfKQ94z9xgb1RpWBP17HLSPzxlwwYugsmNqEOJqSxKVAXxdImgXg%3D%3D&type=json HTTP/1.1" 200 497
DEBUG:urllib3.connectionpool:Starting new HTTP connection (1): apis.data.go.kr:80
DEBUG:urllib3.connectionpool:http://apis.data.go.kr:80 "GET /B553077/api/open/sdsc/storeListInDong?divId=signguCd&key=44800&ServiceKey=mzv%2B5nKLrKuD%2BmQQsQNPL9WTK%2B%2Bv2TmZhLsfKQ94z9xgb1RpWBP17HLSPzxlwwYugsmNqEOJqSxKVAXxdImgXg%3D%3D&type=json HTTP/1.1" 200 3840
DEBUG:urllib3.connectionpool:Starting new HTTP connection (1): apis.data.go.kr:80
DEBUG:urllib3.connectionpool:http://apis.data.go.kr:80 "GET /B553077/api/open/sdsc/baroApi?resId=dong&catId=cty&ctprvnCd=45&ServiceKey=mzv%2B5nKLrKuD%2BmQQsQNPL9WTK%2B%2Bv2TmZhLsfKQ94z9xgb1RpWBP17HLSPzxlwwYugsmNqEOJqSxKVAXxdImgXg%3D%3D&type=json HTTP/1.1" 200 483
DEBUG:urllib3.connectionpool:Starting new HTTP connection (1): apis.data.go.kr:80
DEBUG:urllib3.connectionpool:http://apis.data.go.kr:80 "GET /B553077/api/open/sdsc/storeListInDong?divId=signguCd&key=45720&ServiceKey=mzv%2B5nKLrKuD%2BmQQsQNPL9WTK%2B%2Bv2TmZhLsfKQ94z9xgb1RpWBP17HLSPzxlwwYugsmNqEOJqSxKVAXxdImgXg%3D%3D&type=json HTTP/1.1" 200 3787
DEBUG:urllib3.connectionpool:Starting new HTTP connection (1): apis.data.go.kr:80
DEBUG:urllib3.connectionpool:http://apis.data.go.kr:80 "GET /B553077/api/open/sdsc/baroApi?resId=dong&catId=cty&ctprvnCd=45&ServiceKey=mzv%2B5nKLrKuD%2BmQQsQNPL9WTK%2B%2Bv2TmZhLsfKQ94z9xgb1RpWBP17HLSPzxlwwYugsmNqEOJqSxKVAXxdImgXg%3D%3D&type=json HTTP/1.1" 200 483
DEBUG:urllib3.connectionpool:Starting new HTTP connection (1): apis.data.go.kr:80
DEBUG:urllib3.connectionpool:http://apis.data.go.kr:80 "GET /B553077/api/open/sdsc/storeListInDong?divId=signguCd&key=45720&ServiceKey=mzv%2B5nKLrKuD%2BmQQsQNPL9WTK%2B%2Bv2TmZhLsfKQ94z9xgb1RpWBP17HLSPzxlwwYugsmNqEOJqSxKVAXxdImgXg%3D%3D&type=json HTTP/1.1" 200 3787
DEBUG:urllib3.connectionpool:Starting new HTTP connection (1): apis.data.go.kr:80
DEBUG:urllib3.connectionpool:http://apis.data.go.kr:80 "GET /B553077/api/open/sdsc/baroApi?resId=dong&catId=cty&ctprvnCd=48&ServiceKey=mzv%2B5nKLrKuD%2BmQQsQNPL9WTK%2B%2Bv2TmZhLsfKQ94z9xgb1RpWBP17HLSPzxlwwYugsmNqEOJqSxKVAXxdImgXg%3D%3D&type=json HTTP/1.1" 200 565
DEBUG:urllib3.connectionpool:Starting new HTTP connection (1): apis.data.go.kr:80
DEBUG:urllib3.connectionpool:http://apis.data.go.kr:80 "GET /B553077/api/open/sdsc/storeListInDong?divId=signguCd&key=48890&ServiceKey=mzv%2B5nKLrKuD%2BmQQsQNPL9WTK%2B%2Bv2TmZhLsfKQ94z9xgb1RpWBP17HLSPzxlwwYugsmNqEOJqSxKVAXxdImgXg%3D%3D&type=json HTTP/1.1" 200 3866
INFO:werkzeug:127.0.0.1 - - [12/Dec/2019 20:00:47] "POST /menus/travel HTTP/1.1" 500 -
INFO:werkzeug:127.0.0.1 - - [12/Dec/2019 20:00:48] "GET /menus/travel?__debugger__=yes&cmd=resource&f=style.css HTTP/1.1" 200 -
INFO:werkzeug:127.0.0.1 - - [12/Dec/2019 20:00:48] "GET /menus/travel?__debugger__=yes&cmd=resource&f=jquery.js HTTP/1.1" 200 -
INFO:werkzeug:127.0.0.1 - - [12/Dec/2019 20:00:48] "GET /menus/travel?__debugger__=yes&cmd=resource&f=debugger.js HTTP/1.1" 200 -
INFO:werkzeug:127.0.0.1 - - [12/Dec/2019 20:00:48] "GET /menus/travel?__debugger__=yes&cmd=resource&f=ubuntu.ttf HTTP/1.1" 200 -
INFO:werkzeug:127.0.0.1 - - [12/Dec/2019 20:00:48] "GET /menus/travel?__debugger__=yes&cmd=resource&f=console.png HTTP/1.1" 200 -
INFO:werkzeug:127.0.0.1 - - [12/Dec/2019 20:00:48] "GET /menus/travel?__debugger__=yes&cmd=resource&f=console.png HTTP/1.1" 200 -
INFO:root:Flask Web Server Started
INFO:werkzeug: * Restarting with stat
INFO:root:Flask Web Server Started
WARNING:werkzeug: * Debugger is active!
INFO:werkzeug: * Debugger PIN: 505-006-647
INFO:werkzeug: * Running on http://0.0.0.0:8080/ (Press CTRL+C to quit)
DEBUG:urllib3.connectionpool:Starting new HTTP connection (1): api.visitkorea.or.kr:80
DEBUG:urllib3.connectionpool:http://api.visitkorea.or.kr:80 "GET /openapi/service/rest/KorService/searchKeyword?ServiceKey=mzv%2B5nKLrKuD%2BmQQsQNPL9WTK%2B%2Bv2TmZhLsfKQ94z9xgb1RpWBP17HLSPzxlwwYugsmNqEOJqSxKVAXxdImgXg%3D%3D&keyword=%EA%B3%84%EA%B3%A1&listYN=Y&arrange=A&MobileOS=ETC&MobileApp=AppTest&_type=json HTTP/1.1" 200 4755
DEBUG:urllib3.connectionpool:Starting new HTTP connection (1): apis.data.go.kr:80
DEBUG:urllib3.connectionpool:http://apis.data.go.kr:80 "GET /B553077/api/open/sdsc/baroApi?resId=dong&catId=cty&ctprvnCd=46&ServiceKey=mzv%2B5nKLrKuD%2BmQQsQNPL9WTK%2B%2Bv2TmZhLsfKQ94z9xgb1RpWBP17HLSPzxlwwYugsmNqEOJqSxKVAXxdImgXg%3D%3D&type=json HTTP/1.1" 200 544
DEBUG:urllib3.connectionpool:Starting new HTTP connection (1): apis.data.go.kr:80
DEBUG:urllib3.connectionpool:http://apis.data.go.kr:80 "GET /B553077/api/open/sdsc/storeListInDong?divId=signguCd&key=46790&ServiceKey=mzv%2B5nKLrKuD%2BmQQsQNPL9WTK%2B%2Bv2TmZhLsfKQ94z9xgb1RpWBP17HLSPzxlwwYugsmNqEOJqSxKVAXxdImgXg%3D%3D&type=json HTTP/1.1" 200 3552
DEBUG:urllib3.connectionpool:Starting new HTTP connection (1): apis.data.go.kr:80
DEBUG:urllib3.connectionpool:http://apis.data.go.kr:80 "GET /B553077/api/open/sdsc/baroApi?resId=dong&catId=cty&ctprvnCd=45&ServiceKey=mzv%2B5nKLrKuD%2BmQQsQNPL9WTK%2B%2Bv2TmZhLsfKQ94z9xgb1RpWBP17HLSPzxlwwYugsmNqEOJqSxKVAXxdImgXg%3D%3D&type=json HTTP/1.1" 200 483
DEBUG:urllib3.connectionpool:Starting new HTTP connection (1): apis.data.go.kr:80
DEBUG:urllib3.connectionpool:http://apis.data.go.kr:80 "GET /B553077/api/open/sdsc/storeListInDong?divId=signguCd&key=45720&ServiceKey=mzv%2B5nKLrKuD%2BmQQsQNPL9WTK%2B%2Bv2TmZhLsfKQ94z9xgb1RpWBP17HLSPzxlwwYugsmNqEOJqSxKVAXxdImgXg%3D%3D&type=json HTTP/1.1" 200 3787
DEBUG:urllib3.connectionpool:Starting new HTTP connection (1): apis.data.go.kr:80
DEBUG:urllib3.connectionpool:http://apis.data.go.kr:80 "GET /B553077/api/open/sdsc/baroApi?resId=dong&catId=cty&ctprvnCd=42&ServiceKey=mzv%2B5nKLrKuD%2BmQQsQNPL9WTK%2B%2Bv2TmZhLsfKQ94z9xgb1RpWBP17HLSPzxlwwYugsmNqEOJqSxKVAXxdImgXg%3D%3D&type=json HTTP/1.1" 200 504
DEBUG:urllib3.connectionpool:Starting new HTTP connection (1): apis.data.go.kr:80
DEBUG:urllib3.connectionpool:http://apis.data.go.kr:80 "GET /B553077/api/open/sdsc/storeListInDong?divId=signguCd&key=42730&ServiceKey=mzv%2B5nKLrKuD%2BmQQsQNPL9WTK%2B%2Bv2TmZhLsfKQ94z9xgb1RpWBP17HLSPzxlwwYugsmNqEOJqSxKVAXxdImgXg%3D%3D&type=json HTTP/1.1" 200 4002
DEBUG:urllib3.connectionpool:Starting new HTTP connection (1): apis.data.go.kr:80
DEBUG:urllib3.connectionpool:http://apis.data.go.kr:80 "GET /B553077/api/open/sdsc/baroApi?resId=dong&catId=cty&ctprvnCd=45&ServiceKey=mzv%2B5nKLrKuD%2BmQQsQNPL9WTK%2B%2Bv2TmZhLsfKQ94z9xgb1RpWBP17HLSPzxlwwYugsmNqEOJqSxKVAXxdImgXg%3D%3D&type=json HTTP/1.1" 200 483
DEBUG:urllib3.connectionpool:Starting new HTTP connection (1): apis.data.go.kr:80
DEBUG:urllib3.connectionpool:http://apis.data.go.kr:80 "GET /B553077/api/open/sdsc/storeListInDong?divId=signguCd&key=45720&ServiceKey=mzv%2B5nKLrKuD%2BmQQsQNPL9WTK%2B%2Bv2TmZhLsfKQ94z9xgb1RpWBP17HLSPzxlwwYugsmNqEOJqSxKVAXxdImgXg%3D%3D&type=json HTTP/1.1" 200 3787
DEBUG:urllib3.connectionpool:Starting new HTTP connection (1): apis.data.go.kr:80
DEBUG:urllib3.connectionpool:http://apis.data.go.kr:80 "GET /B553077/api/open/sdsc/baroApi?resId=dong&catId=cty&ctprvnCd=43&ServiceKey=mzv%2B5nKLrKuD%2BmQQsQNPL9WTK%2B%2Bv2TmZhLsfKQ94z9xgb1RpWBP17HLSPzxlwwYugsmNqEOJqSxKVAXxdImgXg%3D%3D&type=json HTTP/1.1" 200 474
DEBUG:urllib3.connectionpool:Starting new HTTP connection (1): apis.data.go.kr:80
DEBUG:urllib3.connectionpool:http://apis.data.go.kr:80 "GET /B553077/api/open/sdsc/storeListInDong?divId=signguCd&key=43130&ServiceKey=mzv%2B5nKLrKuD%2BmQQsQNPL9WTK%2B%2Bv2TmZhLsfKQ94z9xgb1RpWBP17HLSPzxlwwYugsmNqEOJqSxKVAXxdImgXg%3D%3D&type=json HTTP/1.1" 200 4158
DEBUG:urllib3.connectionpool:Starting new HTTP connection (1): apis.data.go.kr:80
DEBUG:urllib3.connectionpool:http://apis.data.go.kr:80 "GET /B553077/api/open/sdsc/baroApi?resId=dong&catId=cty&ctprvnCd=42&ServiceKey=mzv%2B5nKLrKuD%2BmQQsQNPL9WTK%2B%2Bv2TmZhLsfKQ94z9xgb1RpWBP17HLSPzxlwwYugsmNqEOJqSxKVAXxdImgXg%3D%3D&type=json HTTP/1.1" 200 504
DEBUG:urllib3.connectionpool:Starting new HTTP connection (1): apis.data.go.kr:80
DEBUG:urllib3.connectionpool:http://apis.data.go.kr:80 "GET /B553077/api/open/sdsc/storeListInDong?divId=signguCd&key=42730&ServiceKey=mzv%2B5nKLrKuD%2BmQQsQNPL9WTK%2B%2Bv2TmZhLsfKQ94z9xgb1RpWBP17HLSPzxlwwYugsmNqEOJqSxKVAXxdImgXg%3D%3D&type=json HTTP/1.1" 200 4002
DEBUG:urllib3.connectionpool:Starting new HTTP connection (1): apis.data.go.kr:80
DEBUG:urllib3.connectionpool:http://apis.data.go.kr:80 "GET /B553077/api/open/sdsc/baroApi?resId=dong&catId=cty&ctprvnCd=44&ServiceKey=mzv%2B5nKLrKuD%2BmQQsQNPL9WTK%2B%2Bv2TmZhLsfKQ94z9xgb1RpWBP17HLSPzxlwwYugsmNqEOJqSxKVAXxdImgXg%3D%3D&type=json HTTP/1.1" 200 497
DEBUG:urllib3.connectionpool:Starting new HTTP connection (1): apis.data.go.kr:80
DEBUG:urllib3.connectionpool:http://apis.data.go.kr:80 "GET /B553077/api/open/sdsc/storeListInDong?divId=signguCd&key=44800&ServiceKey=mzv%2B5nKLrKuD%2BmQQsQNPL9WTK%2B%2Bv2TmZhLsfKQ94z9xgb1RpWBP17HLSPzxlwwYugsmNqEOJqSxKVAXxdImgXg%3D%3D&type=json HTTP/1.1" 200 3840
DEBUG:urllib3.connectionpool:Starting new HTTP connection (1): apis.data.go.kr:80
DEBUG:urllib3.connectionpool:http://apis.data.go.kr:80 "GET /B553077/api/open/sdsc/baroApi?resId=dong&catId=cty&ctprvnCd=45&ServiceKey=mzv%2B5nKLrKuD%2BmQQsQNPL9WTK%2B%2Bv2TmZhLsfKQ94z9xgb1RpWBP17HLSPzxlwwYugsmNqEOJqSxKVAXxdImgXg%3D%3D&type=json HTTP/1.1" 200 483
DEBUG:urllib3.connectionpool:Starting new HTTP connection (1): apis.data.go.kr:80
DEBUG:urllib3.connectionpool:http://apis.data.go.kr:80 "GET /B553077/api/open/sdsc/storeListInDong?divId=signguCd&key=45720&ServiceKey=mzv%2B5nKLrKuD%2BmQQsQNPL9WTK%2B%2Bv2TmZhLsfKQ94z9xgb1RpWBP17HLSPzxlwwYugsmNqEOJqSxKVAXxdImgXg%3D%3D&type=json HTTP/1.1" 200 3787
DEBUG:urllib3.connectionpool:Starting new HTTP connection (1): apis.data.go.kr:80
DEBUG:urllib3.connectionpool:http://apis.data.go.kr:80 "GET /B553077/api/open/sdsc/baroApi?resId=dong&catId=cty&ctprvnCd=45&ServiceKey=mzv%2B5nKLrKuD%2BmQQsQNPL9WTK%2B%2Bv2TmZhLsfKQ94z9xgb1RpWBP17HLSPzxlwwYugsmNqEOJqSxKVAXxdImgXg%3D%3D&type=json HTTP/1.1" 200 483
DEBUG:urllib3.connectionpool:Starting new HTTP connection (1): apis.data.go.kr:80
DEBUG:urllib3.connectionpool:http://apis.data.go.kr:80 "GET /B553077/api/open/sdsc/storeListInDong?divId=signguCd&key=45720&ServiceKey=mzv%2B5nKLrKuD%2BmQQsQNPL9WTK%2B%2Bv2TmZhLsfKQ94z9xgb1RpWBP17HLSPzxlwwYugsmNqEOJqSxKVAXxdImgXg%3D%3D&type=json HTTP/1.1" 200 3787
DEBUG:urllib3.connectionpool:Starting new HTTP connection (1): apis.data.go.kr:80
DEBUG:urllib3.connectionpool:http://apis.data.go.kr:80 "GET /B553077/api/open/sdsc/baroApi?resId=dong&catId=cty&ctprvnCd=48&ServiceKey=mzv%2B5nKLrKuD%2BmQQsQNPL9WTK%2B%2Bv2TmZhLsfKQ94z9xgb1RpWBP17HLSPzxlwwYugsmNqEOJqSxKVAXxdImgXg%3D%3D&type=json HTTP/1.1" 200 565
DEBUG:urllib3.connectionpool:Starting new HTTP connection (1): apis.data.go.kr:80
DEBUG:urllib3.connectionpool:http://apis.data.go.kr:80 "GET /B553077/api/open/sdsc/storeListInDong?divId=signguCd&key=48890&ServiceKey=mzv%2B5nKLrKuD%2BmQQsQNPL9WTK%2B%2Bv2TmZhLsfKQ94z9xgb1RpWBP17HLSPzxlwwYugsmNqEOJqSxKVAXxdImgXg%3D%3D&type=json HTTP/1.1" 200 3866
INFO:werkzeug:127.0.0.1 - - [12/Dec/2019 20:02:00] "POST /menus/travel HTTP/1.1" 200 -
INFO:root:Flask Web Server Started
INFO:werkzeug: * Restarting with stat
INFO:root:Flask Web Server Started
WARNING:werkzeug: * Debugger is active!
INFO:werkzeug: * Debugger PIN: 505-006-647
INFO:werkzeug: * Running on http://0.0.0.0:8080/ (Press CTRL+C to quit)
DEBUG:urllib3.connectionpool:Starting new HTTP connection (1): api.visitkorea.or.kr:80
DEBUG:urllib3.connectionpool:http://api.visitkorea.or.kr:80 "GET /openapi/service/rest/KorService/searchKeyword?ServiceKey=mzv%2B5nKLrKuD%2BmQQsQNPL9WTK%2B%2Bv2TmZhLsfKQ94z9xgb1RpWBP17HLSPzxlwwYugsmNqEOJqSxKVAXxdImgXg%3D%3D&keyword=%EA%B3%84%EA%B3%A1&listYN=Y&arrange=A&MobileOS=ETC&MobileApp=AppTest&_type=json HTTP/1.1" 200 4755
DEBUG:urllib3.connectionpool:Starting new HTTP connection (1): apis.data.go.kr:80
DEBUG:urllib3.connectionpool:http://apis.data.go.kr:80 "GET /B553077/api/open/sdsc/baroApi?resId=dong&catId=cty&ctprvnCd=46&ServiceKey=mzv%2B5nKLrKuD%2BmQQsQNPL9WTK%2B%2Bv2TmZhLsfKQ94z9xgb1RpWBP17HLSPzxlwwYugsmNqEOJqSxKVAXxdImgXg%3D%3D&type=json HTTP/1.1" 200 544
DEBUG:urllib3.connectionpool:Starting new HTTP connection (1): apis.data.go.kr:80
DEBUG:urllib3.connectionpool:http://apis.data.go.kr:80 "GET /B553077/api/open/sdsc/storeListInDong?divId=signguCd&key=46790&ServiceKey=mzv%2B5nKLrKuD%2BmQQsQNPL9WTK%2B%2Bv2TmZhLsfKQ94z9xgb1RpWBP17HLSPzxlwwYugsmNqEOJqSxKVAXxdImgXg%3D%3D&type=json HTTP/1.1" 200 3552
DEBUG:urllib3.connectionpool:Starting new HTTP connection (1): apis.data.go.kr:80
DEBUG:urllib3.connectionpool:http://apis.data.go.kr:80 "GET /B553077/api/open/sdsc/baroApi?resId=dong&catId=cty&ctprvnCd=45&ServiceKey=mzv%2B5nKLrKuD%2BmQQsQNPL9WTK%2B%2Bv2TmZhLsfKQ94z9xgb1RpWBP17HLSPzxlwwYugsmNqEOJqSxKVAXxdImgXg%3D%3D&type=json HTTP/1.1" 200 483
DEBUG:urllib3.connectionpool:Starting new HTTP connection (1): apis.data.go.kr:80
DEBUG:urllib3.connectionpool:http://apis.data.go.kr:80 "GET /B553077/api/open/sdsc/storeListInDong?divId=signguCd&key=45720&ServiceKey=mzv%2B5nKLrKuD%2BmQQsQNPL9WTK%2B%2Bv2TmZhLsfKQ94z9xgb1RpWBP17HLSPzxlwwYugsmNqEOJqSxKVAXxdImgXg%3D%3D&type=json HTTP/1.1" 200 3787
DEBUG:urllib3.connectionpool:Starting new HTTP connection (1): apis.data.go.kr:80
DEBUG:urllib3.connectionpool:http://apis.data.go.kr:80 "GET /B553077/api/open/sdsc/baroApi?resId=dong&catId=cty&ctprvnCd=42&ServiceKey=mzv%2B5nKLrKuD%2BmQQsQNPL9WTK%2B%2Bv2TmZhLsfKQ94z9xgb1RpWBP17HLSPzxlwwYugsmNqEOJqSxKVAXxdImgXg%3D%3D&type=json HTTP/1.1" 200 504
DEBUG:urllib3.connectionpool:Starting new HTTP connection (1): apis.data.go.kr:80
DEBUG:urllib3.connectionpool:http://apis.data.go.kr:80 "GET /B553077/api/open/sdsc/storeListInDong?divId=signguCd&key=42730&ServiceKey=mzv%2B5nKLrKuD%2BmQQsQNPL9WTK%2B%2Bv2TmZhLsfKQ94z9xgb1RpWBP17HLSPzxlwwYugsmNqEOJqSxKVAXxdImgXg%3D%3D&type=json HTTP/1.1" 200 4002
DEBUG:urllib3.connectionpool:Starting new HTTP connection (1): apis.data.go.kr:80
DEBUG:urllib3.connectionpool:http://apis.data.go.kr:80 "GET /B553077/api/open/sdsc/baroApi?resId=dong&catId=cty&ctprvnCd=45&ServiceKey=mzv%2B5nKLrKuD%2BmQQsQNPL9WTK%2B%2Bv2TmZhLsfKQ94z9xgb1RpWBP17HLSPzxlwwYugsmNqEOJqSxKVAXxdImgXg%3D%3D&type=json HTTP/1.1" 200 483
DEBUG:urllib3.connectionpool:Starting new HTTP connection (1): apis.data.go.kr:80
DEBUG:urllib3.connectionpool:http://apis.data.go.kr:80 "GET /B553077/api/open/sdsc/storeListInDong?divId=signguCd&key=45720&ServiceKey=mzv%2B5nKLrKuD%2BmQQsQNPL9WTK%2B%2Bv2TmZhLsfKQ94z9xgb1RpWBP17HLSPzxlwwYugsmNqEOJqSxKVAXxdImgXg%3D%3D&type=json HTTP/1.1" 200 3787
DEBUG:urllib3.connectionpool:Starting new HTTP connection (1): apis.data.go.kr:80
DEBUG:urllib3.connectionpool:http://apis.data.go.kr:80 "GET /B553077/api/open/sdsc/baroApi?resId=dong&catId=cty&ctprvnCd=43&ServiceKey=mzv%2B5nKLrKuD%2BmQQsQNPL9WTK%2B%2Bv2TmZhLsfKQ94z9xgb1RpWBP17HLSPzxlwwYugsmNqEOJqSxKVAXxdImgXg%3D%3D&type=json HTTP/1.1" 200 474
DEBUG:urllib3.connectionpool:Starting new HTTP connection (1): apis.data.go.kr:80
DEBUG:urllib3.connectionpool:http://apis.data.go.kr:80 "GET /B553077/api/open/sdsc/storeListInDong?divId=signguCd&key=43130&ServiceKey=mzv%2B5nKLrKuD%2BmQQsQNPL9WTK%2B%2Bv2TmZhLsfKQ94z9xgb1RpWBP17HLSPzxlwwYugsmNqEOJqSxKVAXxdImgXg%3D%3D&type=json HTTP/1.1" 200 4158
DEBUG:urllib3.connectionpool:Starting new HTTP connection (1): apis.data.go.kr:80
DEBUG:urllib3.connectionpool:http://apis.data.go.kr:80 "GET /B553077/api/open/sdsc/baroApi?resId=dong&catId=cty&ctprvnCd=42&ServiceKey=mzv%2B5nKLrKuD%2BmQQsQNPL9WTK%2B%2Bv2TmZhLsfKQ94z9xgb1RpWBP17HLSPzxlwwYugsmNqEOJqSxKVAXxdImgXg%3D%3D&type=json HTTP/1.1" 200 504
DEBUG:urllib3.connectionpool:Starting new HTTP connection (1): apis.data.go.kr:80
DEBUG:urllib3.connectionpool:http://apis.data.go.kr:80 "GET /B553077/api/open/sdsc/storeListInDong?divId=signguCd&key=42730&ServiceKey=mzv%2B5nKLrKuD%2BmQQsQNPL9WTK%2B%2Bv2TmZhLsfKQ94z9xgb1RpWBP17HLSPzxlwwYugsmNqEOJqSxKVAXxdImgXg%3D%3D&type=json HTTP/1.1" 200 4002
DEBUG:urllib3.connectionpool:Starting new HTTP connection (1): apis.data.go.kr:80
DEBUG:urllib3.connectionpool:http://apis.data.go.kr:80 "GET /B553077/api/open/sdsc/baroApi?resId=dong&catId=cty&ctprvnCd=44&ServiceKey=mzv%2B5nKLrKuD%2BmQQsQNPL9WTK%2B%2Bv2TmZhLsfKQ94z9xgb1RpWBP17HLSPzxlwwYugsmNqEOJqSxKVAXxdImgXg%3D%3D&type=json HTTP/1.1" 200 497
DEBUG:urllib3.connectionpool:Starting new HTTP connection (1): apis.data.go.kr:80
DEBUG:urllib3.connectionpool:http://apis.data.go.kr:80 "GET /B553077/api/open/sdsc/storeListInDong?divId=signguCd&key=44800&ServiceKey=mzv%2B5nKLrKuD%2BmQQsQNPL9WTK%2B%2Bv2TmZhLsfKQ94z9xgb1RpWBP17HLSPzxlwwYugsmNqEOJqSxKVAXxdImgXg%3D%3D&type=json HTTP/1.1" 200 3840
DEBUG:urllib3.connectionpool:Starting new HTTP connection (1): apis.data.go.kr:80
DEBUG:urllib3.connectionpool:http://apis.data.go.kr:80 "GET /B553077/api/open/sdsc/baroApi?resId=dong&catId=cty&ctprvnCd=45&ServiceKey=mzv%2B5nKLrKuD%2BmQQsQNPL9WTK%2B%2Bv2TmZhLsfKQ94z9xgb1RpWBP17HLSPzxlwwYugsmNqEOJqSxKVAXxdImgXg%3D%3D&type=json HTTP/1.1" 200 483
DEBUG:urllib3.connectionpool:Starting new HTTP connection (1): apis.data.go.kr:80
DEBUG:urllib3.connectionpool:http://apis.data.go.kr:80 "GET /B553077/api/open/sdsc/storeListInDong?divId=signguCd&key=45720&ServiceKey=mzv%2B5nKLrKuD%2BmQQsQNPL9WTK%2B%2Bv2TmZhLsfKQ94z9xgb1RpWBP17HLSPzxlwwYugsmNqEOJqSxKVAXxdImgXg%3D%3D&type=json HTTP/1.1" 200 3787
DEBUG:urllib3.connectionpool:Starting new HTTP connection (1): apis.data.go.kr:80
DEBUG:urllib3.connectionpool:http://apis.data.go.kr:80 "GET /B553077/api/open/sdsc/baroApi?resId=dong&catId=cty&ctprvnCd=45&ServiceKey=mzv%2B5nKLrKuD%2BmQQsQNPL9WTK%2B%2Bv2TmZhLsfKQ94z9xgb1RpWBP17HLSPzxlwwYugsmNqEOJqSxKVAXxdImgXg%3D%3D&type=json HTTP/1.1" 200 483
DEBUG:urllib3.connectionpool:Starting new HTTP connection (1): apis.data.go.kr:80
DEBUG:urllib3.connectionpool:http://apis.data.go.kr:80 "GET /B553077/api/open/sdsc/storeListInDong?divId=signguCd&key=45720&ServiceKey=mzv%2B5nKLrKuD%2BmQQsQNPL9WTK%2B%2Bv2TmZhLsfKQ94z9xgb1RpWBP17HLSPzxlwwYugsmNqEOJqSxKVAXxdImgXg%3D%3D&type=json HTTP/1.1" 200 3787
DEBUG:urllib3.connectionpool:Starting new HTTP connection (1): apis.data.go.kr:80
DEBUG:urllib3.connectionpool:http://apis.data.go.kr:80 "GET /B553077/api/open/sdsc/baroApi?resId=dong&catId=cty&ctprvnCd=48&ServiceKey=mzv%2B5nKLrKuD%2BmQQsQNPL9WTK%2B%2Bv2TmZhLsfKQ94z9xgb1RpWBP17HLSPzxlwwYugsmNqEOJqSxKVAXxdImgXg%3D%3D&type=json HTTP/1.1" 200 565
DEBUG:urllib3.connectionpool:Starting new HTTP connection (1): apis.data.go.kr:80
DEBUG:urllib3.connectionpool:http://apis.data.go.kr:80 "GET /B553077/api/open/sdsc/storeListInDong?divId=signguCd&key=48890&ServiceKey=mzv%2B5nKLrKuD%2BmQQsQNPL9WTK%2B%2Bv2TmZhLsfKQ94z9xgb1RpWBP17HLSPzxlwwYugsmNqEOJqSxKVAXxdImgXg%3D%3D&type=json HTTP/1.1" 200 3866
INFO:werkzeug:127.0.0.1 - - [12/Dec/2019 20:03:48] "POST /menus/travel HTTP/1.1" 200 -
DEBUG:urllib3.connectionpool:Starting new HTTP connection (1): api.visitkorea.or.kr:80
DEBUG:urllib3.connectionpool:http://api.visitkorea.or.kr:80 "GET /openapi/service/rest/KorService/searchKeyword?ServiceKey=mzv%2B5nKLrKuD%2BmQQsQNPL9WTK%2B%2Bv2TmZhLsfKQ94z9xgb1RpWBP17HLSPzxlwwYugsmNqEOJqSxKVAXxdImgXg%3D%3D&keyword=%EA%B3%84%EA%B3%A1&listYN=Y&arrange=A&MobileOS=ETC&MobileApp=AppTest&_type=json HTTP/1.1" 200 4755
DEBUG:urllib3.connectionpool:Starting new HTTP connection (1): apis.data.go.kr:80
DEBUG:urllib3.connectionpool:http://apis.data.go.kr:80 "GET /B553077/api/open/sdsc/baroApi?resId=dong&catId=cty&ctprvnCd=46&ServiceKey=mzv%2B5nKLrKuD%2BmQQsQNPL9WTK%2B%2Bv2TmZhLsfKQ94z9xgb1RpWBP17HLSPzxlwwYugsmNqEOJqSxKVAXxdImgXg%3D%3D&type=json HTTP/1.1" 200 544
DEBUG:urllib3.connectionpool:Starting new HTTP connection (1): apis.data.go.kr:80
DEBUG:urllib3.connectionpool:http://apis.data.go.kr:80 "GET /B553077/api/open/sdsc/storeListInDong?divId=signguCd&key=46790&ServiceKey=mzv%2B5nKLrKuD%2BmQQsQNPL9WTK%2B%2Bv2TmZhLsfKQ94z9xgb1RpWBP17HLSPzxlwwYugsmNqEOJqSxKVAXxdImgXg%3D%3D&type=json HTTP/1.1" 200 3552
DEBUG:urllib3.connectionpool:Starting new HTTP connection (1): apis.data.go.kr:80
DEBUG:urllib3.connectionpool:http://apis.data.go.kr:80 "GET /B553077/api/open/sdsc/baroApi?resId=dong&catId=cty&ctprvnCd=45&ServiceKey=mzv%2B5nKLrKuD%2BmQQsQNPL9WTK%2B%2Bv2TmZhLsfKQ94z9xgb1RpWBP17HLSPzxlwwYugsmNqEOJqSxKVAXxdImgXg%3D%3D&type=json HTTP/1.1" 200 483
DEBUG:urllib3.connectionpool:Starting new HTTP connection (1): apis.data.go.kr:80
DEBUG:urllib3.connectionpool:http://apis.data.go.kr:80 "GET /B553077/api/open/sdsc/storeListInDong?divId=signguCd&key=45720&ServiceKey=mzv%2B5nKLrKuD%2BmQQsQNPL9WTK%2B%2Bv2TmZhLsfKQ94z9xgb1RpWBP17HLSPzxlwwYugsmNqEOJqSxKVAXxdImgXg%3D%3D&type=json HTTP/1.1" 200 3787
DEBUG:urllib3.connectionpool:Starting new HTTP connection (1): apis.data.go.kr:80
DEBUG:urllib3.connectionpool:http://apis.data.go.kr:80 "GET /B553077/api/open/sdsc/baroApi?resId=dong&catId=cty&ctprvnCd=42&ServiceKey=mzv%2B5nKLrKuD%2BmQQsQNPL9WTK%2B%2Bv2TmZhLsfKQ94z9xgb1RpWBP17HLSPzxlwwYugsmNqEOJqSxKVAXxdImgXg%3D%3D&type=json HTTP/1.1" 200 504
DEBUG:urllib3.connectionpool:Starting new HTTP connection (1): apis.data.go.kr:80
DEBUG:urllib3.connectionpool:http://apis.data.go.kr:80 "GET /B553077/api/open/sdsc/storeListInDong?divId=signguCd&key=42730&ServiceKey=mzv%2B5nKLrKuD%2BmQQsQNPL9WTK%2B%2Bv2TmZhLsfKQ94z9xgb1RpWBP17HLSPzxlwwYugsmNqEOJqSxKVAXxdImgXg%3D%3D&type=json HTTP/1.1" 200 4002
DEBUG:urllib3.connectionpool:Starting new HTTP connection (1): apis.data.go.kr:80
DEBUG:urllib3.connectionpool:http://apis.data.go.kr:80 "GET /B553077/api/open/sdsc/baroApi?resId=dong&catId=cty&ctprvnCd=45&ServiceKey=mzv%2B5nKLrKuD%2BmQQsQNPL9WTK%2B%2Bv2TmZhLsfKQ94z9xgb1RpWBP17HLSPzxlwwYugsmNqEOJqSxKVAXxdImgXg%3D%3D&type=json HTTP/1.1" 200 483
DEBUG:urllib3.connectionpool:Starting new HTTP connection (1): apis.data.go.kr:80
DEBUG:urllib3.connectionpool:http://apis.data.go.kr:80 "GET /B553077/api/open/sdsc/storeListInDong?divId=signguCd&key=45720&ServiceKey=mzv%2B5nKLrKuD%2BmQQsQNPL9WTK%2B%2Bv2TmZhLsfKQ94z9xgb1RpWBP17HLSPzxlwwYugsmNqEOJqSxKVAXxdImgXg%3D%3D&type=json HTTP/1.1" 200 3787
DEBUG:urllib3.connectionpool:Starting new HTTP connection (1): apis.data.go.kr:80
DEBUG:urllib3.connectionpool:http://apis.data.go.kr:80 "GET /B553077/api/open/sdsc/baroApi?resId=dong&catId=cty&ctprvnCd=43&ServiceKey=mzv%2B5nKLrKuD%2BmQQsQNPL9WTK%2B%2Bv2TmZhLsfKQ94z9xgb1RpWBP17HLSPzxlwwYugsmNqEOJqSxKVAXxdImgXg%3D%3D&type=json HTTP/1.1" 200 474
DEBUG:urllib3.connectionpool:Starting new HTTP connection (1): apis.data.go.kr:80
DEBUG:urllib3.connectionpool:http://apis.data.go.kr:80 "GET /B553077/api/open/sdsc/storeListInDong?divId=signguCd&key=43130&ServiceKey=mzv%2B5nKLrKuD%2BmQQsQNPL9WTK%2B%2Bv2TmZhLsfKQ94z9xgb1RpWBP17HLSPzxlwwYugsmNqEOJqSxKVAXxdImgXg%3D%3D&type=json HTTP/1.1" 200 4158
DEBUG:urllib3.connectionpool:Starting new HTTP connection (1): apis.data.go.kr:80
DEBUG:urllib3.connectionpool:http://apis.data.go.kr:80 "GET /B553077/api/open/sdsc/baroApi?resId=dong&catId=cty&ctprvnCd=42&ServiceKey=mzv%2B5nKLrKuD%2BmQQsQNPL9WTK%2B%2Bv2TmZhLsfKQ94z9xgb1RpWBP17HLSPzxlwwYugsmNqEOJqSxKVAXxdImgXg%3D%3D&type=json HTTP/1.1" 200 504
DEBUG:urllib3.connectionpool:Starting new HTTP connection (1): apis.data.go.kr:80
DEBUG:urllib3.connectionpool:http://apis.data.go.kr:80 "GET /B553077/api/open/sdsc/storeListInDong?divId=signguCd&key=42730&ServiceKey=mzv%2B5nKLrKuD%2BmQQsQNPL9WTK%2B%2Bv2TmZhLsfKQ94z9xgb1RpWBP17HLSPzxlwwYugsmNqEOJqSxKVAXxdImgXg%3D%3D&type=json HTTP/1.1" 200 4002
DEBUG:urllib3.connectionpool:Starting new HTTP connection (1): apis.data.go.kr:80
DEBUG:urllib3.connectionpool:http://apis.data.go.kr:80 "GET /B553077/api/open/sdsc/baroApi?resId=dong&catId=cty&ctprvnCd=44&ServiceKey=mzv%2B5nKLrKuD%2BmQQsQNPL9WTK%2B%2Bv2TmZhLsfKQ94z9xgb1RpWBP17HLSPzxlwwYugsmNqEOJqSxKVAXxdImgXg%3D%3D&type=json HTTP/1.1" 200 497
DEBUG:urllib3.connectionpool:Starting new HTTP connection (1): apis.data.go.kr:80
DEBUG:urllib3.connectionpool:http://apis.data.go.kr:80 "GET /B553077/api/open/sdsc/storeListInDong?divId=signguCd&key=44800&ServiceKey=mzv%2B5nKLrKuD%2BmQQsQNPL9WTK%2B%2Bv2TmZhLsfKQ94z9xgb1RpWBP17HLSPzxlwwYugsmNqEOJqSxKVAXxdImgXg%3D%3D&type=json HTTP/1.1" 200 3840
DEBUG:urllib3.connectionpool:Starting new HTTP connection (1): apis.data.go.kr:80
DEBUG:urllib3.connectionpool:http://apis.data.go.kr:80 "GET /B553077/api/open/sdsc/baroApi?resId=dong&catId=cty&ctprvnCd=45&ServiceKey=mzv%2B5nKLrKuD%2BmQQsQNPL9WTK%2B%2Bv2TmZhLsfKQ94z9xgb1RpWBP17HLSPzxlwwYugsmNqEOJqSxKVAXxdImgXg%3D%3D&type=json HTTP/1.1" 200 483
DEBUG:urllib3.connectionpool:Starting new HTTP connection (1): apis.data.go.kr:80
DEBUG:urllib3.connectionpool:http://apis.data.go.kr:80 "GET /B553077/api/open/sdsc/storeListInDong?divId=signguCd&key=45720&ServiceKey=mzv%2B5nKLrKuD%2BmQQsQNPL9WTK%2B%2Bv2TmZhLsfKQ94z9xgb1RpWBP17HLSPzxlwwYugsmNqEOJqSxKVAXxdImgXg%3D%3D&type=json HTTP/1.1" 200 3787
DEBUG:urllib3.connectionpool:Starting new HTTP connection (1): apis.data.go.kr:80
DEBUG:urllib3.connectionpool:http://apis.data.go.kr:80 "GET /B553077/api/open/sdsc/baroApi?resId=dong&catId=cty&ctprvnCd=45&ServiceKey=mzv%2B5nKLrKuD%2BmQQsQNPL9WTK%2B%2Bv2TmZhLsfKQ94z9xgb1RpWBP17HLSPzxlwwYugsmNqEOJqSxKVAXxdImgXg%3D%3D&type=json HTTP/1.1" 200 483
DEBUG:urllib3.connectionpool:Starting new HTTP connection (1): apis.data.go.kr:80
DEBUG:urllib3.connectionpool:http://apis.data.go.kr:80 "GET /B553077/api/open/sdsc/storeListInDong?divId=signguCd&key=45720&ServiceKey=mzv%2B5nKLrKuD%2BmQQsQNPL9WTK%2B%2Bv2TmZhLsfKQ94z9xgb1RpWBP17HLSPzxlwwYugsmNqEOJqSxKVAXxdImgXg%3D%3D&type=json HTTP/1.1" 200 3787
DEBUG:urllib3.connectionpool:Starting new HTTP connection (1): apis.data.go.kr:80
DEBUG:urllib3.connectionpool:http://apis.data.go.kr:80 "GET /B553077/api/open/sdsc/baroApi?resId=dong&catId=cty&ctprvnCd=48&ServiceKey=mzv%2B5nKLrKuD%2BmQQsQNPL9WTK%2B%2Bv2TmZhLsfKQ94z9xgb1RpWBP17HLSPzxlwwYugsmNqEOJqSxKVAXxdImgXg%3D%3D&type=json HTTP/1.1" 200 565
DEBUG:urllib3.connectionpool:Starting new HTTP connection (1): apis.data.go.kr:80
DEBUG:urllib3.connectionpool:http://apis.data.go.kr:80 "GET /B553077/api/open/sdsc/storeListInDong?divId=signguCd&key=48890&ServiceKey=mzv%2B5nKLrKuD%2BmQQsQNPL9WTK%2B%2Bv2TmZhLsfKQ94z9xgb1RpWBP17HLSPzxlwwYugsmNqEOJqSxKVAXxdImgXg%3D%3D&type=json HTTP/1.1" 200 3866
INFO:werkzeug:127.0.0.1 - - [12/Dec/2019 20:05:15] "POST /menus/travel HTTP/1.1" 200 -
INFO:werkzeug:127.0.0.1 - - [12/Dec/2019 20:05:45] "GET / HTTP/1.1" 200 -
INFO:werkzeug:127.0.0.1 - - [12/Dec/2019 20:07:02] "GET /menus/travel HTTP/1.1" 200 -
INFO:werkzeug:127.0.0.1 - - [12/Dec/2019 20:09:53] "GET / HTTP/1.1" 200 -
INFO:werkzeug:127.0.0.1 - - [12/Dec/2019 20:10:34] "GET / HTTP/1.1" 200 -
INFO:werkzeug:127.0.0.1 - - [12/Dec/2019 20:10:35] "GET / HTTP/1.1" 200 -
INFO:werkzeug:127.0.0.1 - - [12/Dec/2019 20:10:42] "GET / HTTP/1.1" 200 -
INFO:werkzeug:127.0.0.1 - - [12/Dec/2019 20:10:45] "GET /menus/travel HTTP/1.1" 200 -
INFO:werkzeug:127.0.0.1 - - [12/Dec/2019 20:10:48] "GET /menus/travel HTTP/1.1" 200 -
DEBUG:urllib3.connectionpool:Starting new HTTPS connection (1): dapi.kakao.com:443
DEBUG:urllib3.connectionpool:https://dapi.kakao.com:443 "GET /v2/search/image?query=%EC%95%84%EC%9D%B4%EC%9C%A0 HTTP/1.1" 200 None
INFO:werkzeug:127.0.0.1 - - [12/Dec/2019 20:10:51] "GET /menus/images HTTP/1.1" 200 -
INFO:werkzeug:127.0.0.1 - - [12/Dec/2019 20:10:53] "GET /menus/travel HTTP/1.1" 200 -
INFO:werkzeug:127.0.0.1 - - [12/Dec/2019 20:10:56] "GET / HTTP/1.1" 200 -
DEBUG:urllib3.connectionpool:Starting new HTTP connection (1): api.visitkorea.or.kr:80
DEBUG:urllib3.connectionpool:http://api.visitkorea.or.kr:80 "GET /openapi/service/rest/KorService/searchKeyword?ServiceKey=mzv%2B5nKLrKuD%2BmQQsQNPL9WTK%2B%2Bv2TmZhLsfKQ94z9xgb1RpWBP17HLSPzxlwwYugsmNqEOJqSxKVAXxdImgXg%3D%3D&keyword=%EA%B3%84%EA%B3%A1&listYN=Y&arrange=A&MobileOS=ETC&MobileApp=AppTest&_type=json HTTP/1.1" 200 4755
DEBUG:urllib3.connectionpool:Starting new HTTP connection (1): apis.data.go.kr:80
DEBUG:urllib3.connectionpool:Starting new HTTP connection (1): api.visitkorea.or.kr:80
DEBUG:urllib3.connectionpool:http://api.visitkorea.or.kr:80 "GET /openapi/service/rest/KorService/searchKeyword?ServiceKey=mzv%2B5nKLrKuD%2BmQQsQNPL9WTK%2B%2Bv2TmZhLsfKQ94z9xgb1RpWBP17HLSPzxlwwYugsmNqEOJqSxKVAXxdImgXg%3D%3D&keyword=%EA%B3%84%EA%B3%A1&listYN=Y&arrange=A&MobileOS=ETC&MobileApp=AppTest&_type=json HTTP/1.1" 200 4755
DEBUG:urllib3.connectionpool:Starting new HTTP connection (1): apis.data.go.kr:80
DEBUG:urllib3.connectionpool:http://apis.data.go.kr:80 "GET /B553077/api/open/sdsc/baroApi?resId=dong&catId=cty&ctprvnCd=46&ServiceKey=mzv%2B5nKLrKuD%2BmQQsQNPL9WTK%2B%2Bv2TmZhLsfKQ94z9xgb1RpWBP17HLSPzxlwwYugsmNqEOJqSxKVAXxdImgXg%3D%3D&type=json HTTP/1.1" 200 544
DEBUG:urllib3.connectionpool:Starting new HTTP connection (1): apis.data.go.kr:80
DEBUG:urllib3.connectionpool:http://apis.data.go.kr:80 "GET /B553077/api/open/sdsc/baroApi?resId=dong&catId=cty&ctprvnCd=46&ServiceKey=mzv%2B5nKLrKuD%2BmQQsQNPL9WTK%2B%2Bv2TmZhLsfKQ94z9xgb1RpWBP17HLSPzxlwwYugsmNqEOJqSxKVAXxdImgXg%3D%3D&type=json HTTP/1.1" 200 544
DEBUG:urllib3.connectionpool:Starting new HTTP connection (1): apis.data.go.kr:80
DEBUG:urllib3.connectionpool:http://apis.data.go.kr:80 "GET /B553077/api/open/sdsc/storeListInDong?divId=signguCd&key=46790&ServiceKey=mzv%2B5nKLrKuD%2BmQQsQNPL9WTK%2B%2Bv2TmZhLsfKQ94z9xgb1RpWBP17HLSPzxlwwYugsmNqEOJqSxKVAXxdImgXg%3D%3D&type=json HTTP/1.1" 200 3552
DEBUG:urllib3.connectionpool:Starting new HTTP connection (1): apis.data.go.kr:80
DEBUG:urllib3.connectionpool:http://apis.data.go.kr:80 "GET /B553077/api/open/sdsc/baroApi?resId=dong&catId=cty&ctprvnCd=45&ServiceKey=mzv%2B5nKLrKuD%2BmQQsQNPL9WTK%2B%2Bv2TmZhLsfKQ94z9xgb1RpWBP17HLSPzxlwwYugsmNqEOJqSxKVAXxdImgXg%3D%3D&type=json HTTP/1.1" 200 483
DEBUG:urllib3.connectionpool:Starting new HTTP connection (1): apis.data.go.kr:80
DEBUG:urllib3.connectionpool:http://apis.data.go.kr:80 "GET /B553077/api/open/sdsc/storeListInDong?divId=signguCd&key=46790&ServiceKey=mzv%2B5nKLrKuD%2BmQQsQNPL9WTK%2B%2Bv2TmZhLsfKQ94z9xgb1RpWBP17HLSPzxlwwYugsmNqEOJqSxKVAXxdImgXg%3D%3D&type=json HTTP/1.1" 200 3552
DEBUG:urllib3.connectionpool:Starting new HTTP connection (1): apis.data.go.kr:80
DEBUG:urllib3.connectionpool:http://apis.data.go.kr:80 "GET /B553077/api/open/sdsc/baroApi?resId=dong&catId=cty&ctprvnCd=45&ServiceKey=mzv%2B5nKLrKuD%2BmQQsQNPL9WTK%2B%2Bv2TmZhLsfKQ94z9xgb1RpWBP17HLSPzxlwwYugsmNqEOJqSxKVAXxdImgXg%3D%3D&type=json HTTP/1.1" 200 483
DEBUG:urllib3.connectionpool:Starting new HTTP connection (1): apis.data.go.kr:80
DEBUG:urllib3.connectionpool:http://apis.data.go.kr:80 "GET /B553077/api/open/sdsc/storeListInDong?divId=signguCd&key=45720&ServiceKey=mzv%2B5nKLrKuD%2BmQQsQNPL9WTK%2B%2Bv2TmZhLsfKQ94z9xgb1RpWBP17HLSPzxlwwYugsmNqEOJqSxKVAXxdImgXg%3D%3D&type=json HTTP/1.1" 200 3787
DEBUG:urllib3.connectionpool:Starting new HTTP connection (1): apis.data.go.kr:80
DEBUG:urllib3.connectionpool:http://apis.data.go.kr:80 "GET /B553077/api/open/sdsc/baroApi?resId=dong&catId=cty&ctprvnCd=42&ServiceKey=mzv%2B5nKLrKuD%2BmQQsQNPL9WTK%2B%2Bv2TmZhLsfKQ94z9xgb1RpWBP17HLSPzxlwwYugsmNqEOJqSxKVAXxdImgXg%3D%3D&type=json HTTP/1.1" 200 504
DEBUG:urllib3.connectionpool:Starting new HTTP connection (1): apis.data.go.kr:80
DEBUG:urllib3.connectionpool:http://apis.data.go.kr:80 "GET /B553077/api/open/sdsc/storeListInDong?divId=signguCd&key=42730&ServiceKey=mzv%2B5nKLrKuD%2BmQQsQNPL9WTK%2B%2Bv2TmZhLsfKQ94z9xgb1RpWBP17HLSPzxlwwYugsmNqEOJqSxKVAXxdImgXg%3D%3D&type=json HTTP/1.1" 200 4002
DEBUG:urllib3.connectionpool:Starting new HTTP connection (1): apis.data.go.kr:80
DEBUG:urllib3.connectionpool:http://apis.data.go.kr:80 "GET /B553077/api/open/sdsc/baroApi?resId=dong&catId=cty&ctprvnCd=45&ServiceKey=mzv%2B5nKLrKuD%2BmQQsQNPL9WTK%2B%2Bv2TmZhLsfKQ94z9xgb1RpWBP17HLSPzxlwwYugsmNqEOJqSxKVAXxdImgXg%3D%3D&type=json HTTP/1.1" 200 483
DEBUG:urllib3.connectionpool:Starting new HTTP connection (1): apis.data.go.kr:80
DEBUG:urllib3.connectionpool:http://apis.data.go.kr:80 "GET /B553077/api/open/sdsc/storeListInDong?divId=signguCd&key=45720&ServiceKey=mzv%2B5nKLrKuD%2BmQQsQNPL9WTK%2B%2Bv2TmZhLsfKQ94z9xgb1RpWBP17HLSPzxlwwYugsmNqEOJqSxKVAXxdImgXg%3D%3D&type=json HTTP/1.1" 200 3787
DEBUG:urllib3.connectionpool:Starting new HTTP connection (1): apis.data.go.kr:80
DEBUG:urllib3.connectionpool:http://apis.data.go.kr:80 "GET /B553077/api/open/sdsc/baroApi?resId=dong&catId=cty&ctprvnCd=43&ServiceKey=mzv%2B5nKLrKuD%2BmQQsQNPL9WTK%2B%2Bv2TmZhLsfKQ94z9xgb1RpWBP17HLSPzxlwwYugsmNqEOJqSxKVAXxdImgXg%3D%3D&type=json HTTP/1.1" 200 474
DEBUG:urllib3.connectionpool:Starting new HTTP connection (1): apis.data.go.kr:80
DEBUG:urllib3.connectionpool:http://apis.data.go.kr:80 "GET /B553077/api/open/sdsc/storeListInDong?divId=signguCd&key=43130&ServiceKey=mzv%2B5nKLrKuD%2BmQQsQNPL9WTK%2B%2Bv2TmZhLsfKQ94z9xgb1RpWBP17HLSPzxlwwYugsmNqEOJqSxKVAXxdImgXg%3D%3D&type=json HTTP/1.1" 200 4158
DEBUG:urllib3.connectionpool:Starting new HTTP connection (1): apis.data.go.kr:80
DEBUG:urllib3.connectionpool:http://apis.data.go.kr:80 "GET /B553077/api/open/sdsc/baroApi?resId=dong&catId=cty&ctprvnCd=42&ServiceKey=mzv%2B5nKLrKuD%2BmQQsQNPL9WTK%2B%2Bv2TmZhLsfKQ94z9xgb1RpWBP17HLSPzxlwwYugsmNqEOJqSxKVAXxdImgXg%3D%3D&type=json HTTP/1.1" 200 504
DEBUG:urllib3.connectionpool:Starting new HTTP connection (1): apis.data.go.kr:80
DEBUG:urllib3.connectionpool:http://apis.data.go.kr:80 "GET /B553077/api/open/sdsc/storeListInDong?divId=signguCd&key=42730&ServiceKey=mzv%2B5nKLrKuD%2BmQQsQNPL9WTK%2B%2Bv2TmZhLsfKQ94z9xgb1RpWBP17HLSPzxlwwYugsmNqEOJqSxKVAXxdImgXg%3D%3D&type=json HTTP/1.1" 200 4002
DEBUG:urllib3.connectionpool:Starting new HTTP connection (1): apis.data.go.kr:80
DEBUG:urllib3.connectionpool:http://apis.data.go.kr:80 "GET /B553077/api/open/sdsc/baroApi?resId=dong&catId=cty&ctprvnCd=44&ServiceKey=mzv%2B5nKLrKuD%2BmQQsQNPL9WTK%2B%2Bv2TmZhLsfKQ94z9xgb1RpWBP17HLSPzxlwwYugsmNqEOJqSxKVAXxdImgXg%3D%3D&type=json HTTP/1.1" 200 497
DEBUG:urllib3.connectionpool:Starting new HTTP connection (1): apis.data.go.kr:80
DEBUG:urllib3.connectionpool:http://apis.data.go.kr:80 "GET /B553077/api/open/sdsc/storeListInDong?divId=signguCd&key=44800&ServiceKey=mzv%2B5nKLrKuD%2BmQQsQNPL9WTK%2B%2Bv2TmZhLsfKQ94z9xgb1RpWBP17HLSPzxlwwYugsmNqEOJqSxKVAXxdImgXg%3D%3D&type=json HTTP/1.1" 200 3840
DEBUG:urllib3.connectionpool:Starting new HTTP connection (1): apis.data.go.kr:80
DEBUG:urllib3.connectionpool:http://apis.data.go.kr:80 "GET /B553077/api/open/sdsc/baroApi?resId=dong&catId=cty&ctprvnCd=45&ServiceKey=mzv%2B5nKLrKuD%2BmQQsQNPL9WTK%2B%2Bv2TmZhLsfKQ94z9xgb1RpWBP17HLSPzxlwwYugsmNqEOJqSxKVAXxdImgXg%3D%3D&type=json HTTP/1.1" 200 483
DEBUG:urllib3.connectionpool:Starting new HTTP connection (1): apis.data.go.kr:80
DEBUG:urllib3.connectionpool:http://apis.data.go.kr:80 "GET /B553077/api/open/sdsc/storeListInDong?divId=signguCd&key=45720&ServiceKey=mzv%2B5nKLrKuD%2BmQQsQNPL9WTK%2B%2Bv2TmZhLsfKQ94z9xgb1RpWBP17HLSPzxlwwYugsmNqEOJqSxKVAXxdImgXg%3D%3D&type=json HTTP/1.1" 200 3787
DEBUG:urllib3.connectionpool:Starting new HTTP connection (1): apis.data.go.kr:80
DEBUG:urllib3.connectionpool:http://apis.data.go.kr:80 "GET /B553077/api/open/sdsc/baroApi?resId=dong&catId=cty&ctprvnCd=45&ServiceKey=mzv%2B5nKLrKuD%2BmQQsQNPL9WTK%2B%2Bv2TmZhLsfKQ94z9xgb1RpWBP17HLSPzxlwwYugsmNqEOJqSxKVAXxdImgXg%3D%3D&type=json HTTP/1.1" 200 483
DEBUG:urllib3.connectionpool:Starting new HTTP connection (1): apis.data.go.kr:80
DEBUG:urllib3.connectionpool:http://apis.data.go.kr:80 "GET /B553077/api/open/sdsc/storeListInDong?divId=signguCd&key=45720&ServiceKey=mzv%2B5nKLrKuD%2BmQQsQNPL9WTK%2B%2Bv2TmZhLsfKQ94z9xgb1RpWBP17HLSPzxlwwYugsmNqEOJqSxKVAXxdImgXg%3D%3D&type=json HTTP/1.1" 200 3787
DEBUG:urllib3.connectionpool:Starting new HTTP connection (1): apis.data.go.kr:80
DEBUG:urllib3.connectionpool:http://apis.data.go.kr:80 "GET /B553077/api/open/sdsc/baroApi?resId=dong&catId=cty&ctprvnCd=48&ServiceKey=mzv%2B5nKLrKuD%2BmQQsQNPL9WTK%2B%2Bv2TmZhLsfKQ94z9xgb1RpWBP17HLSPzxlwwYugsmNqEOJqSxKVAXxdImgXg%3D%3D&type=json HTTP/1.1" 200 565
DEBUG:urllib3.connectionpool:Starting new HTTP connection (1): apis.data.go.kr:80
DEBUG:urllib3.connectionpool:http://apis.data.go.kr:80 "GET /B553077/api/open/sdsc/storeListInDong?divId=signguCd&key=48890&ServiceKey=mzv%2B5nKLrKuD%2BmQQsQNPL9WTK%2B%2Bv2TmZhLsfKQ94z9xgb1RpWBP17HLSPzxlwwYugsmNqEOJqSxKVAXxdImgXg%3D%3D&type=json HTTP/1.1" 200 3866
INFO:werkzeug:127.0.0.1 - - [12/Dec/2019 20:11:11] "POST /menus/travel HTTP/1.1" 200 -
DEBUG:urllib3.connectionpool:http://apis.data.go.kr:80 "GET /B553077/api/open/sdsc/storeListInDong?divId=signguCd&key=45720&ServiceKey=mzv%2B5nKLrKuD%2BmQQsQNPL9WTK%2B%2Bv2TmZhLsfKQ94z9xgb1RpWBP17HLSPzxlwwYugsmNqEOJqSxKVAXxdImgXg%3D%3D&type=json HTTP/1.1" 200 3787
DEBUG:urllib3.connectionpool:Starting new HTTP connection (1): apis.data.go.kr:80
DEBUG:urllib3.connectionpool:http://apis.data.go.kr:80 "GET /B553077/api/open/sdsc/baroApi?resId=dong&catId=cty&ctprvnCd=42&ServiceKey=mzv%2B5nKLrKuD%2BmQQsQNPL9WTK%2B%2Bv2TmZhLsfKQ94z9xgb1RpWBP17HLSPzxlwwYugsmNqEOJqSxKVAXxdImgXg%3D%3D&type=json HTTP/1.1" 200 504
DEBUG:urllib3.connectionpool:Starting new HTTP connection (1): apis.data.go.kr:80
DEBUG:urllib3.connectionpool:http://apis.data.go.kr:80 "GET /B553077/api/open/sdsc/storeListInDong?divId=signguCd&key=42730&ServiceKey=mzv%2B5nKLrKuD%2BmQQsQNPL9WTK%2B%2Bv2TmZhLsfKQ94z9xgb1RpWBP17HLSPzxlwwYugsmNqEOJqSxKVAXxdImgXg%3D%3D&type=json HTTP/1.1" 200 4002
DEBUG:urllib3.connectionpool:Starting new HTTP connection (1): apis.data.go.kr:80
DEBUG:urllib3.connectionpool:http://apis.data.go.kr:80 "GET /B553077/api/open/sdsc/baroApi?resId=dong&catId=cty&ctprvnCd=45&ServiceKey=mzv%2B5nKLrKuD%2BmQQsQNPL9WTK%2B%2Bv2TmZhLsfKQ94z9xgb1RpWBP17HLSPzxlwwYugsmNqEOJqSxKVAXxdImgXg%3D%3D&type=json HTTP/1.1" 200 483
DEBUG:urllib3.connectionpool:Starting new HTTP connection (1): apis.data.go.kr:80
DEBUG:urllib3.connectionpool:http://apis.data.go.kr:80 "GET /B553077/api/open/sdsc/storeListInDong?divId=signguCd&key=45720&ServiceKey=mzv%2B5nKLrKuD%2BmQQsQNPL9WTK%2B%2Bv2TmZhLsfKQ94z9xgb1RpWBP17HLSPzxlwwYugsmNqEOJqSxKVAXxdImgXg%3D%3D&type=json HTTP/1.1" 200 3787
DEBUG:urllib3.connectionpool:Starting new HTTP connection (1): apis.data.go.kr:80
DEBUG:urllib3.connectionpool:http://apis.data.go.kr:80 "GET /B553077/api/open/sdsc/baroApi?resId=dong&catId=cty&ctprvnCd=43&ServiceKey=mzv%2B5nKLrKuD%2BmQQsQNPL9WTK%2B%2Bv2TmZhLsfKQ94z9xgb1RpWBP17HLSPzxlwwYugsmNqEOJqSxKVAXxdImgXg%3D%3D&type=json HTTP/1.1" 200 474
DEBUG:urllib3.connectionpool:Starting new HTTP connection (1): apis.data.go.kr:80
DEBUG:urllib3.connectionpool:http://apis.data.go.kr:80 "GET /B553077/api/open/sdsc/storeListInDong?divId=signguCd&key=43130&ServiceKey=mzv%2B5nKLrKuD%2BmQQsQNPL9WTK%2B%2Bv2TmZhLsfKQ94z9xgb1RpWBP17HLSPzxlwwYugsmNqEOJqSxKVAXxdImgXg%3D%3D&type=json HTTP/1.1" 200 4158
DEBUG:urllib3.connectionpool:Starting new HTTP connection (1): apis.data.go.kr:80
DEBUG:urllib3.connectionpool:http://apis.data.go.kr:80 "GET /B553077/api/open/sdsc/baroApi?resId=dong&catId=cty&ctprvnCd=42&ServiceKey=mzv%2B5nKLrKuD%2BmQQsQNPL9WTK%2B%2Bv2TmZhLsfKQ94z9xgb1RpWBP17HLSPzxlwwYugsmNqEOJqSxKVAXxdImgXg%3D%3D&type=json HTTP/1.1" 200 504
DEBUG:urllib3.connectionpool:Starting new HTTP connection (1): apis.data.go.kr:80
DEBUG:urllib3.connectionpool:http://apis.data.go.kr:80 "GET /B553077/api/open/sdsc/storeListInDong?divId=signguCd&key=42730&ServiceKey=mzv%2B5nKLrKuD%2BmQQsQNPL9WTK%2B%2Bv2TmZhLsfKQ94z9xgb1RpWBP17HLSPzxlwwYugsmNqEOJqSxKVAXxdImgXg%3D%3D&type=json HTTP/1.1" 200 4002
DEBUG:urllib3.connectionpool:Starting new HTTP connection (1): apis.data.go.kr:80
DEBUG:urllib3.connectionpool:http://apis.data.go.kr:80 "GET /B553077/api/open/sdsc/baroApi?resId=dong&catId=cty&ctprvnCd=44&ServiceKey=mzv%2B5nKLrKuD%2BmQQsQNPL9WTK%2B%2Bv2TmZhLsfKQ94z9xgb1RpWBP17HLSPzxlwwYugsmNqEOJqSxKVAXxdImgXg%3D%3D&type=json HTTP/1.1" 200 497
DEBUG:urllib3.connectionpool:Starting new HTTP connection (1): apis.data.go.kr:80
DEBUG:urllib3.connectionpool:http://apis.data.go.kr:80 "GET /B553077/api/open/sdsc/storeListInDong?divId=signguCd&key=44800&ServiceKey=mzv%2B5nKLrKuD%2BmQQsQNPL9WTK%2B%2Bv2TmZhLsfKQ94z9xgb1RpWBP17HLSPzxlwwYugsmNqEOJqSxKVAXxdImgXg%3D%3D&type=json HTTP/1.1" 200 3840
DEBUG:urllib3.connectionpool:Starting new HTTP connection (1): apis.data.go.kr:80
DEBUG:urllib3.connectionpool:http://apis.data.go.kr:80 "GET /B553077/api/open/sdsc/baroApi?resId=dong&catId=cty&ctprvnCd=45&ServiceKey=mzv%2B5nKLrKuD%2BmQQsQNPL9WTK%2B%2Bv2TmZhLsfKQ94z9xgb1RpWBP17HLSPzxlwwYugsmNqEOJqSxKVAXxdImgXg%3D%3D&type=json HTTP/1.1" 200 483
DEBUG:urllib3.connectionpool:Starting new HTTP connection (1): apis.data.go.kr:80
DEBUG:urllib3.connectionpool:http://apis.data.go.kr:80 "GET /B553077/api/open/sdsc/storeListInDong?divId=signguCd&key=45720&ServiceKey=mzv%2B5nKLrKuD%2BmQQsQNPL9WTK%2B%2Bv2TmZhLsfKQ94z9xgb1RpWBP17HLSPzxlwwYugsmNqEOJqSxKVAXxdImgXg%3D%3D&type=json HTTP/1.1" 200 3787
DEBUG:urllib3.connectionpool:Starting new HTTP connection (1): apis.data.go.kr:80
DEBUG:urllib3.connectionpool:http://apis.data.go.kr:80 "GET /B553077/api/open/sdsc/baroApi?resId=dong&catId=cty&ctprvnCd=45&ServiceKey=mzv%2B5nKLrKuD%2BmQQsQNPL9WTK%2B%2Bv2TmZhLsfKQ94z9xgb1RpWBP17HLSPzxlwwYugsmNqEOJqSxKVAXxdImgXg%3D%3D&type=json HTTP/1.1" 200 483
DEBUG:urllib3.connectionpool:Starting new HTTP connection (1): apis.data.go.kr:80
DEBUG:urllib3.connectionpool:http://apis.data.go.kr:80 "GET /B553077/api/open/sdsc/storeListInDong?divId=signguCd&key=45720&ServiceKey=mzv%2B5nKLrKuD%2BmQQsQNPL9WTK%2B%2Bv2TmZhLsfKQ94z9xgb1RpWBP17HLSPzxlwwYugsmNqEOJqSxKVAXxdImgXg%3D%3D&type=json HTTP/1.1" 200 3787
DEBUG:urllib3.connectionpool:Starting new HTTP connection (1): apis.data.go.kr:80
DEBUG:urllib3.connectionpool:http://apis.data.go.kr:80 "GET /B553077/api/open/sdsc/baroApi?resId=dong&catId=cty&ctprvnCd=48&ServiceKey=mzv%2B5nKLrKuD%2BmQQsQNPL9WTK%2B%2Bv2TmZhLsfKQ94z9xgb1RpWBP17HLSPzxlwwYugsmNqEOJqSxKVAXxdImgXg%3D%3D&type=json HTTP/1.1" 200 565
DEBUG:urllib3.connectionpool:Starting new HTTP connection (1): apis.data.go.kr:80
DEBUG:urllib3.connectionpool:http://apis.data.go.kr:80 "GET /B553077/api/open/sdsc/storeListInDong?divId=signguCd&key=48890&ServiceKey=mzv%2B5nKLrKuD%2BmQQsQNPL9WTK%2B%2Bv2TmZhLsfKQ94z9xgb1RpWBP17HLSPzxlwwYugsmNqEOJqSxKVAXxdImgXg%3D%3D&type=json HTTP/1.1" 200 3866
INFO:werkzeug:127.0.0.1 - - [12/Dec/2019 20:11:19] "POST /menus/travel HTTP/1.1" 200 -
INFO:werkzeug: * Detected change in 'C:\\Users\\hbill\\PycharmProjects\\web_service\\views\\menus.py', reloading
INFO:werkzeug: * Restarting with stat
INFO:root:Flask Web Server Started
WARNING:werkzeug: * Debugger is active!
INFO:werkzeug: * Debugger PIN: 505-006-647
INFO:werkzeug: * Running on http://0.0.0.0:8080/ (Press CTRL+C to quit)
DEBUG:urllib3.connectionpool:Starting new HTTP connection (1): api.visitkorea.or.kr:80
DEBUG:urllib3.connectionpool:http://api.visitkorea.or.kr:80 "GET /openapi/service/rest/KorService/searchKeyword?ServiceKey=mzv%2B5nKLrKuD%2BmQQsQNPL9WTK%2B%2Bv2TmZhLsfKQ94z9xgb1RpWBP17HLSPzxlwwYugsmNqEOJqSxKVAXxdImgXg%3D%3D&keyword=%EA%B3%84%EA%B3%A1&listYN=Y&arrange=A&MobileOS=ETC&MobileApp=AppTest&_type=json HTTP/1.1" 200 4755
DEBUG:urllib3.connectionpool:Starting new HTTP connection (1): apis.data.go.kr:80
DEBUG:urllib3.connectionpool:http://apis.data.go.kr:80 "GET /B553077/api/open/sdsc/baroApi?resId=dong&catId=cty&ctprvnCd=46&ServiceKey=mzv%2B5nKLrKuD%2BmQQsQNPL9WTK%2B%2Bv2TmZhLsfKQ94z9xgb1RpWBP17HLSPzxlwwYugsmNqEOJqSxKVAXxdImgXg%3D%3D&type=json HTTP/1.1" 200 544
DEBUG:urllib3.connectionpool:Starting new HTTP connection (1): apis.data.go.kr:80
DEBUG:urllib3.connectionpool:http://apis.data.go.kr:80 "GET /B553077/api/open/sdsc/storeListInDong?divId=signguCd&key=46790&ServiceKey=mzv%2B5nKLrKuD%2BmQQsQNPL9WTK%2B%2Bv2TmZhLsfKQ94z9xgb1RpWBP17HLSPzxlwwYugsmNqEOJqSxKVAXxdImgXg%3D%3D&type=json HTTP/1.1" 200 3552
DEBUG:urllib3.connectionpool:Starting new HTTP connection (1): apis.data.go.kr:80
DEBUG:urllib3.connectionpool:http://apis.data.go.kr:80 "GET /B553077/api/open/sdsc/baroApi?resId=dong&catId=cty&ctprvnCd=45&ServiceKey=mzv%2B5nKLrKuD%2BmQQsQNPL9WTK%2B%2Bv2TmZhLsfKQ94z9xgb1RpWBP17HLSPzxlwwYugsmNqEOJqSxKVAXxdImgXg%3D%3D&type=json HTTP/1.1" 200 483
DEBUG:urllib3.connectionpool:Starting new HTTP connection (1): apis.data.go.kr:80
DEBUG:urllib3.connectionpool:http://apis.data.go.kr:80 "GET /B553077/api/open/sdsc/storeListInDong?divId=signguCd&key=45720&ServiceKey=mzv%2B5nKLrKuD%2BmQQsQNPL9WTK%2B%2Bv2TmZhLsfKQ94z9xgb1RpWBP17HLSPzxlwwYugsmNqEOJqSxKVAXxdImgXg%3D%3D&type=json HTTP/1.1" 200 3787
DEBUG:urllib3.connectionpool:Starting new HTTP connection (1): apis.data.go.kr:80
DEBUG:urllib3.connectionpool:http://apis.data.go.kr:80 "GET /B553077/api/open/sdsc/baroApi?resId=dong&catId=cty&ctprvnCd=42&ServiceKey=mzv%2B5nKLrKuD%2BmQQsQNPL9WTK%2B%2Bv2TmZhLsfKQ94z9xgb1RpWBP17HLSPzxlwwYugsmNqEOJqSxKVAXxdImgXg%3D%3D&type=json HTTP/1.1" 200 504
DEBUG:urllib3.connectionpool:Starting new HTTP connection (1): apis.data.go.kr:80
DEBUG:urllib3.connectionpool:http://apis.data.go.kr:80 "GET /B553077/api/open/sdsc/storeListInDong?divId=signguCd&key=42730&ServiceKey=mzv%2B5nKLrKuD%2BmQQsQNPL9WTK%2B%2Bv2TmZhLsfKQ94z9xgb1RpWBP17HLSPzxlwwYugsmNqEOJqSxKVAXxdImgXg%3D%3D&type=json HTTP/1.1" 200 4002
DEBUG:urllib3.connectionpool:Starting new HTTP connection (1): apis.data.go.kr:80
DEBUG:urllib3.connectionpool:http://apis.data.go.kr:80 "GET /B553077/api/open/sdsc/baroApi?resId=dong&catId=cty&ctprvnCd=45&ServiceKey=mzv%2B5nKLrKuD%2BmQQsQNPL9WTK%2B%2Bv2TmZhLsfKQ94z9xgb1RpWBP17HLSPzxlwwYugsmNqEOJqSxKVAXxdImgXg%3D%3D&type=json HTTP/1.1" 200 483
DEBUG:urllib3.connectionpool:Starting new HTTP connection (1): apis.data.go.kr:80
DEBUG:urllib3.connectionpool:http://apis.data.go.kr:80 "GET /B553077/api/open/sdsc/storeListInDong?divId=signguCd&key=45720&ServiceKey=mzv%2B5nKLrKuD%2BmQQsQNPL9WTK%2B%2Bv2TmZhLsfKQ94z9xgb1RpWBP17HLSPzxlwwYugsmNqEOJqSxKVAXxdImgXg%3D%3D&type=json HTTP/1.1" 200 3787
DEBUG:urllib3.connectionpool:Starting new HTTP connection (1): apis.data.go.kr:80
DEBUG:urllib3.connectionpool:http://apis.data.go.kr:80 "GET /B553077/api/open/sdsc/baroApi?resId=dong&catId=cty&ctprvnCd=43&ServiceKey=mzv%2B5nKLrKuD%2BmQQsQNPL9WTK%2B%2Bv2TmZhLsfKQ94z9xgb1RpWBP17HLSPzxlwwYugsmNqEOJqSxKVAXxdImgXg%3D%3D&type=json HTTP/1.1" 200 474
DEBUG:urllib3.connectionpool:Starting new HTTP connection (1): apis.data.go.kr:80
DEBUG:urllib3.connectionpool:http://apis.data.go.kr:80 "GET /B553077/api/open/sdsc/storeListInDong?divId=signguCd&key=43130&ServiceKey=mzv%2B5nKLrKuD%2BmQQsQNPL9WTK%2B%2Bv2TmZhLsfKQ94z9xgb1RpWBP17HLSPzxlwwYugsmNqEOJqSxKVAXxdImgXg%3D%3D&type=json HTTP/1.1" 200 4158
DEBUG:urllib3.connectionpool:Starting new HTTP connection (1): apis.data.go.kr:80
DEBUG:urllib3.connectionpool:http://apis.data.go.kr:80 "GET /B553077/api/open/sdsc/baroApi?resId=dong&catId=cty&ctprvnCd=42&ServiceKey=mzv%2B5nKLrKuD%2BmQQsQNPL9WTK%2B%2Bv2TmZhLsfKQ94z9xgb1RpWBP17HLSPzxlwwYugsmNqEOJqSxKVAXxdImgXg%3D%3D&type=json HTTP/1.1" 200 504
DEBUG:urllib3.connectionpool:Starting new HTTP connection (1): apis.data.go.kr:80
DEBUG:urllib3.connectionpool:http://apis.data.go.kr:80 "GET /B553077/api/open/sdsc/storeListInDong?divId=signguCd&key=42730&ServiceKey=mzv%2B5nKLrKuD%2BmQQsQNPL9WTK%2B%2Bv2TmZhLsfKQ94z9xgb1RpWBP17HLSPzxlwwYugsmNqEOJqSxKVAXxdImgXg%3D%3D&type=json HTTP/1.1" 200 4002
DEBUG:urllib3.connectionpool:Starting new HTTP connection (1): apis.data.go.kr:80
DEBUG:urllib3.connectionpool:http://apis.data.go.kr:80 "GET /B553077/api/open/sdsc/baroApi?resId=dong&catId=cty&ctprvnCd=44&ServiceKey=mzv%2B5nKLrKuD%2BmQQsQNPL9WTK%2B%2Bv2TmZhLsfKQ94z9xgb1RpWBP17HLSPzxlwwYugsmNqEOJqSxKVAXxdImgXg%3D%3D&type=json HTTP/1.1" 200 497
DEBUG:urllib3.connectionpool:Starting new HTTP connection (1): apis.data.go.kr:80
DEBUG:urllib3.connectionpool:http://apis.data.go.kr:80 "GET /B553077/api/open/sdsc/storeListInDong?divId=signguCd&key=44800&ServiceKey=mzv%2B5nKLrKuD%2BmQQsQNPL9WTK%2B%2Bv2TmZhLsfKQ94z9xgb1RpWBP17HLSPzxlwwYugsmNqEOJqSxKVAXxdImgXg%3D%3D&type=json HTTP/1.1" 200 3840
DEBUG:urllib3.connectionpool:Starting new HTTP connection (1): apis.data.go.kr:80
DEBUG:urllib3.connectionpool:http://apis.data.go.kr:80 "GET /B553077/api/open/sdsc/baroApi?resId=dong&catId=cty&ctprvnCd=45&ServiceKey=mzv%2B5nKLrKuD%2BmQQsQNPL9WTK%2B%2Bv2TmZhLsfKQ94z9xgb1RpWBP17HLSPzxlwwYugsmNqEOJqSxKVAXxdImgXg%3D%3D&type=json HTTP/1.1" 200 483
DEBUG:urllib3.connectionpool:Starting new HTTP connection (1): apis.data.go.kr:80
DEBUG:urllib3.connectionpool:http://apis.data.go.kr:80 "GET /B553077/api/open/sdsc/storeListInDong?divId=signguCd&key=45720&ServiceKey=mzv%2B5nKLrKuD%2BmQQsQNPL9WTK%2B%2Bv2TmZhLsfKQ94z9xgb1RpWBP17HLSPzxlwwYugsmNqEOJqSxKVAXxdImgXg%3D%3D&type=json HTTP/1.1" 200 3787
DEBUG:urllib3.connectionpool:Starting new HTTP connection (1): apis.data.go.kr:80
DEBUG:urllib3.connectionpool:http://apis.data.go.kr:80 "GET /B553077/api/open/sdsc/baroApi?resId=dong&catId=cty&ctprvnCd=45&ServiceKey=mzv%2B5nKLrKuD%2BmQQsQNPL9WTK%2B%2Bv2TmZhLsfKQ94z9xgb1RpWBP17HLSPzxlwwYugsmNqEOJqSxKVAXxdImgXg%3D%3D&type=json HTTP/1.1" 200 483
DEBUG:urllib3.connectionpool:Starting new HTTP connection (1): apis.data.go.kr:80
DEBUG:urllib3.connectionpool:http://apis.data.go.kr:80 "GET /B553077/api/open/sdsc/storeListInDong?divId=signguCd&key=45720&ServiceKey=mzv%2B5nKLrKuD%2BmQQsQNPL9WTK%2B%2Bv2TmZhLsfKQ94z9xgb1RpWBP17HLSPzxlwwYugsmNqEOJqSxKVAXxdImgXg%3D%3D&type=json HTTP/1.1" 200 3787
DEBUG:urllib3.connectionpool:Starting new HTTP connection (1): apis.data.go.kr:80
DEBUG:urllib3.connectionpool:http://apis.data.go.kr:80 "GET /B553077/api/open/sdsc/baroApi?resId=dong&catId=cty&ctprvnCd=48&ServiceKey=mzv%2B5nKLrKuD%2BmQQsQNPL9WTK%2B%2Bv2TmZhLsfKQ94z9xgb1RpWBP17HLSPzxlwwYugsmNqEOJqSxKVAXxdImgXg%3D%3D&type=json HTTP/1.1" 200 565
DEBUG:urllib3.connectionpool:Starting new HTTP connection (1): apis.data.go.kr:80
DEBUG:urllib3.connectionpool:http://apis.data.go.kr:80 "GET /B553077/api/open/sdsc/storeListInDong?divId=signguCd&key=48890&ServiceKey=mzv%2B5nKLrKuD%2BmQQsQNPL9WTK%2B%2Bv2TmZhLsfKQ94z9xgb1RpWBP17HLSPzxlwwYugsmNqEOJqSxKVAXxdImgXg%3D%3D&type=json HTTP/1.1" 200 3866
INFO:werkzeug:127.0.0.1 - - [12/Dec/2019 20:12:10] "POST /menus/travel HTTP/1.1" 200 -
INFO:werkzeug: * Detected change in 'C:\\Users\\hbill\\PycharmProjects\\web_service\\views\\menus.py', reloading
INFO:werkzeug: * Restarting with stat
INFO:root:Flask Web Server Started
WARNING:werkzeug: * Debugger is active!
INFO:werkzeug: * Debugger PIN: 505-006-647
INFO:werkzeug: * Running on http://0.0.0.0:8080/ (Press CTRL+C to quit)
DEBUG:urllib3.connectionpool:Starting new HTTP connection (1): api.visitkorea.or.kr:80
DEBUG:urllib3.connectionpool:http://api.visitkorea.or.kr:80 "GET /openapi/service/rest/KorService/searchKeyword?ServiceKey=mzv%2B5nKLrKuD%2BmQQsQNPL9WTK%2B%2Bv2TmZhLsfKQ94z9xgb1RpWBP17HLSPzxlwwYugsmNqEOJqSxKVAXxdImgXg%3D%3D&keyword=%EA%B3%84%EA%B3%A1&listYN=Y&arrange=A&MobileOS=ETC&MobileApp=AppTest&_type=json HTTP/1.1" 200 4755
DEBUG:urllib3.connectionpool:Starting new HTTP connection (1): apis.data.go.kr:80
DEBUG:urllib3.connectionpool:http://apis.data.go.kr:80 "GET /B553077/api/open/sdsc/baroApi?resId=dong&catId=cty&ctprvnCd=46&ServiceKey=mzv%2B5nKLrKuD%2BmQQsQNPL9WTK%2B%2Bv2TmZhLsfKQ94z9xgb1RpWBP17HLSPzxlwwYugsmNqEOJqSxKVAXxdImgXg%3D%3D&type=json HTTP/1.1" 200 544
DEBUG:urllib3.connectionpool:Starting new HTTP connection (1): apis.data.go.kr:80
DEBUG:urllib3.connectionpool:http://apis.data.go.kr:80 "GET /B553077/api/open/sdsc/storeListInDong?divId=signguCd&key=46790&ServiceKey=mzv%2B5nKLrKuD%2BmQQsQNPL9WTK%2B%2Bv2TmZhLsfKQ94z9xgb1RpWBP17HLSPzxlwwYugsmNqEOJqSxKVAXxdImgXg%3D%3D&type=json HTTP/1.1" 200 3552
DEBUG:urllib3.connectionpool:Starting new HTTP connection (1): apis.data.go.kr:80
DEBUG:urllib3.connectionpool:http://apis.data.go.kr:80 "GET /B553077/api/open/sdsc/baroApi?resId=dong&catId=cty&ctprvnCd=45&ServiceKey=mzv%2B5nKLrKuD%2BmQQsQNPL9WTK%2B%2Bv2TmZhLsfKQ94z9xgb1RpWBP17HLSPzxlwwYugsmNqEOJqSxKVAXxdImgXg%3D%3D&type=json HTTP/1.1" 200 483
DEBUG:urllib3.connectionpool:Starting new HTTP connection (1): apis.data.go.kr:80
DEBUG:urllib3.connectionpool:http://apis.data.go.kr:80 "GET /B553077/api/open/sdsc/storeListInDong?divId=signguCd&key=45720&ServiceKey=mzv%2B5nKLrKuD%2BmQQsQNPL9WTK%2B%2Bv2TmZhLsfKQ94z9xgb1RpWBP17HLSPzxlwwYugsmNqEOJqSxKVAXxdImgXg%3D%3D&type=json HTTP/1.1" 200 3787
DEBUG:urllib3.connectionpool:Starting new HTTP connection (1): apis.data.go.kr:80
DEBUG:urllib3.connectionpool:http://apis.data.go.kr:80 "GET /B553077/api/open/sdsc/baroApi?resId=dong&catId=cty&ctprvnCd=42&ServiceKey=mzv%2B5nKLrKuD%2BmQQsQNPL9WTK%2B%2Bv2TmZhLsfKQ94z9xgb1RpWBP17HLSPzxlwwYugsmNqEOJqSxKVAXxdImgXg%3D%3D&type=json HTTP/1.1" 200 504
DEBUG:urllib3.connectionpool:Starting new HTTP connection (1): apis.data.go.kr:80
DEBUG:urllib3.connectionpool:http://apis.data.go.kr:80 "GET /B553077/api/open/sdsc/storeListInDong?divId=signguCd&key=42730&ServiceKey=mzv%2B5nKLrKuD%2BmQQsQNPL9WTK%2B%2Bv2TmZhLsfKQ94z9xgb1RpWBP17HLSPzxlwwYugsmNqEOJqSxKVAXxdImgXg%3D%3D&type=json HTTP/1.1" 200 4002
DEBUG:urllib3.connectionpool:Starting new HTTP connection (1): apis.data.go.kr:80
DEBUG:urllib3.connectionpool:http://apis.data.go.kr:80 "GET /B553077/api/open/sdsc/baroApi?resId=dong&catId=cty&ctprvnCd=45&ServiceKey=mzv%2B5nKLrKuD%2BmQQsQNPL9WTK%2B%2Bv2TmZhLsfKQ94z9xgb1RpWBP17HLSPzxlwwYugsmNqEOJqSxKVAXxdImgXg%3D%3D&type=json HTTP/1.1" 200 483
DEBUG:urllib3.connectionpool:Starting new HTTP connection (1): apis.data.go.kr:80
DEBUG:urllib3.connectionpool:http://apis.data.go.kr:80 "GET /B553077/api/open/sdsc/storeListInDong?divId=signguCd&key=45720&ServiceKey=mzv%2B5nKLrKuD%2BmQQsQNPL9WTK%2B%2Bv2TmZhLsfKQ94z9xgb1RpWBP17HLSPzxlwwYugsmNqEOJqSxKVAXxdImgXg%3D%3D&type=json HTTP/1.1" 200 3787
DEBUG:urllib3.connectionpool:Starting new HTTP connection (1): apis.data.go.kr:80
DEBUG:urllib3.connectionpool:http://apis.data.go.kr:80 "GET /B553077/api/open/sdsc/baroApi?resId=dong&catId=cty&ctprvnCd=43&ServiceKey=mzv%2B5nKLrKuD%2BmQQsQNPL9WTK%2B%2Bv2TmZhLsfKQ94z9xgb1RpWBP17HLSPzxlwwYugsmNqEOJqSxKVAXxdImgXg%3D%3D&type=json HTTP/1.1" 200 474
DEBUG:urllib3.connectionpool:Starting new HTTP connection (1): apis.data.go.kr:80
DEBUG:urllib3.connectionpool:http://apis.data.go.kr:80 "GET /B553077/api/open/sdsc/storeListInDong?divId=signguCd&key=43130&ServiceKey=mzv%2B5nKLrKuD%2BmQQsQNPL9WTK%2B%2Bv2TmZhLsfKQ94z9xgb1RpWBP17HLSPzxlwwYugsmNqEOJqSxKVAXxdImgXg%3D%3D&type=json HTTP/1.1" 200 4158
DEBUG:urllib3.connectionpool:Starting new HTTP connection (1): apis.data.go.kr:80
DEBUG:urllib3.connectionpool:http://apis.data.go.kr:80 "GET /B553077/api/open/sdsc/baroApi?resId=dong&catId=cty&ctprvnCd=42&ServiceKey=mzv%2B5nKLrKuD%2BmQQsQNPL9WTK%2B%2Bv2TmZhLsfKQ94z9xgb1RpWBP17HLSPzxlwwYugsmNqEOJqSxKVAXxdImgXg%3D%3D&type=json HTTP/1.1" 200 504
DEBUG:urllib3.connectionpool:Starting new HTTP connection (1): apis.data.go.kr:80
DEBUG:urllib3.connectionpool:http://apis.data.go.kr:80 "GET /B553077/api/open/sdsc/storeListInDong?divId=signguCd&key=42730&ServiceKey=mzv%2B5nKLrKuD%2BmQQsQNPL9WTK%2B%2Bv2TmZhLsfKQ94z9xgb1RpWBP17HLSPzxlwwYugsmNqEOJqSxKVAXxdImgXg%3D%3D&type=json HTTP/1.1" 200 4002
DEBUG:urllib3.connectionpool:Starting new HTTP connection (1): apis.data.go.kr:80
DEBUG:urllib3.connectionpool:http://apis.data.go.kr:80 "GET /B553077/api/open/sdsc/baroApi?resId=dong&catId=cty&ctprvnCd=44&ServiceKey=mzv%2B5nKLrKuD%2BmQQsQNPL9WTK%2B%2Bv2TmZhLsfKQ94z9xgb1RpWBP17HLSPzxlwwYugsmNqEOJqSxKVAXxdImgXg%3D%3D&type=json HTTP/1.1" 200 497
DEBUG:urllib3.connectionpool:Starting new HTTP connection (1): apis.data.go.kr:80
DEBUG:urllib3.connectionpool:http://apis.data.go.kr:80 "GET /B553077/api/open/sdsc/storeListInDong?divId=signguCd&key=44800&ServiceKey=mzv%2B5nKLrKuD%2BmQQsQNPL9WTK%2B%2Bv2TmZhLsfKQ94z9xgb1RpWBP17HLSPzxlwwYugsmNqEOJqSxKVAXxdImgXg%3D%3D&type=json HTTP/1.1" 200 3840
DEBUG:urllib3.connectionpool:Starting new HTTP connection (1): apis.data.go.kr:80
DEBUG:urllib3.connectionpool:http://apis.data.go.kr:80 "GET /B553077/api/open/sdsc/baroApi?resId=dong&catId=cty&ctprvnCd=45&ServiceKey=mzv%2B5nKLrKuD%2BmQQsQNPL9WTK%2B%2Bv2TmZhLsfKQ94z9xgb1RpWBP17HLSPzxlwwYugsmNqEOJqSxKVAXxdImgXg%3D%3D&type=json HTTP/1.1" 200 483
DEBUG:urllib3.connectionpool:Starting new HTTP connection (1): apis.data.go.kr:80
DEBUG:urllib3.connectionpool:http://apis.data.go.kr:80 "GET /B553077/api/open/sdsc/storeListInDong?divId=signguCd&key=45720&ServiceKey=mzv%2B5nKLrKuD%2BmQQsQNPL9WTK%2B%2Bv2TmZhLsfKQ94z9xgb1RpWBP17HLSPzxlwwYugsmNqEOJqSxKVAXxdImgXg%3D%3D&type=json HTTP/1.1" 200 3787
DEBUG:urllib3.connectionpool:Starting new HTTP connection (1): apis.data.go.kr:80
DEBUG:urllib3.connectionpool:http://apis.data.go.kr:80 "GET /B553077/api/open/sdsc/baroApi?resId=dong&catId=cty&ctprvnCd=45&ServiceKey=mzv%2B5nKLrKuD%2BmQQsQNPL9WTK%2B%2Bv2TmZhLsfKQ94z9xgb1RpWBP17HLSPzxlwwYugsmNqEOJqSxKVAXxdImgXg%3D%3D&type=json HTTP/1.1" 200 483
DEBUG:urllib3.connectionpool:Starting new HTTP connection (1): apis.data.go.kr:80
DEBUG:urllib3.connectionpool:http://apis.data.go.kr:80 "GET /B553077/api/open/sdsc/storeListInDong?divId=signguCd&key=45720&ServiceKey=mzv%2B5nKLrKuD%2BmQQsQNPL9WTK%2B%2Bv2TmZhLsfKQ94z9xgb1RpWBP17HLSPzxlwwYugsmNqEOJqSxKVAXxdImgXg%3D%3D&type=json HTTP/1.1" 200 3787
DEBUG:urllib3.connectionpool:Starting new HTTP connection (1): apis.data.go.kr:80
DEBUG:urllib3.connectionpool:http://apis.data.go.kr:80 "GET /B553077/api/open/sdsc/baroApi?resId=dong&catId=cty&ctprvnCd=48&ServiceKey=mzv%2B5nKLrKuD%2BmQQsQNPL9WTK%2B%2Bv2TmZhLsfKQ94z9xgb1RpWBP17HLSPzxlwwYugsmNqEOJqSxKVAXxdImgXg%3D%3D&type=json HTTP/1.1" 200 565
DEBUG:urllib3.connectionpool:Starting new HTTP connection (1): apis.data.go.kr:80
DEBUG:urllib3.connectionpool:http://apis.data.go.kr:80 "GET /B553077/api/open/sdsc/storeListInDong?divId=signguCd&key=48890&ServiceKey=mzv%2B5nKLrKuD%2BmQQsQNPL9WTK%2B%2Bv2TmZhLsfKQ94z9xgb1RpWBP17HLSPzxlwwYugsmNqEOJqSxKVAXxdImgXg%3D%3D&type=json HTTP/1.1" 200 3866
INFO:werkzeug:127.0.0.1 - - [12/Dec/2019 20:16:44] "POST /menus/travel HTTP/1.1" 200 -
INFO:werkzeug: * Detected change in 'C:\\Users\\hbill\\PycharmProjects\\web_service\\views\\menus.py', reloading
INFO:werkzeug: * Restarting with stat
INFO:root:Flask Web Server Started
WARNING:werkzeug: * Debugger is active!
INFO:werkzeug: * Debugger PIN: 505-006-647
INFO:werkzeug: * Running on http://0.0.0.0:8080/ (Press CTRL+C to quit)
DEBUG:urllib3.connectionpool:Starting new HTTP connection (1): api.visitkorea.or.kr:80
DEBUG:urllib3.connectionpool:http://api.visitkorea.or.kr:80 "GET /openapi/service/rest/KorService/searchKeyword?ServiceKey=mzv%2B5nKLrKuD%2BmQQsQNPL9WTK%2B%2Bv2TmZhLsfKQ94z9xgb1RpWBP17HLSPzxlwwYugsmNqEOJqSxKVAXxdImgXg%3D%3D&keyword=%EA%B3%84%EA%B3%A1&listYN=Y&arrange=A&MobileOS=ETC&MobileApp=AppTest&_type=json HTTP/1.1" 200 4755
DEBUG:urllib3.connectionpool:Starting new HTTP connection (1): apis.data.go.kr:80
DEBUG:urllib3.connectionpool:http://apis.data.go.kr:80 "GET /B553077/api/open/sdsc/baroApi?resId=dong&catId=cty&ctprvnCd=46&ServiceKey=mzv%2B5nKLrKuD%2BmQQsQNPL9WTK%2B%2Bv2TmZhLsfKQ94z9xgb1RpWBP17HLSPzxlwwYugsmNqEOJqSxKVAXxdImgXg%3D%3D&type=json HTTP/1.1" 200 544
DEBUG:urllib3.connectionpool:Starting new HTTP connection (1): apis.data.go.kr:80
DEBUG:urllib3.connectionpool:http://apis.data.go.kr:80 "GET /B553077/api/open/sdsc/storeListInDong?divId=signguCd&key=46790&ServiceKey=mzv%2B5nKLrKuD%2BmQQsQNPL9WTK%2B%2Bv2TmZhLsfKQ94z9xgb1RpWBP17HLSPzxlwwYugsmNqEOJqSxKVAXxdImgXg%3D%3D&type=json HTTP/1.1" 200 3552
DEBUG:urllib3.connectionpool:Starting new HTTP connection (1): apis.data.go.kr:80
DEBUG:urllib3.connectionpool:http://apis.data.go.kr:80 "GET /B553077/api/open/sdsc/baroApi?resId=dong&catId=cty&ctprvnCd=45&ServiceKey=mzv%2B5nKLrKuD%2BmQQsQNPL9WTK%2B%2Bv2TmZhLsfKQ94z9xgb1RpWBP17HLSPzxlwwYugsmNqEOJqSxKVAXxdImgXg%3D%3D&type=json HTTP/1.1" 200 483
DEBUG:urllib3.connectionpool:Starting new HTTP connection (1): apis.data.go.kr:80
DEBUG:urllib3.connectionpool:http://apis.data.go.kr:80 "GET /B553077/api/open/sdsc/storeListInDong?divId=signguCd&key=45720&ServiceKey=mzv%2B5nKLrKuD%2BmQQsQNPL9WTK%2B%2Bv2TmZhLsfKQ94z9xgb1RpWBP17HLSPzxlwwYugsmNqEOJqSxKVAXxdImgXg%3D%3D&type=json HTTP/1.1" 200 3787
DEBUG:urllib3.connectionpool:Starting new HTTP connection (1): apis.data.go.kr:80
DEBUG:urllib3.connectionpool:http://apis.data.go.kr:80 "GET /B553077/api/open/sdsc/baroApi?resId=dong&catId=cty&ctprvnCd=42&ServiceKey=mzv%2B5nKLrKuD%2BmQQsQNPL9WTK%2B%2Bv2TmZhLsfKQ94z9xgb1RpWBP17HLSPzxlwwYugsmNqEOJqSxKVAXxdImgXg%3D%3D&type=json HTTP/1.1" 200 504
DEBUG:urllib3.connectionpool:Starting new HTTP connection (1): apis.data.go.kr:80
DEBUG:urllib3.connectionpool:http://apis.data.go.kr:80 "GET /B553077/api/open/sdsc/storeListInDong?divId=signguCd&key=42730&ServiceKey=mzv%2B5nKLrKuD%2BmQQsQNPL9WTK%2B%2Bv2TmZhLsfKQ94z9xgb1RpWBP17HLSPzxlwwYugsmNqEOJqSxKVAXxdImgXg%3D%3D&type=json HTTP/1.1" 200 4002
DEBUG:urllib3.connectionpool:Starting new HTTP connection (1): apis.data.go.kr:80
DEBUG:urllib3.connectionpool:http://apis.data.go.kr:80 "GET /B553077/api/open/sdsc/baroApi?resId=dong&catId=cty&ctprvnCd=45&ServiceKey=mzv%2B5nKLrKuD%2BmQQsQNPL9WTK%2B%2Bv2TmZhLsfKQ94z9xgb1RpWBP17HLSPzxlwwYugsmNqEOJqSxKVAXxdImgXg%3D%3D&type=json HTTP/1.1" 200 483
DEBUG:urllib3.connectionpool:Starting new HTTP connection (1): apis.data.go.kr:80
DEBUG:urllib3.connectionpool:http://apis.data.go.kr:80 "GET /B553077/api/open/sdsc/storeListInDong?divId=signguCd&key=45720&ServiceKey=mzv%2B5nKLrKuD%2BmQQsQNPL9WTK%2B%2Bv2TmZhLsfKQ94z9xgb1RpWBP17HLSPzxlwwYugsmNqEOJqSxKVAXxdImgXg%3D%3D&type=json HTTP/1.1" 200 3787
DEBUG:urllib3.connectionpool:Starting new HTTP connection (1): apis.data.go.kr:80
DEBUG:urllib3.connectionpool:http://apis.data.go.kr:80 "GET /B553077/api/open/sdsc/baroApi?resId=dong&catId=cty&ctprvnCd=43&ServiceKey=mzv%2B5nKLrKuD%2BmQQsQNPL9WTK%2B%2Bv2TmZhLsfKQ94z9xgb1RpWBP17HLSPzxlwwYugsmNqEOJqSxKVAXxdImgXg%3D%3D&type=json HTTP/1.1" 200 474
DEBUG:urllib3.connectionpool:Starting new HTTP connection (1): apis.data.go.kr:80
DEBUG:urllib3.connectionpool:http://apis.data.go.kr:80 "GET /B553077/api/open/sdsc/storeListInDong?divId=signguCd&key=43130&ServiceKey=mzv%2B5nKLrKuD%2BmQQsQNPL9WTK%2B%2Bv2TmZhLsfKQ94z9xgb1RpWBP17HLSPzxlwwYugsmNqEOJqSxKVAXxdImgXg%3D%3D&type=json HTTP/1.1" 200 4158
DEBUG:urllib3.connectionpool:Starting new HTTP connection (1): apis.data.go.kr:80
DEBUG:urllib3.connectionpool:http://apis.data.go.kr:80 "GET /B553077/api/open/sdsc/baroApi?resId=dong&catId=cty&ctprvnCd=42&ServiceKey=mzv%2B5nKLrKuD%2BmQQsQNPL9WTK%2B%2Bv2TmZhLsfKQ94z9xgb1RpWBP17HLSPzxlwwYugsmNqEOJqSxKVAXxdImgXg%3D%3D&type=json HTTP/1.1" 200 504
DEBUG:urllib3.connectionpool:Starting new HTTP connection (1): apis.data.go.kr:80
DEBUG:urllib3.connectionpool:http://apis.data.go.kr:80 "GET /B553077/api/open/sdsc/storeListInDong?divId=signguCd&key=42730&ServiceKey=mzv%2B5nKLrKuD%2BmQQsQNPL9WTK%2B%2Bv2TmZhLsfKQ94z9xgb1RpWBP17HLSPzxlwwYugsmNqEOJqSxKVAXxdImgXg%3D%3D&type=json HTTP/1.1" 200 4002
DEBUG:urllib3.connectionpool:Starting new HTTP connection (1): apis.data.go.kr:80
DEBUG:urllib3.connectionpool:http://apis.data.go.kr:80 "GET /B553077/api/open/sdsc/baroApi?resId=dong&catId=cty&ctprvnCd=44&ServiceKey=mzv%2B5nKLrKuD%2BmQQsQNPL9WTK%2B%2Bv2TmZhLsfKQ94z9xgb1RpWBP17HLSPzxlwwYugsmNqEOJqSxKVAXxdImgXg%3D%3D&type=json HTTP/1.1" 200 497
DEBUG:urllib3.connectionpool:Starting new HTTP connection (1): apis.data.go.kr:80
DEBUG:urllib3.connectionpool:http://apis.data.go.kr:80 "GET /B553077/api/open/sdsc/storeListInDong?divId=signguCd&key=44800&ServiceKey=mzv%2B5nKLrKuD%2BmQQsQNPL9WTK%2B%2Bv2TmZhLsfKQ94z9xgb1RpWBP17HLSPzxlwwYugsmNqEOJqSxKVAXxdImgXg%3D%3D&type=json HTTP/1.1" 200 3840
DEBUG:urllib3.connectionpool:Starting new HTTP connection (1): apis.data.go.kr:80
DEBUG:urllib3.connectionpool:http://apis.data.go.kr:80 "GET /B553077/api/open/sdsc/baroApi?resId=dong&catId=cty&ctprvnCd=45&ServiceKey=mzv%2B5nKLrKuD%2BmQQsQNPL9WTK%2B%2Bv2TmZhLsfKQ94z9xgb1RpWBP17HLSPzxlwwYugsmNqEOJqSxKVAXxdImgXg%3D%3D&type=json HTTP/1.1" 200 483
DEBUG:urllib3.connectionpool:Starting new HTTP connection (1): apis.data.go.kr:80
DEBUG:urllib3.connectionpool:http://apis.data.go.kr:80 "GET /B553077/api/open/sdsc/storeListInDong?divId=signguCd&key=45720&ServiceKey=mzv%2B5nKLrKuD%2BmQQsQNPL9WTK%2B%2Bv2TmZhLsfKQ94z9xgb1RpWBP17HLSPzxlwwYugsmNqEOJqSxKVAXxdImgXg%3D%3D&type=json HTTP/1.1" 200 3787
DEBUG:urllib3.connectionpool:Starting new HTTP connection (1): apis.data.go.kr:80
DEBUG:urllib3.connectionpool:http://apis.data.go.kr:80 "GET /B553077/api/open/sdsc/baroApi?resId=dong&catId=cty&ctprvnCd=45&ServiceKey=mzv%2B5nKLrKuD%2BmQQsQNPL9WTK%2B%2Bv2TmZhLsfKQ94z9xgb1RpWBP17HLSPzxlwwYugsmNqEOJqSxKVAXxdImgXg%3D%3D&type=json HTTP/1.1" 200 483
DEBUG:urllib3.connectionpool:Starting new HTTP connection (1): apis.data.go.kr:80
DEBUG:urllib3.connectionpool:http://apis.data.go.kr:80 "GET /B553077/api/open/sdsc/storeListInDong?divId=signguCd&key=45720&ServiceKey=mzv%2B5nKLrKuD%2BmQQsQNPL9WTK%2B%2Bv2TmZhLsfKQ94z9xgb1RpWBP17HLSPzxlwwYugsmNqEOJqSxKVAXxdImgXg%3D%3D&type=json HTTP/1.1" 200 3787
DEBUG:urllib3.connectionpool:Starting new HTTP connection (1): apis.data.go.kr:80
DEBUG:urllib3.connectionpool:http://apis.data.go.kr:80 "GET /B553077/api/open/sdsc/baroApi?resId=dong&catId=cty&ctprvnCd=48&ServiceKey=mzv%2B5nKLrKuD%2BmQQsQNPL9WTK%2B%2Bv2TmZhLsfKQ94z9xgb1RpWBP17HLSPzxlwwYugsmNqEOJqSxKVAXxdImgXg%3D%3D&type=json HTTP/1.1" 200 565
DEBUG:urllib3.connectionpool:Starting new HTTP connection (1): apis.data.go.kr:80
DEBUG:urllib3.connectionpool:http://apis.data.go.kr:80 "GET /B553077/api/open/sdsc/storeListInDong?divId=signguCd&key=48890&ServiceKey=mzv%2B5nKLrKuD%2BmQQsQNPL9WTK%2B%2Bv2TmZhLsfKQ94z9xgb1RpWBP17HLSPzxlwwYugsmNqEOJqSxKVAXxdImgXg%3D%3D&type=json HTTP/1.1" 200 3866
INFO:werkzeug:127.0.0.1 - - [12/Dec/2019 20:19:16] "POST /menus/travel HTTP/1.1" 500 -
INFO:werkzeug:127.0.0.1 - - [12/Dec/2019 20:19:16] "GET /menus/travel?__debugger__=yes&cmd=resource&f=style.css HTTP/1.1" 200 -
INFO:werkzeug:127.0.0.1 - - [12/Dec/2019 20:19:16] "GET /menus/travel?__debugger__=yes&cmd=resource&f=jquery.js HTTP/1.1" 200 -
INFO:werkzeug:127.0.0.1 - - [12/Dec/2019 20:19:17] "GET /menus/travel?__debugger__=yes&cmd=resource&f=debugger.js HTTP/1.1" 200 -
INFO:werkzeug:127.0.0.1 - - [12/Dec/2019 20:19:17] "GET /menus/travel?__debugger__=yes&cmd=resource&f=ubuntu.ttf HTTP/1.1" 200 -
INFO:werkzeug:127.0.0.1 - - [12/Dec/2019 20:19:17] "GET /menus/travel?__debugger__=yes&cmd=resource&f=console.png HTTP/1.1" 200 -
INFO:werkzeug:127.0.0.1 - - [12/Dec/2019 20:19:17] "GET /menus/travel?__debugger__=yes&cmd=resource&f=console.png HTTP/1.1" 200 -
DEBUG:urllib3.connectionpool:Starting new HTTP connection (1): api.visitkorea.or.kr:80
DEBUG:urllib3.connectionpool:http://api.visitkorea.or.kr:80 "GET /openapi/service/rest/KorService/searchKeyword?ServiceKey=mzv%2B5nKLrKuD%2BmQQsQNPL9WTK%2B%2Bv2TmZhLsfKQ94z9xgb1RpWBP17HLSPzxlwwYugsmNqEOJqSxKVAXxdImgXg%3D%3D&keyword=%EA%B3%84%EA%B3%A1&listYN=Y&arrange=A&MobileOS=ETC&MobileApp=AppTest&_type=json HTTP/1.1" 200 4755
DEBUG:urllib3.connectionpool:Starting new HTTP connection (1): apis.data.go.kr:80
DEBUG:urllib3.connectionpool:http://apis.data.go.kr:80 "GET /B553077/api/open/sdsc/baroApi?resId=dong&catId=cty&ctprvnCd=46&ServiceKey=mzv%2B5nKLrKuD%2BmQQsQNPL9WTK%2B%2Bv2TmZhLsfKQ94z9xgb1RpWBP17HLSPzxlwwYugsmNqEOJqSxKVAXxdImgXg%3D%3D&type=json HTTP/1.1" 200 544
DEBUG:urllib3.connectionpool:Starting new HTTP connection (1): apis.data.go.kr:80
DEBUG:urllib3.connectionpool:http://apis.data.go.kr:80 "GET /B553077/api/open/sdsc/storeListInDong?divId=signguCd&key=46790&ServiceKey=mzv%2B5nKLrKuD%2BmQQsQNPL9WTK%2B%2Bv2TmZhLsfKQ94z9xgb1RpWBP17HLSPzxlwwYugsmNqEOJqSxKVAXxdImgXg%3D%3D&type=json HTTP/1.1" 200 3552
DEBUG:urllib3.connectionpool:Starting new HTTP connection (1): apis.data.go.kr:80
DEBUG:urllib3.connectionpool:http://apis.data.go.kr:80 "GET /B553077/api/open/sdsc/baroApi?resId=dong&catId=cty&ctprvnCd=45&ServiceKey=mzv%2B5nKLrKuD%2BmQQsQNPL9WTK%2B%2Bv2TmZhLsfKQ94z9xgb1RpWBP17HLSPzxlwwYugsmNqEOJqSxKVAXxdImgXg%3D%3D&type=json HTTP/1.1" 200 483
DEBUG:urllib3.connectionpool:Starting new HTTP connection (1): apis.data.go.kr:80
DEBUG:urllib3.connectionpool:http://apis.data.go.kr:80 "GET /B553077/api/open/sdsc/storeListInDong?divId=signguCd&key=45720&ServiceKey=mzv%2B5nKLrKuD%2BmQQsQNPL9WTK%2B%2Bv2TmZhLsfKQ94z9xgb1RpWBP17HLSPzxlwwYugsmNqEOJqSxKVAXxdImgXg%3D%3D&type=json HTTP/1.1" 200 3787
DEBUG:urllib3.connectionpool:Starting new HTTP connection (1): apis.data.go.kr:80
DEBUG:urllib3.connectionpool:http://apis.data.go.kr:80 "GET /B553077/api/open/sdsc/baroApi?resId=dong&catId=cty&ctprvnCd=42&ServiceKey=mzv%2B5nKLrKuD%2BmQQsQNPL9WTK%2B%2Bv2TmZhLsfKQ94z9xgb1RpWBP17HLSPzxlwwYugsmNqEOJqSxKVAXxdImgXg%3D%3D&type=json HTTP/1.1" 200 504
DEBUG:urllib3.connectionpool:Starting new HTTP connection (1): apis.data.go.kr:80
DEBUG:urllib3.connectionpool:http://apis.data.go.kr:80 "GET /B553077/api/open/sdsc/storeListInDong?divId=signguCd&key=42730&ServiceKey=mzv%2B5nKLrKuD%2BmQQsQNPL9WTK%2B%2Bv2TmZhLsfKQ94z9xgb1RpWBP17HLSPzxlwwYugsmNqEOJqSxKVAXxdImgXg%3D%3D&type=json HTTP/1.1" 200 4002
DEBUG:urllib3.connectionpool:Starting new HTTP connection (1): apis.data.go.kr:80
DEBUG:urllib3.connectionpool:http://apis.data.go.kr:80 "GET /B553077/api/open/sdsc/baroApi?resId=dong&catId=cty&ctprvnCd=45&ServiceKey=mzv%2B5nKLrKuD%2BmQQsQNPL9WTK%2B%2Bv2TmZhLsfKQ94z9xgb1RpWBP17HLSPzxlwwYugsmNqEOJqSxKVAXxdImgXg%3D%3D&type=json HTTP/1.1" 200 483
DEBUG:urllib3.connectionpool:Starting new HTTP connection (1): apis.data.go.kr:80
DEBUG:urllib3.connectionpool:http://apis.data.go.kr:80 "GET /B553077/api/open/sdsc/storeListInDong?divId=signguCd&key=45720&ServiceKey=mzv%2B5nKLrKuD%2BmQQsQNPL9WTK%2B%2Bv2TmZhLsfKQ94z9xgb1RpWBP17HLSPzxlwwYugsmNqEOJqSxKVAXxdImgXg%3D%3D&type=json HTTP/1.1" 200 3787
DEBUG:urllib3.connectionpool:Starting new HTTP connection (1): apis.data.go.kr:80
DEBUG:urllib3.connectionpool:http://apis.data.go.kr:80 "GET /B553077/api/open/sdsc/baroApi?resId=dong&catId=cty&ctprvnCd=43&ServiceKey=mzv%2B5nKLrKuD%2BmQQsQNPL9WTK%2B%2Bv2TmZhLsfKQ94z9xgb1RpWBP17HLSPzxlwwYugsmNqEOJqSxKVAXxdImgXg%3D%3D&type=json HTTP/1.1" 200 474
DEBUG:urllib3.connectionpool:Starting new HTTP connection (1): apis.data.go.kr:80
DEBUG:urllib3.connectionpool:http://apis.data.go.kr:80 "GET /B553077/api/open/sdsc/storeListInDong?divId=signguCd&key=43130&ServiceKey=mzv%2B5nKLrKuD%2BmQQsQNPL9WTK%2B%2Bv2TmZhLsfKQ94z9xgb1RpWBP17HLSPzxlwwYugsmNqEOJqSxKVAXxdImgXg%3D%3D&type=json HTTP/1.1" 200 4158
DEBUG:urllib3.connectionpool:Starting new HTTP connection (1): apis.data.go.kr:80
DEBUG:urllib3.connectionpool:http://apis.data.go.kr:80 "GET /B553077/api/open/sdsc/baroApi?resId=dong&catId=cty&ctprvnCd=42&ServiceKey=mzv%2B5nKLrKuD%2BmQQsQNPL9WTK%2B%2Bv2TmZhLsfKQ94z9xgb1RpWBP17HLSPzxlwwYugsmNqEOJqSxKVAXxdImgXg%3D%3D&type=json HTTP/1.1" 200 504
DEBUG:urllib3.connectionpool:Starting new HTTP connection (1): apis.data.go.kr:80
DEBUG:urllib3.connectionpool:http://apis.data.go.kr:80 "GET /B553077/api/open/sdsc/storeListInDong?divId=signguCd&key=42730&ServiceKey=mzv%2B5nKLrKuD%2BmQQsQNPL9WTK%2B%2Bv2TmZhLsfKQ94z9xgb1RpWBP17HLSPzxlwwYugsmNqEOJqSxKVAXxdImgXg%3D%3D&type=json HTTP/1.1" 200 4002
DEBUG:urllib3.connectionpool:Starting new HTTP connection (1): apis.data.go.kr:80
DEBUG:urllib3.connectionpool:http://apis.data.go.kr:80 "GET /B553077/api/open/sdsc/baroApi?resId=dong&catId=cty&ctprvnCd=44&ServiceKey=mzv%2B5nKLrKuD%2BmQQsQNPL9WTK%2B%2Bv2TmZhLsfKQ94z9xgb1RpWBP17HLSPzxlwwYugsmNqEOJqSxKVAXxdImgXg%3D%3D&type=json HTTP/1.1" 200 497
DEBUG:urllib3.connectionpool:Starting new HTTP connection (1): apis.data.go.kr:80
DEBUG:urllib3.connectionpool:http://apis.data.go.kr:80 "GET /B553077/api/open/sdsc/storeListInDong?divId=signguCd&key=44800&ServiceKey=mzv%2B5nKLrKuD%2BmQQsQNPL9WTK%2B%2Bv2TmZhLsfKQ94z9xgb1RpWBP17HLSPzxlwwYugsmNqEOJqSxKVAXxdImgXg%3D%3D&type=json HTTP/1.1" 200 3840
DEBUG:urllib3.connectionpool:Starting new HTTP connection (1): apis.data.go.kr:80
DEBUG:urllib3.connectionpool:http://apis.data.go.kr:80 "GET /B553077/api/open/sdsc/baroApi?resId=dong&catId=cty&ctprvnCd=45&ServiceKey=mzv%2B5nKLrKuD%2BmQQsQNPL9WTK%2B%2Bv2TmZhLsfKQ94z9xgb1RpWBP17HLSPzxlwwYugsmNqEOJqSxKVAXxdImgXg%3D%3D&type=json HTTP/1.1" 200 483
DEBUG:urllib3.connectionpool:Starting new HTTP connection (1): apis.data.go.kr:80
DEBUG:urllib3.connectionpool:http://apis.data.go.kr:80 "GET /B553077/api/open/sdsc/storeListInDong?divId=signguCd&key=45720&ServiceKey=mzv%2B5nKLrKuD%2BmQQsQNPL9WTK%2B%2Bv2TmZhLsfKQ94z9xgb1RpWBP17HLSPzxlwwYugsmNqEOJqSxKVAXxdImgXg%3D%3D&type=json HTTP/1.1" 200 3787
DEBUG:urllib3.connectionpool:Starting new HTTP connection (1): apis.data.go.kr:80
DEBUG:urllib3.connectionpool:http://apis.data.go.kr:80 "GET /B553077/api/open/sdsc/baroApi?resId=dong&catId=cty&ctprvnCd=45&ServiceKey=mzv%2B5nKLrKuD%2BmQQsQNPL9WTK%2B%2Bv2TmZhLsfKQ94z9xgb1RpWBP17HLSPzxlwwYugsmNqEOJqSxKVAXxdImgXg%3D%3D&type=json HTTP/1.1" 200 483
DEBUG:urllib3.connectionpool:Starting new HTTP connection (1): apis.data.go.kr:80
DEBUG:urllib3.connectionpool:http://apis.data.go.kr:80 "GET /B553077/api/open/sdsc/storeListInDong?divId=signguCd&key=45720&ServiceKey=mzv%2B5nKLrKuD%2BmQQsQNPL9WTK%2B%2Bv2TmZhLsfKQ94z9xgb1RpWBP17HLSPzxlwwYugsmNqEOJqSxKVAXxdImgXg%3D%3D&type=json HTTP/1.1" 200 3787
DEBUG:urllib3.connectionpool:Starting new HTTP connection (1): apis.data.go.kr:80
DEBUG:urllib3.connectionpool:http://apis.data.go.kr:80 "GET /B553077/api/open/sdsc/baroApi?resId=dong&catId=cty&ctprvnCd=48&ServiceKey=mzv%2B5nKLrKuD%2BmQQsQNPL9WTK%2B%2Bv2TmZhLsfKQ94z9xgb1RpWBP17HLSPzxlwwYugsmNqEOJqSxKVAXxdImgXg%3D%3D&type=json HTTP/1.1" 200 565
DEBUG:urllib3.connectionpool:Starting new HTTP connection (1): apis.data.go.kr:80
DEBUG:urllib3.connectionpool:http://apis.data.go.kr:80 "GET /B553077/api/open/sdsc/storeListInDong?divId=signguCd&key=48890&ServiceKey=mzv%2B5nKLrKuD%2BmQQsQNPL9WTK%2B%2Bv2TmZhLsfKQ94z9xgb1RpWBP17HLSPzxlwwYugsmNqEOJqSxKVAXxdImgXg%3D%3D&type=json HTTP/1.1" 200 3866
INFO:werkzeug:127.0.0.1 - - [12/Dec/2019 20:20:02] "POST /menus/travel HTTP/1.1" 200 -
INFO:werkzeug: * Detected change in 'C:\\Users\\hbill\\PycharmProjects\\web_service\\views\\menus.py', reloading
INFO:werkzeug: * Restarting with stat
INFO:root:Flask Web Server Started
WARNING:werkzeug: * Debugger is active!
INFO:werkzeug: * Debugger PIN: 505-006-647
INFO:werkzeug: * Running on http://0.0.0.0:8080/ (Press CTRL+C to quit)
INFO:root:Flask Web Server Started
INFO:werkzeug: * Restarting with stat
INFO:root:Flask Web Server Started
WARNING:werkzeug: * Debugger is active!
INFO:werkzeug: * Debugger PIN: 505-006-647
INFO:werkzeug: * Running on http://0.0.0.0:8080/ (Press CTRL+C to quit)
DEBUG:urllib3.connectionpool:Starting new HTTP connection (1): api.visitkorea.or.kr:80
DEBUG:urllib3.connectionpool:http://api.visitkorea.or.kr:80 "GET /openapi/service/rest/KorService/searchKeyword?ServiceKey=mzv%2B5nKLrKuD%2BmQQsQNPL9WTK%2B%2Bv2TmZhLsfKQ94z9xgb1RpWBP17HLSPzxlwwYugsmNqEOJqSxKVAXxdImgXg%3D%3D&keyword=%EA%B3%84%EA%B3%A1&listYN=Y&arrange=A&MobileOS=ETC&MobileApp=AppTest&_type=json HTTP/1.1" 200 4755
DEBUG:urllib3.connectionpool:Starting new HTTP connection (1): apis.data.go.kr:80
DEBUG:urllib3.connectionpool:http://apis.data.go.kr:80 "GET /B553077/api/open/sdsc/baroApi?resId=dong&catId=cty&ctprvnCd=46&ServiceKey=mzv%2B5nKLrKuD%2BmQQsQNPL9WTK%2B%2Bv2TmZhLsfKQ94z9xgb1RpWBP17HLSPzxlwwYugsmNqEOJqSxKVAXxdImgXg%3D%3D&type=json HTTP/1.1" 200 544
DEBUG:urllib3.connectionpool:Starting new HTTP connection (1): apis.data.go.kr:80
DEBUG:urllib3.connectionpool:http://apis.data.go.kr:80 "GET /B553077/api/open/sdsc/storeListInDong?divId=signguCd&key=46790&ServiceKey=mzv%2B5nKLrKuD%2BmQQsQNPL9WTK%2B%2Bv2TmZhLsfKQ94z9xgb1RpWBP17HLSPzxlwwYugsmNqEOJqSxKVAXxdImgXg%3D%3D&type=json HTTP/1.1" 200 3552
DEBUG:urllib3.connectionpool:Starting new HTTP connection (1): apis.data.go.kr:80
DEBUG:urllib3.connectionpool:http://apis.data.go.kr:80 "GET /B553077/api/open/sdsc/baroApi?resId=dong&catId=cty&ctprvnCd=45&ServiceKey=mzv%2B5nKLrKuD%2BmQQsQNPL9WTK%2B%2Bv2TmZhLsfKQ94z9xgb1RpWBP17HLSPzxlwwYugsmNqEOJqSxKVAXxdImgXg%3D%3D&type=json HTTP/1.1" 200 483
DEBUG:urllib3.connectionpool:Starting new HTTP connection (1): apis.data.go.kr:80
DEBUG:urllib3.connectionpool:http://apis.data.go.kr:80 "GET /B553077/api/open/sdsc/storeListInDong?divId=signguCd&key=45720&ServiceKey=mzv%2B5nKLrKuD%2BmQQsQNPL9WTK%2B%2Bv2TmZhLsfKQ94z9xgb1RpWBP17HLSPzxlwwYugsmNqEOJqSxKVAXxdImgXg%3D%3D&type=json HTTP/1.1" 200 3787
DEBUG:urllib3.connectionpool:Starting new HTTP connection (1): apis.data.go.kr:80
DEBUG:urllib3.connectionpool:http://apis.data.go.kr:80 "GET /B553077/api/open/sdsc/baroApi?resId=dong&catId=cty&ctprvnCd=42&ServiceKey=mzv%2B5nKLrKuD%2BmQQsQNPL9WTK%2B%2Bv2TmZhLsfKQ94z9xgb1RpWBP17HLSPzxlwwYugsmNqEOJqSxKVAXxdImgXg%3D%3D&type=json HTTP/1.1" 200 504
DEBUG:urllib3.connectionpool:Starting new HTTP connection (1): apis.data.go.kr:80
DEBUG:urllib3.connectionpool:http://apis.data.go.kr:80 "GET /B553077/api/open/sdsc/storeListInDong?divId=signguCd&key=42730&ServiceKey=mzv%2B5nKLrKuD%2BmQQsQNPL9WTK%2B%2Bv2TmZhLsfKQ94z9xgb1RpWBP17HLSPzxlwwYugsmNqEOJqSxKVAXxdImgXg%3D%3D&type=json HTTP/1.1" 200 4002
DEBUG:urllib3.connectionpool:Starting new HTTP connection (1): apis.data.go.kr:80
DEBUG:urllib3.connectionpool:http://apis.data.go.kr:80 "GET /B553077/api/open/sdsc/baroApi?resId=dong&catId=cty&ctprvnCd=45&ServiceKey=mzv%2B5nKLrKuD%2BmQQsQNPL9WTK%2B%2Bv2TmZhLsfKQ94z9xgb1RpWBP17HLSPzxlwwYugsmNqEOJqSxKVAXxdImgXg%3D%3D&type=json HTTP/1.1" 200 483
DEBUG:urllib3.connectionpool:Starting new HTTP connection (1): apis.data.go.kr:80
DEBUG:urllib3.connectionpool:http://apis.data.go.kr:80 "GET /B553077/api/open/sdsc/storeListInDong?divId=signguCd&key=45720&ServiceKey=mzv%2B5nKLrKuD%2BmQQsQNPL9WTK%2B%2Bv2TmZhLsfKQ94z9xgb1RpWBP17HLSPzxlwwYugsmNqEOJqSxKVAXxdImgXg%3D%3D&type=json HTTP/1.1" 200 3787
DEBUG:urllib3.connectionpool:Starting new HTTP connection (1): apis.data.go.kr:80
DEBUG:urllib3.connectionpool:http://apis.data.go.kr:80 "GET /B553077/api/open/sdsc/baroApi?resId=dong&catId=cty&ctprvnCd=43&ServiceKey=mzv%2B5nKLrKuD%2BmQQsQNPL9WTK%2B%2Bv2TmZhLsfKQ94z9xgb1RpWBP17HLSPzxlwwYugsmNqEOJqSxKVAXxdImgXg%3D%3D&type=json HTTP/1.1" 200 474
DEBUG:urllib3.connectionpool:Starting new HTTP connection (1): apis.data.go.kr:80
DEBUG:urllib3.connectionpool:http://apis.data.go.kr:80 "GET /B553077/api/open/sdsc/storeListInDong?divId=signguCd&key=43130&ServiceKey=mzv%2B5nKLrKuD%2BmQQsQNPL9WTK%2B%2Bv2TmZhLsfKQ94z9xgb1RpWBP17HLSPzxlwwYugsmNqEOJqSxKVAXxdImgXg%3D%3D&type=json HTTP/1.1" 200 4158
DEBUG:urllib3.connectionpool:Starting new HTTP connection (1): apis.data.go.kr:80
DEBUG:urllib3.connectionpool:http://apis.data.go.kr:80 "GET /B553077/api/open/sdsc/baroApi?resId=dong&catId=cty&ctprvnCd=42&ServiceKey=mzv%2B5nKLrKuD%2BmQQsQNPL9WTK%2B%2Bv2TmZhLsfKQ94z9xgb1RpWBP17HLSPzxlwwYugsmNqEOJqSxKVAXxdImgXg%3D%3D&type=json HTTP/1.1" 200 504
DEBUG:urllib3.connectionpool:Starting new HTTP connection (1): apis.data.go.kr:80
DEBUG:urllib3.connectionpool:http://apis.data.go.kr:80 "GET /B553077/api/open/sdsc/storeListInDong?divId=signguCd&key=42730&ServiceKey=mzv%2B5nKLrKuD%2BmQQsQNPL9WTK%2B%2Bv2TmZhLsfKQ94z9xgb1RpWBP17HLSPzxlwwYugsmNqEOJqSxKVAXxdImgXg%3D%3D&type=json HTTP/1.1" 200 4002
DEBUG:urllib3.connectionpool:Starting new HTTP connection (1): apis.data.go.kr:80
DEBUG:urllib3.connectionpool:http://apis.data.go.kr:80 "GET /B553077/api/open/sdsc/baroApi?resId=dong&catId=cty&ctprvnCd=44&ServiceKey=mzv%2B5nKLrKuD%2BmQQsQNPL9WTK%2B%2Bv2TmZhLsfKQ94z9xgb1RpWBP17HLSPzxlwwYugsmNqEOJqSxKVAXxdImgXg%3D%3D&type=json HTTP/1.1" 200 497
DEBUG:urllib3.connectionpool:Starting new HTTP connection (1): apis.data.go.kr:80
DEBUG:urllib3.connectionpool:http://apis.data.go.kr:80 "GET /B553077/api/open/sdsc/storeListInDong?divId=signguCd&key=44800&ServiceKey=mzv%2B5nKLrKuD%2BmQQsQNPL9WTK%2B%2Bv2TmZhLsfKQ94z9xgb1RpWBP17HLSPzxlwwYugsmNqEOJqSxKVAXxdImgXg%3D%3D&type=json HTTP/1.1" 200 3840
DEBUG:urllib3.connectionpool:Starting new HTTP connection (1): apis.data.go.kr:80
DEBUG:urllib3.connectionpool:http://apis.data.go.kr:80 "GET /B553077/api/open/sdsc/baroApi?resId=dong&catId=cty&ctprvnCd=45&ServiceKey=mzv%2B5nKLrKuD%2BmQQsQNPL9WTK%2B%2Bv2TmZhLsfKQ94z9xgb1RpWBP17HLSPzxlwwYugsmNqEOJqSxKVAXxdImgXg%3D%3D&type=json HTTP/1.1" 200 483
DEBUG:urllib3.connectionpool:Starting new HTTP connection (1): apis.data.go.kr:80
DEBUG:urllib3.connectionpool:http://apis.data.go.kr:80 "GET /B553077/api/open/sdsc/storeListInDong?divId=signguCd&key=45720&ServiceKey=mzv%2B5nKLrKuD%2BmQQsQNPL9WTK%2B%2Bv2TmZhLsfKQ94z9xgb1RpWBP17HLSPzxlwwYugsmNqEOJqSxKVAXxdImgXg%3D%3D&type=json HTTP/1.1" 200 3787
DEBUG:urllib3.connectionpool:Starting new HTTP connection (1): apis.data.go.kr:80
DEBUG:urllib3.connectionpool:http://apis.data.go.kr:80 "GET /B553077/api/open/sdsc/baroApi?resId=dong&catId=cty&ctprvnCd=45&ServiceKey=mzv%2B5nKLrKuD%2BmQQsQNPL9WTK%2B%2Bv2TmZhLsfKQ94z9xgb1RpWBP17HLSPzxlwwYugsmNqEOJqSxKVAXxdImgXg%3D%3D&type=json HTTP/1.1" 200 483
DEBUG:urllib3.connectionpool:Starting new HTTP connection (1): apis.data.go.kr:80
DEBUG:urllib3.connectionpool:http://apis.data.go.kr:80 "GET /B553077/api/open/sdsc/storeListInDong?divId=signguCd&key=45720&ServiceKey=mzv%2B5nKLrKuD%2BmQQsQNPL9WTK%2B%2Bv2TmZhLsfKQ94z9xgb1RpWBP17HLSPzxlwwYugsmNqEOJqSxKVAXxdImgXg%3D%3D&type=json HTTP/1.1" 200 3787
DEBUG:urllib3.connectionpool:Starting new HTTP connection (1): apis.data.go.kr:80
DEBUG:urllib3.connectionpool:http://apis.data.go.kr:80 "GET /B553077/api/open/sdsc/baroApi?resId=dong&catId=cty&ctprvnCd=48&ServiceKey=mzv%2B5nKLrKuD%2BmQQsQNPL9WTK%2B%2Bv2TmZhLsfKQ94z9xgb1RpWBP17HLSPzxlwwYugsmNqEOJqSxKVAXxdImgXg%3D%3D&type=json HTTP/1.1" 200 565
DEBUG:urllib3.connectionpool:Starting new HTTP connection (1): apis.data.go.kr:80
DEBUG:urllib3.connectionpool:http://apis.data.go.kr:80 "GET /B553077/api/open/sdsc/storeListInDong?divId=signguCd&key=48890&ServiceKey=mzv%2B5nKLrKuD%2BmQQsQNPL9WTK%2B%2Bv2TmZhLsfKQ94z9xgb1RpWBP17HLSPzxlwwYugsmNqEOJqSxKVAXxdImgXg%3D%3D&type=json HTTP/1.1" 200 3866
INFO:werkzeug:127.0.0.1 - - [12/Dec/2019 20:24:37] "POST /menus/travel HTTP/1.1" 200 -
INFO:werkzeug: * Detected change in 'C:\\Users\\hbill\\PycharmProjects\\web_service\\views\\menus.py', reloading
INFO:werkzeug: * Restarting with stat
INFO:root:Flask Web Server Started
INFO:werkzeug: * Restarting with stat
INFO:root:Flask Web Server Started
WARNING:werkzeug: * Debugger is active!
INFO:werkzeug: * Debugger PIN: 505-006-647
INFO:werkzeug: * Running on http://0.0.0.0:8080/ (Press CTRL+C to quit)
INFO:werkzeug:127.0.0.1 - - [12/Dec/2019 20:29:19] "GET /menus/travel HTTP/1.1" 200 -
DEBUG:urllib3.connectionpool:Starting new HTTP connection (1): api.visitkorea.or.kr:80
DEBUG:urllib3.connectionpool:http://api.visitkorea.or.kr:80 "GET /openapi/service/rest/KorService/searchKeyword?ServiceKey=mzv%2B5nKLrKuD%2BmQQsQNPL9WTK%2B%2Bv2TmZhLsfKQ94z9xgb1RpWBP17HLSPzxlwwYugsmNqEOJqSxKVAXxdImgXg%3D%3D&keyword=%EA%B3%84%EA%B3%A1&listYN=Y&arrange=A&MobileOS=ETC&MobileApp=AppTest&_type=json HTTP/1.1" 200 4755
DEBUG:urllib3.connectionpool:Starting new HTTP connection (1): apis.data.go.kr:80
DEBUG:urllib3.connectionpool:http://apis.data.go.kr:80 "GET /B553077/api/open/sdsc/baroApi?resId=dong&catId=cty&ctprvnCd=46&ServiceKey=mzv%2B5nKLrKuD%2BmQQsQNPL9WTK%2B%2Bv2TmZhLsfKQ94z9xgb1RpWBP17HLSPzxlwwYugsmNqEOJqSxKVAXxdImgXg%3D%3D&type=json HTTP/1.1" 200 544
DEBUG:urllib3.connectionpool:Starting new HTTP connection (1): apis.data.go.kr:80
DEBUG:urllib3.connectionpool:http://apis.data.go.kr:80 "GET /B553077/api/open/sdsc/storeListInDong?divId=signguCd&key=46790&ServiceKey=mzv%2B5nKLrKuD%2BmQQsQNPL9WTK%2B%2Bv2TmZhLsfKQ94z9xgb1RpWBP17HLSPzxlwwYugsmNqEOJqSxKVAXxdImgXg%3D%3D&type=json HTTP/1.1" 200 3552
INFO:werkzeug:127.0.0.1 - - [12/Dec/2019 20:29:23] "POST /menus/travel HTTP/1.1" 500 -
INFO:werkzeug:127.0.0.1 - - [12/Dec/2019 20:29:23] "GET /menus/travel?__debugger__=yes&cmd=resource&f=style.css HTTP/1.1" 200 -
INFO:werkzeug:127.0.0.1 - - [12/Dec/2019 20:29:23] "GET /menus/travel?__debugger__=yes&cmd=resource&f=jquery.js HTTP/1.1" 200 -
INFO:werkzeug:127.0.0.1 - - [12/Dec/2019 20:29:23] "GET /menus/travel?__debugger__=yes&cmd=resource&f=debugger.js HTTP/1.1" 200 -
INFO:werkzeug:127.0.0.1 - - [12/Dec/2019 20:29:23] "GET /menus/travel?__debugger__=yes&cmd=resource&f=ubuntu.ttf HTTP/1.1" 200 -
INFO:werkzeug:127.0.0.1 - - [12/Dec/2019 20:29:24] "GET /menus/travel?__debugger__=yes&cmd=resource&f=console.png HTTP/1.1" 200 -
INFO:werkzeug:127.0.0.1 - - [12/Dec/2019 20:29:24] "GET /menus/travel?__debugger__=yes&cmd=resource&f=console.png HTTP/1.1" 200 -
INFO:werkzeug: * Detected change in 'C:\\Users\\hbill\\PycharmProjects\\web_service\\views\\menus.py', reloading
INFO:werkzeug: * Restarting with stat
INFO:root:Flask Web Server Started
WARNING:werkzeug: * Debugger is active!
INFO:werkzeug: * Debugger PIN: 505-006-647
INFO:werkzeug: * Running on http://0.0.0.0:8080/ (Press CTRL+C to quit)
DEBUG:urllib3.connectionpool:Starting new HTTP connection (1): api.visitkorea.or.kr:80
DEBUG:urllib3.connectionpool:http://api.visitkorea.or.kr:80 "GET /openapi/service/rest/KorService/searchKeyword?ServiceKey=mzv%2B5nKLrKuD%2BmQQsQNPL9WTK%2B%2Bv2TmZhLsfKQ94z9xgb1RpWBP17HLSPzxlwwYugsmNqEOJqSxKVAXxdImgXg%3D%3D&keyword=%EA%B3%84%EA%B3%A1&listYN=Y&arrange=A&MobileOS=ETC&MobileApp=AppTest&_type=json HTTP/1.1" 200 4755
DEBUG:urllib3.connectionpool:Starting new HTTP connection (1): apis.data.go.kr:80
DEBUG:urllib3.connectionpool:http://apis.data.go.kr:80 "GET /B553077/api/open/sdsc/baroApi?resId=dong&catId=cty&ctprvnCd=46&ServiceKey=mzv%2B5nKLrKuD%2BmQQsQNPL9WTK%2B%2Bv2TmZhLsfKQ94z9xgb1RpWBP17HLSPzxlwwYugsmNqEOJqSxKVAXxdImgXg%3D%3D&type=json HTTP/1.1" 200 544
DEBUG:urllib3.connectionpool:Starting new HTTP connection (1): apis.data.go.kr:80
DEBUG:urllib3.connectionpool:http://apis.data.go.kr:80 "GET /B553077/api/open/sdsc/storeListInDong?divId=signguCd&key=46790&ServiceKey=mzv%2B5nKLrKuD%2BmQQsQNPL9WTK%2B%2Bv2TmZhLsfKQ94z9xgb1RpWBP17HLSPzxlwwYugsmNqEOJqSxKVAXxdImgXg%3D%3D&type=json HTTP/1.1" 200 3552
INFO:werkzeug:127.0.0.1 - - [12/Dec/2019 20:34:24] "POST /menus/travel HTTP/1.1" 200 -
INFO:werkzeug: * Detected change in 'C:\\Users\\hbill\\PycharmProjects\\web_service\\views\\menus.py', reloading
INFO:werkzeug: * Restarting with stat
INFO:root:Flask Web Server Started
WARNING:werkzeug: * Debugger is active!
INFO:werkzeug: * Debugger PIN: 505-006-647
INFO:werkzeug: * Running on http://0.0.0.0:8080/ (Press CTRL+C to quit)
INFO:werkzeug: * Detected change in 'C:\\Users\\hbill\\PycharmProjects\\web_service\\views\\menus.py', reloading
INFO:werkzeug: * Restarting with stat
INFO:root:Flask Web Server Started
WARNING:werkzeug: * Debugger is active!
INFO:werkzeug: * Debugger PIN: 505-006-647
INFO:werkzeug: * Running on http://0.0.0.0:8080/ (Press CTRL+C to quit)
DEBUG:urllib3.connectionpool:Starting new HTTP connection (1): api.visitkorea.or.kr:80
DEBUG:urllib3.connectionpool:http://api.visitkorea.or.kr:80 "GET /openapi/service/rest/KorService/searchKeyword?ServiceKey=mzv%2B5nKLrKuD%2BmQQsQNPL9WTK%2B%2Bv2TmZhLsfKQ94z9xgb1RpWBP17HLSPzxlwwYugsmNqEOJqSxKVAXxdImgXg%3D%3D&keyword=%EA%B3%84%EA%B3%A1&listYN=Y&arrange=A&MobileOS=ETC&MobileApp=AppTest&_type=json HTTP/1.1" 200 4755
DEBUG:urllib3.connectionpool:Starting new HTTP connection (1): apis.data.go.kr:80
DEBUG:urllib3.connectionpool:http://apis.data.go.kr:80 "GET /B553077/api/open/sdsc/baroApi?resId=dong&catId=cty&ctprvnCd=46&ServiceKey=mzv%2B5nKLrKuD%2BmQQsQNPL9WTK%2B%2Bv2TmZhLsfKQ94z9xgb1RpWBP17HLSPzxlwwYugsmNqEOJqSxKVAXxdImgXg%3D%3D&type=json HTTP/1.1" 200 544
DEBUG:urllib3.connectionpool:Starting new HTTP connection (1): apis.data.go.kr:80
DEBUG:urllib3.connectionpool:http://apis.data.go.kr:80 "GET /B553077/api/open/sdsc/storeListInDong?divId=signguCd&key=46790&ServiceKey=mzv%2B5nKLrKuD%2BmQQsQNPL9WTK%2B%2Bv2TmZhLsfKQ94z9xgb1RpWBP17HLSPzxlwwYugsmNqEOJqSxKVAXxdImgXg%3D%3D&type=json HTTP/1.1" 200 3552
DEBUG:urllib3.connectionpool:Starting new HTTP connection (1): apis.data.go.kr:80
DEBUG:urllib3.connectionpool:http://apis.data.go.kr:80 "GET /B553077/api/open/sdsc/baroApi?resId=dong&catId=cty&ctprvnCd=45&ServiceKey=mzv%2B5nKLrKuD%2BmQQsQNPL9WTK%2B%2Bv2TmZhLsfKQ94z9xgb1RpWBP17HLSPzxlwwYugsmNqEOJqSxKVAXxdImgXg%3D%3D&type=json HTTP/1.1" 200 483
DEBUG:urllib3.connectionpool:Starting new HTTP connection (1): apis.data.go.kr:80
DEBUG:urllib3.connectionpool:http://apis.data.go.kr:80 "GET /B553077/api/open/sdsc/storeListInDong?divId=signguCd&key=45720&ServiceKey=mzv%2B5nKLrKuD%2BmQQsQNPL9WTK%2B%2Bv2TmZhLsfKQ94z9xgb1RpWBP17HLSPzxlwwYugsmNqEOJqSxKVAXxdImgXg%3D%3D&type=json HTTP/1.1" 200 3787
DEBUG:urllib3.connectionpool:Starting new HTTP connection (1): apis.data.go.kr:80
DEBUG:urllib3.connectionpool:http://apis.data.go.kr:80 "GET /B553077/api/open/sdsc/baroApi?resId=dong&catId=cty&ctprvnCd=42&ServiceKey=mzv%2B5nKLrKuD%2BmQQsQNPL9WTK%2B%2Bv2TmZhLsfKQ94z9xgb1RpWBP17HLSPzxlwwYugsmNqEOJqSxKVAXxdImgXg%3D%3D&type=json HTTP/1.1" 200 504
DEBUG:urllib3.connectionpool:Starting new HTTP connection (1): apis.data.go.kr:80
DEBUG:urllib3.connectionpool:http://apis.data.go.kr:80 "GET /B553077/api/open/sdsc/storeListInDong?divId=signguCd&key=42730&ServiceKey=mzv%2B5nKLrKuD%2BmQQsQNPL9WTK%2B%2Bv2TmZhLsfKQ94z9xgb1RpWBP17HLSPzxlwwYugsmNqEOJqSxKVAXxdImgXg%3D%3D&type=json HTTP/1.1" 200 4002
DEBUG:urllib3.connectionpool:Starting new HTTP connection (1): apis.data.go.kr:80
DEBUG:urllib3.connectionpool:http://apis.data.go.kr:80 "GET /B553077/api/open/sdsc/baroApi?resId=dong&catId=cty&ctprvnCd=45&ServiceKey=mzv%2B5nKLrKuD%2BmQQsQNPL9WTK%2B%2Bv2TmZhLsfKQ94z9xgb1RpWBP17HLSPzxlwwYugsmNqEOJqSxKVAXxdImgXg%3D%3D&type=json HTTP/1.1" 200 483
DEBUG:urllib3.connectionpool:Starting new HTTP connection (1): apis.data.go.kr:80
DEBUG:urllib3.connectionpool:http://apis.data.go.kr:80 "GET /B553077/api/open/sdsc/storeListInDong?divId=signguCd&key=45720&ServiceKey=mzv%2B5nKLrKuD%2BmQQsQNPL9WTK%2B%2Bv2TmZhLsfKQ94z9xgb1RpWBP17HLSPzxlwwYugsmNqEOJqSxKVAXxdImgXg%3D%3D&type=json HTTP/1.1" 200 3787
DEBUG:urllib3.connectionpool:Starting new HTTP connection (1): apis.data.go.kr:80
DEBUG:urllib3.connectionpool:http://apis.data.go.kr:80 "GET /B553077/api/open/sdsc/baroApi?resId=dong&catId=cty&ctprvnCd=43&ServiceKey=mzv%2B5nKLrKuD%2BmQQsQNPL9WTK%2B%2Bv2TmZhLsfKQ94z9xgb1RpWBP17HLSPzxlwwYugsmNqEOJqSxKVAXxdImgXg%3D%3D&type=json HTTP/1.1" 200 474
DEBUG:urllib3.connectionpool:Starting new HTTP connection (1): apis.data.go.kr:80
DEBUG:urllib3.connectionpool:http://apis.data.go.kr:80 "GET /B553077/api/open/sdsc/storeListInDong?divId=signguCd&key=43130&ServiceKey=mzv%2B5nKLrKuD%2BmQQsQNPL9WTK%2B%2Bv2TmZhLsfKQ94z9xgb1RpWBP17HLSPzxlwwYugsmNqEOJqSxKVAXxdImgXg%3D%3D&type=json HTTP/1.1" 200 4158
DEBUG:urllib3.connectionpool:Starting new HTTP connection (1): apis.data.go.kr:80
DEBUG:urllib3.connectionpool:http://apis.data.go.kr:80 "GET /B553077/api/open/sdsc/baroApi?resId=dong&catId=cty&ctprvnCd=42&ServiceKey=mzv%2B5nKLrKuD%2BmQQsQNPL9WTK%2B%2Bv2TmZhLsfKQ94z9xgb1RpWBP17HLSPzxlwwYugsmNqEOJqSxKVAXxdImgXg%3D%3D&type=json HTTP/1.1" 200 504
DEBUG:urllib3.connectionpool:Starting new HTTP connection (1): apis.data.go.kr:80
DEBUG:urllib3.connectionpool:http://apis.data.go.kr:80 "GET /B553077/api/open/sdsc/storeListInDong?divId=signguCd&key=42730&ServiceKey=mzv%2B5nKLrKuD%2BmQQsQNPL9WTK%2B%2Bv2TmZhLsfKQ94z9xgb1RpWBP17HLSPzxlwwYugsmNqEOJqSxKVAXxdImgXg%3D%3D&type=json HTTP/1.1" 200 4002
DEBUG:urllib3.connectionpool:Starting new HTTP connection (1): apis.data.go.kr:80
DEBUG:urllib3.connectionpool:http://apis.data.go.kr:80 "GET /B553077/api/open/sdsc/baroApi?resId=dong&catId=cty&ctprvnCd=44&ServiceKey=mzv%2B5nKLrKuD%2BmQQsQNPL9WTK%2B%2Bv2TmZhLsfKQ94z9xgb1RpWBP17HLSPzxlwwYugsmNqEOJqSxKVAXxdImgXg%3D%3D&type=json HTTP/1.1" 200 497
DEBUG:urllib3.connectionpool:Starting new HTTP connection (1): apis.data.go.kr:80
DEBUG:urllib3.connectionpool:http://apis.data.go.kr:80 "GET /B553077/api/open/sdsc/storeListInDong?divId=signguCd&key=44800&ServiceKey=mzv%2B5nKLrKuD%2BmQQsQNPL9WTK%2B%2Bv2TmZhLsfKQ94z9xgb1RpWBP17HLSPzxlwwYugsmNqEOJqSxKVAXxdImgXg%3D%3D&type=json HTTP/1.1" 200 3840
DEBUG:urllib3.connectionpool:Starting new HTTP connection (1): apis.data.go.kr:80
DEBUG:urllib3.connectionpool:http://apis.data.go.kr:80 "GET /B553077/api/open/sdsc/baroApi?resId=dong&catId=cty&ctprvnCd=45&ServiceKey=mzv%2B5nKLrKuD%2BmQQsQNPL9WTK%2B%2Bv2TmZhLsfKQ94z9xgb1RpWBP17HLSPzxlwwYugsmNqEOJqSxKVAXxdImgXg%3D%3D&type=json HTTP/1.1" 200 483
DEBUG:urllib3.connectionpool:Starting new HTTP connection (1): apis.data.go.kr:80
DEBUG:urllib3.connectionpool:http://apis.data.go.kr:80 "GET /B553077/api/open/sdsc/storeListInDong?divId=signguCd&key=45720&ServiceKey=mzv%2B5nKLrKuD%2BmQQsQNPL9WTK%2B%2Bv2TmZhLsfKQ94z9xgb1RpWBP17HLSPzxlwwYugsmNqEOJqSxKVAXxdImgXg%3D%3D&type=json HTTP/1.1" 200 3787
DEBUG:urllib3.connectionpool:Starting new HTTP connection (1): apis.data.go.kr:80
DEBUG:urllib3.connectionpool:http://apis.data.go.kr:80 "GET /B553077/api/open/sdsc/baroApi?resId=dong&catId=cty&ctprvnCd=45&ServiceKey=mzv%2B5nKLrKuD%2BmQQsQNPL9WTK%2B%2Bv2TmZhLsfKQ94z9xgb1RpWBP17HLSPzxlwwYugsmNqEOJqSxKVAXxdImgXg%3D%3D&type=json HTTP/1.1" 200 483
DEBUG:urllib3.connectionpool:Starting new HTTP connection (1): apis.data.go.kr:80
DEBUG:urllib3.connectionpool:http://apis.data.go.kr:80 "GET /B553077/api/open/sdsc/storeListInDong?divId=signguCd&key=45720&ServiceKey=mzv%2B5nKLrKuD%2BmQQsQNPL9WTK%2B%2Bv2TmZhLsfKQ94z9xgb1RpWBP17HLSPzxlwwYugsmNqEOJqSxKVAXxdImgXg%3D%3D&type=json HTTP/1.1" 200 3787
DEBUG:urllib3.connectionpool:Starting new HTTP connection (1): apis.data.go.kr:80
DEBUG:urllib3.connectionpool:http://apis.data.go.kr:80 "GET /B553077/api/open/sdsc/baroApi?resId=dong&catId=cty&ctprvnCd=48&ServiceKey=mzv%2B5nKLrKuD%2BmQQsQNPL9WTK%2B%2Bv2TmZhLsfKQ94z9xgb1RpWBP17HLSPzxlwwYugsmNqEOJqSxKVAXxdImgXg%3D%3D&type=json HTTP/1.1" 200 565
DEBUG:urllib3.connectionpool:Starting new HTTP connection (1): apis.data.go.kr:80
DEBUG:urllib3.connectionpool:http://apis.data.go.kr:80 "GET /B553077/api/open/sdsc/storeListInDong?divId=signguCd&key=48890&ServiceKey=mzv%2B5nKLrKuD%2BmQQsQNPL9WTK%2B%2Bv2TmZhLsfKQ94z9xgb1RpWBP17HLSPzxlwwYugsmNqEOJqSxKVAXxdImgXg%3D%3D&type=json HTTP/1.1" 200 3866
INFO:werkzeug:127.0.0.1 - - [12/Dec/2019 20:35:21] "POST /menus/travel HTTP/1.1" 200 -
INFO:werkzeug:127.0.0.1 - - [12/Dec/2019 20:37:57] "GET / HTTP/1.1" 200 -
INFO:werkzeug:127.0.0.1 - - [12/Dec/2019 20:38:32] "POST /menus/image HTTP/1.1" 404 -
DEBUG:urllib3.connectionpool:Starting new HTTP connection (1): api.visitkorea.or.kr:80
DEBUG:urllib3.connectionpool:http://api.visitkorea.or.kr:80 "GET /openapi/service/rest/KorService/searchKeyword?ServiceKey=mzv%2B5nKLrKuD%2BmQQsQNPL9WTK%2B%2Bv2TmZhLsfKQ94z9xgb1RpWBP17HLSPzxlwwYugsmNqEOJqSxKVAXxdImgXg%3D%3D&keyword=%EA%B3%84%EA%B3%A1&listYN=Y&arrange=A&MobileOS=ETC&MobileApp=AppTest&_type=json HTTP/1.1" 200 4755
DEBUG:urllib3.connectionpool:Starting new HTTP connection (1): apis.data.go.kr:80
DEBUG:urllib3.connectionpool:http://apis.data.go.kr:80 "GET /B553077/api/open/sdsc/baroApi?resId=dong&catId=cty&ctprvnCd=46&ServiceKey=mzv%2B5nKLrKuD%2BmQQsQNPL9WTK%2B%2Bv2TmZhLsfKQ94z9xgb1RpWBP17HLSPzxlwwYugsmNqEOJqSxKVAXxdImgXg%3D%3D&type=json HTTP/1.1" 200 544
DEBUG:urllib3.connectionpool:Starting new HTTP connection (1): apis.data.go.kr:80
DEBUG:urllib3.connectionpool:http://apis.data.go.kr:80 "GET /B553077/api/open/sdsc/storeListInDong?divId=signguCd&key=46790&ServiceKey=mzv%2B5nKLrKuD%2BmQQsQNPL9WTK%2B%2Bv2TmZhLsfKQ94z9xgb1RpWBP17HLSPzxlwwYugsmNqEOJqSxKVAXxdImgXg%3D%3D&type=json HTTP/1.1" 200 3552
DEBUG:urllib3.connectionpool:Starting new HTTP connection (1): apis.data.go.kr:80
DEBUG:urllib3.connectionpool:http://apis.data.go.kr:80 "GET /B553077/api/open/sdsc/baroApi?resId=dong&catId=cty&ctprvnCd=45&ServiceKey=mzv%2B5nKLrKuD%2BmQQsQNPL9WTK%2B%2Bv2TmZhLsfKQ94z9xgb1RpWBP17HLSPzxlwwYugsmNqEOJqSxKVAXxdImgXg%3D%3D&type=json HTTP/1.1" 200 483
DEBUG:urllib3.connectionpool:Starting new HTTP connection (1): apis.data.go.kr:80
DEBUG:urllib3.connectionpool:http://apis.data.go.kr:80 "GET /B553077/api/open/sdsc/storeListInDong?divId=signguCd&key=45720&ServiceKey=mzv%2B5nKLrKuD%2BmQQsQNPL9WTK%2B%2Bv2TmZhLsfKQ94z9xgb1RpWBP17HLSPzxlwwYugsmNqEOJqSxKVAXxdImgXg%3D%3D&type=json HTTP/1.1" 200 3787
DEBUG:urllib3.connectionpool:Starting new HTTP connection (1): apis.data.go.kr:80
DEBUG:urllib3.connectionpool:http://apis.data.go.kr:80 "GET /B553077/api/open/sdsc/baroApi?resId=dong&catId=cty&ctprvnCd=42&ServiceKey=mzv%2B5nKLrKuD%2BmQQsQNPL9WTK%2B%2Bv2TmZhLsfKQ94z9xgb1RpWBP17HLSPzxlwwYugsmNqEOJqSxKVAXxdImgXg%3D%3D&type=json HTTP/1.1" 200 504
DEBUG:urllib3.connectionpool:Starting new HTTP connection (1): apis.data.go.kr:80
DEBUG:urllib3.connectionpool:http://apis.data.go.kr:80 "GET /B553077/api/open/sdsc/storeListInDong?divId=signguCd&key=42730&ServiceKey=mzv%2B5nKLrKuD%2BmQQsQNPL9WTK%2B%2Bv2TmZhLsfKQ94z9xgb1RpWBP17HLSPzxlwwYugsmNqEOJqSxKVAXxdImgXg%3D%3D&type=json HTTP/1.1" 200 4002
DEBUG:urllib3.connectionpool:Starting new HTTP connection (1): apis.data.go.kr:80
DEBUG:urllib3.connectionpool:http://apis.data.go.kr:80 "GET /B553077/api/open/sdsc/baroApi?resId=dong&catId=cty&ctprvnCd=45&ServiceKey=mzv%2B5nKLrKuD%2BmQQsQNPL9WTK%2B%2Bv2TmZhLsfKQ94z9xgb1RpWBP17HLSPzxlwwYugsmNqEOJqSxKVAXxdImgXg%3D%3D&type=json HTTP/1.1" 200 483
DEBUG:urllib3.connectionpool:Starting new HTTP connection (1): apis.data.go.kr:80
DEBUG:urllib3.connectionpool:http://apis.data.go.kr:80 "GET /B553077/api/open/sdsc/storeListInDong?divId=signguCd&key=45720&ServiceKey=mzv%2B5nKLrKuD%2BmQQsQNPL9WTK%2B%2Bv2TmZhLsfKQ94z9xgb1RpWBP17HLSPzxlwwYugsmNqEOJqSxKVAXxdImgXg%3D%3D&type=json HTTP/1.1" 200 3787
DEBUG:urllib3.connectionpool:Starting new HTTP connection (1): apis.data.go.kr:80
DEBUG:urllib3.connectionpool:http://apis.data.go.kr:80 "GET /B553077/api/open/sdsc/baroApi?resId=dong&catId=cty&ctprvnCd=43&ServiceKey=mzv%2B5nKLrKuD%2BmQQsQNPL9WTK%2B%2Bv2TmZhLsfKQ94z9xgb1RpWBP17HLSPzxlwwYugsmNqEOJqSxKVAXxdImgXg%3D%3D&type=json HTTP/1.1" 200 474
DEBUG:urllib3.connectionpool:Starting new HTTP connection (1): apis.data.go.kr:80
DEBUG:urllib3.connectionpool:http://apis.data.go.kr:80 "GET /B553077/api/open/sdsc/storeListInDong?divId=signguCd&key=43130&ServiceKey=mzv%2B5nKLrKuD%2BmQQsQNPL9WTK%2B%2Bv2TmZhLsfKQ94z9xgb1RpWBP17HLSPzxlwwYugsmNqEOJqSxKVAXxdImgXg%3D%3D&type=json HTTP/1.1" 200 4158
DEBUG:urllib3.connectionpool:Starting new HTTP connection (1): apis.data.go.kr:80
DEBUG:urllib3.connectionpool:http://apis.data.go.kr:80 "GET /B553077/api/open/sdsc/baroApi?resId=dong&catId=cty&ctprvnCd=42&ServiceKey=mzv%2B5nKLrKuD%2BmQQsQNPL9WTK%2B%2Bv2TmZhLsfKQ94z9xgb1RpWBP17HLSPzxlwwYugsmNqEOJqSxKVAXxdImgXg%3D%3D&type=json HTTP/1.1" 200 504
DEBUG:urllib3.connectionpool:Starting new HTTP connection (1): apis.data.go.kr:80
DEBUG:urllib3.connectionpool:http://apis.data.go.kr:80 "GET /B553077/api/open/sdsc/storeListInDong?divId=signguCd&key=42730&ServiceKey=mzv%2B5nKLrKuD%2BmQQsQNPL9WTK%2B%2Bv2TmZhLsfKQ94z9xgb1RpWBP17HLSPzxlwwYugsmNqEOJqSxKVAXxdImgXg%3D%3D&type=json HTTP/1.1" 200 4002
DEBUG:urllib3.connectionpool:Starting new HTTP connection (1): apis.data.go.kr:80
DEBUG:urllib3.connectionpool:http://apis.data.go.kr:80 "GET /B553077/api/open/sdsc/baroApi?resId=dong&catId=cty&ctprvnCd=44&ServiceKey=mzv%2B5nKLrKuD%2BmQQsQNPL9WTK%2B%2Bv2TmZhLsfKQ94z9xgb1RpWBP17HLSPzxlwwYugsmNqEOJqSxKVAXxdImgXg%3D%3D&type=json HTTP/1.1" 200 497
DEBUG:urllib3.connectionpool:Starting new HTTP connection (1): apis.data.go.kr:80
DEBUG:urllib3.connectionpool:http://apis.data.go.kr:80 "GET /B553077/api/open/sdsc/storeListInDong?divId=signguCd&key=44800&ServiceKey=mzv%2B5nKLrKuD%2BmQQsQNPL9WTK%2B%2Bv2TmZhLsfKQ94z9xgb1RpWBP17HLSPzxlwwYugsmNqEOJqSxKVAXxdImgXg%3D%3D&type=json HTTP/1.1" 200 3840
DEBUG:urllib3.connectionpool:Starting new HTTP connection (1): apis.data.go.kr:80
DEBUG:urllib3.connectionpool:http://apis.data.go.kr:80 "GET /B553077/api/open/sdsc/baroApi?resId=dong&catId=cty&ctprvnCd=45&ServiceKey=mzv%2B5nKLrKuD%2BmQQsQNPL9WTK%2B%2Bv2TmZhLsfKQ94z9xgb1RpWBP17HLSPzxlwwYugsmNqEOJqSxKVAXxdImgXg%3D%3D&type=json HTTP/1.1" 200 483
DEBUG:urllib3.connectionpool:Starting new HTTP connection (1): apis.data.go.kr:80
DEBUG:urllib3.connectionpool:http://apis.data.go.kr:80 "GET /B553077/api/open/sdsc/storeListInDong?divId=signguCd&key=45720&ServiceKey=mzv%2B5nKLrKuD%2BmQQsQNPL9WTK%2B%2Bv2TmZhLsfKQ94z9xgb1RpWBP17HLSPzxlwwYugsmNqEOJqSxKVAXxdImgXg%3D%3D&type=json HTTP/1.1" 200 3787
DEBUG:urllib3.connectionpool:Starting new HTTP connection (1): apis.data.go.kr:80
DEBUG:urllib3.connectionpool:http://apis.data.go.kr:80 "GET /B553077/api/open/sdsc/baroApi?resId=dong&catId=cty&ctprvnCd=45&ServiceKey=mzv%2B5nKLrKuD%2BmQQsQNPL9WTK%2B%2Bv2TmZhLsfKQ94z9xgb1RpWBP17HLSPzxlwwYugsmNqEOJqSxKVAXxdImgXg%3D%3D&type=json HTTP/1.1" 200 483
DEBUG:urllib3.connectionpool:Starting new HTTP connection (1): apis.data.go.kr:80
DEBUG:urllib3.connectionpool:http://apis.data.go.kr:80 "GET /B553077/api/open/sdsc/storeListInDong?divId=signguCd&key=45720&ServiceKey=mzv%2B5nKLrKuD%2BmQQsQNPL9WTK%2B%2Bv2TmZhLsfKQ94z9xgb1RpWBP17HLSPzxlwwYugsmNqEOJqSxKVAXxdImgXg%3D%3D&type=json HTTP/1.1" 200 3787
DEBUG:urllib3.connectionpool:Starting new HTTP connection (1): apis.data.go.kr:80
DEBUG:urllib3.connectionpool:http://apis.data.go.kr:80 "GET /B553077/api/open/sdsc/baroApi?resId=dong&catId=cty&ctprvnCd=48&ServiceKey=mzv%2B5nKLrKuD%2BmQQsQNPL9WTK%2B%2Bv2TmZhLsfKQ94z9xgb1RpWBP17HLSPzxlwwYugsmNqEOJqSxKVAXxdImgXg%3D%3D&type=json HTTP/1.1" 200 565
DEBUG:urllib3.connectionpool:Starting new HTTP connection (1): apis.data.go.kr:80
DEBUG:urllib3.connectionpool:http://apis.data.go.kr:80 "GET /B553077/api/open/sdsc/storeListInDong?divId=signguCd&key=48890&ServiceKey=mzv%2B5nKLrKuD%2BmQQsQNPL9WTK%2B%2Bv2TmZhLsfKQ94z9xgb1RpWBP17HLSPzxlwwYugsmNqEOJqSxKVAXxdImgXg%3D%3D&type=json HTTP/1.1" 200 3866
INFO:werkzeug:127.0.0.1 - - [12/Dec/2019 20:38:46] "POST /menus/travel HTTP/1.1" 200 -
INFO:werkzeug: * Detected change in 'C:\\Users\\hbill\\PycharmProjects\\web_service\\views\\menus.py', reloading
INFO:werkzeug: * Restarting with stat
INFO:root:Flask Web Server Started
WARNING:werkzeug: * Debugger is active!
INFO:werkzeug: * Debugger PIN: 505-006-647
INFO:werkzeug: * Running on http://0.0.0.0:8080/ (Press CTRL+C to quit)
INFO:werkzeug: * Detected change in 'C:\\Users\\hbill\\PycharmProjects\\web_service\\views\\menus.py', reloading
INFO:werkzeug: * Restarting with stat
INFO:root:Flask Web Server Started
WARNING:werkzeug: * Debugger is active!
INFO:werkzeug: * Debugger PIN: 505-006-647
INFO:werkzeug: * Running on http://0.0.0.0:8080/ (Press CTRL+C to quit)
INFO:root:Flask Web Server Started
INFO:werkzeug: * Restarting with stat
INFO:root:Flask Web Server Started
WARNING:werkzeug: * Debugger is active!
INFO:werkzeug: * Debugger PIN: 505-006-647
INFO:werkzeug: * Running on http://0.0.0.0:8080/ (Press CTRL+C to quit)
INFO:werkzeug:127.0.0.1 - - [12/Dec/2019 20:40:38] "GET / HTTP/1.1" 200 -
INFO:werkzeug:127.0.0.1 - - [12/Dec/2019 20:40:42] "POST /menus/images HTTP/1.1" 500 -
INFO:werkzeug:127.0.0.1 - - [12/Dec/2019 20:40:42] "GET /menus/images?__debugger__=yes&cmd=resource&f=style.css HTTP/1.1" 200 -
INFO:werkzeug:127.0.0.1 - - [12/Dec/2019 20:40:42] "GET /menus/images?__debugger__=yes&cmd=resource&f=jquery.js HTTP/1.1" 200 -
INFO:werkzeug:127.0.0.1 - - [12/Dec/2019 20:40:42] "GET /menus/images?__debugger__=yes&cmd=resource&f=debugger.js HTTP/1.1" 200 -
INFO:werkzeug:127.0.0.1 - - [12/Dec/2019 20:40:43] "GET /menus/images?__debugger__=yes&cmd=resource&f=ubuntu.ttf HTTP/1.1" 200 -
INFO:werkzeug:127.0.0.1 - - [12/Dec/2019 20:40:43] "GET /menus/images?__debugger__=yes&cmd=resource&f=console.png HTTP/1.1" 200 -
INFO:werkzeug:127.0.0.1 - - [12/Dec/2019 20:40:43] "GET /menus/images?__debugger__=yes&cmd=resource&f=console.png HTTP/1.1" 200 -
INFO:werkzeug:127.0.0.1 - - [12/Dec/2019 20:40:57] "POST /menus/images HTTP/1.1" 500 -
INFO:werkzeug:127.0.0.1 - - [12/Dec/2019 20:40:57] "GET /menus/images?__debugger__=yes&cmd=resource&f=style.css HTTP/1.1" 200 -
INFO:werkzeug:127.0.0.1 - - [12/Dec/2019 20:40:57] "GET /menus/images?__debugger__=yes&cmd=resource&f=jquery.js HTTP/1.1" 200 -
INFO:werkzeug:127.0.0.1 - - [12/Dec/2019 20:40:57] "GET /menus/images?__debugger__=yes&cmd=resource&f=debugger.js HTTP/1.1" 200 -
INFO:werkzeug:127.0.0.1 - - [12/Dec/2019 20:40:57] "GET /menus/images?__debugger__=yes&cmd=resource&f=ubuntu.ttf HTTP/1.1" 200 -
INFO:werkzeug:127.0.0.1 - - [12/Dec/2019 20:40:57] "GET /menus/images?__debugger__=yes&cmd=resource&f=console.png HTTP/1.1" 200 -
INFO:werkzeug:127.0.0.1 - - [12/Dec/2019 20:40:58] "GET /menus/images?__debugger__=yes&cmd=resource&f=console.png HTTP/1.1" 200 -
INFO:werkzeug: * Detected change in 'C:\\Users\\hbill\\PycharmProjects\\web_service\\views\\menus.py', reloading
INFO:werkzeug: * Restarting with stat
INFO:root:Flask Web Server Started
WARNING:werkzeug: * Debugger is active!
INFO:werkzeug: * Debugger PIN: 505-006-647
INFO:werkzeug: * Running on http://0.0.0.0:8080/ (Press CTRL+C to quit)
INFO:werkzeug:127.0.0.1 - - [12/Dec/2019 20:42:22] "POST /menus/images HTTP/1.1" 500 -
INFO:werkzeug:127.0.0.1 - - [12/Dec/2019 20:42:22] "GET /menus/images?__debugger__=yes&cmd=resource&f=style.css HTTP/1.1" 200 -
INFO:werkzeug:127.0.0.1 - - [12/Dec/2019 20:42:22] "GET /menus/images?__debugger__=yes&cmd=resource&f=jquery.js HTTP/1.1" 200 -
INFO:werkzeug:127.0.0.1 - - [12/Dec/2019 20:42:22] "GET /menus/images?__debugger__=yes&cmd=resource&f=debugger.js HTTP/1.1" 200 -
INFO:werkzeug:127.0.0.1 - - [12/Dec/2019 20:42:22] "GET /menus/images?__debugger__=yes&cmd=resource&f=ubuntu.ttf HTTP/1.1" 200 -
INFO:werkzeug:127.0.0.1 - - [12/Dec/2019 20:42:22] "GET /menus/images?__debugger__=yes&cmd=resource&f=console.png HTTP/1.1" 200 -
INFO:werkzeug:127.0.0.1 - - [12/Dec/2019 20:42:23] "GET /menus/images?__debugger__=yes&cmd=resource&f=console.png HTTP/1.1" 200 -
INFO:werkzeug:127.0.0.1 - - [12/Dec/2019 20:42:36] "GET / HTTP/1.1" 200 -
DEBUG:urllib3.connectionpool:Starting new HTTPS connection (1): dapi.kakao.com:443
DEBUG:urllib3.connectionpool:https://dapi.kakao.com:443 "GET /v2/search/image?query=image HTTP/1.1" 200 None
INFO:werkzeug:127.0.0.1 - - [12/Dec/2019 20:42:43] "POST /menus/images HTTP/1.1" 200 -
INFO:werkzeug:127.0.0.1 - - [12/Dec/2019 20:42:45] "GET / HTTP/1.1" 200 -
DEBUG:urllib3.connectionpool:Starting new HTTPS connection (1): dapi.kakao.com:443
DEBUG:urllib3.connectionpool:https://dapi.kakao.com:443 "GET /v2/search/image?query=%EC%9E%A1%EC%8A%A4 HTTP/1.1" 200 None
INFO:werkzeug:127.0.0.1 - - [12/Dec/2019 20:42:48] "POST /menus/images HTTP/1.1" 200 -
DEBUG:urllib3.connectionpool:Starting new HTTP connection (1): api.visitkorea.or.kr:80
DEBUG:urllib3.connectionpool:http://api.visitkorea.or.kr:80 "GET /openapi/service/rest/KorService/searchKeyword?ServiceKey=mzv%2B5nKLrKuD%2BmQQsQNPL9WTK%2B%2Bv2TmZhLsfKQ94z9xgb1RpWBP17HLSPzxlwwYugsmNqEOJqSxKVAXxdImgXg%3D%3D&keyword=%EA%B3%84%EA%B3%A1&listYN=Y&arrange=A&MobileOS=ETC&MobileApp=AppTest&_type=json HTTP/1.1" 200 4755
DEBUG:urllib3.connectionpool:Starting new HTTP connection (1): apis.data.go.kr:80
DEBUG:urllib3.connectionpool:http://apis.data.go.kr:80 "GET /B553077/api/open/sdsc/baroApi?resId=dong&catId=cty&ctprvnCd=46&ServiceKey=mzv%2B5nKLrKuD%2BmQQsQNPL9WTK%2B%2Bv2TmZhLsfKQ94z9xgb1RpWBP17HLSPzxlwwYugsmNqEOJqSxKVAXxdImgXg%3D%3D&type=json HTTP/1.1" 200 544
DEBUG:urllib3.connectionpool:Starting new HTTP connection (1): apis.data.go.kr:80
DEBUG:urllib3.connectionpool:http://apis.data.go.kr:80 "GET /B553077/api/open/sdsc/storeListInDong?divId=signguCd&key=46790&ServiceKey=mzv%2B5nKLrKuD%2BmQQsQNPL9WTK%2B%2Bv2TmZhLsfKQ94z9xgb1RpWBP17HLSPzxlwwYugsmNqEOJqSxKVAXxdImgXg%3D%3D&type=json HTTP/1.1" 200 3552
DEBUG:urllib3.connectionpool:Starting new HTTP connection (1): apis.data.go.kr:80
DEBUG:urllib3.connectionpool:http://apis.data.go.kr:80 "GET /B553077/api/open/sdsc/baroApi?resId=dong&catId=cty&ctprvnCd=45&ServiceKey=mzv%2B5nKLrKuD%2BmQQsQNPL9WTK%2B%2Bv2TmZhLsfKQ94z9xgb1RpWBP17HLSPzxlwwYugsmNqEOJqSxKVAXxdImgXg%3D%3D&type=json HTTP/1.1" 200 483
DEBUG:urllib3.connectionpool:Starting new HTTP connection (1): apis.data.go.kr:80
DEBUG:urllib3.connectionpool:http://apis.data.go.kr:80 "GET /B553077/api/open/sdsc/storeListInDong?divId=signguCd&key=45720&ServiceKey=mzv%2B5nKLrKuD%2BmQQsQNPL9WTK%2B%2Bv2TmZhLsfKQ94z9xgb1RpWBP17HLSPzxlwwYugsmNqEOJqSxKVAXxdImgXg%3D%3D&type=json HTTP/1.1" 200 3787
DEBUG:urllib3.connectionpool:Starting new HTTP connection (1): apis.data.go.kr:80
DEBUG:urllib3.connectionpool:http://apis.data.go.kr:80 "GET /B553077/api/open/sdsc/baroApi?resId=dong&catId=cty&ctprvnCd=42&ServiceKey=mzv%2B5nKLrKuD%2BmQQsQNPL9WTK%2B%2Bv2TmZhLsfKQ94z9xgb1RpWBP17HLSPzxlwwYugsmNqEOJqSxKVAXxdImgXg%3D%3D&type=json HTTP/1.1" 200 504
DEBUG:urllib3.connectionpool:Starting new HTTP connection (1): apis.data.go.kr:80
DEBUG:urllib3.connectionpool:http://apis.data.go.kr:80 "GET /B553077/api/open/sdsc/storeListInDong?divId=signguCd&key=42730&ServiceKey=mzv%2B5nKLrKuD%2BmQQsQNPL9WTK%2B%2Bv2TmZhLsfKQ94z9xgb1RpWBP17HLSPzxlwwYugsmNqEOJqSxKVAXxdImgXg%3D%3D&type=json HTTP/1.1" 200 4002
DEBUG:urllib3.connectionpool:Starting new HTTP connection (1): apis.data.go.kr:80
DEBUG:urllib3.connectionpool:http://apis.data.go.kr:80 "GET /B553077/api/open/sdsc/baroApi?resId=dong&catId=cty&ctprvnCd=45&ServiceKey=mzv%2B5nKLrKuD%2BmQQsQNPL9WTK%2B%2Bv2TmZhLsfKQ94z9xgb1RpWBP17HLSPzxlwwYugsmNqEOJqSxKVAXxdImgXg%3D%3D&type=json HTTP/1.1" 200 483
DEBUG:urllib3.connectionpool:Starting new HTTP connection (1): apis.data.go.kr:80
DEBUG:urllib3.connectionpool:http://apis.data.go.kr:80 "GET /B553077/api/open/sdsc/storeListInDong?divId=signguCd&key=45720&ServiceKey=mzv%2B5nKLrKuD%2BmQQsQNPL9WTK%2B%2Bv2TmZhLsfKQ94z9xgb1RpWBP17HLSPzxlwwYugsmNqEOJqSxKVAXxdImgXg%3D%3D&type=json HTTP/1.1" 200 3787
DEBUG:urllib3.connectionpool:Starting new HTTP connection (1): apis.data.go.kr:80
DEBUG:urllib3.connectionpool:http://apis.data.go.kr:80 "GET /B553077/api/open/sdsc/baroApi?resId=dong&catId=cty&ctprvnCd=43&ServiceKey=mzv%2B5nKLrKuD%2BmQQsQNPL9WTK%2B%2Bv2TmZhLsfKQ94z9xgb1RpWBP17HLSPzxlwwYugsmNqEOJqSxKVAXxdImgXg%3D%3D&type=json HTTP/1.1" 200 474
DEBUG:urllib3.connectionpool:Starting new HTTP connection (1): apis.data.go.kr:80
DEBUG:urllib3.connectionpool:http://apis.data.go.kr:80 "GET /B553077/api/open/sdsc/storeListInDong?divId=signguCd&key=43130&ServiceKey=mzv%2B5nKLrKuD%2BmQQsQNPL9WTK%2B%2Bv2TmZhLsfKQ94z9xgb1RpWBP17HLSPzxlwwYugsmNqEOJqSxKVAXxdImgXg%3D%3D&type=json HTTP/1.1" 200 4158
DEBUG:urllib3.connectionpool:Starting new HTTP connection (1): apis.data.go.kr:80
DEBUG:urllib3.connectionpool:http://apis.data.go.kr:80 "GET /B553077/api/open/sdsc/baroApi?resId=dong&catId=cty&ctprvnCd=42&ServiceKey=mzv%2B5nKLrKuD%2BmQQsQNPL9WTK%2B%2Bv2TmZhLsfKQ94z9xgb1RpWBP17HLSPzxlwwYugsmNqEOJqSxKVAXxdImgXg%3D%3D&type=json HTTP/1.1" 200 504
DEBUG:urllib3.connectionpool:Starting new HTTP connection (1): apis.data.go.kr:80
DEBUG:urllib3.connectionpool:http://apis.data.go.kr:80 "GET /B553077/api/open/sdsc/storeListInDong?divId=signguCd&key=42730&ServiceKey=mzv%2B5nKLrKuD%2BmQQsQNPL9WTK%2B%2Bv2TmZhLsfKQ94z9xgb1RpWBP17HLSPzxlwwYugsmNqEOJqSxKVAXxdImgXg%3D%3D&type=json HTTP/1.1" 200 4002
DEBUG:urllib3.connectionpool:Starting new HTTP connection (1): apis.data.go.kr:80
DEBUG:urllib3.connectionpool:http://apis.data.go.kr:80 "GET /B553077/api/open/sdsc/baroApi?resId=dong&catId=cty&ctprvnCd=44&ServiceKey=mzv%2B5nKLrKuD%2BmQQsQNPL9WTK%2B%2Bv2TmZhLsfKQ94z9xgb1RpWBP17HLSPzxlwwYugsmNqEOJqSxKVAXxdImgXg%3D%3D&type=json HTTP/1.1" 200 497
DEBUG:urllib3.connectionpool:Starting new HTTP connection (1): apis.data.go.kr:80
DEBUG:urllib3.connectionpool:http://apis.data.go.kr:80 "GET /B553077/api/open/sdsc/storeListInDong?divId=signguCd&key=44800&ServiceKey=mzv%2B5nKLrKuD%2BmQQsQNPL9WTK%2B%2Bv2TmZhLsfKQ94z9xgb1RpWBP17HLSPzxlwwYugsmNqEOJqSxKVAXxdImgXg%3D%3D&type=json HTTP/1.1" 200 3840
DEBUG:urllib3.connectionpool:Starting new HTTP connection (1): apis.data.go.kr:80
DEBUG:urllib3.connectionpool:http://apis.data.go.kr:80 "GET /B553077/api/open/sdsc/baroApi?resId=dong&catId=cty&ctprvnCd=45&ServiceKey=mzv%2B5nKLrKuD%2BmQQsQNPL9WTK%2B%2Bv2TmZhLsfKQ94z9xgb1RpWBP17HLSPzxlwwYugsmNqEOJqSxKVAXxdImgXg%3D%3D&type=json HTTP/1.1" 200 483
DEBUG:urllib3.connectionpool:Starting new HTTP connection (1): apis.data.go.kr:80
DEBUG:urllib3.connectionpool:http://apis.data.go.kr:80 "GET /B553077/api/open/sdsc/storeListInDong?divId=signguCd&key=45720&ServiceKey=mzv%2B5nKLrKuD%2BmQQsQNPL9WTK%2B%2Bv2TmZhLsfKQ94z9xgb1RpWBP17HLSPzxlwwYugsmNqEOJqSxKVAXxdImgXg%3D%3D&type=json HTTP/1.1" 200 3787
DEBUG:urllib3.connectionpool:Starting new HTTP connection (1): apis.data.go.kr:80
DEBUG:urllib3.connectionpool:http://apis.data.go.kr:80 "GET /B553077/api/open/sdsc/baroApi?resId=dong&catId=cty&ctprvnCd=45&ServiceKey=mzv%2B5nKLrKuD%2BmQQsQNPL9WTK%2B%2Bv2TmZhLsfKQ94z9xgb1RpWBP17HLSPzxlwwYugsmNqEOJqSxKVAXxdImgXg%3D%3D&type=json HTTP/1.1" 200 483
DEBUG:urllib3.connectionpool:Starting new HTTP connection (1): apis.data.go.kr:80
DEBUG:urllib3.connectionpool:http://apis.data.go.kr:80 "GET /B553077/api/open/sdsc/storeListInDong?divId=signguCd&key=45720&ServiceKey=mzv%2B5nKLrKuD%2BmQQsQNPL9WTK%2B%2Bv2TmZhLsfKQ94z9xgb1RpWBP17HLSPzxlwwYugsmNqEOJqSxKVAXxdImgXg%3D%3D&type=json HTTP/1.1" 200 3787
DEBUG:urllib3.connectionpool:Starting new HTTP connection (1): apis.data.go.kr:80
DEBUG:urllib3.connectionpool:http://apis.data.go.kr:80 "GET /B553077/api/open/sdsc/baroApi?resId=dong&catId=cty&ctprvnCd=48&ServiceKey=mzv%2B5nKLrKuD%2BmQQsQNPL9WTK%2B%2Bv2TmZhLsfKQ94z9xgb1RpWBP17HLSPzxlwwYugsmNqEOJqSxKVAXxdImgXg%3D%3D&type=json HTTP/1.1" 200 565
DEBUG:urllib3.connectionpool:Starting new HTTP connection (1): apis.data.go.kr:80
DEBUG:urllib3.connectionpool:http://apis.data.go.kr:80 "GET /B553077/api/open/sdsc/storeListInDong?divId=signguCd&key=48890&ServiceKey=mzv%2B5nKLrKuD%2BmQQsQNPL9WTK%2B%2Bv2TmZhLsfKQ94z9xgb1RpWBP17HLSPzxlwwYugsmNqEOJqSxKVAXxdImgXg%3D%3D&type=json HTTP/1.1" 200 3866
INFO:werkzeug:127.0.0.1 - - [12/Dec/2019 20:43:05] "POST /menus/travel HTTP/1.1" 200 -
DEBUG:urllib3.connectionpool:Starting new HTTP connection (1): api.visitkorea.or.kr:80
DEBUG:urllib3.connectionpool:http://api.visitkorea.or.kr:80 "GET /openapi/service/rest/KorService/searchKeyword?ServiceKey=mzv%2B5nKLrKuD%2BmQQsQNPL9WTK%2B%2Bv2TmZhLsfKQ94z9xgb1RpWBP17HLSPzxlwwYugsmNqEOJqSxKVAXxdImgXg%3D%3D&keyword=%ED%99%94%EC%82%B0&listYN=Y&arrange=A&MobileOS=ETC&MobileApp=AppTest&_type=json HTTP/1.1" 200 4505
DEBUG:urllib3.connectionpool:Starting new HTTP connection (1): apis.data.go.kr:80
DEBUG:urllib3.connectionpool:http://apis.data.go.kr:80 "GET /B553077/api/open/sdsc/baroApi?resId=dong&catId=cty&ctprvnCd=47&ServiceKey=mzv%2B5nKLrKuD%2BmQQsQNPL9WTK%2B%2Bv2TmZhLsfKQ94z9xgb1RpWBP17HLSPzxlwwYugsmNqEOJqSxKVAXxdImgXg%3D%3D&type=json HTTP/1.1" 200 561
DEBUG:urllib3.connectionpool:Starting new HTTP connection (1): apis.data.go.kr:80
DEBUG:urllib3.connectionpool:http://apis.data.go.kr:80 "GET /B553077/api/open/sdsc/storeListInDong?divId=signguCd&key=47113&ServiceKey=mzv%2B5nKLrKuD%2BmQQsQNPL9WTK%2B%2Bv2TmZhLsfKQ94z9xgb1RpWBP17HLSPzxlwwYugsmNqEOJqSxKVAXxdImgXg%3D%3D&type=json HTTP/1.1" 200 4090
INFO:werkzeug:127.0.0.1 - - [12/Dec/2019 20:43:20] "POST /menus/travel HTTP/1.1" 500 -
INFO:werkzeug:127.0.0.1 - - [12/Dec/2019 20:43:20] "GET /menus/travel?__debugger__=yes&cmd=resource&f=style.css HTTP/1.1" 200 -
INFO:werkzeug:127.0.0.1 - - [12/Dec/2019 20:43:21] "GET /menus/travel?__debugger__=yes&cmd=resource&f=jquery.js HTTP/1.1" 200 -
INFO:werkzeug:127.0.0.1 - - [12/Dec/2019 20:43:21] "GET /menus/travel?__debugger__=yes&cmd=resource&f=debugger.js HTTP/1.1" 200 -
INFO:werkzeug:127.0.0.1 - - [12/Dec/2019 20:43:21] "GET /menus/travel?__debugger__=yes&cmd=resource&f=ubuntu.ttf HTTP/1.1" 200 -
INFO:werkzeug:127.0.0.1 - - [12/Dec/2019 20:43:21] "GET /menus/travel?__debugger__=yes&cmd=resource&f=console.png HTTP/1.1" 200 -
INFO:werkzeug:127.0.0.1 - - [12/Dec/2019 20:43:21] "GET /menus/travel?__debugger__=yes&cmd=resource&f=console.png HTTP/1.1" 200 -
DEBUG:urllib3.connectionpool:Starting new HTTP connection (1): api.visitkorea.or.kr:80
DEBUG:urllib3.connectionpool:http://api.visitkorea.or.kr:80 "GET /openapi/service/rest/KorService/searchKeyword?ServiceKey=mzv%2B5nKLrKuD%2BmQQsQNPL9WTK%2B%2Bv2TmZhLsfKQ94z9xgb1RpWBP17HLSPzxlwwYugsmNqEOJqSxKVAXxdImgXg%3D%3D&keyword=%EB%B0%94%EB%8B%A4&listYN=Y&arrange=A&MobileOS=ETC&MobileApp=AppTest&_type=json HTTP/1.1" 200 4285
INFO:werkzeug:127.0.0.1 - - [12/Dec/2019 20:43:30] "POST /menus/travel HTTP/1.1" 500 -
INFO:werkzeug:127.0.0.1 - - [12/Dec/2019 20:43:31] "GET /menus/travel?__debugger__=yes&cmd=resource&f=style.css HTTP/1.1" 200 -
INFO:werkzeug:127.0.0.1 - - [12/Dec/2019 20:43:31] "GET /menus/travel?__debugger__=yes&cmd=resource&f=jquery.js HTTP/1.1" 200 -
INFO:werkzeug:127.0.0.1 - - [12/Dec/2019 20:43:31] "GET /menus/travel?__debugger__=yes&cmd=resource&f=debugger.js HTTP/1.1" 200 -
INFO:werkzeug:127.0.0.1 - - [12/Dec/2019 20:43:31] "GET /menus/travel?__debugger__=yes&cmd=resource&f=ubuntu.ttf HTTP/1.1" 200 -
INFO:werkzeug:127.0.0.1 - - [12/Dec/2019 20:43:31] "GET /menus/travel?__debugger__=yes&cmd=resource&f=console.png HTTP/1.1" 200 -
DEBUG:urllib3.connectionpool:Starting new HTTP connection (1): api.visitkorea.or.kr:80
DEBUG:urllib3.connectionpool:http://api.visitkorea.or.kr:80 "GET /openapi/service/rest/KorService/searchKeyword?ServiceKey=mzv%2B5nKLrKuD%2BmQQsQNPL9WTK%2B%2Bv2TmZhLsfKQ94z9xgb1RpWBP17HLSPzxlwwYugsmNqEOJqSxKVAXxdImgXg%3D%3D&keyword=%EB%B0%95%EB%9E%8C%ED%9A%8C&listYN=Y&arrange=A&MobileOS=ETC&MobileApp=AppTest&_type=json HTTP/1.1" 200 5655
DEBUG:urllib3.connectionpool:Starting new HTTP connection (1): apis.data.go.kr:80
DEBUG:urllib3.connectionpool:http://apis.data.go.kr:80 "GET /B553077/api/open/sdsc/baroApi?resId=dong&catId=cty&ctprvnCd=42&ServiceKey=mzv%2B5nKLrKuD%2BmQQsQNPL9WTK%2B%2Bv2TmZhLsfKQ94z9xgb1RpWBP17HLSPzxlwwYugsmNqEOJqSxKVAXxdImgXg%3D%3D&type=json HTTP/1.1" 200 504
DEBUG:urllib3.connectionpool:Starting new HTTP connection (1): apis.data.go.kr:80
DEBUG:urllib3.connectionpool:http://apis.data.go.kr:80 "GET /B553077/api/open/sdsc/storeListInDong?divId=signguCd&key=42730&ServiceKey=mzv%2B5nKLrKuD%2BmQQsQNPL9WTK%2B%2Bv2TmZhLsfKQ94z9xgb1RpWBP17HLSPzxlwwYugsmNqEOJqSxKVAXxdImgXg%3D%3D&type=json HTTP/1.1" 200 4002
DEBUG:urllib3.connectionpool:Starting new HTTP connection (1): apis.data.go.kr:80
DEBUG:urllib3.connectionpool:http://apis.data.go.kr:80 "GET /B553077/api/open/sdsc/baroApi?resId=dong&catId=cty&ctprvnCd=41&ServiceKey=mzv%2B5nKLrKuD%2BmQQsQNPL9WTK%2B%2Bv2TmZhLsfKQ94z9xgb1RpWBP17HLSPzxlwwYugsmNqEOJqSxKVAXxdImgXg%3D%3D&type=json HTTP/1.1" 200 769
DEBUG:urllib3.connectionpool:Starting new HTTP connection (1): apis.data.go.kr:80
DEBUG:urllib3.connectionpool:http://apis.data.go.kr:80 "GET /B553077/api/open/sdsc/storeListInDong?divId=signguCd&key=41590&ServiceKey=mzv%2B5nKLrKuD%2BmQQsQNPL9WTK%2B%2Bv2TmZhLsfKQ94z9xgb1RpWBP17HLSPzxlwwYugsmNqEOJqSxKVAXxdImgXg%3D%3D&type=json HTTP/1.1" 200 4311
DEBUG:urllib3.connectionpool:Starting new HTTP connection (1): apis.data.go.kr:80
DEBUG:urllib3.connectionpool:http://apis.data.go.kr:80 "GET /B553077/api/open/sdsc/baroApi?resId=dong&catId=cty&ctprvnCd=11&ServiceKey=mzv%2B5nKLrKuD%2BmQQsQNPL9WTK%2B%2Bv2TmZhLsfKQ94z9xgb1RpWBP17HLSPzxlwwYugsmNqEOJqSxKVAXxdImgXg%3D%3D&type=json HTTP/1.1" 200 571
DEBUG:urllib3.connectionpool:Starting new HTTP connection (1): apis.data.go.kr:80
DEBUG:urllib3.connectionpool:http://apis.data.go.kr:80 "GET /B553077/api/open/sdsc/storeListInDong?divId=signguCd&key=11260&ServiceKey=mzv%2B5nKLrKuD%2BmQQsQNPL9WTK%2B%2Bv2TmZhLsfKQ94z9xgb1RpWBP17HLSPzxlwwYugsmNqEOJqSxKVAXxdImgXg%3D%3D&type=json HTTP/1.1" 200 3950
DEBUG:urllib3.connectionpool:Starting new HTTP connection (1): apis.data.go.kr:80
DEBUG:urllib3.connectionpool:http://apis.data.go.kr:80 "GET /B553077/api/open/sdsc/baroApi?resId=dong&catId=cty&ctprvnCd=46&ServiceKey=mzv%2B5nKLrKuD%2BmQQsQNPL9WTK%2B%2Bv2TmZhLsfKQ94z9xgb1RpWBP17HLSPzxlwwYugsmNqEOJqSxKVAXxdImgXg%3D%3D&type=json HTTP/1.1" 200 544
DEBUG:urllib3.connectionpool:Starting new HTTP connection (1): apis.data.go.kr:80
DEBUG:urllib3.connectionpool:http://apis.data.go.kr:80 "GET /B553077/api/open/sdsc/storeListInDong?divId=signguCd&key=46790&ServiceKey=mzv%2B5nKLrKuD%2BmQQsQNPL9WTK%2B%2Bv2TmZhLsfKQ94z9xgb1RpWBP17HLSPzxlwwYugsmNqEOJqSxKVAXxdImgXg%3D%3D&type=json HTTP/1.1" 200 3552
DEBUG:urllib3.connectionpool:Starting new HTTP connection (1): apis.data.go.kr:80
DEBUG:urllib3.connectionpool:http://apis.data.go.kr:80 "GET /B553077/api/open/sdsc/baroApi?resId=dong&catId=cty&ctprvnCd=45&ServiceKey=mzv%2B5nKLrKuD%2BmQQsQNPL9WTK%2B%2Bv2TmZhLsfKQ94z9xgb1RpWBP17HLSPzxlwwYugsmNqEOJqSxKVAXxdImgXg%3D%3D&type=json HTTP/1.1" 200 483
DEBUG:urllib3.connectionpool:Starting new HTTP connection (1): apis.data.go.kr:80
DEBUG:urllib3.connectionpool:http://apis.data.go.kr:80 "GET /B553077/api/open/sdsc/storeListInDong?divId=signguCd&key=45720&ServiceKey=mzv%2B5nKLrKuD%2BmQQsQNPL9WTK%2B%2Bv2TmZhLsfKQ94z9xgb1RpWBP17HLSPzxlwwYugsmNqEOJqSxKVAXxdImgXg%3D%3D&type=json HTTP/1.1" 200 3787
DEBUG:urllib3.connectionpool:Starting new HTTP connection (1): apis.data.go.kr:80
DEBUG:urllib3.connectionpool:http://apis.data.go.kr:80 "GET /B553077/api/open/sdsc/baroApi?resId=dong&catId=cty&ctprvnCd=11&ServiceKey=mzv%2B5nKLrKuD%2BmQQsQNPL9WTK%2B%2Bv2TmZhLsfKQ94z9xgb1RpWBP17HLSPzxlwwYugsmNqEOJqSxKVAXxdImgXg%3D%3D&type=json HTTP/1.1" 200 571
DEBUG:urllib3.connectionpool:Starting new HTTP connection (1): apis.data.go.kr:80
DEBUG:urllib3.connectionpool:http://apis.data.go.kr:80 "GET /B553077/api/open/sdsc/storeListInDong?divId=signguCd&key=11260&ServiceKey=mzv%2B5nKLrKuD%2BmQQsQNPL9WTK%2B%2Bv2TmZhLsfKQ94z9xgb1RpWBP17HLSPzxlwwYugsmNqEOJqSxKVAXxdImgXg%3D%3D&type=json HTTP/1.1" 200 3950
DEBUG:urllib3.connectionpool:Starting new HTTP connection (1): apis.data.go.kr:80
DEBUG:urllib3.connectionpool:http://apis.data.go.kr:80 "GET /B553077/api/open/sdsc/baroApi?resId=dong&catId=cty&ctprvnCd=27&ServiceKey=mzv%2B5nKLrKuD%2BmQQsQNPL9WTK%2B%2Bv2TmZhLsfKQ94z9xgb1RpWBP17HLSPzxlwwYugsmNqEOJqSxKVAXxdImgXg%3D%3D&type=json HTTP/1.1" 200 391
DEBUG:urllib3.connectionpool:Starting new HTTP connection (1): apis.data.go.kr:80
DEBUG:urllib3.connectionpool:http://apis.data.go.kr:80 "GET /B553077/api/open/sdsc/storeListInDong?divId=signguCd&key=27110&ServiceKey=mzv%2B5nKLrKuD%2BmQQsQNPL9WTK%2B%2Bv2TmZhLsfKQ94z9xgb1RpWBP17HLSPzxlwwYugsmNqEOJqSxKVAXxdImgXg%3D%3D&type=json HTTP/1.1" 200 4006
DEBUG:urllib3.connectionpool:Starting new HTTP connection (1): apis.data.go.kr:80
DEBUG:urllib3.connectionpool:http://apis.data.go.kr:80 "GET /B553077/api/open/sdsc/baroApi?resId=dong&catId=cty&ctprvnCd=27&ServiceKey=mzv%2B5nKLrKuD%2BmQQsQNPL9WTK%2B%2Bv2TmZhLsfKQ94z9xgb1RpWBP17HLSPzxlwwYugsmNqEOJqSxKVAXxdImgXg%3D%3D&type=json HTTP/1.1" 200 391
DEBUG:urllib3.connectionpool:Starting new HTTP connection (1): apis.data.go.kr:80
DEBUG:urllib3.connectionpool:http://apis.data.go.kr:80 "GET /B553077/api/open/sdsc/storeListInDong?divId=signguCd&key=27110&ServiceKey=mzv%2B5nKLrKuD%2BmQQsQNPL9WTK%2B%2Bv2TmZhLsfKQ94z9xgb1RpWBP17HLSPzxlwwYugsmNqEOJqSxKVAXxdImgXg%3D%3D&type=json HTTP/1.1" 200 4006
DEBUG:urllib3.connectionpool:Starting new HTTP connection (1): apis.data.go.kr:80
DEBUG:urllib3.connectionpool:http://apis.data.go.kr:80 "GET /B553077/api/open/sdsc/baroApi?resId=dong&catId=cty&ctprvnCd=27&ServiceKey=mzv%2B5nKLrKuD%2BmQQsQNPL9WTK%2B%2Bv2TmZhLsfKQ94z9xgb1RpWBP17HLSPzxlwwYugsmNqEOJqSxKVAXxdImgXg%3D%3D&type=json HTTP/1.1" 200 391
DEBUG:urllib3.connectionpool:Starting new HTTP connection (1): apis.data.go.kr:80
DEBUG:urllib3.connectionpool:http://apis.data.go.kr:80 "GET /B553077/api/open/sdsc/storeListInDong?divId=signguCd&key=27110&ServiceKey=mzv%2B5nKLrKuD%2BmQQsQNPL9WTK%2B%2Bv2TmZhLsfKQ94z9xgb1RpWBP17HLSPzxlwwYugsmNqEOJqSxKVAXxdImgXg%3D%3D&type=json HTTP/1.1" 200 4006
DEBUG:urllib3.connectionpool:Starting new HTTP connection (1): apis.data.go.kr:80
DEBUG:urllib3.connectionpool:http://apis.data.go.kr:80 "GET /B553077/api/open/sdsc/baroApi?resId=dong&catId=cty&ctprvnCd=41&ServiceKey=mzv%2B5nKLrKuD%2BmQQsQNPL9WTK%2B%2Bv2TmZhLsfKQ94z9xgb1RpWBP17HLSPzxlwwYugsmNqEOJqSxKVAXxdImgXg%3D%3D&type=json HTTP/1.1" 200 769
DEBUG:urllib3.connectionpool:Starting new HTTP connection (1): apis.data.go.kr:80
DEBUG:urllib3.connectionpool:http://apis.data.go.kr:80 "GET /B553077/api/open/sdsc/storeListInDong?divId=signguCd&key=41590&ServiceKey=mzv%2B5nKLrKuD%2BmQQsQNPL9WTK%2B%2Bv2TmZhLsfKQ94z9xgb1RpWBP17HLSPzxlwwYugsmNqEOJqSxKVAXxdImgXg%3D%3D&type=json HTTP/1.1" 200 4311
INFO:werkzeug:127.0.0.1 - - [12/Dec/2019 20:43:47] "POST /menus/travel HTTP/1.1" 200 -
INFO:root:Flask Web Server Started
INFO:werkzeug: * Restarting with stat
INFO:root:Flask Web Server Started
WARNING:werkzeug: * Debugger is active!
INFO:werkzeug: * Debugger PIN: 312-095-692
INFO:werkzeug: * Running on http://0.0.0.0:8080/ (Press CTRL+C to quit)
INFO:werkzeug:127.0.0.1 - - [15/Dec/2019 20:52:04] "GET / HTTP/1.1" 200 -
INFO:werkzeug:127.0.0.1 - - [15/Dec/2019 20:52:04] "GET /static/assets/css/material-dashboard.css?v=2.1.1 HTTP/1.1" 200 -
INFO:werkzeug:127.0.0.1 - - [15/Dec/2019 20:52:04] "GET /favicon.ico HTTP/1.1" 404 -
DEBUG:urllib3.connectionpool:Starting new HTTP connection (1): api.visitkorea.or.kr:80
DEBUG:urllib3.connectionpool:http://api.visitkorea.or.kr:80 "GET /openapi/service/rest/KorService/searchKeyword?ServiceKey=mzv%2B5nKLrKuD%2BmQQsQNPL9WTK%2B%2Bv2TmZhLsfKQ94z9xgb1RpWBP17HLSPzxlwwYugsmNqEOJqSxKVAXxdImgXg%3D%3D&keyword=%EA%B5%AD%EB%A6%BD%EA%B3%B5%EC%9B%90&listYN=Y&arrange=A&MobileOS=ETC&MobileApp=AppTest&_type=json HTTP/1.1" 200 4889
DEBUG:urllib3.connectionpool:Starting new HTTP connection (1): apis.data.go.kr:80
DEBUG:urllib3.connectionpool:http://apis.data.go.kr:80 "GET /B553077/api/open/sdsc/baroApi?resId=dong&catId=cty&ctprvnCd=47&ServiceKey=mzv%2B5nKLrKuD%2BmQQsQNPL9WTK%2B%2Bv2TmZhLsfKQ94z9xgb1RpWBP17HLSPzxlwwYugsmNqEOJqSxKVAXxdImgXg%3D%3D&type=json HTTP/1.1" 200 561
DEBUG:urllib3.connectionpool:Starting new HTTP connection (1): apis.data.go.kr:80
DEBUG:urllib3.connectionpool:http://apis.data.go.kr:80 "GET /B553077/api/open/sdsc/storeListInDong?divId=signguCd&key=47113&ServiceKey=mzv%2B5nKLrKuD%2BmQQsQNPL9WTK%2B%2Bv2TmZhLsfKQ94z9xgb1RpWBP17HLSPzxlwwYugsmNqEOJqSxKVAXxdImgXg%3D%3D&type=json HTTP/1.1" 200 4090
DEBUG:urllib3.connectionpool:Starting new HTTP connection (1): apis.data.go.kr:80
DEBUG:urllib3.connectionpool:http://apis.data.go.kr:80 "GET /B553077/api/open/sdsc/baroApi?resId=dong&catId=cty&ctprvnCd=48&ServiceKey=mzv%2B5nKLrKuD%2BmQQsQNPL9WTK%2B%2Bv2TmZhLsfKQ94z9xgb1RpWBP17HLSPzxlwwYugsmNqEOJqSxKVAXxdImgXg%3D%3D&type=json HTTP/1.1" 200 565
DEBUG:urllib3.connectionpool:Starting new HTTP connection (1): apis.data.go.kr:80
DEBUG:urllib3.connectionpool:http://apis.data.go.kr:80 "GET /B553077/api/open/sdsc/storeListInDong?divId=signguCd&key=48890&ServiceKey=mzv%2B5nKLrKuD%2BmQQsQNPL9WTK%2B%2Bv2TmZhLsfKQ94z9xgb1RpWBP17HLSPzxlwwYugsmNqEOJqSxKVAXxdImgXg%3D%3D&type=json HTTP/1.1" 200 3866
DEBUG:urllib3.connectionpool:Starting new HTTP connection (1): apis.data.go.kr:80
DEBUG:urllib3.connectionpool:http://apis.data.go.kr:80 "GET /B553077/api/open/sdsc/baroApi?resId=dong&catId=cty&ctprvnCd=47&ServiceKey=mzv%2B5nKLrKuD%2BmQQsQNPL9WTK%2B%2Bv2TmZhLsfKQ94z9xgb1RpWBP17HLSPzxlwwYugsmNqEOJqSxKVAXxdImgXg%3D%3D&type=json HTTP/1.1" 200 561
DEBUG:urllib3.connectionpool:Starting new HTTP connection (1): apis.data.go.kr:80
DEBUG:urllib3.connectionpool:http://apis.data.go.kr:80 "GET /B553077/api/open/sdsc/storeListInDong?divId=signguCd&key=47113&ServiceKey=mzv%2B5nKLrKuD%2BmQQsQNPL9WTK%2B%2Bv2TmZhLsfKQ94z9xgb1RpWBP17HLSPzxlwwYugsmNqEOJqSxKVAXxdImgXg%3D%3D&type=json HTTP/1.1" 200 4090
DEBUG:urllib3.connectionpool:Starting new HTTP connection (1): apis.data.go.kr:80
DEBUG:urllib3.connectionpool:http://apis.data.go.kr:80 "GET /B553077/api/open/sdsc/baroApi?resId=dong&catId=cty&ctprvnCd=44&ServiceKey=mzv%2B5nKLrKuD%2BmQQsQNPL9WTK%2B%2Bv2TmZhLsfKQ94z9xgb1RpWBP17HLSPzxlwwYugsmNqEOJqSxKVAXxdImgXg%3D%3D&type=json HTTP/1.1" 200 497
DEBUG:urllib3.connectionpool:Starting new HTTP connection (1): apis.data.go.kr:80
DEBUG:urllib3.connectionpool:http://apis.data.go.kr:80 "GET /B553077/api/open/sdsc/storeListInDong?divId=signguCd&key=44800&ServiceKey=mzv%2B5nKLrKuD%2BmQQsQNPL9WTK%2B%2Bv2TmZhLsfKQ94z9xgb1RpWBP17HLSPzxlwwYugsmNqEOJqSxKVAXxdImgXg%3D%3D&type=json HTTP/1.1" 200 3840
DEBUG:urllib3.connectionpool:Starting new HTTP connection (1): apis.data.go.kr:80
DEBUG:urllib3.connectionpool:http://apis.data.go.kr:80 "GET /B553077/api/open/sdsc/baroApi?resId=dong&catId=cty&ctprvnCd=11&ServiceKey=mzv%2B5nKLrKuD%2BmQQsQNPL9WTK%2B%2Bv2TmZhLsfKQ94z9xgb1RpWBP17HLSPzxlwwYugsmNqEOJqSxKVAXxdImgXg%3D%3D&type=json HTTP/1.1" 200 571
DEBUG:urllib3.connectionpool:Starting new HTTP connection (1): apis.data.go.kr:80
DEBUG:urllib3.connectionpool:http://apis.data.go.kr:80 "GET /B553077/api/open/sdsc/storeListInDong?divId=signguCd&key=11260&ServiceKey=mzv%2B5nKLrKuD%2BmQQsQNPL9WTK%2B%2Bv2TmZhLsfKQ94z9xgb1RpWBP17HLSPzxlwwYugsmNqEOJqSxKVAXxdImgXg%3D%3D&type=json HTTP/1.1" 200 3950
DEBUG:urllib3.connectionpool:Starting new HTTP connection (1): apis.data.go.kr:80
DEBUG:urllib3.connectionpool:http://apis.data.go.kr:80 "GET /B553077/api/open/sdsc/baroApi?resId=dong&catId=cty&ctprvnCd=46&ServiceKey=mzv%2B5nKLrKuD%2BmQQsQNPL9WTK%2B%2Bv2TmZhLsfKQ94z9xgb1RpWBP17HLSPzxlwwYugsmNqEOJqSxKVAXxdImgXg%3D%3D&type=json HTTP/1.1" 200 544
DEBUG:urllib3.connectionpool:Starting new HTTP connection (1): apis.data.go.kr:80
DEBUG:urllib3.connectionpool:http://apis.data.go.kr:80 "GET /B553077/api/open/sdsc/storeListInDong?divId=signguCd&key=46790&ServiceKey=mzv%2B5nKLrKuD%2BmQQsQNPL9WTK%2B%2Bv2TmZhLsfKQ94z9xgb1RpWBP17HLSPzxlwwYugsmNqEOJqSxKVAXxdImgXg%3D%3D&type=json HTTP/1.1" 200 3552
DEBUG:urllib3.connectionpool:Starting new HTTP connection (1): apis.data.go.kr:80
DEBUG:urllib3.connectionpool:http://apis.data.go.kr:80 "GET /B553077/api/open/sdsc/baroApi?resId=dong&catId=cty&ctprvnCd=11&ServiceKey=mzv%2B5nKLrKuD%2BmQQsQNPL9WTK%2B%2Bv2TmZhLsfKQ94z9xgb1RpWBP17HLSPzxlwwYugsmNqEOJqSxKVAXxdImgXg%3D%3D&type=json HTTP/1.1" 200 571
DEBUG:urllib3.connectionpool:Starting new HTTP connection (1): apis.data.go.kr:80
DEBUG:urllib3.connectionpool:http://apis.data.go.kr:80 "GET /B553077/api/open/sdsc/storeListInDong?divId=signguCd&key=11260&ServiceKey=mzv%2B5nKLrKuD%2BmQQsQNPL9WTK%2B%2Bv2TmZhLsfKQ94z9xgb1RpWBP17HLSPzxlwwYugsmNqEOJqSxKVAXxdImgXg%3D%3D&type=json HTTP/1.1" 200 3950
DEBUG:urllib3.connectionpool:Starting new HTTP connection (1): apis.data.go.kr:80
DEBUG:urllib3.connectionpool:http://apis.data.go.kr:80 "GET /B553077/api/open/sdsc/baroApi?resId=dong&catId=cty&ctprvnCd=45&ServiceKey=mzv%2B5nKLrKuD%2BmQQsQNPL9WTK%2B%2Bv2TmZhLsfKQ94z9xgb1RpWBP17HLSPzxlwwYugsmNqEOJqSxKVAXxdImgXg%3D%3D&type=json HTTP/1.1" 200 483
DEBUG:urllib3.connectionpool:Starting new HTTP connection (1): apis.data.go.kr:80
DEBUG:urllib3.connectionpool:http://apis.data.go.kr:80 "GET /B553077/api/open/sdsc/storeListInDong?divId=signguCd&key=45720&ServiceKey=mzv%2B5nKLrKuD%2BmQQsQNPL9WTK%2B%2Bv2TmZhLsfKQ94z9xgb1RpWBP17HLSPzxlwwYugsmNqEOJqSxKVAXxdImgXg%3D%3D&type=json HTTP/1.1" 200 3787
DEBUG:urllib3.connectionpool:Starting new HTTP connection (1): apis.data.go.kr:80
DEBUG:urllib3.connectionpool:http://apis.data.go.kr:80 "GET /B553077/api/open/sdsc/baroApi?resId=dong&catId=cty&ctprvnCd=46&ServiceKey=mzv%2B5nKLrKuD%2BmQQsQNPL9WTK%2B%2Bv2TmZhLsfKQ94z9xgb1RpWBP17HLSPzxlwwYugsmNqEOJqSxKVAXxdImgXg%3D%3D&type=json HTTP/1.1" 200 544
DEBUG:urllib3.connectionpool:Starting new HTTP connection (1): apis.data.go.kr:80
DEBUG:urllib3.connectionpool:http://apis.data.go.kr:80 "GET /B553077/api/open/sdsc/storeListInDong?divId=signguCd&key=46790&ServiceKey=mzv%2B5nKLrKuD%2BmQQsQNPL9WTK%2B%2Bv2TmZhLsfKQ94z9xgb1RpWBP17HLSPzxlwwYugsmNqEOJqSxKVAXxdImgXg%3D%3D&type=json HTTP/1.1" 200 3552
DEBUG:urllib3.connectionpool:Starting new HTTP connection (1): apis.data.go.kr:80
DEBUG:urllib3.connectionpool:http://apis.data.go.kr:80 "GET /B553077/api/open/sdsc/baroApi?resId=dong&catId=cty&ctprvnCd=46&ServiceKey=mzv%2B5nKLrKuD%2BmQQsQNPL9WTK%2B%2Bv2TmZhLsfKQ94z9xgb1RpWBP17HLSPzxlwwYugsmNqEOJqSxKVAXxdImgXg%3D%3D&type=json HTTP/1.1" 200 544
DEBUG:urllib3.connectionpool:Starting new HTTP connection (1): apis.data.go.kr:80
DEBUG:urllib3.connectionpool:http://apis.data.go.kr:80 "GET /B553077/api/open/sdsc/storeListInDong?divId=signguCd&key=46790&ServiceKey=mzv%2B5nKLrKuD%2BmQQsQNPL9WTK%2B%2Bv2TmZhLsfKQ94z9xgb1RpWBP17HLSPzxlwwYugsmNqEOJqSxKVAXxdImgXg%3D%3D&type=json HTTP/1.1" 200 3552
INFO:werkzeug:127.0.0.1 - - [15/Dec/2019 20:52:14] "POST /menus/travel HTTP/1.1" 200 -
INFO:werkzeug:127.0.0.1 - - [15/Dec/2019 20:52:53] "GET /menus/travel HTTP/1.1" 200 -
INFO:werkzeug:127.0.0.1 - - [15/Dec/2019 20:52:58] "GET /menus/travel HTTP/1.1" 200 -
DEBUG:urllib3.connectionpool:Starting new HTTPS connection (1): dapi.kakao.com:443
DEBUG:urllib3.connectionpool:https://dapi.kakao.com:443 "GET /v3/search/book?target=authors&query=%EC%A0%95%ED%83%9C%EC%9C%A4 HTTP/1.1" 200 None
INFO:werkzeug:127.0.0.1 - - [15/Dec/2019 20:53:00] "GET /menus/books HTTP/1.1" 200 -
DEBUG:urllib3.connectionpool:Starting new HTTPS connection (1): dapi.kakao.com:443
DEBUG:urllib3.connectionpool:https://dapi.kakao.com:443 "GET /v2/search/image?query=%EC%95%84%EC%9D%B4%EC%9C%A0 HTTP/1.1" 200 None
INFO:werkzeug:127.0.0.1 - - [15/Dec/2019 20:53:01] "GET /menus/images HTTP/1.1" 500 -
INFO:werkzeug:127.0.0.1 - - [15/Dec/2019 20:53:01] "GET /menus/images?__debugger__=yes&cmd=resource&f=style.css HTTP/1.1" 200 -
INFO:werkzeug:127.0.0.1 - - [15/Dec/2019 20:53:02] "GET /menus/images?__debugger__=yes&cmd=resource&f=debugger.js HTTP/1.1" 200 -
INFO:werkzeug:127.0.0.1 - - [15/Dec/2019 20:53:02] "GET /menus/images?__debugger__=yes&cmd=resource&f=jquery.js HTTP/1.1" 200 -
INFO:werkzeug:127.0.0.1 - - [15/Dec/2019 20:53:02] "GET /menus/images?__debugger__=yes&cmd=resource&f=ubuntu.ttf HTTP/1.1" 200 -
INFO:werkzeug:127.0.0.1 - - [15/Dec/2019 20:53:02] "GET /menus/images?__debugger__=yes&cmd=resource&f=console.png HTTP/1.1" 200 -
INFO:werkzeug:127.0.0.1 - - [15/Dec/2019 20:53:02] "GET /menus/images?__debugger__=yes&cmd=resource&f=console.png HTTP/1.1" 200 -
INFO:werkzeug: * Detected change in 'C:\\Users\\Will\\PycharmProjects\\travel_service\\views\\menus.py', reloading
INFO:werkzeug: * Restarting with stat
INFO:root:Flask Web Server Started
WARNING:werkzeug: * Debugger is active!
INFO:werkzeug: * Debugger PIN: 312-095-692
INFO:werkzeug: * Running on http://0.0.0.0:8080/ (Press CTRL+C to quit)
DEBUG:urllib3.connectionpool:Starting new HTTPS connection (1): dapi.kakao.com:443
DEBUG:urllib3.connectionpool:https://dapi.kakao.com:443 "GET /v2/search/image?query=%EC%95%84%EC%9D%B4%EC%9C%A0 HTTP/1.1" 200 None
INFO:werkzeug:127.0.0.1 - - [15/Dec/2019 20:53:22] "GET /menus/images HTTP/1.1" 200 -
DEBUG:urllib3.connectionpool:Starting new HTTPS connection (1): dapi.kakao.com:443
DEBUG:urllib3.connectionpool:https://dapi.kakao.com:443 "GET /v2/search/image?query=%EC%95%84%EC%9D%B4%EC%9C%A0 HTTP/1.1" 200 None
INFO:werkzeug:127.0.0.1 - - [15/Dec/2019 20:53:27] "GET /menus/images HTTP/1.1" 200 -
INFO:werkzeug:127.0.0.1 - - [15/Dec/2019 20:53:30] "GET / HTTP/1.1" 200 -
DEBUG:urllib3.connectionpool:Starting new HTTPS connection (1): dapi.kakao.com:443
DEBUG:urllib3.connectionpool:https://dapi.kakao.com:443 "GET /v2/search/image?query=%EC%95%84%EC%9D%B4%EC%9C%A0 HTTP/1.1" 200 None
INFO:werkzeug:127.0.0.1 - - [15/Dec/2019 20:53:31] "GET /menus/images HTTP/1.1" 200 -
INFO:werkzeug:127.0.0.1 - - [15/Dec/2019 20:53:31] "GET / HTTP/1.1" 200 -
DEBUG:urllib3.connectionpool:Starting new HTTPS connection (1): dapi.kakao.com:443
DEBUG:urllib3.connectionpool:https://dapi.kakao.com:443 "GET /v2/search/image?query=%EC%9E%A1%EC%8A%A4 HTTP/1.1" 200 None
INFO:werkzeug:127.0.0.1 - - [15/Dec/2019 20:53:34] "POST /menus/images HTTP/1.1" 200 -
INFO:werkzeug:127.0.0.1 - - [15/Dec/2019 20:53:36] "GET / HTTP/1.1" 200 -
DEBUG:urllib3.connectionpool:Starting new HTTP connection (1): api.visitkorea.or.kr:80
DEBUG:urllib3.connectionpool:http://api.visitkorea.or.kr:80 "GET /openapi/service/rest/KorService/searchKeyword?ServiceKey=mzv%2B5nKLrKuD%2BmQQsQNPL9WTK%2B%2Bv2TmZhLsfKQ94z9xgb1RpWBP17HLSPzxlwwYugsmNqEOJqSxKVAXxdImgXg%3D%3D&keyword=%EA%B3%84%EA%B3%A1&listYN=Y&arrange=A&MobileOS=ETC&MobileApp=AppTest&_type=json HTTP/1.1" 200 4755
DEBUG:urllib3.connectionpool:Starting new HTTP connection (1): apis.data.go.kr:80
DEBUG:urllib3.connectionpool:http://apis.data.go.kr:80 "GET /B553077/api/open/sdsc/baroApi?resId=dong&catId=cty&ctprvnCd=46&ServiceKey=mzv%2B5nKLrKuD%2BmQQsQNPL9WTK%2B%2Bv2TmZhLsfKQ94z9xgb1RpWBP17HLSPzxlwwYugsmNqEOJqSxKVAXxdImgXg%3D%3D&type=json HTTP/1.1" 200 544
DEBUG:urllib3.connectionpool:Starting new HTTP connection (1): apis.data.go.kr:80
DEBUG:urllib3.connectionpool:http://apis.data.go.kr:80 "GET /B553077/api/open/sdsc/storeListInDong?divId=signguCd&key=46790&ServiceKey=mzv%2B5nKLrKuD%2BmQQsQNPL9WTK%2B%2Bv2TmZhLsfKQ94z9xgb1RpWBP17HLSPzxlwwYugsmNqEOJqSxKVAXxdImgXg%3D%3D&type=json HTTP/1.1" 200 3552
DEBUG:urllib3.connectionpool:Starting new HTTP connection (1): apis.data.go.kr:80
DEBUG:urllib3.connectionpool:http://apis.data.go.kr:80 "GET /B553077/api/open/sdsc/baroApi?resId=dong&catId=cty&ctprvnCd=45&ServiceKey=mzv%2B5nKLrKuD%2BmQQsQNPL9WTK%2B%2Bv2TmZhLsfKQ94z9xgb1RpWBP17HLSPzxlwwYugsmNqEOJqSxKVAXxdImgXg%3D%3D&type=json HTTP/1.1" 200 483
DEBUG:urllib3.connectionpool:Starting new HTTP connection (1): apis.data.go.kr:80
DEBUG:urllib3.connectionpool:http://apis.data.go.kr:80 "GET /B553077/api/open/sdsc/storeListInDong?divId=signguCd&key=45720&ServiceKey=mzv%2B5nKLrKuD%2BmQQsQNPL9WTK%2B%2Bv2TmZhLsfKQ94z9xgb1RpWBP17HLSPzxlwwYugsmNqEOJqSxKVAXxdImgXg%3D%3D&type=json HTTP/1.1" 200 3787
DEBUG:urllib3.connectionpool:Starting new HTTP connection (1): apis.data.go.kr:80
DEBUG:urllib3.connectionpool:http://apis.data.go.kr:80 "GET /B553077/api/open/sdsc/baroApi?resId=dong&catId=cty&ctprvnCd=42&ServiceKey=mzv%2B5nKLrKuD%2BmQQsQNPL9WTK%2B%2Bv2TmZhLsfKQ94z9xgb1RpWBP17HLSPzxlwwYugsmNqEOJqSxKVAXxdImgXg%3D%3D&type=json HTTP/1.1" 200 504
DEBUG:urllib3.connectionpool:Starting new HTTP connection (1): apis.data.go.kr:80
DEBUG:urllib3.connectionpool:http://apis.data.go.kr:80 "GET /B553077/api/open/sdsc/storeListInDong?divId=signguCd&key=42730&ServiceKey=mzv%2B5nKLrKuD%2BmQQsQNPL9WTK%2B%2Bv2TmZhLsfKQ94z9xgb1RpWBP17HLSPzxlwwYugsmNqEOJqSxKVAXxdImgXg%3D%3D&type=json HTTP/1.1" 200 4002
DEBUG:urllib3.connectionpool:Starting new HTTP connection (1): apis.data.go.kr:80
DEBUG:urllib3.connectionpool:http://apis.data.go.kr:80 "GET /B553077/api/open/sdsc/baroApi?resId=dong&catId=cty&ctprvnCd=45&ServiceKey=mzv%2B5nKLrKuD%2BmQQsQNPL9WTK%2B%2Bv2TmZhLsfKQ94z9xgb1RpWBP17HLSPzxlwwYugsmNqEOJqSxKVAXxdImgXg%3D%3D&type=json HTTP/1.1" 200 483
DEBUG:urllib3.connectionpool:Starting new HTTP connection (1): apis.data.go.kr:80
DEBUG:urllib3.connectionpool:http://apis.data.go.kr:80 "GET /B553077/api/open/sdsc/storeListInDong?divId=signguCd&key=45720&ServiceKey=mzv%2B5nKLrKuD%2BmQQsQNPL9WTK%2B%2Bv2TmZhLsfKQ94z9xgb1RpWBP17HLSPzxlwwYugsmNqEOJqSxKVAXxdImgXg%3D%3D&type=json HTTP/1.1" 200 3787
DEBUG:urllib3.connectionpool:Starting new HTTP connection (1): apis.data.go.kr:80
DEBUG:urllib3.connectionpool:http://apis.data.go.kr:80 "GET /B553077/api/open/sdsc/baroApi?resId=dong&catId=cty&ctprvnCd=43&ServiceKey=mzv%2B5nKLrKuD%2BmQQsQNPL9WTK%2B%2Bv2TmZhLsfKQ94z9xgb1RpWBP17HLSPzxlwwYugsmNqEOJqSxKVAXxdImgXg%3D%3D&type=json HTTP/1.1" 200 474
DEBUG:urllib3.connectionpool:Starting new HTTP connection (1): apis.data.go.kr:80
DEBUG:urllib3.connectionpool:http://apis.data.go.kr:80 "GET /B553077/api/open/sdsc/storeListInDong?divId=signguCd&key=43130&ServiceKey=mzv%2B5nKLrKuD%2BmQQsQNPL9WTK%2B%2Bv2TmZhLsfKQ94z9xgb1RpWBP17HLSPzxlwwYugsmNqEOJqSxKVAXxdImgXg%3D%3D&type=json HTTP/1.1" 200 4158
DEBUG:urllib3.connectionpool:Starting new HTTP connection (1): apis.data.go.kr:80
DEBUG:urllib3.connectionpool:http://apis.data.go.kr:80 "GET /B553077/api/open/sdsc/baroApi?resId=dong&catId=cty&ctprvnCd=42&ServiceKey=mzv%2B5nKLrKuD%2BmQQsQNPL9WTK%2B%2Bv2TmZhLsfKQ94z9xgb1RpWBP17HLSPzxlwwYugsmNqEOJqSxKVAXxdImgXg%3D%3D&type=json HTTP/1.1" 200 504
DEBUG:urllib3.connectionpool:Starting new HTTP connection (1): apis.data.go.kr:80
DEBUG:urllib3.connectionpool:http://apis.data.go.kr:80 "GET /B553077/api/open/sdsc/storeListInDong?divId=signguCd&key=42730&ServiceKey=mzv%2B5nKLrKuD%2BmQQsQNPL9WTK%2B%2Bv2TmZhLsfKQ94z9xgb1RpWBP17HLSPzxlwwYugsmNqEOJqSxKVAXxdImgXg%3D%3D&type=json HTTP/1.1" 200 4002
DEBUG:urllib3.connectionpool:Starting new HTTP connection (1): apis.data.go.kr:80
DEBUG:urllib3.connectionpool:http://apis.data.go.kr:80 "GET /B553077/api/open/sdsc/baroApi?resId=dong&catId=cty&ctprvnCd=44&ServiceKey=mzv%2B5nKLrKuD%2BmQQsQNPL9WTK%2B%2Bv2TmZhLsfKQ94z9xgb1RpWBP17HLSPzxlwwYugsmNqEOJqSxKVAXxdImgXg%3D%3D&type=json HTTP/1.1" 200 497
DEBUG:urllib3.connectionpool:Starting new HTTP connection (1): apis.data.go.kr:80
DEBUG:urllib3.connectionpool:http://apis.data.go.kr:80 "GET /B553077/api/open/sdsc/storeListInDong?divId=signguCd&key=44800&ServiceKey=mzv%2B5nKLrKuD%2BmQQsQNPL9WTK%2B%2Bv2TmZhLsfKQ94z9xgb1RpWBP17HLSPzxlwwYugsmNqEOJqSxKVAXxdImgXg%3D%3D&type=json HTTP/1.1" 200 3840
DEBUG:urllib3.connectionpool:Starting new HTTP connection (1): apis.data.go.kr:80
DEBUG:urllib3.connectionpool:http://apis.data.go.kr:80 "GET /B553077/api/open/sdsc/baroApi?resId=dong&catId=cty&ctprvnCd=45&ServiceKey=mzv%2B5nKLrKuD%2BmQQsQNPL9WTK%2B%2Bv2TmZhLsfKQ94z9xgb1RpWBP17HLSPzxlwwYugsmNqEOJqSxKVAXxdImgXg%3D%3D&type=json HTTP/1.1" 200 483
DEBUG:urllib3.connectionpool:Starting new HTTP connection (1): apis.data.go.kr:80
DEBUG:urllib3.connectionpool:http://apis.data.go.kr:80 "GET /B553077/api/open/sdsc/storeListInDong?divId=signguCd&key=45720&ServiceKey=mzv%2B5nKLrKuD%2BmQQsQNPL9WTK%2B%2Bv2TmZhLsfKQ94z9xgb1RpWBP17HLSPzxlwwYugsmNqEOJqSxKVAXxdImgXg%3D%3D&type=json HTTP/1.1" 200 3787
DEBUG:urllib3.connectionpool:Starting new HTTP connection (1): apis.data.go.kr:80
DEBUG:urllib3.connectionpool:http://apis.data.go.kr:80 "GET /B553077/api/open/sdsc/baroApi?resId=dong&catId=cty&ctprvnCd=45&ServiceKey=mzv%2B5nKLrKuD%2BmQQsQNPL9WTK%2B%2Bv2TmZhLsfKQ94z9xgb1RpWBP17HLSPzxlwwYugsmNqEOJqSxKVAXxdImgXg%3D%3D&type=json HTTP/1.1" 200 483
DEBUG:urllib3.connectionpool:Starting new HTTP connection (1): apis.data.go.kr:80
DEBUG:urllib3.connectionpool:http://apis.data.go.kr:80 "GET /B553077/api/open/sdsc/storeListInDong?divId=signguCd&key=45720&ServiceKey=mzv%2B5nKLrKuD%2BmQQsQNPL9WTK%2B%2Bv2TmZhLsfKQ94z9xgb1RpWBP17HLSPzxlwwYugsmNqEOJqSxKVAXxdImgXg%3D%3D&type=json HTTP/1.1" 200 3787
DEBUG:urllib3.connectionpool:Starting new HTTP connection (1): apis.data.go.kr:80
DEBUG:urllib3.connectionpool:http://apis.data.go.kr:80 "GET /B553077/api/open/sdsc/baroApi?resId=dong&catId=cty&ctprvnCd=48&ServiceKey=mzv%2B5nKLrKuD%2BmQQsQNPL9WTK%2B%2Bv2TmZhLsfKQ94z9xgb1RpWBP17HLSPzxlwwYugsmNqEOJqSxKVAXxdImgXg%3D%3D&type=json HTTP/1.1" 200 565
DEBUG:urllib3.connectionpool:Starting new HTTP connection (1): apis.data.go.kr:80
DEBUG:urllib3.connectionpool:http://apis.data.go.kr:80 "GET /B553077/api/open/sdsc/storeListInDong?divId=signguCd&key=48890&ServiceKey=mzv%2B5nKLrKuD%2BmQQsQNPL9WTK%2B%2Bv2TmZhLsfKQ94z9xgb1RpWBP17HLSPzxlwwYugsmNqEOJqSxKVAXxdImgXg%3D%3D&type=json HTTP/1.1" 200 3866
INFO:werkzeug:127.0.0.1 - - [15/Dec/2019 20:53:44] "POST /menus/travel HTTP/1.1" 200 -
INFO:werkzeug:127.0.0.1 - - [15/Dec/2019 20:54:07] "GET / HTTP/1.1" 200 -
INFO:werkzeug:127.0.0.1 - - [15/Dec/2019 20:54:12] "GET /auth/login HTTP/1.1" 200 -
INFO:werkzeug:127.0.0.1 - - [15/Dec/2019 20:54:12] "GET /static/images/kakao_account_login_btn_medium_narrow.png HTTP/1.1" 200 -
INFO:werkzeug:127.0.0.1 - - [15/Dec/2019 20:54:13] "GET /static/assets/js/core/jquery.min.js HTTP/1.1" 200 -
INFO:werkzeug:127.0.0.1 - - [15/Dec/2019 20:54:13] "GET /static/assets/js/core/popper.min.js HTTP/1.1" 200 -
INFO:werkzeug:127.0.0.1 - - [15/Dec/2019 20:54:13] "GET /static/assets/js/core/bootstrap-material-design.min.js HTTP/1.1" 200 -
INFO:werkzeug:127.0.0.1 - - [15/Dec/2019 20:54:13] "GET /static/assets/js/plugins/perfect-scrollbar.jquery.min.js HTTP/1.1" 200 -
INFO:werkzeug:127.0.0.1 - - [15/Dec/2019 20:54:13] "GET /static/assets/js/plugins/chartist.min.js HTTP/1.1" 200 -
INFO:werkzeug:127.0.0.1 - - [15/Dec/2019 20:54:13] "GET /static/assets/js/plugins/bootstrap-notify.js HTTP/1.1" 200 -
INFO:werkzeug:127.0.0.1 - - [15/Dec/2019 20:54:13] "GET /static/assets/js/material-dashboard.js?v=2.1.1 HTTP/1.1" 200 -
DEBUG:urllib3.connectionpool:Starting new HTTPS connection (1): kauth.kakao.com:443
DEBUG:urllib3.connectionpool:https://kauth.kakao.com:443 "POST /oauth/token HTTP/1.1" 200 None
DEBUG:urllib3.connectionpool:Starting new HTTPS connection (1): kapi.kakao.com:443
DEBUG:urllib3.connectionpool:https://kapi.kakao.com:443 "POST /v2/user/me HTTP/1.1" 200 885
INFO:werkzeug:127.0.0.1 - - [15/Dec/2019 20:54:27] "GET /auth/kakao_oauth_redirect?code=swMusiqVbpW47AC6nnnBFsckZRLYxjEvrHtFVPse_yRLmAEYjXJEcES13021yIDpbPLeuwopyNgAAAFvCWjkfg HTTP/1.1" 302 -
INFO:werkzeug:127.0.0.1 - - [15/Dec/2019 20:54:27] "GET / HTTP/1.1" 200 -
INFO:werkzeug: * Detected change in 'C:\\Users\\Will\\PycharmProjects\\travel_service\\views\\menus.py', reloading
INFO:werkzeug: * Restarting with stat
INFO:root:Flask Web Server Started
WARNING:werkzeug: * Debugger is active!
INFO:werkzeug: * Debugger PIN: 312-095-692
INFO:werkzeug: * Running on http://0.0.0.0:8080/ (Press CTRL+C to quit)
INFO:werkzeug:127.0.0.1 - - [15/Dec/2019 20:55:04] "GET / HTTP/1.1" 200 -
INFO:werkzeug:127.0.0.1 - - [15/Dec/2019 20:55:05] "GET /auth/login HTTP/1.1" 200 -
DEBUG:urllib3.connectionpool:Starting new HTTPS connection (1): kauth.kakao.com:443
DEBUG:urllib3.connectionpool:https://kauth.kakao.com:443 "POST /oauth/token HTTP/1.1" 200 None
DEBUG:urllib3.connectionpool:Starting new HTTPS connection (1): kapi.kakao.com:443
DEBUG:urllib3.connectionpool:https://kapi.kakao.com:443 "POST /v2/user/me HTTP/1.1" 200 885
INFO:werkzeug:127.0.0.1 - - [15/Dec/2019 20:55:14] "GET /auth/kakao_oauth_redirect?code=uoh9YCmFwa53qdFEHgqgrNQv-HV6tXYp412kDOaxePW7aLOSfZFgCwoQhmWZ0SVhPLwIZQopdfcAAAFvCWmcBA HTTP/1.1" 302 -
INFO:werkzeug:127.0.0.1 - - [15/Dec/2019 20:55:14] "GET / HTTP/1.1" 200 -
DEBUG:urllib3.connectionpool:Starting new HTTP connection (1): api.visitkorea.or.kr:80
DEBUG:urllib3.connectionpool:http://api.visitkorea.or.kr:80 "GET /openapi/service/rest/KorService/searchKeyword?ServiceKey=mzv%2B5nKLrKuD%2BmQQsQNPL9WTK%2B%2Bv2TmZhLsfKQ94z9xgb1RpWBP17HLSPzxlwwYugsmNqEOJqSxKVAXxdImgXg%3D%3D&keyword=%ED%85%8C%EB%A7%88%EA%B3%B5%EC%9B%90&listYN=Y&arrange=A&MobileOS=ETC&MobileApp=AppTest&_type=json HTTP/1.1" 200 5685
DEBUG:urllib3.connectionpool:Starting new HTTP connection (1): apis.data.go.kr:80
DEBUG:urllib3.connectionpool:http://apis.data.go.kr:80 "GET /B553077/api/open/sdsc/baroApi?resId=dong&catId=cty&ctprvnCd=48&ServiceKey=mzv%2B5nKLrKuD%2BmQQsQNPL9WTK%2B%2Bv2TmZhLsfKQ94z9xgb1RpWBP17HLSPzxlwwYugsmNqEOJqSxKVAXxdImgXg%3D%3D&type=json HTTP/1.1" 200 565
DEBUG:urllib3.connectionpool:Starting new HTTP connection (1): apis.data.go.kr:80
DEBUG:urllib3.connectionpool:http://apis.data.go.kr:80 "GET /B553077/api/open/sdsc/storeListInDong?divId=signguCd&key=48890&ServiceKey=mzv%2B5nKLrKuD%2BmQQsQNPL9WTK%2B%2Bv2TmZhLsfKQ94z9xgb1RpWBP17HLSPzxlwwYugsmNqEOJqSxKVAXxdImgXg%3D%3D&type=json HTTP/1.1" 200 3866
DEBUG:urllib3.connectionpool:Starting new HTTP connection (1): apis.data.go.kr:80
DEBUG:urllib3.connectionpool:http://apis.data.go.kr:80 "GET /B553077/api/open/sdsc/baroApi?resId=dong&catId=cty&ctprvnCd=47&ServiceKey=mzv%2B5nKLrKuD%2BmQQsQNPL9WTK%2B%2Bv2TmZhLsfKQ94z9xgb1RpWBP17HLSPzxlwwYugsmNqEOJqSxKVAXxdImgXg%3D%3D&type=json HTTP/1.1" 200 561
DEBUG:urllib3.connectionpool:Starting new HTTP connection (1): apis.data.go.kr:80
DEBUG:urllib3.connectionpool:http://apis.data.go.kr:80 "GET /B553077/api/open/sdsc/storeListInDong?divId=signguCd&key=47113&ServiceKey=mzv%2B5nKLrKuD%2BmQQsQNPL9WTK%2B%2Bv2TmZhLsfKQ94z9xgb1RpWBP17HLSPzxlwwYugsmNqEOJqSxKVAXxdImgXg%3D%3D&type=json HTTP/1.1" 200 4090
DEBUG:urllib3.connectionpool:Starting new HTTP connection (1): apis.data.go.kr:80
DEBUG:urllib3.connectionpool:http://apis.data.go.kr:80 "GET /B553077/api/open/sdsc/baroApi?resId=dong&catId=cty&ctprvnCd=46&ServiceKey=mzv%2B5nKLrKuD%2BmQQsQNPL9WTK%2B%2Bv2TmZhLsfKQ94z9xgb1RpWBP17HLSPzxlwwYugsmNqEOJqSxKVAXxdImgXg%3D%3D&type=json HTTP/1.1" 200 544
DEBUG:urllib3.connectionpool:Starting new HTTP connection (1): apis.data.go.kr:80
DEBUG:urllib3.connectionpool:http://apis.data.go.kr:80 "GET /B553077/api/open/sdsc/storeListInDong?divId=signguCd&key=46790&ServiceKey=mzv%2B5nKLrKuD%2BmQQsQNPL9WTK%2B%2Bv2TmZhLsfKQ94z9xgb1RpWBP17HLSPzxlwwYugsmNqEOJqSxKVAXxdImgXg%3D%3D&type=json HTTP/1.1" 200 3552
DEBUG:urllib3.connectionpool:Starting new HTTP connection (1): apis.data.go.kr:80
DEBUG:urllib3.connectionpool:http://apis.data.go.kr:80 "GET /B553077/api/open/sdsc/baroApi?resId=dong&catId=cty&ctprvnCd=45&ServiceKey=mzv%2B5nKLrKuD%2BmQQsQNPL9WTK%2B%2Bv2TmZhLsfKQ94z9xgb1RpWBP17HLSPzxlwwYugsmNqEOJqSxKVAXxdImgXg%3D%3D&type=json HTTP/1.1" 200 483
DEBUG:urllib3.connectionpool:Starting new HTTP connection (1): apis.data.go.kr:80
DEBUG:urllib3.connectionpool:http://apis.data.go.kr:80 "GET /B553077/api/open/sdsc/storeListInDong?divId=signguCd&key=45720&ServiceKey=mzv%2B5nKLrKuD%2BmQQsQNPL9WTK%2B%2Bv2TmZhLsfKQ94z9xgb1RpWBP17HLSPzxlwwYugsmNqEOJqSxKVAXxdImgXg%3D%3D&type=json HTTP/1.1" 200 3787
DEBUG:urllib3.connectionpool:Starting new HTTP connection (1): apis.data.go.kr:80
DEBUG:urllib3.connectionpool:http://apis.data.go.kr:80 "GET /B553077/api/open/sdsc/baroApi?resId=dong&catId=cty&ctprvnCd=47&ServiceKey=mzv%2B5nKLrKuD%2BmQQsQNPL9WTK%2B%2Bv2TmZhLsfKQ94z9xgb1RpWBP17HLSPzxlwwYugsmNqEOJqSxKVAXxdImgXg%3D%3D&type=json HTTP/1.1" 200 561
DEBUG:urllib3.connectionpool:Starting new HTTP connection (1): apis.data.go.kr:80
DEBUG:urllib3.connectionpool:http://apis.data.go.kr:80 "GET /B553077/api/open/sdsc/storeListInDong?divId=signguCd&key=47113&ServiceKey=mzv%2B5nKLrKuD%2BmQQsQNPL9WTK%2B%2Bv2TmZhLsfKQ94z9xgb1RpWBP17HLSPzxlwwYugsmNqEOJqSxKVAXxdImgXg%3D%3D&type=json HTTP/1.1" 200 4090
DEBUG:urllib3.connectionpool:Starting new HTTP connection (1): apis.data.go.kr:80
DEBUG:urllib3.connectionpool:http://apis.data.go.kr:80 "GET /B553077/api/open/sdsc/baroApi?resId=dong&catId=cty&ctprvnCd=50&ServiceKey=mzv%2B5nKLrKuD%2BmQQsQNPL9WTK%2B%2Bv2TmZhLsfKQ94z9xgb1RpWBP17HLSPzxlwwYugsmNqEOJqSxKVAXxdImgXg%3D%3D&type=json HTTP/1.1" 200 344
DEBUG:urllib3.connectionpool:Starting new HTTP connection (1): apis.data.go.kr:80
DEBUG:urllib3.connectionpool:http://apis.data.go.kr:80 "GET /B553077/api/open/sdsc/storeListInDong?divId=signguCd&key=50110&ServiceKey=mzv%2B5nKLrKuD%2BmQQsQNPL9WTK%2B%2Bv2TmZhLsfKQ94z9xgb1RpWBP17HLSPzxlwwYugsmNqEOJqSxKVAXxdImgXg%3D%3D&type=json HTTP/1.1" 200 4272
DEBUG:urllib3.connectionpool:Starting new HTTP connection (1): apis.data.go.kr:80
DEBUG:urllib3.connectionpool:http://apis.data.go.kr:80 "GET /B553077/api/open/sdsc/baroApi?resId=dong&catId=cty&ctprvnCd=42&ServiceKey=mzv%2B5nKLrKuD%2BmQQsQNPL9WTK%2B%2Bv2TmZhLsfKQ94z9xgb1RpWBP17HLSPzxlwwYugsmNqEOJqSxKVAXxdImgXg%3D%3D&type=json HTTP/1.1" 200 504
DEBUG:urllib3.connectionpool:Starting new HTTP connection (1): apis.data.go.kr:80
DEBUG:urllib3.connectionpool:http://apis.data.go.kr:80 "GET /B553077/api/open/sdsc/storeListInDong?divId=signguCd&key=42730&ServiceKey=mzv%2B5nKLrKuD%2BmQQsQNPL9WTK%2B%2Bv2TmZhLsfKQ94z9xgb1RpWBP17HLSPzxlwwYugsmNqEOJqSxKVAXxdImgXg%3D%3D&type=json HTTP/1.1" 200 4002
DEBUG:urllib3.connectionpool:Starting new HTTP connection (1): apis.data.go.kr:80
DEBUG:urllib3.connectionpool:http://apis.data.go.kr:80 "GET /B553077/api/open/sdsc/baroApi?resId=dong&catId=cty&ctprvnCd=47&ServiceKey=mzv%2B5nKLrKuD%2BmQQsQNPL9WTK%2B%2Bv2TmZhLsfKQ94z9xgb1RpWBP17HLSPzxlwwYugsmNqEOJqSxKVAXxdImgXg%3D%3D&type=json HTTP/1.1" 200 561
DEBUG:urllib3.connectionpool:Starting new HTTP connection (1): apis.data.go.kr:80
DEBUG:urllib3.connectionpool:http://apis.data.go.kr:80 "GET /B553077/api/open/sdsc/storeListInDong?divId=signguCd&key=47113&ServiceKey=mzv%2B5nKLrKuD%2BmQQsQNPL9WTK%2B%2Bv2TmZhLsfKQ94z9xgb1RpWBP17HLSPzxlwwYugsmNqEOJqSxKVAXxdImgXg%3D%3D&type=json HTTP/1.1" 200 4090
DEBUG:urllib3.connectionpool:Starting new HTTP connection (1): apis.data.go.kr:80
DEBUG:urllib3.connectionpool:http://apis.data.go.kr:80 "GET /B553077/api/open/sdsc/baroApi?resId=dong&catId=cty&ctprvnCd=45&ServiceKey=mzv%2B5nKLrKuD%2BmQQsQNPL9WTK%2B%2Bv2TmZhLsfKQ94z9xgb1RpWBP17HLSPzxlwwYugsmNqEOJqSxKVAXxdImgXg%3D%3D&type=json HTTP/1.1" 200 483
DEBUG:urllib3.connectionpool:Starting new HTTP connection (1): apis.data.go.kr:80
DEBUG:urllib3.connectionpool:http://apis.data.go.kr:80 "GET /B553077/api/open/sdsc/storeListInDong?divId=signguCd&key=45720&ServiceKey=mzv%2B5nKLrKuD%2BmQQsQNPL9WTK%2B%2Bv2TmZhLsfKQ94z9xgb1RpWBP17HLSPzxlwwYugsmNqEOJqSxKVAXxdImgXg%3D%3D&type=json HTTP/1.1" 200 3787
DEBUG:urllib3.connectionpool:Starting new HTTP connection (1): apis.data.go.kr:80
DEBUG:urllib3.connectionpool:http://apis.data.go.kr:80 "GET /B553077/api/open/sdsc/baroApi?resId=dong&catId=cty&ctprvnCd=47&ServiceKey=mzv%2B5nKLrKuD%2BmQQsQNPL9WTK%2B%2Bv2TmZhLsfKQ94z9xgb1RpWBP17HLSPzxlwwYugsmNqEOJqSxKVAXxdImgXg%3D%3D&type=json HTTP/1.1" 200 561
DEBUG:urllib3.connectionpool:Starting new HTTP connection (1): apis.data.go.kr:80
DEBUG:urllib3.connectionpool:http://apis.data.go.kr:80 "GET /B553077/api/open/sdsc/storeListInDong?divId=signguCd&key=47113&ServiceKey=mzv%2B5nKLrKuD%2BmQQsQNPL9WTK%2B%2Bv2TmZhLsfKQ94z9xgb1RpWBP17HLSPzxlwwYugsmNqEOJqSxKVAXxdImgXg%3D%3D&type=json HTTP/1.1" 200 4090
INFO:werkzeug:127.0.0.1 - - [15/Dec/2019 20:56:42] "POST /menus/travel HTTP/1.1" 500 -
INFO:werkzeug:127.0.0.1 - - [15/Dec/2019 20:56:42] "GET /menus/travel?__debugger__=yes&cmd=resource&f=style.css HTTP/1.1" 200 -
INFO:werkzeug:127.0.0.1 - - [15/Dec/2019 20:56:42] "GET /menus/travel?__debugger__=yes&cmd=resource&f=jquery.js HTTP/1.1" 200 -
INFO:werkzeug:127.0.0.1 - - [15/Dec/2019 20:56:42] "GET /menus/travel?__debugger__=yes&cmd=resource&f=debugger.js HTTP/1.1" 200 -
INFO:werkzeug:127.0.0.1 - - [15/Dec/2019 20:56:42] "GET /menus/travel?__debugger__=yes&cmd=resource&f=ubuntu.ttf HTTP/1.1" 200 -
INFO:werkzeug:127.0.0.1 - - [15/Dec/2019 20:56:42] "GET /menus/travel?__debugger__=yes&cmd=resource&f=console.png HTTP/1.1" 200 -
INFO:werkzeug:127.0.0.1 - - [15/Dec/2019 20:56:42] "GET /menus/travel?__debugger__=yes&cmd=resource&f=console.png HTTP/1.1" 200 -
DEBUG:urllib3.connectionpool:Starting new HTTPS connection (1): kapi.kakao.com:443
DEBUG:urllib3.connectionpool:https://kapi.kakao.com:443 "POST /v1/user/logout HTTP/1.1" 200 17
INFO:werkzeug:127.0.0.1 - - [15/Dec/2019 20:57:13] "GET /auth/logout HTTP/1.1" 302 -
INFO:werkzeug:127.0.0.1 - - [15/Dec/2019 20:57:13] "GET / HTTP/1.1" 200 -
DEBUG:urllib3.connectionpool:Starting new HTTP connection (1): api.visitkorea.or.kr:80
DEBUG:urllib3.connectionpool:http://api.visitkorea.or.kr:80 "GET /openapi/service/rest/KorService/searchKeyword?ServiceKey=mzv%2B5nKLrKuD%2BmQQsQNPL9WTK%2B%2Bv2TmZhLsfKQ94z9xgb1RpWBP17HLSPzxlwwYugsmNqEOJqSxKVAXxdImgXg%3D%3D&keyword=%EA%B5%AD%EB%A6%BD%EA%B3%B5%EC%9B%90&listYN=Y&arrange=A&MobileOS=ETC&MobileApp=AppTest&_type=json HTTP/1.1" 200 4889
DEBUG:urllib3.connectionpool:Starting new HTTP connection (1): apis.data.go.kr:80
DEBUG:urllib3.connectionpool:http://apis.data.go.kr:80 "GET /B553077/api/open/sdsc/baroApi?resId=dong&catId=cty&ctprvnCd=47&ServiceKey=mzv%2B5nKLrKuD%2BmQQsQNPL9WTK%2B%2Bv2TmZhLsfKQ94z9xgb1RpWBP17HLSPzxlwwYugsmNqEOJqSxKVAXxdImgXg%3D%3D&type=json HTTP/1.1" 200 561
DEBUG:urllib3.connectionpool:Starting new HTTP connection (1): apis.data.go.kr:80
DEBUG:urllib3.connectionpool:http://apis.data.go.kr:80 "GET /B553077/api/open/sdsc/storeListInDong?divId=signguCd&key=47113&ServiceKey=mzv%2B5nKLrKuD%2BmQQsQNPL9WTK%2B%2Bv2TmZhLsfKQ94z9xgb1RpWBP17HLSPzxlwwYugsmNqEOJqSxKVAXxdImgXg%3D%3D&type=json HTTP/1.1" 200 4090
DEBUG:urllib3.connectionpool:Starting new HTTP connection (1): apis.data.go.kr:80
DEBUG:urllib3.connectionpool:http://apis.data.go.kr:80 "GET /B553077/api/open/sdsc/baroApi?resId=dong&catId=cty&ctprvnCd=48&ServiceKey=mzv%2B5nKLrKuD%2BmQQsQNPL9WTK%2B%2Bv2TmZhLsfKQ94z9xgb1RpWBP17HLSPzxlwwYugsmNqEOJqSxKVAXxdImgXg%3D%3D&type=json HTTP/1.1" 200 565
DEBUG:urllib3.connectionpool:Starting new HTTP connection (1): apis.data.go.kr:80
DEBUG:urllib3.connectionpool:http://apis.data.go.kr:80 "GET /B553077/api/open/sdsc/storeListInDong?divId=signguCd&key=48890&ServiceKey=mzv%2B5nKLrKuD%2BmQQsQNPL9WTK%2B%2Bv2TmZhLsfKQ94z9xgb1RpWBP17HLSPzxlwwYugsmNqEOJqSxKVAXxdImgXg%3D%3D&type=json HTTP/1.1" 200 3866
DEBUG:urllib3.connectionpool:Starting new HTTP connection (1): apis.data.go.kr:80
DEBUG:urllib3.connectionpool:http://apis.data.go.kr:80 "GET /B553077/api/open/sdsc/baroApi?resId=dong&catId=cty&ctprvnCd=47&ServiceKey=mzv%2B5nKLrKuD%2BmQQsQNPL9WTK%2B%2Bv2TmZhLsfKQ94z9xgb1RpWBP17HLSPzxlwwYugsmNqEOJqSxKVAXxdImgXg%3D%3D&type=json HTTP/1.1" 200 561
DEBUG:urllib3.connectionpool:Starting new HTTP connection (1): apis.data.go.kr:80
DEBUG:urllib3.connectionpool:http://apis.data.go.kr:80 "GET /B553077/api/open/sdsc/storeListInDong?divId=signguCd&key=47113&ServiceKey=mzv%2B5nKLrKuD%2BmQQsQNPL9WTK%2B%2Bv2TmZhLsfKQ94z9xgb1RpWBP17HLSPzxlwwYugsmNqEOJqSxKVAXxdImgXg%3D%3D&type=json HTTP/1.1" 200 4090
DEBUG:urllib3.connectionpool:Starting new HTTP connection (1): apis.data.go.kr:80
DEBUG:urllib3.connectionpool:http://apis.data.go.kr:80 "GET /B553077/api/open/sdsc/baroApi?resId=dong&catId=cty&ctprvnCd=44&ServiceKey=mzv%2B5nKLrKuD%2BmQQsQNPL9WTK%2B%2Bv2TmZhLsfKQ94z9xgb1RpWBP17HLSPzxlwwYugsmNqEOJqSxKVAXxdImgXg%3D%3D&type=json HTTP/1.1" 200 497
DEBUG:urllib3.connectionpool:Starting new HTTP connection (1): apis.data.go.kr:80
DEBUG:urllib3.connectionpool:http://apis.data.go.kr:80 "GET /B553077/api/open/sdsc/storeListInDong?divId=signguCd&key=44800&ServiceKey=mzv%2B5nKLrKuD%2BmQQsQNPL9WTK%2B%2Bv2TmZhLsfKQ94z9xgb1RpWBP17HLSPzxlwwYugsmNqEOJqSxKVAXxdImgXg%3D%3D&type=json HTTP/1.1" 200 3840
DEBUG:urllib3.connectionpool:Starting new HTTP connection (1): apis.data.go.kr:80
DEBUG:urllib3.connectionpool:http://apis.data.go.kr:80 "GET /B553077/api/open/sdsc/baroApi?resId=dong&catId=cty&ctprvnCd=11&ServiceKey=mzv%2B5nKLrKuD%2BmQQsQNPL9WTK%2B%2Bv2TmZhLsfKQ94z9xgb1RpWBP17HLSPzxlwwYugsmNqEOJqSxKVAXxdImgXg%3D%3D&type=json HTTP/1.1" 200 571
DEBUG:urllib3.connectionpool:Starting new HTTP connection (1): apis.data.go.kr:80
DEBUG:urllib3.connectionpool:Starting new HTTP connection (1): api.visitkorea.or.kr:80
DEBUG:urllib3.connectionpool:http://api.visitkorea.or.kr:80 "GET /openapi/service/rest/KorService/searchKeyword?ServiceKey=mzv%2B5nKLrKuD%2BmQQsQNPL9WTK%2B%2Bv2TmZhLsfKQ94z9xgb1RpWBP17HLSPzxlwwYugsmNqEOJqSxKVAXxdImgXg%3D%3D&keyword=%ED%85%8C%EB%A7%88%EA%B3%B5%EC%9B%90&listYN=Y&arrange=A&MobileOS=ETC&MobileApp=AppTest&_type=json HTTP/1.1" 200 5685
DEBUG:urllib3.connectionpool:Starting new HTTP connection (1): apis.data.go.kr:80
DEBUG:urllib3.connectionpool:http://apis.data.go.kr:80 "GET /B553077/api/open/sdsc/baroApi?resId=dong&catId=cty&ctprvnCd=48&ServiceKey=mzv%2B5nKLrKuD%2BmQQsQNPL9WTK%2B%2Bv2TmZhLsfKQ94z9xgb1RpWBP17HLSPzxlwwYugsmNqEOJqSxKVAXxdImgXg%3D%3D&type=json HTTP/1.1" 200 565
DEBUG:urllib3.connectionpool:Starting new HTTP connection (1): apis.data.go.kr:80
DEBUG:urllib3.connectionpool:http://apis.data.go.kr:80 "GET /B553077/api/open/sdsc/storeListInDong?divId=signguCd&key=48890&ServiceKey=mzv%2B5nKLrKuD%2BmQQsQNPL9WTK%2B%2Bv2TmZhLsfKQ94z9xgb1RpWBP17HLSPzxlwwYugsmNqEOJqSxKVAXxdImgXg%3D%3D&type=json HTTP/1.1" 200 3866
DEBUG:urllib3.connectionpool:Starting new HTTP connection (1): apis.data.go.kr:80
DEBUG:urllib3.connectionpool:http://apis.data.go.kr:80 "GET /B553077/api/open/sdsc/baroApi?resId=dong&catId=cty&ctprvnCd=47&ServiceKey=mzv%2B5nKLrKuD%2BmQQsQNPL9WTK%2B%2Bv2TmZhLsfKQ94z9xgb1RpWBP17HLSPzxlwwYugsmNqEOJqSxKVAXxdImgXg%3D%3D&type=json HTTP/1.1" 200 561
DEBUG:urllib3.connectionpool:Starting new HTTP connection (1): apis.data.go.kr:80
DEBUG:urllib3.connectionpool:http://apis.data.go.kr:80 "GET /B553077/api/open/sdsc/storeListInDong?divId=signguCd&key=47113&ServiceKey=mzv%2B5nKLrKuD%2BmQQsQNPL9WTK%2B%2Bv2TmZhLsfKQ94z9xgb1RpWBP17HLSPzxlwwYugsmNqEOJqSxKVAXxdImgXg%3D%3D&type=json HTTP/1.1" 200 4090
DEBUG:urllib3.connectionpool:Starting new HTTP connection (1): apis.data.go.kr:80
DEBUG:urllib3.connectionpool:http://apis.data.go.kr:80 "GET /B553077/api/open/sdsc/baroApi?resId=dong&catId=cty&ctprvnCd=46&ServiceKey=mzv%2B5nKLrKuD%2BmQQsQNPL9WTK%2B%2Bv2TmZhLsfKQ94z9xgb1RpWBP17HLSPzxlwwYugsmNqEOJqSxKVAXxdImgXg%3D%3D&type=json HTTP/1.1" 200 544
DEBUG:urllib3.connectionpool:Starting new HTTP connection (1): apis.data.go.kr:80
DEBUG:urllib3.connectionpool:http://apis.data.go.kr:80 "GET /B553077/api/open/sdsc/storeListInDong?divId=signguCd&key=46790&ServiceKey=mzv%2B5nKLrKuD%2BmQQsQNPL9WTK%2B%2Bv2TmZhLsfKQ94z9xgb1RpWBP17HLSPzxlwwYugsmNqEOJqSxKVAXxdImgXg%3D%3D&type=json HTTP/1.1" 200 3552
DEBUG:urllib3.connectionpool:Starting new HTTP connection (1): apis.data.go.kr:80
DEBUG:urllib3.connectionpool:http://apis.data.go.kr:80 "GET /B553077/api/open/sdsc/baroApi?resId=dong&catId=cty&ctprvnCd=45&ServiceKey=mzv%2B5nKLrKuD%2BmQQsQNPL9WTK%2B%2Bv2TmZhLsfKQ94z9xgb1RpWBP17HLSPzxlwwYugsmNqEOJqSxKVAXxdImgXg%3D%3D&type=json HTTP/1.1" 200 483
DEBUG:urllib3.connectionpool:Starting new HTTP connection (1): apis.data.go.kr:80
DEBUG:urllib3.connectionpool:http://apis.data.go.kr:80 "GET /B553077/api/open/sdsc/storeListInDong?divId=signguCd&key=45720&ServiceKey=mzv%2B5nKLrKuD%2BmQQsQNPL9WTK%2B%2Bv2TmZhLsfKQ94z9xgb1RpWBP17HLSPzxlwwYugsmNqEOJqSxKVAXxdImgXg%3D%3D&type=json HTTP/1.1" 200 3787
DEBUG:urllib3.connectionpool:Starting new HTTP connection (1): apis.data.go.kr:80
DEBUG:urllib3.connectionpool:http://apis.data.go.kr:80 "GET /B553077/api/open/sdsc/baroApi?resId=dong&catId=cty&ctprvnCd=47&ServiceKey=mzv%2B5nKLrKuD%2BmQQsQNPL9WTK%2B%2Bv2TmZhLsfKQ94z9xgb1RpWBP17HLSPzxlwwYugsmNqEOJqSxKVAXxdImgXg%3D%3D&type=json HTTP/1.1" 200 561
DEBUG:urllib3.connectionpool:Starting new HTTP connection (1): apis.data.go.kr:80
DEBUG:urllib3.connectionpool:http://apis.data.go.kr:80 "GET /B553077/api/open/sdsc/storeListInDong?divId=signguCd&key=47113&ServiceKey=mzv%2B5nKLrKuD%2BmQQsQNPL9WTK%2B%2Bv2TmZhLsfKQ94z9xgb1RpWBP17HLSPzxlwwYugsmNqEOJqSxKVAXxdImgXg%3D%3D&type=json HTTP/1.1" 200 4090
DEBUG:urllib3.connectionpool:Starting new HTTP connection (1): apis.data.go.kr:80
DEBUG:urllib3.connectionpool:http://apis.data.go.kr:80 "GET /B553077/api/open/sdsc/baroApi?resId=dong&catId=cty&ctprvnCd=50&ServiceKey=mzv%2B5nKLrKuD%2BmQQsQNPL9WTK%2B%2Bv2TmZhLsfKQ94z9xgb1RpWBP17HLSPzxlwwYugsmNqEOJqSxKVAXxdImgXg%3D%3D&type=json HTTP/1.1" 200 344
DEBUG:urllib3.connectionpool:Starting new HTTP connection (1): apis.data.go.kr:80
DEBUG:urllib3.connectionpool:http://apis.data.go.kr:80 "GET /B553077/api/open/sdsc/storeListInDong?divId=signguCd&key=50110&ServiceKey=mzv%2B5nKLrKuD%2BmQQsQNPL9WTK%2B%2Bv2TmZhLsfKQ94z9xgb1RpWBP17HLSPzxlwwYugsmNqEOJqSxKVAXxdImgXg%3D%3D&type=json HTTP/1.1" 200 4272
DEBUG:urllib3.connectionpool:Starting new HTTP connection (1): apis.data.go.kr:80
DEBUG:urllib3.connectionpool:http://apis.data.go.kr:80 "GET /B553077/api/open/sdsc/baroApi?resId=dong&catId=cty&ctprvnCd=42&ServiceKey=mzv%2B5nKLrKuD%2BmQQsQNPL9WTK%2B%2Bv2TmZhLsfKQ94z9xgb1RpWBP17HLSPzxlwwYugsmNqEOJqSxKVAXxdImgXg%3D%3D&type=json HTTP/1.1" 200 504
DEBUG:urllib3.connectionpool:Starting new HTTP connection (1): apis.data.go.kr:80
DEBUG:urllib3.connectionpool:http://apis.data.go.kr:80 "GET /B553077/api/open/sdsc/storeListInDong?divId=signguCd&key=42730&ServiceKey=mzv%2B5nKLrKuD%2BmQQsQNPL9WTK%2B%2Bv2TmZhLsfKQ94z9xgb1RpWBP17HLSPzxlwwYugsmNqEOJqSxKVAXxdImgXg%3D%3D&type=json HTTP/1.1" 200 4002
DEBUG:urllib3.connectionpool:Starting new HTTP connection (1): apis.data.go.kr:80
DEBUG:urllib3.connectionpool:http://apis.data.go.kr:80 "GET /B553077/api/open/sdsc/baroApi?resId=dong&catId=cty&ctprvnCd=47&ServiceKey=mzv%2B5nKLrKuD%2BmQQsQNPL9WTK%2B%2Bv2TmZhLsfKQ94z9xgb1RpWBP17HLSPzxlwwYugsmNqEOJqSxKVAXxdImgXg%3D%3D&type=json HTTP/1.1" 200 561
DEBUG:urllib3.connectionpool:Starting new HTTP connection (1): apis.data.go.kr:80
DEBUG:urllib3.connectionpool:http://apis.data.go.kr:80 "GET /B553077/api/open/sdsc/storeListInDong?divId=signguCd&key=47113&ServiceKey=mzv%2B5nKLrKuD%2BmQQsQNPL9WTK%2B%2Bv2TmZhLsfKQ94z9xgb1RpWBP17HLSPzxlwwYugsmNqEOJqSxKVAXxdImgXg%3D%3D&type=json HTTP/1.1" 200 4090
DEBUG:urllib3.connectionpool:Starting new HTTP connection (1): apis.data.go.kr:80
DEBUG:urllib3.connectionpool:http://apis.data.go.kr:80 "GET /B553077/api/open/sdsc/baroApi?resId=dong&catId=cty&ctprvnCd=45&ServiceKey=mzv%2B5nKLrKuD%2BmQQsQNPL9WTK%2B%2Bv2TmZhLsfKQ94z9xgb1RpWBP17HLSPzxlwwYugsmNqEOJqSxKVAXxdImgXg%3D%3D&type=json HTTP/1.1" 200 483
DEBUG:urllib3.connectionpool:Starting new HTTP connection (1): apis.data.go.kr:80
DEBUG:urllib3.connectionpool:http://apis.data.go.kr:80 "GET /B553077/api/open/sdsc/storeListInDong?divId=signguCd&key=45720&ServiceKey=mzv%2B5nKLrKuD%2BmQQsQNPL9WTK%2B%2Bv2TmZhLsfKQ94z9xgb1RpWBP17HLSPzxlwwYugsmNqEOJqSxKVAXxdImgXg%3D%3D&type=json HTTP/1.1" 200 3787
DEBUG:urllib3.connectionpool:Starting new HTTP connection (1): apis.data.go.kr:80
DEBUG:urllib3.connectionpool:http://apis.data.go.kr:80 "GET /B553077/api/open/sdsc/baroApi?resId=dong&catId=cty&ctprvnCd=47&ServiceKey=mzv%2B5nKLrKuD%2BmQQsQNPL9WTK%2B%2Bv2TmZhLsfKQ94z9xgb1RpWBP17HLSPzxlwwYugsmNqEOJqSxKVAXxdImgXg%3D%3D&type=json HTTP/1.1" 200 561
DEBUG:urllib3.connectionpool:Starting new HTTP connection (1): apis.data.go.kr:80
DEBUG:urllib3.connectionpool:http://apis.data.go.kr:80 "GET /B553077/api/open/sdsc/storeListInDong?divId=signguCd&key=11260&ServiceKey=mzv%2B5nKLrKuD%2BmQQsQNPL9WTK%2B%2Bv2TmZhLsfKQ94z9xgb1RpWBP17HLSPzxlwwYugsmNqEOJqSxKVAXxdImgXg%3D%3D&type=json HTTP/1.1" 200 3950
DEBUG:urllib3.connectionpool:Starting new HTTP connection (1): apis.data.go.kr:80
DEBUG:urllib3.connectionpool:http://apis.data.go.kr:80 "GET /B553077/api/open/sdsc/baroApi?resId=dong&catId=cty&ctprvnCd=46&ServiceKey=mzv%2B5nKLrKuD%2BmQQsQNPL9WTK%2B%2Bv2TmZhLsfKQ94z9xgb1RpWBP17HLSPzxlwwYugsmNqEOJqSxKVAXxdImgXg%3D%3D&type=json HTTP/1.1" 200 544
DEBUG:urllib3.connectionpool:Starting new HTTP connection (1): apis.data.go.kr:80
DEBUG:urllib3.connectionpool:http://apis.data.go.kr:80 "GET /B553077/api/open/sdsc/storeListInDong?divId=signguCd&key=47113&ServiceKey=mzv%2B5nKLrKuD%2BmQQsQNPL9WTK%2B%2Bv2TmZhLsfKQ94z9xgb1RpWBP17HLSPzxlwwYugsmNqEOJqSxKVAXxdImgXg%3D%3D&type=json HTTP/1.1" 200 4090
INFO:werkzeug:127.0.0.1 - - [15/Dec/2019 20:58:08] "POST /menus/travel HTTP/1.1" 200 -
DEBUG:urllib3.connectionpool:http://apis.data.go.kr:80 "GET /B553077/api/open/sdsc/storeListInDong?divId=signguCd&key=46790&ServiceKey=mzv%2B5nKLrKuD%2BmQQsQNPL9WTK%2B%2Bv2TmZhLsfKQ94z9xgb1RpWBP17HLSPzxlwwYugsmNqEOJqSxKVAXxdImgXg%3D%3D&type=json HTTP/1.1" 200 3552
DEBUG:urllib3.connectionpool:Starting new HTTP connection (1): apis.data.go.kr:80
DEBUG:urllib3.connectionpool:http://apis.data.go.kr:80 "GET /B553077/api/open/sdsc/baroApi?resId=dong&catId=cty&ctprvnCd=11&ServiceKey=mzv%2B5nKLrKuD%2BmQQsQNPL9WTK%2B%2Bv2TmZhLsfKQ94z9xgb1RpWBP17HLSPzxlwwYugsmNqEOJqSxKVAXxdImgXg%3D%3D&type=json HTTP/1.1" 200 571
DEBUG:urllib3.connectionpool:Starting new HTTP connection (1): apis.data.go.kr:80
DEBUG:urllib3.connectionpool:http://apis.data.go.kr:80 "GET /B553077/api/open/sdsc/storeListInDong?divId=signguCd&key=11260&ServiceKey=mzv%2B5nKLrKuD%2BmQQsQNPL9WTK%2B%2Bv2TmZhLsfKQ94z9xgb1RpWBP17HLSPzxlwwYugsmNqEOJqSxKVAXxdImgXg%3D%3D&type=json HTTP/1.1" 200 3950
DEBUG:urllib3.connectionpool:Starting new HTTP connection (1): apis.data.go.kr:80
DEBUG:urllib3.connectionpool:http://apis.data.go.kr:80 "GET /B553077/api/open/sdsc/baroApi?resId=dong&catId=cty&ctprvnCd=45&ServiceKey=mzv%2B5nKLrKuD%2BmQQsQNPL9WTK%2B%2Bv2TmZhLsfKQ94z9xgb1RpWBP17HLSPzxlwwYugsmNqEOJqSxKVAXxdImgXg%3D%3D&type=json HTTP/1.1" 200 483
DEBUG:urllib3.connectionpool:Starting new HTTP connection (1): apis.data.go.kr:80
DEBUG:urllib3.connectionpool:http://apis.data.go.kr:80 "GET /B553077/api/open/sdsc/storeListInDong?divId=signguCd&key=45720&ServiceKey=mzv%2B5nKLrKuD%2BmQQsQNPL9WTK%2B%2Bv2TmZhLsfKQ94z9xgb1RpWBP17HLSPzxlwwYugsmNqEOJqSxKVAXxdImgXg%3D%3D&type=json HTTP/1.1" 200 3787
DEBUG:urllib3.connectionpool:Starting new HTTP connection (1): apis.data.go.kr:80
DEBUG:urllib3.connectionpool:http://apis.data.go.kr:80 "GET /B553077/api/open/sdsc/baroApi?resId=dong&catId=cty&ctprvnCd=46&ServiceKey=mzv%2B5nKLrKuD%2BmQQsQNPL9WTK%2B%2Bv2TmZhLsfKQ94z9xgb1RpWBP17HLSPzxlwwYugsmNqEOJqSxKVAXxdImgXg%3D%3D&type=json HTTP/1.1" 200 544
DEBUG:urllib3.connectionpool:Starting new HTTP connection (1): apis.data.go.kr:80
DEBUG:urllib3.connectionpool:http://apis.data.go.kr:80 "GET /B553077/api/open/sdsc/storeListInDong?divId=signguCd&key=46790&ServiceKey=mzv%2B5nKLrKuD%2BmQQsQNPL9WTK%2B%2Bv2TmZhLsfKQ94z9xgb1RpWBP17HLSPzxlwwYugsmNqEOJqSxKVAXxdImgXg%3D%3D&type=json HTTP/1.1" 200 3552
DEBUG:urllib3.connectionpool:Starting new HTTP connection (1): apis.data.go.kr:80
DEBUG:urllib3.connectionpool:http://apis.data.go.kr:80 "GET /B553077/api/open/sdsc/baroApi?resId=dong&catId=cty&ctprvnCd=46&ServiceKey=mzv%2B5nKLrKuD%2BmQQsQNPL9WTK%2B%2Bv2TmZhLsfKQ94z9xgb1RpWBP17HLSPzxlwwYugsmNqEOJqSxKVAXxdImgXg%3D%3D&type=json HTTP/1.1" 200 544
DEBUG:urllib3.connectionpool:Starting new HTTP connection (1): apis.data.go.kr:80
DEBUG:urllib3.connectionpool:http://apis.data.go.kr:80 "GET /B553077/api/open/sdsc/storeListInDong?divId=signguCd&key=46790&ServiceKey=mzv%2B5nKLrKuD%2BmQQsQNPL9WTK%2B%2Bv2TmZhLsfKQ94z9xgb1RpWBP17HLSPzxlwwYugsmNqEOJqSxKVAXxdImgXg%3D%3D&type=json HTTP/1.1" 200 3552
INFO:werkzeug:127.0.0.1 - - [15/Dec/2019 20:58:20] "POST /menus/travel HTTP/1.1" 200 -
INFO:werkzeug:127.0.0.1 - - [15/Dec/2019 20:59:05] "GET / HTTP/1.1" 200 -
INFO:werkzeug: * Detected change in 'C:\\Users\\Will\\PycharmProjects\\travel_service\\views\\menus.py', reloading
INFO:werkzeug: * Restarting with stat
INFO:root:Flask Web Server Started
WARNING:werkzeug: * Debugger is active!
INFO:werkzeug: * Debugger PIN: 312-095-692
INFO:werkzeug: * Running on http://0.0.0.0:8080/ (Press CTRL+C to quit)
INFO:werkzeug: * Detected change in 'C:\\Users\\Will\\PycharmProjects\\travel_service\\views\\menus.py', reloading
INFO:werkzeug: * Restarting with stat
INFO:root:Flask Web Server Started
WARNING:werkzeug: * Debugger is active!
INFO:werkzeug: * Debugger PIN: 312-095-692
INFO:werkzeug: * Running on http://0.0.0.0:8080/ (Press CTRL+C to quit)
INFO:werkzeug: * Detected change in 'C:\\Users\\Will\\PycharmProjects\\travel_service\\views\\menus.py', reloading
INFO:werkzeug: * Restarting with stat
INFO:root:Flask Web Server Started
WARNING:werkzeug: * Debugger is active!
INFO:werkzeug: * Debugger PIN: 312-095-692
INFO:werkzeug: * Running on http://0.0.0.0:8080/ (Press CTRL+C to quit)
INFO:werkzeug: * Detected change in 'C:\\Users\\Will\\PycharmProjects\\travel_service\\views\\menus.py', reloading
INFO:werkzeug: * Restarting with stat
INFO:root:Flask Web Server Started
WARNING:werkzeug: * Debugger is active!
INFO:werkzeug: * Debugger PIN: 312-095-692
INFO:werkzeug: * Running on http://0.0.0.0:8080/ (Press CTRL+C to quit)
DEBUG:urllib3.connectionpool:Starting new HTTP connection (1): api.visitkorea.or.kr:80
DEBUG:urllib3.connectionpool:http://api.visitkorea.or.kr:80 "GET /openapi/service/rest/KorService/searchKeyword?ServiceKey=mzv%2B5nKLrKuD%2BmQQsQNPL9WTK%2B%2Bv2TmZhLsfKQ94z9xgb1RpWBP17HLSPzxlwwYugsmNqEOJqSxKVAXxdImgXg%3D%3D&keyword=%EA%B5%AD%EB%A6%BD%EA%B3%B5%EC%9B%90&listYN=Y&arrange=A&MobileOS=ETC&MobileApp=AppTest&_type=json HTTP/1.1" 200 4889
DEBUG:urllib3.connectionpool:Starting new HTTP connection (1): apis.data.go.kr:80
DEBUG:urllib3.connectionpool:http://apis.data.go.kr:80 "GET /B553077/api/open/sdsc/baroApi?resId=dong&catId=cty&ctprvnCd=47&ServiceKey=mzv%2B5nKLrKuD%2BmQQsQNPL9WTK%2B%2Bv2TmZhLsfKQ94z9xgb1RpWBP17HLSPzxlwwYugsmNqEOJqSxKVAXxdImgXg%3D%3D&type=json HTTP/1.1" 200 561
DEBUG:urllib3.connectionpool:Starting new HTTP connection (1): apis.data.go.kr:80
DEBUG:urllib3.connectionpool:http://apis.data.go.kr:80 "GET /B553077/api/open/sdsc/storeListInDong?divId=signguCd&key=47113&ServiceKey=mzv%2B5nKLrKuD%2BmQQsQNPL9WTK%2B%2Bv2TmZhLsfKQ94z9xgb1RpWBP17HLSPzxlwwYugsmNqEOJqSxKVAXxdImgXg%3D%3D&type=json HTTP/1.1" 200 4090
DEBUG:urllib3.connectionpool:Starting new HTTP connection (1): apis.data.go.kr:80
DEBUG:urllib3.connectionpool:http://apis.data.go.kr:80 "GET /B553077/api/open/sdsc/baroApi?resId=dong&catId=cty&ctprvnCd=48&ServiceKey=mzv%2B5nKLrKuD%2BmQQsQNPL9WTK%2B%2Bv2TmZhLsfKQ94z9xgb1RpWBP17HLSPzxlwwYugsmNqEOJqSxKVAXxdImgXg%3D%3D&type=json HTTP/1.1" 200 565
DEBUG:urllib3.connectionpool:Starting new HTTP connection (1): apis.data.go.kr:80
DEBUG:urllib3.connectionpool:http://apis.data.go.kr:80 "GET /B553077/api/open/sdsc/storeListInDong?divId=signguCd&key=48890&ServiceKey=mzv%2B5nKLrKuD%2BmQQsQNPL9WTK%2B%2Bv2TmZhLsfKQ94z9xgb1RpWBP17HLSPzxlwwYugsmNqEOJqSxKVAXxdImgXg%3D%3D&type=json HTTP/1.1" 200 3866
DEBUG:urllib3.connectionpool:Starting new HTTP connection (1): apis.data.go.kr:80
DEBUG:urllib3.connectionpool:http://apis.data.go.kr:80 "GET /B553077/api/open/sdsc/baroApi?resId=dong&catId=cty&ctprvnCd=47&ServiceKey=mzv%2B5nKLrKuD%2BmQQsQNPL9WTK%2B%2Bv2TmZhLsfKQ94z9xgb1RpWBP17HLSPzxlwwYugsmNqEOJqSxKVAXxdImgXg%3D%3D&type=json HTTP/1.1" 200 561
DEBUG:urllib3.connectionpool:Starting new HTTP connection (1): apis.data.go.kr:80
DEBUG:urllib3.connectionpool:http://apis.data.go.kr:80 "GET /B553077/api/open/sdsc/storeListInDong?divId=signguCd&key=47113&ServiceKey=mzv%2B5nKLrKuD%2BmQQsQNPL9WTK%2B%2Bv2TmZhLsfKQ94z9xgb1RpWBP17HLSPzxlwwYugsmNqEOJqSxKVAXxdImgXg%3D%3D&type=json HTTP/1.1" 200 4090
DEBUG:urllib3.connectionpool:Starting new HTTP connection (1): apis.data.go.kr:80
DEBUG:urllib3.connectionpool:http://apis.data.go.kr:80 "GET /B553077/api/open/sdsc/baroApi?resId=dong&catId=cty&ctprvnCd=44&ServiceKey=mzv%2B5nKLrKuD%2BmQQsQNPL9WTK%2B%2Bv2TmZhLsfKQ94z9xgb1RpWBP17HLSPzxlwwYugsmNqEOJqSxKVAXxdImgXg%3D%3D&type=json HTTP/1.1" 200 497
DEBUG:urllib3.connectionpool:Starting new HTTP connection (1): apis.data.go.kr:80
DEBUG:urllib3.connectionpool:http://apis.data.go.kr:80 "GET /B553077/api/open/sdsc/storeListInDong?divId=signguCd&key=44800&ServiceKey=mzv%2B5nKLrKuD%2BmQQsQNPL9WTK%2B%2Bv2TmZhLsfKQ94z9xgb1RpWBP17HLSPzxlwwYugsmNqEOJqSxKVAXxdImgXg%3D%3D&type=json HTTP/1.1" 200 3840
DEBUG:urllib3.connectionpool:Starting new HTTP connection (1): apis.data.go.kr:80
DEBUG:urllib3.connectionpool:http://apis.data.go.kr:80 "GET /B553077/api/open/sdsc/baroApi?resId=dong&catId=cty&ctprvnCd=11&ServiceKey=mzv%2B5nKLrKuD%2BmQQsQNPL9WTK%2B%2Bv2TmZhLsfKQ94z9xgb1RpWBP17HLSPzxlwwYugsmNqEOJqSxKVAXxdImgXg%3D%3D&type=json HTTP/1.1" 200 571
DEBUG:urllib3.connectionpool:Starting new HTTP connection (1): apis.data.go.kr:80
DEBUG:urllib3.connectionpool:http://apis.data.go.kr:80 "GET /B553077/api/open/sdsc/storeListInDong?divId=signguCd&key=11260&ServiceKey=mzv%2B5nKLrKuD%2BmQQsQNPL9WTK%2B%2Bv2TmZhLsfKQ94z9xgb1RpWBP17HLSPzxlwwYugsmNqEOJqSxKVAXxdImgXg%3D%3D&type=json HTTP/1.1" 200 3950
DEBUG:urllib3.connectionpool:Starting new HTTP connection (1): apis.data.go.kr:80
DEBUG:urllib3.connectionpool:http://apis.data.go.kr:80 "GET /B553077/api/open/sdsc/baroApi?resId=dong&catId=cty&ctprvnCd=46&ServiceKey=mzv%2B5nKLrKuD%2BmQQsQNPL9WTK%2B%2Bv2TmZhLsfKQ94z9xgb1RpWBP17HLSPzxlwwYugsmNqEOJqSxKVAXxdImgXg%3D%3D&type=json HTTP/1.1" 200 544
DEBUG:urllib3.connectionpool:Starting new HTTP connection (1): apis.data.go.kr:80
DEBUG:urllib3.connectionpool:http://apis.data.go.kr:80 "GET /B553077/api/open/sdsc/storeListInDong?divId=signguCd&key=46790&ServiceKey=mzv%2B5nKLrKuD%2BmQQsQNPL9WTK%2B%2Bv2TmZhLsfKQ94z9xgb1RpWBP17HLSPzxlwwYugsmNqEOJqSxKVAXxdImgXg%3D%3D&type=json HTTP/1.1" 200 3552
DEBUG:urllib3.connectionpool:Starting new HTTP connection (1): apis.data.go.kr:80
DEBUG:urllib3.connectionpool:http://apis.data.go.kr:80 "GET /B553077/api/open/sdsc/baroApi?resId=dong&catId=cty&ctprvnCd=11&ServiceKey=mzv%2B5nKLrKuD%2BmQQsQNPL9WTK%2B%2Bv2TmZhLsfKQ94z9xgb1RpWBP17HLSPzxlwwYugsmNqEOJqSxKVAXxdImgXg%3D%3D&type=json HTTP/1.1" 200 571
DEBUG:urllib3.connectionpool:Starting new HTTP connection (1): apis.data.go.kr:80
DEBUG:urllib3.connectionpool:http://apis.data.go.kr:80 "GET /B553077/api/open/sdsc/storeListInDong?divId=signguCd&key=11260&ServiceKey=mzv%2B5nKLrKuD%2BmQQsQNPL9WTK%2B%2Bv2TmZhLsfKQ94z9xgb1RpWBP17HLSPzxlwwYugsmNqEOJqSxKVAXxdImgXg%3D%3D&type=json HTTP/1.1" 200 3950
DEBUG:urllib3.connectionpool:Starting new HTTP connection (1): apis.data.go.kr:80
DEBUG:urllib3.connectionpool:http://apis.data.go.kr:80 "GET /B553077/api/open/sdsc/baroApi?resId=dong&catId=cty&ctprvnCd=45&ServiceKey=mzv%2B5nKLrKuD%2BmQQsQNPL9WTK%2B%2Bv2TmZhLsfKQ94z9xgb1RpWBP17HLSPzxlwwYugsmNqEOJqSxKVAXxdImgXg%3D%3D&type=json HTTP/1.1" 200 483
DEBUG:urllib3.connectionpool:Starting new HTTP connection (1): apis.data.go.kr:80
DEBUG:urllib3.connectionpool:http://apis.data.go.kr:80 "GET /B553077/api/open/sdsc/storeListInDong?divId=signguCd&key=45720&ServiceKey=mzv%2B5nKLrKuD%2BmQQsQNPL9WTK%2B%2Bv2TmZhLsfKQ94z9xgb1RpWBP17HLSPzxlwwYugsmNqEOJqSxKVAXxdImgXg%3D%3D&type=json HTTP/1.1" 200 3787
DEBUG:urllib3.connectionpool:Starting new HTTP connection (1): apis.data.go.kr:80
DEBUG:urllib3.connectionpool:http://apis.data.go.kr:80 "GET /B553077/api/open/sdsc/baroApi?resId=dong&catId=cty&ctprvnCd=46&ServiceKey=mzv%2B5nKLrKuD%2BmQQsQNPL9WTK%2B%2Bv2TmZhLsfKQ94z9xgb1RpWBP17HLSPzxlwwYugsmNqEOJqSxKVAXxdImgXg%3D%3D&type=json HTTP/1.1" 200 544
DEBUG:urllib3.connectionpool:Starting new HTTP connection (1): apis.data.go.kr:80
DEBUG:urllib3.connectionpool:http://apis.data.go.kr:80 "GET /B553077/api/open/sdsc/storeListInDong?divId=signguCd&key=46790&ServiceKey=mzv%2B5nKLrKuD%2BmQQsQNPL9WTK%2B%2Bv2TmZhLsfKQ94z9xgb1RpWBP17HLSPzxlwwYugsmNqEOJqSxKVAXxdImgXg%3D%3D&type=json HTTP/1.1" 200 3552
DEBUG:urllib3.connectionpool:Starting new HTTP connection (1): apis.data.go.kr:80
DEBUG:urllib3.connectionpool:http://apis.data.go.kr:80 "GET /B553077/api/open/sdsc/baroApi?resId=dong&catId=cty&ctprvnCd=46&ServiceKey=mzv%2B5nKLrKuD%2BmQQsQNPL9WTK%2B%2Bv2TmZhLsfKQ94z9xgb1RpWBP17HLSPzxlwwYugsmNqEOJqSxKVAXxdImgXg%3D%3D&type=json HTTP/1.1" 200 544
DEBUG:urllib3.connectionpool:Starting new HTTP connection (1): apis.data.go.kr:80
DEBUG:urllib3.connectionpool:http://apis.data.go.kr:80 "GET /B553077/api/open/sdsc/storeListInDong?divId=signguCd&key=46790&ServiceKey=mzv%2B5nKLrKuD%2BmQQsQNPL9WTK%2B%2Bv2TmZhLsfKQ94z9xgb1RpWBP17HLSPzxlwwYugsmNqEOJqSxKVAXxdImgXg%3D%3D&type=json HTTP/1.1" 200 3552
INFO:werkzeug:127.0.0.1 - - [16/Dec/2019 02:35:36] "POST /menus/travel HTTP/1.1" 200 -
INFO:werkzeug: * Detected change in 'C:\\Users\\Will\\PycharmProjects\\travel_service\\views\\menus.py', reloading
INFO:werkzeug: * Restarting with stat
INFO:root:Flask Web Server Started
WARNING:werkzeug: * Debugger is active!
INFO:werkzeug: * Debugger PIN: 312-095-692
INFO:werkzeug: * Running on http://0.0.0.0:8080/ (Press CTRL+C to quit)
DEBUG:urllib3.connectionpool:Starting new HTTP connection (1): api.visitkorea.or.kr:80
DEBUG:urllib3.connectionpool:http://api.visitkorea.or.kr:80 "GET /openapi/service/rest/KorService/searchKeyword?ServiceKey=mzv%2B5nKLrKuD%2BmQQsQNPL9WTK%2B%2Bv2TmZhLsfKQ94z9xgb1RpWBP17HLSPzxlwwYugsmNqEOJqSxKVAXxdImgXg%3D%3D&keyword=%EA%B5%AD%EB%A6%BD%EA%B3%B5%EC%9B%90&listYN=Y&arrange=A&MobileOS=ETC&MobileApp=AppTest&_type=json HTTP/1.1" 200 4889
DEBUG:urllib3.connectionpool:Starting new HTTP connection (1): apis.data.go.kr:80
DEBUG:urllib3.connectionpool:http://apis.data.go.kr:80 "GET /B553077/api/open/sdsc/baroApi?resId=dong&catId=cty&ctprvnCd=47&ServiceKey=mzv%2B5nKLrKuD%2BmQQsQNPL9WTK%2B%2Bv2TmZhLsfKQ94z9xgb1RpWBP17HLSPzxlwwYugsmNqEOJqSxKVAXxdImgXg%3D%3D&type=json HTTP/1.1" 200 561
DEBUG:urllib3.connectionpool:Starting new HTTP connection (1): apis.data.go.kr:80
DEBUG:urllib3.connectionpool:http://apis.data.go.kr:80 "GET /B553077/api/open/sdsc/storeListInDong?divId=signguCd&key=47113&ServiceKey=mzv%2B5nKLrKuD%2BmQQsQNPL9WTK%2B%2Bv2TmZhLsfKQ94z9xgb1RpWBP17HLSPzxlwwYugsmNqEOJqSxKVAXxdImgXg%3D%3D&type=json HTTP/1.1" 200 4090
DEBUG:urllib3.connectionpool:Starting new HTTP connection (1): apis.data.go.kr:80
DEBUG:urllib3.connectionpool:http://apis.data.go.kr:80 "GET /B553077/api/open/sdsc/baroApi?resId=dong&catId=cty&ctprvnCd=48&ServiceKey=mzv%2B5nKLrKuD%2BmQQsQNPL9WTK%2B%2Bv2TmZhLsfKQ94z9xgb1RpWBP17HLSPzxlwwYugsmNqEOJqSxKVAXxdImgXg%3D%3D&type=json HTTP/1.1" 200 565
DEBUG:urllib3.connectionpool:Starting new HTTP connection (1): apis.data.go.kr:80
DEBUG:urllib3.connectionpool:http://apis.data.go.kr:80 "GET /B553077/api/open/sdsc/storeListInDong?divId=signguCd&key=48890&ServiceKey=mzv%2B5nKLrKuD%2BmQQsQNPL9WTK%2B%2Bv2TmZhLsfKQ94z9xgb1RpWBP17HLSPzxlwwYugsmNqEOJqSxKVAXxdImgXg%3D%3D&type=json HTTP/1.1" 200 3866
DEBUG:urllib3.connectionpool:Starting new HTTP connection (1): apis.data.go.kr:80
DEBUG:urllib3.connectionpool:http://apis.data.go.kr:80 "GET /B553077/api/open/sdsc/baroApi?resId=dong&catId=cty&ctprvnCd=47&ServiceKey=mzv%2B5nKLrKuD%2BmQQsQNPL9WTK%2B%2Bv2TmZhLsfKQ94z9xgb1RpWBP17HLSPzxlwwYugsmNqEOJqSxKVAXxdImgXg%3D%3D&type=json HTTP/1.1" 200 561
DEBUG:urllib3.connectionpool:Starting new HTTP connection (1): apis.data.go.kr:80
DEBUG:urllib3.connectionpool:http://apis.data.go.kr:80 "GET /B553077/api/open/sdsc/storeListInDong?divId=signguCd&key=47113&ServiceKey=mzv%2B5nKLrKuD%2BmQQsQNPL9WTK%2B%2Bv2TmZhLsfKQ94z9xgb1RpWBP17HLSPzxlwwYugsmNqEOJqSxKVAXxdImgXg%3D%3D&type=json HTTP/1.1" 200 4090
DEBUG:urllib3.connectionpool:Starting new HTTP connection (1): apis.data.go.kr:80
DEBUG:urllib3.connectionpool:http://apis.data.go.kr:80 "GET /B553077/api/open/sdsc/baroApi?resId=dong&catId=cty&ctprvnCd=44&ServiceKey=mzv%2B5nKLrKuD%2BmQQsQNPL9WTK%2B%2Bv2TmZhLsfKQ94z9xgb1RpWBP17HLSPzxlwwYugsmNqEOJqSxKVAXxdImgXg%3D%3D&type=json HTTP/1.1" 200 497
DEBUG:urllib3.connectionpool:Starting new HTTP connection (1): apis.data.go.kr:80
DEBUG:urllib3.connectionpool:http://apis.data.go.kr:80 "GET /B553077/api/open/sdsc/storeListInDong?divId=signguCd&key=44800&ServiceKey=mzv%2B5nKLrKuD%2BmQQsQNPL9WTK%2B%2Bv2TmZhLsfKQ94z9xgb1RpWBP17HLSPzxlwwYugsmNqEOJqSxKVAXxdImgXg%3D%3D&type=json HTTP/1.1" 200 3840
DEBUG:urllib3.connectionpool:Starting new HTTP connection (1): apis.data.go.kr:80
DEBUG:urllib3.connectionpool:http://apis.data.go.kr:80 "GET /B553077/api/open/sdsc/baroApi?resId=dong&catId=cty&ctprvnCd=11&ServiceKey=mzv%2B5nKLrKuD%2BmQQsQNPL9WTK%2B%2Bv2TmZhLsfKQ94z9xgb1RpWBP17HLSPzxlwwYugsmNqEOJqSxKVAXxdImgXg%3D%3D&type=json HTTP/1.1" 200 571
DEBUG:urllib3.connectionpool:Starting new HTTP connection (1): apis.data.go.kr:80
DEBUG:urllib3.connectionpool:http://apis.data.go.kr:80 "GET /B553077/api/open/sdsc/storeListInDong?divId=signguCd&key=11260&ServiceKey=mzv%2B5nKLrKuD%2BmQQsQNPL9WTK%2B%2Bv2TmZhLsfKQ94z9xgb1RpWBP17HLSPzxlwwYugsmNqEOJqSxKVAXxdImgXg%3D%3D&type=json HTTP/1.1" 200 3950
DEBUG:urllib3.connectionpool:Starting new HTTP connection (1): apis.data.go.kr:80
DEBUG:urllib3.connectionpool:http://apis.data.go.kr:80 "GET /B553077/api/open/sdsc/baroApi?resId=dong&catId=cty&ctprvnCd=46&ServiceKey=mzv%2B5nKLrKuD%2BmQQsQNPL9WTK%2B%2Bv2TmZhLsfKQ94z9xgb1RpWBP17HLSPzxlwwYugsmNqEOJqSxKVAXxdImgXg%3D%3D&type=json HTTP/1.1" 200 544
DEBUG:urllib3.connectionpool:Starting new HTTP connection (1): apis.data.go.kr:80
DEBUG:urllib3.connectionpool:http://apis.data.go.kr:80 "GET /B553077/api/open/sdsc/storeListInDong?divId=signguCd&key=46790&ServiceKey=mzv%2B5nKLrKuD%2BmQQsQNPL9WTK%2B%2Bv2TmZhLsfKQ94z9xgb1RpWBP17HLSPzxlwwYugsmNqEOJqSxKVAXxdImgXg%3D%3D&type=json HTTP/1.1" 200 3552
DEBUG:urllib3.connectionpool:Starting new HTTP connection (1): apis.data.go.kr:80
DEBUG:urllib3.connectionpool:http://apis.data.go.kr:80 "GET /B553077/api/open/sdsc/baroApi?resId=dong&catId=cty&ctprvnCd=11&ServiceKey=mzv%2B5nKLrKuD%2BmQQsQNPL9WTK%2B%2Bv2TmZhLsfKQ94z9xgb1RpWBP17HLSPzxlwwYugsmNqEOJqSxKVAXxdImgXg%3D%3D&type=json HTTP/1.1" 200 571
DEBUG:urllib3.connectionpool:Starting new HTTP connection (1): apis.data.go.kr:80
DEBUG:urllib3.connectionpool:http://apis.data.go.kr:80 "GET /B553077/api/open/sdsc/storeListInDong?divId=signguCd&key=11260&ServiceKey=mzv%2B5nKLrKuD%2BmQQsQNPL9WTK%2B%2Bv2TmZhLsfKQ94z9xgb1RpWBP17HLSPzxlwwYugsmNqEOJqSxKVAXxdImgXg%3D%3D&type=json HTTP/1.1" 200 3950
DEBUG:urllib3.connectionpool:Starting new HTTP connection (1): apis.data.go.kr:80
DEBUG:urllib3.connectionpool:http://apis.data.go.kr:80 "GET /B553077/api/open/sdsc/baroApi?resId=dong&catId=cty&ctprvnCd=45&ServiceKey=mzv%2B5nKLrKuD%2BmQQsQNPL9WTK%2B%2Bv2TmZhLsfKQ94z9xgb1RpWBP17HLSPzxlwwYugsmNqEOJqSxKVAXxdImgXg%3D%3D&type=json HTTP/1.1" 200 483
DEBUG:urllib3.connectionpool:Starting new HTTP connection (1): apis.data.go.kr:80
DEBUG:urllib3.connectionpool:http://apis.data.go.kr:80 "GET /B553077/api/open/sdsc/storeListInDong?divId=signguCd&key=45720&ServiceKey=mzv%2B5nKLrKuD%2BmQQsQNPL9WTK%2B%2Bv2TmZhLsfKQ94z9xgb1RpWBP17HLSPzxlwwYugsmNqEOJqSxKVAXxdImgXg%3D%3D&type=json HTTP/1.1" 200 3787
DEBUG:urllib3.connectionpool:Starting new HTTP connection (1): apis.data.go.kr:80
DEBUG:urllib3.connectionpool:http://apis.data.go.kr:80 "GET /B553077/api/open/sdsc/baroApi?resId=dong&catId=cty&ctprvnCd=46&ServiceKey=mzv%2B5nKLrKuD%2BmQQsQNPL9WTK%2B%2Bv2TmZhLsfKQ94z9xgb1RpWBP17HLSPzxlwwYugsmNqEOJqSxKVAXxdImgXg%3D%3D&type=json HTTP/1.1" 200 544
DEBUG:urllib3.connectionpool:Starting new HTTP connection (1): apis.data.go.kr:80
DEBUG:urllib3.connectionpool:http://apis.data.go.kr:80 "GET /B553077/api/open/sdsc/storeListInDong?divId=signguCd&key=46790&ServiceKey=mzv%2B5nKLrKuD%2BmQQsQNPL9WTK%2B%2Bv2TmZhLsfKQ94z9xgb1RpWBP17HLSPzxlwwYugsmNqEOJqSxKVAXxdImgXg%3D%3D&type=json HTTP/1.1" 200 3552
DEBUG:urllib3.connectionpool:Starting new HTTP connection (1): apis.data.go.kr:80
DEBUG:urllib3.connectionpool:http://apis.data.go.kr:80 "GET /B553077/api/open/sdsc/baroApi?resId=dong&catId=cty&ctprvnCd=46&ServiceKey=mzv%2B5nKLrKuD%2BmQQsQNPL9WTK%2B%2Bv2TmZhLsfKQ94z9xgb1RpWBP17HLSPzxlwwYugsmNqEOJqSxKVAXxdImgXg%3D%3D&type=json HTTP/1.1" 200 544
DEBUG:urllib3.connectionpool:Starting new HTTP connection (1): apis.data.go.kr:80
DEBUG:urllib3.connectionpool:http://apis.data.go.kr:80 "GET /B553077/api/open/sdsc/storeListInDong?divId=signguCd&key=46790&ServiceKey=mzv%2B5nKLrKuD%2BmQQsQNPL9WTK%2B%2Bv2TmZhLsfKQ94z9xgb1RpWBP17HLSPzxlwwYugsmNqEOJqSxKVAXxdImgXg%3D%3D&type=json HTTP/1.1" 200 3552
INFO:werkzeug:127.0.0.1 - - [16/Dec/2019 02:36:37] "POST /menus/travel HTTP/1.1" 500 -
INFO:werkzeug:127.0.0.1 - - [16/Dec/2019 02:36:37] "GET /menus/travel?__debugger__=yes&cmd=resource&f=style.css HTTP/1.1" 200 -
INFO:werkzeug:127.0.0.1 - - [16/Dec/2019 02:36:37] "GET /menus/travel?__debugger__=yes&cmd=resource&f=jquery.js HTTP/1.1" 200 -
INFO:werkzeug:127.0.0.1 - - [16/Dec/2019 02:36:37] "GET /menus/travel?__debugger__=yes&cmd=resource&f=debugger.js HTTP/1.1" 200 -
INFO:werkzeug:127.0.0.1 - - [16/Dec/2019 02:36:38] "GET /menus/travel?__debugger__=yes&cmd=resource&f=ubuntu.ttf HTTP/1.1" 200 -
INFO:werkzeug:127.0.0.1 - - [16/Dec/2019 02:36:38] "GET /menus/travel?__debugger__=yes&cmd=resource&f=console.png HTTP/1.1" 200 -
INFO:werkzeug:127.0.0.1 - - [16/Dec/2019 02:36:38] "GET /menus/travel?__debugger__=yes&cmd=resource&f=console.png HTTP/1.1" 200 -
INFO:werkzeug: * Detected change in 'C:\\Users\\Will\\PycharmProjects\\travel_service\\views\\menus.py', reloading
INFO:werkzeug: * Restarting with stat
INFO:root:Flask Web Server Started
WARNING:werkzeug: * Debugger is active!
INFO:werkzeug: * Debugger PIN: 312-095-692
INFO:werkzeug: * Running on http://0.0.0.0:8080/ (Press CTRL+C to quit)
INFO:werkzeug: * Detected change in 'C:\\Users\\Will\\PycharmProjects\\travel_service\\views\\menus.py', reloading
INFO:werkzeug: * Restarting with stat
INFO:root:Flask Web Server Started
WARNING:werkzeug: * Debugger is active!
INFO:werkzeug: * Debugger PIN: 312-095-692
INFO:werkzeug: * Running on http://0.0.0.0:8080/ (Press CTRL+C to quit)
DEBUG:urllib3.connectionpool:Starting new HTTP connection (1): api.visitkorea.or.kr:80
DEBUG:urllib3.connectionpool:http://api.visitkorea.or.kr:80 "GET /openapi/service/rest/KorService/searchKeyword?ServiceKey=mzv%2B5nKLrKuD%2BmQQsQNPL9WTK%2B%2Bv2TmZhLsfKQ94z9xgb1RpWBP17HLSPzxlwwYugsmNqEOJqSxKVAXxdImgXg%3D%3D&keyword=%EA%B5%AD%EB%A6%BD%EA%B3%B5%EC%9B%90&listYN=Y&arrange=A&MobileOS=ETC&MobileApp=AppTest&_type=json HTTP/1.1" 200 4889
DEBUG:urllib3.connectionpool:Starting new HTTP connection (1): apis.data.go.kr:80
DEBUG:urllib3.connectionpool:http://apis.data.go.kr:80 "GET /B553077/api/open/sdsc/baroApi?resId=dong&catId=cty&ctprvnCd=47&ServiceKey=mzv%2B5nKLrKuD%2BmQQsQNPL9WTK%2B%2Bv2TmZhLsfKQ94z9xgb1RpWBP17HLSPzxlwwYugsmNqEOJqSxKVAXxdImgXg%3D%3D&type=json HTTP/1.1" 200 561
DEBUG:urllib3.connectionpool:Starting new HTTP connection (1): apis.data.go.kr:80
DEBUG:urllib3.connectionpool:http://apis.data.go.kr:80 "GET /B553077/api/open/sdsc/storeListInDong?divId=signguCd&key=47113&ServiceKey=mzv%2B5nKLrKuD%2BmQQsQNPL9WTK%2B%2Bv2TmZhLsfKQ94z9xgb1RpWBP17HLSPzxlwwYugsmNqEOJqSxKVAXxdImgXg%3D%3D&type=json HTTP/1.1" 200 4090
DEBUG:urllib3.connectionpool:Starting new HTTP connection (1): apis.data.go.kr:80
DEBUG:urllib3.connectionpool:http://apis.data.go.kr:80 "GET /B553077/api/open/sdsc/baroApi?resId=dong&catId=cty&ctprvnCd=48&ServiceKey=mzv%2B5nKLrKuD%2BmQQsQNPL9WTK%2B%2Bv2TmZhLsfKQ94z9xgb1RpWBP17HLSPzxlwwYugsmNqEOJqSxKVAXxdImgXg%3D%3D&type=json HTTP/1.1" 200 565
DEBUG:urllib3.connectionpool:Starting new HTTP connection (1): apis.data.go.kr:80
DEBUG:urllib3.connectionpool:http://apis.data.go.kr:80 "GET /B553077/api/open/sdsc/storeListInDong?divId=signguCd&key=48890&ServiceKey=mzv%2B5nKLrKuD%2BmQQsQNPL9WTK%2B%2Bv2TmZhLsfKQ94z9xgb1RpWBP17HLSPzxlwwYugsmNqEOJqSxKVAXxdImgXg%3D%3D&type=json HTTP/1.1" 200 3866
DEBUG:urllib3.connectionpool:Starting new HTTP connection (1): apis.data.go.kr:80
DEBUG:urllib3.connectionpool:http://apis.data.go.kr:80 "GET /B553077/api/open/sdsc/baroApi?resId=dong&catId=cty&ctprvnCd=47&ServiceKey=mzv%2B5nKLrKuD%2BmQQsQNPL9WTK%2B%2Bv2TmZhLsfKQ94z9xgb1RpWBP17HLSPzxlwwYugsmNqEOJqSxKVAXxdImgXg%3D%3D&type=json HTTP/1.1" 200 561
DEBUG:urllib3.connectionpool:Starting new HTTP connection (1): apis.data.go.kr:80
DEBUG:urllib3.connectionpool:http://apis.data.go.kr:80 "GET /B553077/api/open/sdsc/storeListInDong?divId=signguCd&key=47113&ServiceKey=mzv%2B5nKLrKuD%2BmQQsQNPL9WTK%2B%2Bv2TmZhLsfKQ94z9xgb1RpWBP17HLSPzxlwwYugsmNqEOJqSxKVAXxdImgXg%3D%3D&type=json HTTP/1.1" 200 4090
DEBUG:urllib3.connectionpool:Starting new HTTP connection (1): apis.data.go.kr:80
DEBUG:urllib3.connectionpool:http://apis.data.go.kr:80 "GET /B553077/api/open/sdsc/baroApi?resId=dong&catId=cty&ctprvnCd=44&ServiceKey=mzv%2B5nKLrKuD%2BmQQsQNPL9WTK%2B%2Bv2TmZhLsfKQ94z9xgb1RpWBP17HLSPzxlwwYugsmNqEOJqSxKVAXxdImgXg%3D%3D&type=json HTTP/1.1" 200 497
DEBUG:urllib3.connectionpool:Starting new HTTP connection (1): apis.data.go.kr:80
DEBUG:urllib3.connectionpool:http://apis.data.go.kr:80 "GET /B553077/api/open/sdsc/storeListInDong?divId=signguCd&key=44800&ServiceKey=mzv%2B5nKLrKuD%2BmQQsQNPL9WTK%2B%2Bv2TmZhLsfKQ94z9xgb1RpWBP17HLSPzxlwwYugsmNqEOJqSxKVAXxdImgXg%3D%3D&type=json HTTP/1.1" 200 3840
DEBUG:urllib3.connectionpool:Starting new HTTP connection (1): apis.data.go.kr:80
DEBUG:urllib3.connectionpool:http://apis.data.go.kr:80 "GET /B553077/api/open/sdsc/baroApi?resId=dong&catId=cty&ctprvnCd=11&ServiceKey=mzv%2B5nKLrKuD%2BmQQsQNPL9WTK%2B%2Bv2TmZhLsfKQ94z9xgb1RpWBP17HLSPzxlwwYugsmNqEOJqSxKVAXxdImgXg%3D%3D&type=json HTTP/1.1" 200 571
DEBUG:urllib3.connectionpool:Starting new HTTP connection (1): apis.data.go.kr:80
DEBUG:urllib3.connectionpool:http://apis.data.go.kr:80 "GET /B553077/api/open/sdsc/storeListInDong?divId=signguCd&key=11260&ServiceKey=mzv%2B5nKLrKuD%2BmQQsQNPL9WTK%2B%2Bv2TmZhLsfKQ94z9xgb1RpWBP17HLSPzxlwwYugsmNqEOJqSxKVAXxdImgXg%3D%3D&type=json HTTP/1.1" 200 3950
DEBUG:urllib3.connectionpool:Starting new HTTP connection (1): apis.data.go.kr:80
DEBUG:urllib3.connectionpool:http://apis.data.go.kr:80 "GET /B553077/api/open/sdsc/baroApi?resId=dong&catId=cty&ctprvnCd=46&ServiceKey=mzv%2B5nKLrKuD%2BmQQsQNPL9WTK%2B%2Bv2TmZhLsfKQ94z9xgb1RpWBP17HLSPzxlwwYugsmNqEOJqSxKVAXxdImgXg%3D%3D&type=json HTTP/1.1" 200 544
DEBUG:urllib3.connectionpool:Starting new HTTP connection (1): apis.data.go.kr:80
DEBUG:urllib3.connectionpool:http://apis.data.go.kr:80 "GET /B553077/api/open/sdsc/storeListInDong?divId=signguCd&key=46790&ServiceKey=mzv%2B5nKLrKuD%2BmQQsQNPL9WTK%2B%2Bv2TmZhLsfKQ94z9xgb1RpWBP17HLSPzxlwwYugsmNqEOJqSxKVAXxdImgXg%3D%3D&type=json HTTP/1.1" 200 3552
DEBUG:urllib3.connectionpool:Starting new HTTP connection (1): apis.data.go.kr:80
DEBUG:urllib3.connectionpool:http://apis.data.go.kr:80 "GET /B553077/api/open/sdsc/baroApi?resId=dong&catId=cty&ctprvnCd=11&ServiceKey=mzv%2B5nKLrKuD%2BmQQsQNPL9WTK%2B%2Bv2TmZhLsfKQ94z9xgb1RpWBP17HLSPzxlwwYugsmNqEOJqSxKVAXxdImgXg%3D%3D&type=json HTTP/1.1" 200 571
DEBUG:urllib3.connectionpool:Starting new HTTP connection (1): apis.data.go.kr:80
DEBUG:urllib3.connectionpool:http://apis.data.go.kr:80 "GET /B553077/api/open/sdsc/storeListInDong?divId=signguCd&key=11260&ServiceKey=mzv%2B5nKLrKuD%2BmQQsQNPL9WTK%2B%2Bv2TmZhLsfKQ94z9xgb1RpWBP17HLSPzxlwwYugsmNqEOJqSxKVAXxdImgXg%3D%3D&type=json HTTP/1.1" 200 3950
DEBUG:urllib3.connectionpool:Starting new HTTP connection (1): apis.data.go.kr:80
DEBUG:urllib3.connectionpool:http://apis.data.go.kr:80 "GET /B553077/api/open/sdsc/baroApi?resId=dong&catId=cty&ctprvnCd=45&ServiceKey=mzv%2B5nKLrKuD%2BmQQsQNPL9WTK%2B%2Bv2TmZhLsfKQ94z9xgb1RpWBP17HLSPzxlwwYugsmNqEOJqSxKVAXxdImgXg%3D%3D&type=json HTTP/1.1" 200 483
DEBUG:urllib3.connectionpool:Starting new HTTP connection (1): apis.data.go.kr:80
DEBUG:urllib3.connectionpool:http://apis.data.go.kr:80 "GET /B553077/api/open/sdsc/storeListInDong?divId=signguCd&key=45720&ServiceKey=mzv%2B5nKLrKuD%2BmQQsQNPL9WTK%2B%2Bv2TmZhLsfKQ94z9xgb1RpWBP17HLSPzxlwwYugsmNqEOJqSxKVAXxdImgXg%3D%3D&type=json HTTP/1.1" 200 3787
DEBUG:urllib3.connectionpool:Starting new HTTP connection (1): apis.data.go.kr:80
DEBUG:urllib3.connectionpool:http://apis.data.go.kr:80 "GET /B553077/api/open/sdsc/baroApi?resId=dong&catId=cty&ctprvnCd=46&ServiceKey=mzv%2B5nKLrKuD%2BmQQsQNPL9WTK%2B%2Bv2TmZhLsfKQ94z9xgb1RpWBP17HLSPzxlwwYugsmNqEOJqSxKVAXxdImgXg%3D%3D&type=json HTTP/1.1" 200 544
DEBUG:urllib3.connectionpool:Starting new HTTP connection (1): apis.data.go.kr:80
DEBUG:urllib3.connectionpool:http://apis.data.go.kr:80 "GET /B553077/api/open/sdsc/storeListInDong?divId=signguCd&key=46790&ServiceKey=mzv%2B5nKLrKuD%2BmQQsQNPL9WTK%2B%2Bv2TmZhLsfKQ94z9xgb1RpWBP17HLSPzxlwwYugsmNqEOJqSxKVAXxdImgXg%3D%3D&type=json HTTP/1.1" 200 3552
DEBUG:urllib3.connectionpool:Starting new HTTP connection (1): apis.data.go.kr:80
DEBUG:urllib3.connectionpool:http://apis.data.go.kr:80 "GET /B553077/api/open/sdsc/baroApi?resId=dong&catId=cty&ctprvnCd=46&ServiceKey=mzv%2B5nKLrKuD%2BmQQsQNPL9WTK%2B%2Bv2TmZhLsfKQ94z9xgb1RpWBP17HLSPzxlwwYugsmNqEOJqSxKVAXxdImgXg%3D%3D&type=json HTTP/1.1" 200 544
DEBUG:urllib3.connectionpool:Starting new HTTP connection (1): apis.data.go.kr:80
DEBUG:urllib3.connectionpool:http://apis.data.go.kr:80 "GET /B553077/api/open/sdsc/storeListInDong?divId=signguCd&key=46790&ServiceKey=mzv%2B5nKLrKuD%2BmQQsQNPL9WTK%2B%2Bv2TmZhLsfKQ94z9xgb1RpWBP17HLSPzxlwwYugsmNqEOJqSxKVAXxdImgXg%3D%3D&type=json HTTP/1.1" 200 3552
INFO:werkzeug:127.0.0.1 - - [16/Dec/2019 02:37:11] "POST /menus/travel HTTP/1.1" 200 -
INFO:werkzeug: * Detected change in 'C:\\Users\\Will\\PycharmProjects\\travel_service\\views\\menus.py', reloading
INFO:werkzeug: * Restarting with stat
INFO:root:Flask Web Server Started
WARNING:werkzeug: * Debugger is active!
INFO:werkzeug: * Debugger PIN: 312-095-692
INFO:werkzeug: * Running on http://0.0.0.0:8080/ (Press CTRL+C to quit)
DEBUG:urllib3.connectionpool:Starting new HTTP connection (1): api.visitkorea.or.kr:80
DEBUG:urllib3.connectionpool:http://api.visitkorea.or.kr:80 "GET /openapi/service/rest/KorService/searchKeyword?ServiceKey=mzv%2B5nKLrKuD%2BmQQsQNPL9WTK%2B%2Bv2TmZhLsfKQ94z9xgb1RpWBP17HLSPzxlwwYugsmNqEOJqSxKVAXxdImgXg%3D%3D&keyword=%EA%B5%AD%EB%A6%BD%EA%B3%B5%EC%9B%90&listYN=Y&arrange=A&MobileOS=ETC&MobileApp=AppTest&_type=json HTTP/1.1" 200 4889
DEBUG:urllib3.connectionpool:Starting new HTTP connection (1): apis.data.go.kr:80
DEBUG:urllib3.connectionpool:http://apis.data.go.kr:80 "GET /B553077/api/open/sdsc/baroApi?resId=dong&catId=cty&ctprvnCd=47&ServiceKey=mzv%2B5nKLrKuD%2BmQQsQNPL9WTK%2B%2Bv2TmZhLsfKQ94z9xgb1RpWBP17HLSPzxlwwYugsmNqEOJqSxKVAXxdImgXg%3D%3D&type=json HTTP/1.1" 200 561
DEBUG:urllib3.connectionpool:Starting new HTTP connection (1): apis.data.go.kr:80
DEBUG:urllib3.connectionpool:http://apis.data.go.kr:80 "GET /B553077/api/open/sdsc/storeListInDong?divId=signguCd&key=47113&ServiceKey=mzv%2B5nKLrKuD%2BmQQsQNPL9WTK%2B%2Bv2TmZhLsfKQ94z9xgb1RpWBP17HLSPzxlwwYugsmNqEOJqSxKVAXxdImgXg%3D%3D&type=json HTTP/1.1" 200 4090
DEBUG:urllib3.connectionpool:Starting new HTTP connection (1): apis.data.go.kr:80
DEBUG:urllib3.connectionpool:http://apis.data.go.kr:80 "GET /B553077/api/open/sdsc/baroApi?resId=dong&catId=cty&ctprvnCd=48&ServiceKey=mzv%2B5nKLrKuD%2BmQQsQNPL9WTK%2B%2Bv2TmZhLsfKQ94z9xgb1RpWBP17HLSPzxlwwYugsmNqEOJqSxKVAXxdImgXg%3D%3D&type=json HTTP/1.1" 200 565
DEBUG:urllib3.connectionpool:Starting new HTTP connection (1): apis.data.go.kr:80
DEBUG:urllib3.connectionpool:http://apis.data.go.kr:80 "GET /B553077/api/open/sdsc/storeListInDong?divId=signguCd&key=48890&ServiceKey=mzv%2B5nKLrKuD%2BmQQsQNPL9WTK%2B%2Bv2TmZhLsfKQ94z9xgb1RpWBP17HLSPzxlwwYugsmNqEOJqSxKVAXxdImgXg%3D%3D&type=json HTTP/1.1" 200 3866
DEBUG:urllib3.connectionpool:Starting new HTTP connection (1): apis.data.go.kr:80
DEBUG:urllib3.connectionpool:http://apis.data.go.kr:80 "GET /B553077/api/open/sdsc/baroApi?resId=dong&catId=cty&ctprvnCd=47&ServiceKey=mzv%2B5nKLrKuD%2BmQQsQNPL9WTK%2B%2Bv2TmZhLsfKQ94z9xgb1RpWBP17HLSPzxlwwYugsmNqEOJqSxKVAXxdImgXg%3D%3D&type=json HTTP/1.1" 200 561
DEBUG:urllib3.connectionpool:Starting new HTTP connection (1): apis.data.go.kr:80
DEBUG:urllib3.connectionpool:http://apis.data.go.kr:80 "GET /B553077/api/open/sdsc/storeListInDong?divId=signguCd&key=47113&ServiceKey=mzv%2B5nKLrKuD%2BmQQsQNPL9WTK%2B%2Bv2TmZhLsfKQ94z9xgb1RpWBP17HLSPzxlwwYugsmNqEOJqSxKVAXxdImgXg%3D%3D&type=json HTTP/1.1" 200 4090
DEBUG:urllib3.connectionpool:Starting new HTTP connection (1): apis.data.go.kr:80
DEBUG:urllib3.connectionpool:http://apis.data.go.kr:80 "GET /B553077/api/open/sdsc/baroApi?resId=dong&catId=cty&ctprvnCd=44&ServiceKey=mzv%2B5nKLrKuD%2BmQQsQNPL9WTK%2B%2Bv2TmZhLsfKQ94z9xgb1RpWBP17HLSPzxlwwYugsmNqEOJqSxKVAXxdImgXg%3D%3D&type=json HTTP/1.1" 200 497
DEBUG:urllib3.connectionpool:Starting new HTTP connection (1): apis.data.go.kr:80
DEBUG:urllib3.connectionpool:http://apis.data.go.kr:80 "GET /B553077/api/open/sdsc/storeListInDong?divId=signguCd&key=44800&ServiceKey=mzv%2B5nKLrKuD%2BmQQsQNPL9WTK%2B%2Bv2TmZhLsfKQ94z9xgb1RpWBP17HLSPzxlwwYugsmNqEOJqSxKVAXxdImgXg%3D%3D&type=json HTTP/1.1" 200 3840
DEBUG:urllib3.connectionpool:Starting new HTTP connection (1): apis.data.go.kr:80
DEBUG:urllib3.connectionpool:http://apis.data.go.kr:80 "GET /B553077/api/open/sdsc/baroApi?resId=dong&catId=cty&ctprvnCd=11&ServiceKey=mzv%2B5nKLrKuD%2BmQQsQNPL9WTK%2B%2Bv2TmZhLsfKQ94z9xgb1RpWBP17HLSPzxlwwYugsmNqEOJqSxKVAXxdImgXg%3D%3D&type=json HTTP/1.1" 200 571
DEBUG:urllib3.connectionpool:Starting new HTTP connection (1): apis.data.go.kr:80
DEBUG:urllib3.connectionpool:http://apis.data.go.kr:80 "GET /B553077/api/open/sdsc/storeListInDong?divId=signguCd&key=11260&ServiceKey=mzv%2B5nKLrKuD%2BmQQsQNPL9WTK%2B%2Bv2TmZhLsfKQ94z9xgb1RpWBP17HLSPzxlwwYugsmNqEOJqSxKVAXxdImgXg%3D%3D&type=json HTTP/1.1" 200 3950
DEBUG:urllib3.connectionpool:Starting new HTTP connection (1): apis.data.go.kr:80
DEBUG:urllib3.connectionpool:http://apis.data.go.kr:80 "GET /B553077/api/open/sdsc/baroApi?resId=dong&catId=cty&ctprvnCd=46&ServiceKey=mzv%2B5nKLrKuD%2BmQQsQNPL9WTK%2B%2Bv2TmZhLsfKQ94z9xgb1RpWBP17HLSPzxlwwYugsmNqEOJqSxKVAXxdImgXg%3D%3D&type=json HTTP/1.1" 200 544
DEBUG:urllib3.connectionpool:Starting new HTTP connection (1): apis.data.go.kr:80
DEBUG:urllib3.connectionpool:http://apis.data.go.kr:80 "GET /B553077/api/open/sdsc/storeListInDong?divId=signguCd&key=46790&ServiceKey=mzv%2B5nKLrKuD%2BmQQsQNPL9WTK%2B%2Bv2TmZhLsfKQ94z9xgb1RpWBP17HLSPzxlwwYugsmNqEOJqSxKVAXxdImgXg%3D%3D&type=json HTTP/1.1" 200 3552
DEBUG:urllib3.connectionpool:Starting new HTTP connection (1): apis.data.go.kr:80
DEBUG:urllib3.connectionpool:http://apis.data.go.kr:80 "GET /B553077/api/open/sdsc/baroApi?resId=dong&catId=cty&ctprvnCd=11&ServiceKey=mzv%2B5nKLrKuD%2BmQQsQNPL9WTK%2B%2Bv2TmZhLsfKQ94z9xgb1RpWBP17HLSPzxlwwYugsmNqEOJqSxKVAXxdImgXg%3D%3D&type=json HTTP/1.1" 200 571
DEBUG:urllib3.connectionpool:Starting new HTTP connection (1): apis.data.go.kr:80
DEBUG:urllib3.connectionpool:http://apis.data.go.kr:80 "GET /B553077/api/open/sdsc/storeListInDong?divId=signguCd&key=11260&ServiceKey=mzv%2B5nKLrKuD%2BmQQsQNPL9WTK%2B%2Bv2TmZhLsfKQ94z9xgb1RpWBP17HLSPzxlwwYugsmNqEOJqSxKVAXxdImgXg%3D%3D&type=json HTTP/1.1" 200 3950
DEBUG:urllib3.connectionpool:Starting new HTTP connection (1): apis.data.go.kr:80
DEBUG:urllib3.connectionpool:http://apis.data.go.kr:80 "GET /B553077/api/open/sdsc/baroApi?resId=dong&catId=cty&ctprvnCd=45&ServiceKey=mzv%2B5nKLrKuD%2BmQQsQNPL9WTK%2B%2Bv2TmZhLsfKQ94z9xgb1RpWBP17HLSPzxlwwYugsmNqEOJqSxKVAXxdImgXg%3D%3D&type=json HTTP/1.1" 200 483
DEBUG:urllib3.connectionpool:Starting new HTTP connection (1): apis.data.go.kr:80
DEBUG:urllib3.connectionpool:http://apis.data.go.kr:80 "GET /B553077/api/open/sdsc/storeListInDong?divId=signguCd&key=45720&ServiceKey=mzv%2B5nKLrKuD%2BmQQsQNPL9WTK%2B%2Bv2TmZhLsfKQ94z9xgb1RpWBP17HLSPzxlwwYugsmNqEOJqSxKVAXxdImgXg%3D%3D&type=json HTTP/1.1" 200 3787
DEBUG:urllib3.connectionpool:Starting new HTTP connection (1): apis.data.go.kr:80
DEBUG:urllib3.connectionpool:http://apis.data.go.kr:80 "GET /B553077/api/open/sdsc/baroApi?resId=dong&catId=cty&ctprvnCd=46&ServiceKey=mzv%2B5nKLrKuD%2BmQQsQNPL9WTK%2B%2Bv2TmZhLsfKQ94z9xgb1RpWBP17HLSPzxlwwYugsmNqEOJqSxKVAXxdImgXg%3D%3D&type=json HTTP/1.1" 200 544
DEBUG:urllib3.connectionpool:Starting new HTTP connection (1): apis.data.go.kr:80
DEBUG:urllib3.connectionpool:http://apis.data.go.kr:80 "GET /B553077/api/open/sdsc/storeListInDong?divId=signguCd&key=46790&ServiceKey=mzv%2B5nKLrKuD%2BmQQsQNPL9WTK%2B%2Bv2TmZhLsfKQ94z9xgb1RpWBP17HLSPzxlwwYugsmNqEOJqSxKVAXxdImgXg%3D%3D&type=json HTTP/1.1" 200 3552
DEBUG:urllib3.connectionpool:Starting new HTTP connection (1): apis.data.go.kr:80
DEBUG:urllib3.connectionpool:http://apis.data.go.kr:80 "GET /B553077/api/open/sdsc/baroApi?resId=dong&catId=cty&ctprvnCd=46&ServiceKey=mzv%2B5nKLrKuD%2BmQQsQNPL9WTK%2B%2Bv2TmZhLsfKQ94z9xgb1RpWBP17HLSPzxlwwYugsmNqEOJqSxKVAXxdImgXg%3D%3D&type=json HTTP/1.1" 200 544
DEBUG:urllib3.connectionpool:Starting new HTTP connection (1): apis.data.go.kr:80
DEBUG:urllib3.connectionpool:http://apis.data.go.kr:80 "GET /B553077/api/open/sdsc/storeListInDong?divId=signguCd&key=46790&ServiceKey=mzv%2B5nKLrKuD%2BmQQsQNPL9WTK%2B%2Bv2TmZhLsfKQ94z9xgb1RpWBP17HLSPzxlwwYugsmNqEOJqSxKVAXxdImgXg%3D%3D&type=json HTTP/1.1" 200 3552
INFO:werkzeug:127.0.0.1 - - [16/Dec/2019 02:37:26] "POST /menus/travel HTTP/1.1" 200 -
INFO:werkzeug: * Detected change in 'C:\\Users\\Will\\PycharmProjects\\travel_service\\views\\menus.py', reloading
INFO:werkzeug: * Restarting with stat
INFO:root:Flask Web Server Started
WARNING:werkzeug: * Debugger is active!
INFO:werkzeug: * Debugger PIN: 312-095-692
INFO:werkzeug: * Running on http://0.0.0.0:8080/ (Press CTRL+C to quit)
DEBUG:urllib3.connectionpool:Starting new HTTP connection (1): api.visitkorea.or.kr:80
DEBUG:urllib3.connectionpool:http://api.visitkorea.or.kr:80 "GET /openapi/service/rest/KorService/searchKeyword?ServiceKey=mzv%2B5nKLrKuD%2BmQQsQNPL9WTK%2B%2Bv2TmZhLsfKQ94z9xgb1RpWBP17HLSPzxlwwYugsmNqEOJqSxKVAXxdImgXg%3D%3D&keyword=%EA%B5%AD%EB%A6%BD%EA%B3%B5%EC%9B%90&listYN=Y&arrange=A&MobileOS=ETC&MobileApp=AppTest&_type=json HTTP/1.1" 200 4889
DEBUG:urllib3.connectionpool:Starting new HTTP connection (1): apis.data.go.kr:80
DEBUG:urllib3.connectionpool:http://apis.data.go.kr:80 "GET /B553077/api/open/sdsc/baroApi?resId=dong&catId=cty&ctprvnCd=47&ServiceKey=mzv%2B5nKLrKuD%2BmQQsQNPL9WTK%2B%2Bv2TmZhLsfKQ94z9xgb1RpWBP17HLSPzxlwwYugsmNqEOJqSxKVAXxdImgXg%3D%3D&type=json HTTP/1.1" 200 561
DEBUG:urllib3.connectionpool:Starting new HTTP connection (1): apis.data.go.kr:80
DEBUG:urllib3.connectionpool:http://apis.data.go.kr:80 "GET /B553077/api/open/sdsc/storeListInDong?divId=signguCd&key=47113&ServiceKey=mzv%2B5nKLrKuD%2BmQQsQNPL9WTK%2B%2Bv2TmZhLsfKQ94z9xgb1RpWBP17HLSPzxlwwYugsmNqEOJqSxKVAXxdImgXg%3D%3D&type=json HTTP/1.1" 200 4090
DEBUG:urllib3.connectionpool:Starting new HTTP connection (1): apis.data.go.kr:80
DEBUG:urllib3.connectionpool:http://apis.data.go.kr:80 "GET /B553077/api/open/sdsc/baroApi?resId=dong&catId=cty&ctprvnCd=48&ServiceKey=mzv%2B5nKLrKuD%2BmQQsQNPL9WTK%2B%2Bv2TmZhLsfKQ94z9xgb1RpWBP17HLSPzxlwwYugsmNqEOJqSxKVAXxdImgXg%3D%3D&type=json HTTP/1.1" 200 565
DEBUG:urllib3.connectionpool:Starting new HTTP connection (1): apis.data.go.kr:80
DEBUG:urllib3.connectionpool:http://apis.data.go.kr:80 "GET /B553077/api/open/sdsc/storeListInDong?divId=signguCd&key=48890&ServiceKey=mzv%2B5nKLrKuD%2BmQQsQNPL9WTK%2B%2Bv2TmZhLsfKQ94z9xgb1RpWBP17HLSPzxlwwYugsmNqEOJqSxKVAXxdImgXg%3D%3D&type=json HTTP/1.1" 200 3866
DEBUG:urllib3.connectionpool:Starting new HTTP connection (1): apis.data.go.kr:80
DEBUG:urllib3.connectionpool:http://apis.data.go.kr:80 "GET /B553077/api/open/sdsc/baroApi?resId=dong&catId=cty&ctprvnCd=47&ServiceKey=mzv%2B5nKLrKuD%2BmQQsQNPL9WTK%2B%2Bv2TmZhLsfKQ94z9xgb1RpWBP17HLSPzxlwwYugsmNqEOJqSxKVAXxdImgXg%3D%3D&type=json HTTP/1.1" 200 561
DEBUG:urllib3.connectionpool:Starting new HTTP connection (1): apis.data.go.kr:80
DEBUG:urllib3.connectionpool:http://apis.data.go.kr:80 "GET /B553077/api/open/sdsc/storeListInDong?divId=signguCd&key=47113&ServiceKey=mzv%2B5nKLrKuD%2BmQQsQNPL9WTK%2B%2Bv2TmZhLsfKQ94z9xgb1RpWBP17HLSPzxlwwYugsmNqEOJqSxKVAXxdImgXg%3D%3D&type=json HTTP/1.1" 200 4090
DEBUG:urllib3.connectionpool:Starting new HTTP connection (1): apis.data.go.kr:80
DEBUG:urllib3.connectionpool:http://apis.data.go.kr:80 "GET /B553077/api/open/sdsc/baroApi?resId=dong&catId=cty&ctprvnCd=44&ServiceKey=mzv%2B5nKLrKuD%2BmQQsQNPL9WTK%2B%2Bv2TmZhLsfKQ94z9xgb1RpWBP17HLSPzxlwwYugsmNqEOJqSxKVAXxdImgXg%3D%3D&type=json HTTP/1.1" 200 497
DEBUG:urllib3.connectionpool:Starting new HTTP connection (1): apis.data.go.kr:80
DEBUG:urllib3.connectionpool:http://apis.data.go.kr:80 "GET /B553077/api/open/sdsc/storeListInDong?divId=signguCd&key=44800&ServiceKey=mzv%2B5nKLrKuD%2BmQQsQNPL9WTK%2B%2Bv2TmZhLsfKQ94z9xgb1RpWBP17HLSPzxlwwYugsmNqEOJqSxKVAXxdImgXg%3D%3D&type=json HTTP/1.1" 200 3840
DEBUG:urllib3.connectionpool:Starting new HTTP connection (1): apis.data.go.kr:80
DEBUG:urllib3.connectionpool:http://apis.data.go.kr:80 "GET /B553077/api/open/sdsc/baroApi?resId=dong&catId=cty&ctprvnCd=11&ServiceKey=mzv%2B5nKLrKuD%2BmQQsQNPL9WTK%2B%2Bv2TmZhLsfKQ94z9xgb1RpWBP17HLSPzxlwwYugsmNqEOJqSxKVAXxdImgXg%3D%3D&type=json HTTP/1.1" 200 571
DEBUG:urllib3.connectionpool:Starting new HTTP connection (1): apis.data.go.kr:80
DEBUG:urllib3.connectionpool:http://apis.data.go.kr:80 "GET /B553077/api/open/sdsc/storeListInDong?divId=signguCd&key=11260&ServiceKey=mzv%2B5nKLrKuD%2BmQQsQNPL9WTK%2B%2Bv2TmZhLsfKQ94z9xgb1RpWBP17HLSPzxlwwYugsmNqEOJqSxKVAXxdImgXg%3D%3D&type=json HTTP/1.1" 200 3950
DEBUG:urllib3.connectionpool:Starting new HTTP connection (1): apis.data.go.kr:80
DEBUG:urllib3.connectionpool:http://apis.data.go.kr:80 "GET /B553077/api/open/sdsc/baroApi?resId=dong&catId=cty&ctprvnCd=46&ServiceKey=mzv%2B5nKLrKuD%2BmQQsQNPL9WTK%2B%2Bv2TmZhLsfKQ94z9xgb1RpWBP17HLSPzxlwwYugsmNqEOJqSxKVAXxdImgXg%3D%3D&type=json HTTP/1.1" 200 544
DEBUG:urllib3.connectionpool:Starting new HTTP connection (1): apis.data.go.kr:80
DEBUG:urllib3.connectionpool:http://apis.data.go.kr:80 "GET /B553077/api/open/sdsc/storeListInDong?divId=signguCd&key=46790&ServiceKey=mzv%2B5nKLrKuD%2BmQQsQNPL9WTK%2B%2Bv2TmZhLsfKQ94z9xgb1RpWBP17HLSPzxlwwYugsmNqEOJqSxKVAXxdImgXg%3D%3D&type=json HTTP/1.1" 200 3552
DEBUG:urllib3.connectionpool:Starting new HTTP connection (1): apis.data.go.kr:80
DEBUG:urllib3.connectionpool:http://apis.data.go.kr:80 "GET /B553077/api/open/sdsc/baroApi?resId=dong&catId=cty&ctprvnCd=11&ServiceKey=mzv%2B5nKLrKuD%2BmQQsQNPL9WTK%2B%2Bv2TmZhLsfKQ94z9xgb1RpWBP17HLSPzxlwwYugsmNqEOJqSxKVAXxdImgXg%3D%3D&type=json HTTP/1.1" 200 571
DEBUG:urllib3.connectionpool:Starting new HTTP connection (1): apis.data.go.kr:80
DEBUG:urllib3.connectionpool:http://apis.data.go.kr:80 "GET /B553077/api/open/sdsc/storeListInDong?divId=signguCd&key=11260&ServiceKey=mzv%2B5nKLrKuD%2BmQQsQNPL9WTK%2B%2Bv2TmZhLsfKQ94z9xgb1RpWBP17HLSPzxlwwYugsmNqEOJqSxKVAXxdImgXg%3D%3D&type=json HTTP/1.1" 200 3950
DEBUG:urllib3.connectionpool:Starting new HTTP connection (1): apis.data.go.kr:80
DEBUG:urllib3.connectionpool:http://apis.data.go.kr:80 "GET /B553077/api/open/sdsc/baroApi?resId=dong&catId=cty&ctprvnCd=45&ServiceKey=mzv%2B5nKLrKuD%2BmQQsQNPL9WTK%2B%2Bv2TmZhLsfKQ94z9xgb1RpWBP17HLSPzxlwwYugsmNqEOJqSxKVAXxdImgXg%3D%3D&type=json HTTP/1.1" 200 483
DEBUG:urllib3.connectionpool:Starting new HTTP connection (1): apis.data.go.kr:80
DEBUG:urllib3.connectionpool:http://apis.data.go.kr:80 "GET /B553077/api/open/sdsc/storeListInDong?divId=signguCd&key=45720&ServiceKey=mzv%2B5nKLrKuD%2BmQQsQNPL9WTK%2B%2Bv2TmZhLsfKQ94z9xgb1RpWBP17HLSPzxlwwYugsmNqEOJqSxKVAXxdImgXg%3D%3D&type=json HTTP/1.1" 200 3787
DEBUG:urllib3.connectionpool:Starting new HTTP connection (1): apis.data.go.kr:80
DEBUG:urllib3.connectionpool:http://apis.data.go.kr:80 "GET /B553077/api/open/sdsc/baroApi?resId=dong&catId=cty&ctprvnCd=46&ServiceKey=mzv%2B5nKLrKuD%2BmQQsQNPL9WTK%2B%2Bv2TmZhLsfKQ94z9xgb1RpWBP17HLSPzxlwwYugsmNqEOJqSxKVAXxdImgXg%3D%3D&type=json HTTP/1.1" 200 544
DEBUG:urllib3.connectionpool:Starting new HTTP connection (1): apis.data.go.kr:80
DEBUG:urllib3.connectionpool:http://apis.data.go.kr:80 "GET /B553077/api/open/sdsc/storeListInDong?divId=signguCd&key=46790&ServiceKey=mzv%2B5nKLrKuD%2BmQQsQNPL9WTK%2B%2Bv2TmZhLsfKQ94z9xgb1RpWBP17HLSPzxlwwYugsmNqEOJqSxKVAXxdImgXg%3D%3D&type=json HTTP/1.1" 200 3552
DEBUG:urllib3.connectionpool:Starting new HTTP connection (1): apis.data.go.kr:80
DEBUG:urllib3.connectionpool:http://apis.data.go.kr:80 "GET /B553077/api/open/sdsc/baroApi?resId=dong&catId=cty&ctprvnCd=46&ServiceKey=mzv%2B5nKLrKuD%2BmQQsQNPL9WTK%2B%2Bv2TmZhLsfKQ94z9xgb1RpWBP17HLSPzxlwwYugsmNqEOJqSxKVAXxdImgXg%3D%3D&type=json HTTP/1.1" 200 544
DEBUG:urllib3.connectionpool:Starting new HTTP connection (1): apis.data.go.kr:80
DEBUG:urllib3.connectionpool:http://apis.data.go.kr:80 "GET /B553077/api/open/sdsc/storeListInDong?divId=signguCd&key=46790&ServiceKey=mzv%2B5nKLrKuD%2BmQQsQNPL9WTK%2B%2Bv2TmZhLsfKQ94z9xgb1RpWBP17HLSPzxlwwYugsmNqEOJqSxKVAXxdImgXg%3D%3D&type=json HTTP/1.1" 200 3552
INFO:werkzeug:127.0.0.1 - - [16/Dec/2019 02:37:55] "POST /menus/travel HTTP/1.1" 200 -
INFO:werkzeug: * Detected change in 'C:\\Users\\Will\\PycharmProjects\\travel_service\\views\\menus.py', reloading
INFO:werkzeug: * Restarting with stat
INFO:root:Flask Web Server Started
WARNING:werkzeug: * Debugger is active!
INFO:werkzeug: * Debugger PIN: 312-095-692
INFO:werkzeug: * Running on http://0.0.0.0:8080/ (Press CTRL+C to quit)
INFO:werkzeug: * Detected change in 'C:\\Users\\Will\\PycharmProjects\\travel_service\\views\\menus.py', reloading
INFO:werkzeug: * Restarting with stat
INFO:root:Flask Web Server Started
WARNING:werkzeug: * Debugger is active!
INFO:werkzeug: * Debugger PIN: 312-095-692
INFO:werkzeug: * Running on http://0.0.0.0:8080/ (Press CTRL+C to quit)
DEBUG:urllib3.connectionpool:Starting new HTTP connection (1): api.visitkorea.or.kr:80
DEBUG:urllib3.connectionpool:http://api.visitkorea.or.kr:80 "GET /openapi/service/rest/KorService/searchKeyword?ServiceKey=mzv%2B5nKLrKuD%2BmQQsQNPL9WTK%2B%2Bv2TmZhLsfKQ94z9xgb1RpWBP17HLSPzxlwwYugsmNqEOJqSxKVAXxdImgXg%3D%3D&keyword=%EA%B5%AD%EB%A6%BD%EA%B3%B5%EC%9B%90&listYN=Y&arrange=A&MobileOS=ETC&MobileApp=AppTest&_type=json HTTP/1.1" 200 4889
DEBUG:urllib3.connectionpool:Starting new HTTP connection (1): apis.data.go.kr:80
DEBUG:urllib3.connectionpool:http://apis.data.go.kr:80 "GET /B553077/api/open/sdsc/baroApi?resId=dong&catId=cty&ctprvnCd=47&ServiceKey=mzv%2B5nKLrKuD%2BmQQsQNPL9WTK%2B%2Bv2TmZhLsfKQ94z9xgb1RpWBP17HLSPzxlwwYugsmNqEOJqSxKVAXxdImgXg%3D%3D&type=json HTTP/1.1" 200 561
DEBUG:urllib3.connectionpool:Starting new HTTP connection (1): apis.data.go.kr:80
DEBUG:urllib3.connectionpool:http://apis.data.go.kr:80 "GET /B553077/api/open/sdsc/storeListInDong?divId=signguCd&key=47113&ServiceKey=mzv%2B5nKLrKuD%2BmQQsQNPL9WTK%2B%2Bv2TmZhLsfKQ94z9xgb1RpWBP17HLSPzxlwwYugsmNqEOJqSxKVAXxdImgXg%3D%3D&type=json HTTP/1.1" 200 4090
INFO:werkzeug:127.0.0.1 - - [16/Dec/2019 02:44:24] "POST /menus/travel HTTP/1.1" 500 -
INFO:werkzeug:127.0.0.1 - - [16/Dec/2019 02:44:24] "GET /menus/travel?__debugger__=yes&cmd=resource&f=style.css HTTP/1.1" 200 -
INFO:werkzeug:127.0.0.1 - - [16/Dec/2019 02:44:24] "GET /menus/travel?__debugger__=yes&cmd=resource&f=jquery.js HTTP/1.1" 200 -
INFO:werkzeug:127.0.0.1 - - [16/Dec/2019 02:44:24] "GET /menus/travel?__debugger__=yes&cmd=resource&f=debugger.js HTTP/1.1" 200 -
INFO:werkzeug:127.0.0.1 - - [16/Dec/2019 02:44:24] "GET /menus/travel?__debugger__=yes&cmd=resource&f=ubuntu.ttf HTTP/1.1" 200 -
INFO:werkzeug:127.0.0.1 - - [16/Dec/2019 02:44:24] "GET /menus/travel?__debugger__=yes&cmd=resource&f=console.png HTTP/1.1" 200 -
INFO:werkzeug:127.0.0.1 - - [16/Dec/2019 02:44:25] "GET /menus/travel?__debugger__=yes&cmd=resource&f=console.png HTTP/1.1" 200 -
INFO:werkzeug: * Detected change in 'C:\\Users\\Will\\PycharmProjects\\travel_service\\views\\menus.py', reloading
INFO:werkzeug: * Restarting with stat
INFO:root:Flask Web Server Started
WARNING:werkzeug: * Debugger is active!
INFO:werkzeug: * Debugger PIN: 312-095-692
INFO:werkzeug: * Running on http://0.0.0.0:8080/ (Press CTRL+C to quit)
DEBUG:urllib3.connectionpool:Starting new HTTP connection (1): api.visitkorea.or.kr:80
DEBUG:urllib3.connectionpool:http://api.visitkorea.or.kr:80 "GET /openapi/service/rest/KorService/searchKeyword?ServiceKey=mzv%2B5nKLrKuD%2BmQQsQNPL9WTK%2B%2Bv2TmZhLsfKQ94z9xgb1RpWBP17HLSPzxlwwYugsmNqEOJqSxKVAXxdImgXg%3D%3D&keyword=%EA%B5%AD%EB%A6%BD%EA%B3%B5%EC%9B%90&listYN=Y&arrange=A&MobileOS=ETC&MobileApp=AppTest&_type=json HTTP/1.1" 200 4889
DEBUG:urllib3.connectionpool:Starting new HTTP connection (1): apis.data.go.kr:80
DEBUG:urllib3.connectionpool:http://apis.data.go.kr:80 "GET /B553077/api/open/sdsc/baroApi?resId=dong&catId=cty&ctprvnCd=47&ServiceKey=mzv%2B5nKLrKuD%2BmQQsQNPL9WTK%2B%2Bv2TmZhLsfKQ94z9xgb1RpWBP17HLSPzxlwwYugsmNqEOJqSxKVAXxdImgXg%3D%3D&type=json HTTP/1.1" 200 561
DEBUG:urllib3.connectionpool:Starting new HTTP connection (1): apis.data.go.kr:80
DEBUG:urllib3.connectionpool:http://apis.data.go.kr:80 "GET /B553077/api/open/sdsc/storeListInDong?divId=signguCd&key=47113&ServiceKey=mzv%2B5nKLrKuD%2BmQQsQNPL9WTK%2B%2Bv2TmZhLsfKQ94z9xgb1RpWBP17HLSPzxlwwYugsmNqEOJqSxKVAXxdImgXg%3D%3D&type=json HTTP/1.1" 200 4090
DEBUG:urllib3.connectionpool:Starting new HTTP connection (1): apis.data.go.kr:80
DEBUG:urllib3.connectionpool:http://apis.data.go.kr:80 "GET /B553077/api/open/sdsc/baroApi?resId=dong&catId=cty&ctprvnCd=48&ServiceKey=mzv%2B5nKLrKuD%2BmQQsQNPL9WTK%2B%2Bv2TmZhLsfKQ94z9xgb1RpWBP17HLSPzxlwwYugsmNqEOJqSxKVAXxdImgXg%3D%3D&type=json HTTP/1.1" 200 565
DEBUG:urllib3.connectionpool:Starting new HTTP connection (1): apis.data.go.kr:80
DEBUG:urllib3.connectionpool:http://apis.data.go.kr:80 "GET /B553077/api/open/sdsc/storeListInDong?divId=signguCd&key=48890&ServiceKey=mzv%2B5nKLrKuD%2BmQQsQNPL9WTK%2B%2Bv2TmZhLsfKQ94z9xgb1RpWBP17HLSPzxlwwYugsmNqEOJqSxKVAXxdImgXg%3D%3D&type=json HTTP/1.1" 200 3866
DEBUG:urllib3.connectionpool:Starting new HTTP connection (1): apis.data.go.kr:80
DEBUG:urllib3.connectionpool:http://apis.data.go.kr:80 "GET /B553077/api/open/sdsc/baroApi?resId=dong&catId=cty&ctprvnCd=47&ServiceKey=mzv%2B5nKLrKuD%2BmQQsQNPL9WTK%2B%2Bv2TmZhLsfKQ94z9xgb1RpWBP17HLSPzxlwwYugsmNqEOJqSxKVAXxdImgXg%3D%3D&type=json HTTP/1.1" 200 561
DEBUG:urllib3.connectionpool:Starting new HTTP connection (1): apis.data.go.kr:80
DEBUG:urllib3.connectionpool:http://apis.data.go.kr:80 "GET /B553077/api/open/sdsc/storeListInDong?divId=signguCd&key=47113&ServiceKey=mzv%2B5nKLrKuD%2BmQQsQNPL9WTK%2B%2Bv2TmZhLsfKQ94z9xgb1RpWBP17HLSPzxlwwYugsmNqEOJqSxKVAXxdImgXg%3D%3D&type=json HTTP/1.1" 200 4090
DEBUG:urllib3.connectionpool:Starting new HTTP connection (1): apis.data.go.kr:80
DEBUG:urllib3.connectionpool:http://apis.data.go.kr:80 "GET /B553077/api/open/sdsc/baroApi?resId=dong&catId=cty&ctprvnCd=44&ServiceKey=mzv%2B5nKLrKuD%2BmQQsQNPL9WTK%2B%2Bv2TmZhLsfKQ94z9xgb1RpWBP17HLSPzxlwwYugsmNqEOJqSxKVAXxdImgXg%3D%3D&type=json HTTP/1.1" 200 497
DEBUG:urllib3.connectionpool:Starting new HTTP connection (1): apis.data.go.kr:80
DEBUG:urllib3.connectionpool:http://apis.data.go.kr:80 "GET /B553077/api/open/sdsc/storeListInDong?divId=signguCd&key=44800&ServiceKey=mzv%2B5nKLrKuD%2BmQQsQNPL9WTK%2B%2Bv2TmZhLsfKQ94z9xgb1RpWBP17HLSPzxlwwYugsmNqEOJqSxKVAXxdImgXg%3D%3D&type=json HTTP/1.1" 200 3840
DEBUG:urllib3.connectionpool:Starting new HTTP connection (1): apis.data.go.kr:80
DEBUG:urllib3.connectionpool:http://apis.data.go.kr:80 "GET /B553077/api/open/sdsc/baroApi?resId=dong&catId=cty&ctprvnCd=11&ServiceKey=mzv%2B5nKLrKuD%2BmQQsQNPL9WTK%2B%2Bv2TmZhLsfKQ94z9xgb1RpWBP17HLSPzxlwwYugsmNqEOJqSxKVAXxdImgXg%3D%3D&type=json HTTP/1.1" 200 571
DEBUG:urllib3.connectionpool:Starting new HTTP connection (1): apis.data.go.kr:80
DEBUG:urllib3.connectionpool:http://apis.data.go.kr:80 "GET /B553077/api/open/sdsc/storeListInDong?divId=signguCd&key=11260&ServiceKey=mzv%2B5nKLrKuD%2BmQQsQNPL9WTK%2B%2Bv2TmZhLsfKQ94z9xgb1RpWBP17HLSPzxlwwYugsmNqEOJqSxKVAXxdImgXg%3D%3D&type=json HTTP/1.1" 200 3950
DEBUG:urllib3.connectionpool:Starting new HTTP connection (1): apis.data.go.kr:80
DEBUG:urllib3.connectionpool:http://apis.data.go.kr:80 "GET /B553077/api/open/sdsc/baroApi?resId=dong&catId=cty&ctprvnCd=46&ServiceKey=mzv%2B5nKLrKuD%2BmQQsQNPL9WTK%2B%2Bv2TmZhLsfKQ94z9xgb1RpWBP17HLSPzxlwwYugsmNqEOJqSxKVAXxdImgXg%3D%3D&type=json HTTP/1.1" 200 544
DEBUG:urllib3.connectionpool:Starting new HTTP connection (1): apis.data.go.kr:80
DEBUG:urllib3.connectionpool:http://apis.data.go.kr:80 "GET /B553077/api/open/sdsc/storeListInDong?divId=signguCd&key=46790&ServiceKey=mzv%2B5nKLrKuD%2BmQQsQNPL9WTK%2B%2Bv2TmZhLsfKQ94z9xgb1RpWBP17HLSPzxlwwYugsmNqEOJqSxKVAXxdImgXg%3D%3D&type=json HTTP/1.1" 200 3552
DEBUG:urllib3.connectionpool:Starting new HTTP connection (1): apis.data.go.kr:80
DEBUG:urllib3.connectionpool:http://apis.data.go.kr:80 "GET /B553077/api/open/sdsc/baroApi?resId=dong&catId=cty&ctprvnCd=11&ServiceKey=mzv%2B5nKLrKuD%2BmQQsQNPL9WTK%2B%2Bv2TmZhLsfKQ94z9xgb1RpWBP17HLSPzxlwwYugsmNqEOJqSxKVAXxdImgXg%3D%3D&type=json HTTP/1.1" 200 571
DEBUG:urllib3.connectionpool:Starting new HTTP connection (1): apis.data.go.kr:80
DEBUG:urllib3.connectionpool:http://apis.data.go.kr:80 "GET /B553077/api/open/sdsc/storeListInDong?divId=signguCd&key=11260&ServiceKey=mzv%2B5nKLrKuD%2BmQQsQNPL9WTK%2B%2Bv2TmZhLsfKQ94z9xgb1RpWBP17HLSPzxlwwYugsmNqEOJqSxKVAXxdImgXg%3D%3D&type=json HTTP/1.1" 200 3950
DEBUG:urllib3.connectionpool:Starting new HTTP connection (1): apis.data.go.kr:80
DEBUG:urllib3.connectionpool:http://apis.data.go.kr:80 "GET /B553077/api/open/sdsc/baroApi?resId=dong&catId=cty&ctprvnCd=45&ServiceKey=mzv%2B5nKLrKuD%2BmQQsQNPL9WTK%2B%2Bv2TmZhLsfKQ94z9xgb1RpWBP17HLSPzxlwwYugsmNqEOJqSxKVAXxdImgXg%3D%3D&type=json HTTP/1.1" 200 483
DEBUG:urllib3.connectionpool:Starting new HTTP connection (1): apis.data.go.kr:80
DEBUG:urllib3.connectionpool:http://apis.data.go.kr:80 "GET /B553077/api/open/sdsc/storeListInDong?divId=signguCd&key=45720&ServiceKey=mzv%2B5nKLrKuD%2BmQQsQNPL9WTK%2B%2Bv2TmZhLsfKQ94z9xgb1RpWBP17HLSPzxlwwYugsmNqEOJqSxKVAXxdImgXg%3D%3D&type=json HTTP/1.1" 200 3787
DEBUG:urllib3.connectionpool:Starting new HTTP connection (1): apis.data.go.kr:80
DEBUG:urllib3.connectionpool:http://apis.data.go.kr:80 "GET /B553077/api/open/sdsc/baroApi?resId=dong&catId=cty&ctprvnCd=46&ServiceKey=mzv%2B5nKLrKuD%2BmQQsQNPL9WTK%2B%2Bv2TmZhLsfKQ94z9xgb1RpWBP17HLSPzxlwwYugsmNqEOJqSxKVAXxdImgXg%3D%3D&type=json HTTP/1.1" 200 544
DEBUG:urllib3.connectionpool:Starting new HTTP connection (1): apis.data.go.kr:80
DEBUG:urllib3.connectionpool:http://apis.data.go.kr:80 "GET /B553077/api/open/sdsc/storeListInDong?divId=signguCd&key=46790&ServiceKey=mzv%2B5nKLrKuD%2BmQQsQNPL9WTK%2B%2Bv2TmZhLsfKQ94z9xgb1RpWBP17HLSPzxlwwYugsmNqEOJqSxKVAXxdImgXg%3D%3D&type=json HTTP/1.1" 200 3552
DEBUG:urllib3.connectionpool:Starting new HTTP connection (1): apis.data.go.kr:80
DEBUG:urllib3.connectionpool:http://apis.data.go.kr:80 "GET /B553077/api/open/sdsc/baroApi?resId=dong&catId=cty&ctprvnCd=46&ServiceKey=mzv%2B5nKLrKuD%2BmQQsQNPL9WTK%2B%2Bv2TmZhLsfKQ94z9xgb1RpWBP17HLSPzxlwwYugsmNqEOJqSxKVAXxdImgXg%3D%3D&type=json HTTP/1.1" 200 544
DEBUG:urllib3.connectionpool:Starting new HTTP connection (1): apis.data.go.kr:80
DEBUG:urllib3.connectionpool:http://apis.data.go.kr:80 "GET /B553077/api/open/sdsc/storeListInDong?divId=signguCd&key=46790&ServiceKey=mzv%2B5nKLrKuD%2BmQQsQNPL9WTK%2B%2Bv2TmZhLsfKQ94z9xgb1RpWBP17HLSPzxlwwYugsmNqEOJqSxKVAXxdImgXg%3D%3D&type=json HTTP/1.1" 200 3552
INFO:werkzeug:127.0.0.1 - - [16/Dec/2019 02:47:33] "POST /menus/travel HTTP/1.1" 200 -
INFO:werkzeug: * Detected change in 'C:\\Users\\Will\\PycharmProjects\\travel_service\\views\\menus.py', reloading
INFO:werkzeug: * Restarting with stat
INFO:root:Flask Web Server Started
WARNING:werkzeug: * Debugger is active!
INFO:werkzeug: * Debugger PIN: 312-095-692
INFO:werkzeug: * Running on http://0.0.0.0:8080/ (Press CTRL+C to quit)
DEBUG:urllib3.connectionpool:Starting new HTTP connection (1): api.visitkorea.or.kr:80
DEBUG:urllib3.connectionpool:http://api.visitkorea.or.kr:80 "GET /openapi/service/rest/KorService/searchKeyword?ServiceKey=mzv%2B5nKLrKuD%2BmQQsQNPL9WTK%2B%2Bv2TmZhLsfKQ94z9xgb1RpWBP17HLSPzxlwwYugsmNqEOJqSxKVAXxdImgXg%3D%3D&keyword=%EA%B5%AD%EB%A6%BD%EA%B3%B5%EC%9B%90&listYN=Y&arrange=A&MobileOS=ETC&MobileApp=AppTest&_type=json HTTP/1.1" 200 4889
DEBUG:urllib3.connectionpool:Starting new HTTP connection (1): apis.data.go.kr:80
DEBUG:urllib3.connectionpool:http://apis.data.go.kr:80 "GET /B553077/api/open/sdsc/baroApi?resId=dong&catId=cty&ctprvnCd=47&ServiceKey=mzv%2B5nKLrKuD%2BmQQsQNPL9WTK%2B%2Bv2TmZhLsfKQ94z9xgb1RpWBP17HLSPzxlwwYugsmNqEOJqSxKVAXxdImgXg%3D%3D&type=json HTTP/1.1" 200 561
DEBUG:urllib3.connectionpool:Starting new HTTP connection (1): apis.data.go.kr:80
DEBUG:urllib3.connectionpool:http://apis.data.go.kr:80 "GET /B553077/api/open/sdsc/storeListInDong?divId=signguCd&key=47113&ServiceKey=mzv%2B5nKLrKuD%2BmQQsQNPL9WTK%2B%2Bv2TmZhLsfKQ94z9xgb1RpWBP17HLSPzxlwwYugsmNqEOJqSxKVAXxdImgXg%3D%3D&type=json HTTP/1.1" 200 4090
DEBUG:urllib3.connectionpool:Starting new HTTP connection (1): apis.data.go.kr:80
DEBUG:urllib3.connectionpool:http://apis.data.go.kr:80 "GET /B553077/api/open/sdsc/baroApi?resId=dong&catId=cty&ctprvnCd=48&ServiceKey=mzv%2B5nKLrKuD%2BmQQsQNPL9WTK%2B%2Bv2TmZhLsfKQ94z9xgb1RpWBP17HLSPzxlwwYugsmNqEOJqSxKVAXxdImgXg%3D%3D&type=json HTTP/1.1" 200 565
DEBUG:urllib3.connectionpool:Starting new HTTP connection (1): apis.data.go.kr:80
DEBUG:urllib3.connectionpool:http://apis.data.go.kr:80 "GET /B553077/api/open/sdsc/storeListInDong?divId=signguCd&key=48890&ServiceKey=mzv%2B5nKLrKuD%2BmQQsQNPL9WTK%2B%2Bv2TmZhLsfKQ94z9xgb1RpWBP17HLSPzxlwwYugsmNqEOJqSxKVAXxdImgXg%3D%3D&type=json HTTP/1.1" 200 3866
DEBUG:urllib3.connectionpool:Starting new HTTP connection (1): apis.data.go.kr:80
DEBUG:urllib3.connectionpool:http://apis.data.go.kr:80 "GET /B553077/api/open/sdsc/baroApi?resId=dong&catId=cty&ctprvnCd=47&ServiceKey=mzv%2B5nKLrKuD%2BmQQsQNPL9WTK%2B%2Bv2TmZhLsfKQ94z9xgb1RpWBP17HLSPzxlwwYugsmNqEOJqSxKVAXxdImgXg%3D%3D&type=json HTTP/1.1" 200 561
DEBUG:urllib3.connectionpool:Starting new HTTP connection (1): apis.data.go.kr:80
DEBUG:urllib3.connectionpool:http://apis.data.go.kr:80 "GET /B553077/api/open/sdsc/storeListInDong?divId=signguCd&key=47113&ServiceKey=mzv%2B5nKLrKuD%2BmQQsQNPL9WTK%2B%2Bv2TmZhLsfKQ94z9xgb1RpWBP17HLSPzxlwwYugsmNqEOJqSxKVAXxdImgXg%3D%3D&type=json HTTP/1.1" 200 4090
DEBUG:urllib3.connectionpool:Starting new HTTP connection (1): apis.data.go.kr:80
DEBUG:urllib3.connectionpool:http://apis.data.go.kr:80 "GET /B553077/api/open/sdsc/baroApi?resId=dong&catId=cty&ctprvnCd=44&ServiceKey=mzv%2B5nKLrKuD%2BmQQsQNPL9WTK%2B%2Bv2TmZhLsfKQ94z9xgb1RpWBP17HLSPzxlwwYugsmNqEOJqSxKVAXxdImgXg%3D%3D&type=json HTTP/1.1" 200 497
DEBUG:urllib3.connectionpool:Starting new HTTP connection (1): apis.data.go.kr:80
DEBUG:urllib3.connectionpool:http://apis.data.go.kr:80 "GET /B553077/api/open/sdsc/storeListInDong?divId=signguCd&key=44800&ServiceKey=mzv%2B5nKLrKuD%2BmQQsQNPL9WTK%2B%2Bv2TmZhLsfKQ94z9xgb1RpWBP17HLSPzxlwwYugsmNqEOJqSxKVAXxdImgXg%3D%3D&type=json HTTP/1.1" 200 3840
DEBUG:urllib3.connectionpool:Starting new HTTP connection (1): apis.data.go.kr:80
DEBUG:urllib3.connectionpool:http://apis.data.go.kr:80 "GET /B553077/api/open/sdsc/baroApi?resId=dong&catId=cty&ctprvnCd=11&ServiceKey=mzv%2B5nKLrKuD%2BmQQsQNPL9WTK%2B%2Bv2TmZhLsfKQ94z9xgb1RpWBP17HLSPzxlwwYugsmNqEOJqSxKVAXxdImgXg%3D%3D&type=json HTTP/1.1" 200 571
DEBUG:urllib3.connectionpool:Starting new HTTP connection (1): apis.data.go.kr:80
DEBUG:urllib3.connectionpool:http://apis.data.go.kr:80 "GET /B553077/api/open/sdsc/storeListInDong?divId=signguCd&key=11260&ServiceKey=mzv%2B5nKLrKuD%2BmQQsQNPL9WTK%2B%2Bv2TmZhLsfKQ94z9xgb1RpWBP17HLSPzxlwwYugsmNqEOJqSxKVAXxdImgXg%3D%3D&type=json HTTP/1.1" 200 3950
DEBUG:urllib3.connectionpool:Starting new HTTP connection (1): apis.data.go.kr:80
DEBUG:urllib3.connectionpool:http://apis.data.go.kr:80 "GET /B553077/api/open/sdsc/baroApi?resId=dong&catId=cty&ctprvnCd=46&ServiceKey=mzv%2B5nKLrKuD%2BmQQsQNPL9WTK%2B%2Bv2TmZhLsfKQ94z9xgb1RpWBP17HLSPzxlwwYugsmNqEOJqSxKVAXxdImgXg%3D%3D&type=json HTTP/1.1" 200 544
DEBUG:urllib3.connectionpool:Starting new HTTP connection (1): apis.data.go.kr:80
DEBUG:urllib3.connectionpool:http://apis.data.go.kr:80 "GET /B553077/api/open/sdsc/storeListInDong?divId=signguCd&key=46790&ServiceKey=mzv%2B5nKLrKuD%2BmQQsQNPL9WTK%2B%2Bv2TmZhLsfKQ94z9xgb1RpWBP17HLSPzxlwwYugsmNqEOJqSxKVAXxdImgXg%3D%3D&type=json HTTP/1.1" 200 3552
DEBUG:urllib3.connectionpool:Starting new HTTP connection (1): apis.data.go.kr:80
DEBUG:urllib3.connectionpool:http://apis.data.go.kr:80 "GET /B553077/api/open/sdsc/baroApi?resId=dong&catId=cty&ctprvnCd=11&ServiceKey=mzv%2B5nKLrKuD%2BmQQsQNPL9WTK%2B%2Bv2TmZhLsfKQ94z9xgb1RpWBP17HLSPzxlwwYugsmNqEOJqSxKVAXxdImgXg%3D%3D&type=json HTTP/1.1" 200 571
DEBUG:urllib3.connectionpool:Starting new HTTP connection (1): apis.data.go.kr:80
DEBUG:urllib3.connectionpool:http://apis.data.go.kr:80 "GET /B553077/api/open/sdsc/storeListInDong?divId=signguCd&key=11260&ServiceKey=mzv%2B5nKLrKuD%2BmQQsQNPL9WTK%2B%2Bv2TmZhLsfKQ94z9xgb1RpWBP17HLSPzxlwwYugsmNqEOJqSxKVAXxdImgXg%3D%3D&type=json HTTP/1.1" 200 3950
DEBUG:urllib3.connectionpool:Starting new HTTP connection (1): apis.data.go.kr:80
DEBUG:urllib3.connectionpool:http://apis.data.go.kr:80 "GET /B553077/api/open/sdsc/baroApi?resId=dong&catId=cty&ctprvnCd=45&ServiceKey=mzv%2B5nKLrKuD%2BmQQsQNPL9WTK%2B%2Bv2TmZhLsfKQ94z9xgb1RpWBP17HLSPzxlwwYugsmNqEOJqSxKVAXxdImgXg%3D%3D&type=json HTTP/1.1" 200 483
DEBUG:urllib3.connectionpool:Starting new HTTP connection (1): apis.data.go.kr:80
DEBUG:urllib3.connectionpool:http://apis.data.go.kr:80 "GET /B553077/api/open/sdsc/storeListInDong?divId=signguCd&key=45720&ServiceKey=mzv%2B5nKLrKuD%2BmQQsQNPL9WTK%2B%2Bv2TmZhLsfKQ94z9xgb1RpWBP17HLSPzxlwwYugsmNqEOJqSxKVAXxdImgXg%3D%3D&type=json HTTP/1.1" 200 3787
DEBUG:urllib3.connectionpool:Starting new HTTP connection (1): apis.data.go.kr:80
DEBUG:urllib3.connectionpool:http://apis.data.go.kr:80 "GET /B553077/api/open/sdsc/baroApi?resId=dong&catId=cty&ctprvnCd=46&ServiceKey=mzv%2B5nKLrKuD%2BmQQsQNPL9WTK%2B%2Bv2TmZhLsfKQ94z9xgb1RpWBP17HLSPzxlwwYugsmNqEOJqSxKVAXxdImgXg%3D%3D&type=json HTTP/1.1" 200 544
DEBUG:urllib3.connectionpool:Starting new HTTP connection (1): apis.data.go.kr:80
DEBUG:urllib3.connectionpool:http://apis.data.go.kr:80 "GET /B553077/api/open/sdsc/storeListInDong?divId=signguCd&key=46790&ServiceKey=mzv%2B5nKLrKuD%2BmQQsQNPL9WTK%2B%2Bv2TmZhLsfKQ94z9xgb1RpWBP17HLSPzxlwwYugsmNqEOJqSxKVAXxdImgXg%3D%3D&type=json HTTP/1.1" 200 3552
DEBUG:urllib3.connectionpool:Starting new HTTP connection (1): apis.data.go.kr:80
DEBUG:urllib3.connectionpool:http://apis.data.go.kr:80 "GET /B553077/api/open/sdsc/baroApi?resId=dong&catId=cty&ctprvnCd=46&ServiceKey=mzv%2B5nKLrKuD%2BmQQsQNPL9WTK%2B%2Bv2TmZhLsfKQ94z9xgb1RpWBP17HLSPzxlwwYugsmNqEOJqSxKVAXxdImgXg%3D%3D&type=json HTTP/1.1" 200 544
DEBUG:urllib3.connectionpool:Starting new HTTP connection (1): apis.data.go.kr:80
DEBUG:urllib3.connectionpool:http://apis.data.go.kr:80 "GET /B553077/api/open/sdsc/storeListInDong?divId=signguCd&key=46790&ServiceKey=mzv%2B5nKLrKuD%2BmQQsQNPL9WTK%2B%2Bv2TmZhLsfKQ94z9xgb1RpWBP17HLSPzxlwwYugsmNqEOJqSxKVAXxdImgXg%3D%3D&type=json HTTP/1.1" 200 3552
INFO:werkzeug:127.0.0.1 - - [16/Dec/2019 02:49:41] "POST /menus/travel HTTP/1.1" 200 -
INFO:werkzeug: * Detected change in 'C:\\Users\\Will\\PycharmProjects\\travel_service\\views\\menus.py', reloading
INFO:werkzeug: * Restarting with stat
INFO:root:Flask Web Server Started
WARNING:werkzeug: * Debugger is active!
INFO:werkzeug: * Debugger PIN: 312-095-692
INFO:werkzeug: * Running on http://0.0.0.0:8080/ (Press CTRL+C to quit)
INFO:werkzeug: * Detected change in 'C:\\Users\\Will\\PycharmProjects\\travel_service\\views\\menus.py', reloading
INFO:werkzeug: * Restarting with stat
INFO:root:Flask Web Server Started
WARNING:werkzeug: * Debugger is active!
INFO:werkzeug: * Debugger PIN: 312-095-692
INFO:werkzeug: * Running on http://0.0.0.0:8080/ (Press CTRL+C to quit)
DEBUG:urllib3.connectionpool:Starting new HTTP connection (1): api.visitkorea.or.kr:80
DEBUG:urllib3.connectionpool:http://api.visitkorea.or.kr:80 "GET /openapi/service/rest/KorService/searchKeyword?ServiceKey=mzv%2B5nKLrKuD%2BmQQsQNPL9WTK%2B%2Bv2TmZhLsfKQ94z9xgb1RpWBP17HLSPzxlwwYugsmNqEOJqSxKVAXxdImgXg%3D%3D&keyword=%EA%B5%AD%EB%A6%BD%EA%B3%B5%EC%9B%90&listYN=Y&arrange=A&MobileOS=ETC&MobileApp=AppTest&_type=json HTTP/1.1" 200 4889
DEBUG:urllib3.connectionpool:Starting new HTTP connection (1): apis.data.go.kr:80
DEBUG:urllib3.connectionpool:http://apis.data.go.kr:80 "GET /B553077/api/open/sdsc/baroApi?resId=dong&catId=cty&ctprvnCd=47&ServiceKey=mzv%2B5nKLrKuD%2BmQQsQNPL9WTK%2B%2Bv2TmZhLsfKQ94z9xgb1RpWBP17HLSPzxlwwYugsmNqEOJqSxKVAXxdImgXg%3D%3D&type=json HTTP/1.1" 200 561
DEBUG:urllib3.connectionpool:Starting new HTTP connection (1): apis.data.go.kr:80
DEBUG:urllib3.connectionpool:http://apis.data.go.kr:80 "GET /B553077/api/open/sdsc/storeListInDong?divId=signguCd&key=47113&ServiceKey=mzv%2B5nKLrKuD%2BmQQsQNPL9WTK%2B%2Bv2TmZhLsfKQ94z9xgb1RpWBP17HLSPzxlwwYugsmNqEOJqSxKVAXxdImgXg%3D%3D&type=json HTTP/1.1" 200 4090
DEBUG:urllib3.connectionpool:Starting new HTTP connection (1): apis.data.go.kr:80
DEBUG:urllib3.connectionpool:http://apis.data.go.kr:80 "GET /B553077/api/open/sdsc/baroApi?resId=dong&catId=cty&ctprvnCd=48&ServiceKey=mzv%2B5nKLrKuD%2BmQQsQNPL9WTK%2B%2Bv2TmZhLsfKQ94z9xgb1RpWBP17HLSPzxlwwYugsmNqEOJqSxKVAXxdImgXg%3D%3D&type=json HTTP/1.1" 200 565
DEBUG:urllib3.connectionpool:Starting new HTTP connection (1): apis.data.go.kr:80
DEBUG:urllib3.connectionpool:http://apis.data.go.kr:80 "GET /B553077/api/open/sdsc/storeListInDong?divId=signguCd&key=48890&ServiceKey=mzv%2B5nKLrKuD%2BmQQsQNPL9WTK%2B%2Bv2TmZhLsfKQ94z9xgb1RpWBP17HLSPzxlwwYugsmNqEOJqSxKVAXxdImgXg%3D%3D&type=json HTTP/1.1" 200 3866
DEBUG:urllib3.connectionpool:Starting new HTTP connection (1): apis.data.go.kr:80
DEBUG:urllib3.connectionpool:http://apis.data.go.kr:80 "GET /B553077/api/open/sdsc/baroApi?resId=dong&catId=cty&ctprvnCd=47&ServiceKey=mzv%2B5nKLrKuD%2BmQQsQNPL9WTK%2B%2Bv2TmZhLsfKQ94z9xgb1RpWBP17HLSPzxlwwYugsmNqEOJqSxKVAXxdImgXg%3D%3D&type=json HTTP/1.1" 200 561
DEBUG:urllib3.connectionpool:Starting new HTTP connection (1): apis.data.go.kr:80
DEBUG:urllib3.connectionpool:http://apis.data.go.kr:80 "GET /B553077/api/open/sdsc/storeListInDong?divId=signguCd&key=47113&ServiceKey=mzv%2B5nKLrKuD%2BmQQsQNPL9WTK%2B%2Bv2TmZhLsfKQ94z9xgb1RpWBP17HLSPzxlwwYugsmNqEOJqSxKVAXxdImgXg%3D%3D&type=json HTTP/1.1" 200 4090
DEBUG:urllib3.connectionpool:Starting new HTTP connection (1): apis.data.go.kr:80
DEBUG:urllib3.connectionpool:http://apis.data.go.kr:80 "GET /B553077/api/open/sdsc/baroApi?resId=dong&catId=cty&ctprvnCd=44&ServiceKey=mzv%2B5nKLrKuD%2BmQQsQNPL9WTK%2B%2Bv2TmZhLsfKQ94z9xgb1RpWBP17HLSPzxlwwYugsmNqEOJqSxKVAXxdImgXg%3D%3D&type=json HTTP/1.1" 200 497
DEBUG:urllib3.connectionpool:Starting new HTTP connection (1): apis.data.go.kr:80
DEBUG:urllib3.connectionpool:http://apis.data.go.kr:80 "GET /B553077/api/open/sdsc/storeListInDong?divId=signguCd&key=44800&ServiceKey=mzv%2B5nKLrKuD%2BmQQsQNPL9WTK%2B%2Bv2TmZhLsfKQ94z9xgb1RpWBP17HLSPzxlwwYugsmNqEOJqSxKVAXxdImgXg%3D%3D&type=json HTTP/1.1" 200 3840
DEBUG:urllib3.connectionpool:Starting new HTTP connection (1): apis.data.go.kr:80
DEBUG:urllib3.connectionpool:http://apis.data.go.kr:80 "GET /B553077/api/open/sdsc/baroApi?resId=dong&catId=cty&ctprvnCd=11&ServiceKey=mzv%2B5nKLrKuD%2BmQQsQNPL9WTK%2B%2Bv2TmZhLsfKQ94z9xgb1RpWBP17HLSPzxlwwYugsmNqEOJqSxKVAXxdImgXg%3D%3D&type=json HTTP/1.1" 200 571
DEBUG:urllib3.connectionpool:Starting new HTTP connection (1): apis.data.go.kr:80
DEBUG:urllib3.connectionpool:http://apis.data.go.kr:80 "GET /B553077/api/open/sdsc/storeListInDong?divId=signguCd&key=11260&ServiceKey=mzv%2B5nKLrKuD%2BmQQsQNPL9WTK%2B%2Bv2TmZhLsfKQ94z9xgb1RpWBP17HLSPzxlwwYugsmNqEOJqSxKVAXxdImgXg%3D%3D&type=json HTTP/1.1" 200 3950
DEBUG:urllib3.connectionpool:Starting new HTTP connection (1): apis.data.go.kr:80
DEBUG:urllib3.connectionpool:http://apis.data.go.kr:80 "GET /B553077/api/open/sdsc/baroApi?resId=dong&catId=cty&ctprvnCd=46&ServiceKey=mzv%2B5nKLrKuD%2BmQQsQNPL9WTK%2B%2Bv2TmZhLsfKQ94z9xgb1RpWBP17HLSPzxlwwYugsmNqEOJqSxKVAXxdImgXg%3D%3D&type=json HTTP/1.1" 200 544
DEBUG:urllib3.connectionpool:Starting new HTTP connection (1): apis.data.go.kr:80
DEBUG:urllib3.connectionpool:http://apis.data.go.kr:80 "GET /B553077/api/open/sdsc/storeListInDong?divId=signguCd&key=46790&ServiceKey=mzv%2B5nKLrKuD%2BmQQsQNPL9WTK%2B%2Bv2TmZhLsfKQ94z9xgb1RpWBP17HLSPzxlwwYugsmNqEOJqSxKVAXxdImgXg%3D%3D&type=json HTTP/1.1" 200 3552
DEBUG:urllib3.connectionpool:Starting new HTTP connection (1): apis.data.go.kr:80
DEBUG:urllib3.connectionpool:http://apis.data.go.kr:80 "GET /B553077/api/open/sdsc/baroApi?resId=dong&catId=cty&ctprvnCd=11&ServiceKey=mzv%2B5nKLrKuD%2BmQQsQNPL9WTK%2B%2Bv2TmZhLsfKQ94z9xgb1RpWBP17HLSPzxlwwYugsmNqEOJqSxKVAXxdImgXg%3D%3D&type=json HTTP/1.1" 200 571
DEBUG:urllib3.connectionpool:Starting new HTTP connection (1): apis.data.go.kr:80
DEBUG:urllib3.connectionpool:http://apis.data.go.kr:80 "GET /B553077/api/open/sdsc/storeListInDong?divId=signguCd&key=11260&ServiceKey=mzv%2B5nKLrKuD%2BmQQsQNPL9WTK%2B%2Bv2TmZhLsfKQ94z9xgb1RpWBP17HLSPzxlwwYugsmNqEOJqSxKVAXxdImgXg%3D%3D&type=json HTTP/1.1" 200 3950
DEBUG:urllib3.connectionpool:Starting new HTTP connection (1): apis.data.go.kr:80
DEBUG:urllib3.connectionpool:http://apis.data.go.kr:80 "GET /B553077/api/open/sdsc/baroApi?resId=dong&catId=cty&ctprvnCd=45&ServiceKey=mzv%2B5nKLrKuD%2BmQQsQNPL9WTK%2B%2Bv2TmZhLsfKQ94z9xgb1RpWBP17HLSPzxlwwYugsmNqEOJqSxKVAXxdImgXg%3D%3D&type=json HTTP/1.1" 200 483
DEBUG:urllib3.connectionpool:Starting new HTTP connection (1): apis.data.go.kr:80
DEBUG:urllib3.connectionpool:http://apis.data.go.kr:80 "GET /B553077/api/open/sdsc/storeListInDong?divId=signguCd&key=45720&ServiceKey=mzv%2B5nKLrKuD%2BmQQsQNPL9WTK%2B%2Bv2TmZhLsfKQ94z9xgb1RpWBP17HLSPzxlwwYugsmNqEOJqSxKVAXxdImgXg%3D%3D&type=json HTTP/1.1" 200 3787
DEBUG:urllib3.connectionpool:Starting new HTTP connection (1): apis.data.go.kr:80
DEBUG:urllib3.connectionpool:http://apis.data.go.kr:80 "GET /B553077/api/open/sdsc/baroApi?resId=dong&catId=cty&ctprvnCd=46&ServiceKey=mzv%2B5nKLrKuD%2BmQQsQNPL9WTK%2B%2Bv2TmZhLsfKQ94z9xgb1RpWBP17HLSPzxlwwYugsmNqEOJqSxKVAXxdImgXg%3D%3D&type=json HTTP/1.1" 200 544
DEBUG:urllib3.connectionpool:Starting new HTTP connection (1): apis.data.go.kr:80
DEBUG:urllib3.connectionpool:http://apis.data.go.kr:80 "GET /B553077/api/open/sdsc/storeListInDong?divId=signguCd&key=46790&ServiceKey=mzv%2B5nKLrKuD%2BmQQsQNPL9WTK%2B%2Bv2TmZhLsfKQ94z9xgb1RpWBP17HLSPzxlwwYugsmNqEOJqSxKVAXxdImgXg%3D%3D&type=json HTTP/1.1" 200 3552
DEBUG:urllib3.connectionpool:Starting new HTTP connection (1): apis.data.go.kr:80
DEBUG:urllib3.connectionpool:http://apis.data.go.kr:80 "GET /B553077/api/open/sdsc/baroApi?resId=dong&catId=cty&ctprvnCd=46&ServiceKey=mzv%2B5nKLrKuD%2BmQQsQNPL9WTK%2B%2Bv2TmZhLsfKQ94z9xgb1RpWBP17HLSPzxlwwYugsmNqEOJqSxKVAXxdImgXg%3D%3D&type=json HTTP/1.1" 200 544
DEBUG:urllib3.connectionpool:Starting new HTTP connection (1): apis.data.go.kr:80
DEBUG:urllib3.connectionpool:http://apis.data.go.kr:80 "GET /B553077/api/open/sdsc/storeListInDong?divId=signguCd&key=46790&ServiceKey=mzv%2B5nKLrKuD%2BmQQsQNPL9WTK%2B%2Bv2TmZhLsfKQ94z9xgb1RpWBP17HLSPzxlwwYugsmNqEOJqSxKVAXxdImgXg%3D%3D&type=json HTTP/1.1" 200 3552
INFO:werkzeug:127.0.0.1 - - [16/Dec/2019 02:50:04] "POST /menus/travel HTTP/1.1" 200 -
INFO:werkzeug: * Detected change in 'C:\\Users\\Will\\PycharmProjects\\travel_service\\views\\menus.py', reloading
INFO:werkzeug: * Restarting with stat
INFO:root:Flask Web Server Started
WARNING:werkzeug: * Debugger is active!
INFO:werkzeug: * Debugger PIN: 312-095-692
INFO:werkzeug: * Running on http://0.0.0.0:8080/ (Press CTRL+C to quit)
DEBUG:urllib3.connectionpool:Starting new HTTP connection (1): api.visitkorea.or.kr:80
DEBUG:urllib3.connectionpool:http://api.visitkorea.or.kr:80 "GET /openapi/service/rest/KorService/searchKeyword?ServiceKey=mzv%2B5nKLrKuD%2BmQQsQNPL9WTK%2B%2Bv2TmZhLsfKQ94z9xgb1RpWBP17HLSPzxlwwYugsmNqEOJqSxKVAXxdImgXg%3D%3D&keyword=%EA%B5%AD%EB%A6%BD%EA%B3%B5%EC%9B%90&listYN=Y&arrange=A&MobileOS=ETC&MobileApp=AppTest&_type=json HTTP/1.1" 200 4889
DEBUG:urllib3.connectionpool:Starting new HTTP connection (1): apis.data.go.kr:80
DEBUG:urllib3.connectionpool:http://apis.data.go.kr:80 "GET /B553077/api/open/sdsc/baroApi?resId=dong&catId=cty&ctprvnCd=47&ServiceKey=mzv%2B5nKLrKuD%2BmQQsQNPL9WTK%2B%2Bv2TmZhLsfKQ94z9xgb1RpWBP17HLSPzxlwwYugsmNqEOJqSxKVAXxdImgXg%3D%3D&type=json HTTP/1.1" 200 561
DEBUG:urllib3.connectionpool:Starting new HTTP connection (1): apis.data.go.kr:80
DEBUG:urllib3.connectionpool:http://apis.data.go.kr:80 "GET /B553077/api/open/sdsc/storeListInDong?divId=signguCd&key=47113&ServiceKey=mzv%2B5nKLrKuD%2BmQQsQNPL9WTK%2B%2Bv2TmZhLsfKQ94z9xgb1RpWBP17HLSPzxlwwYugsmNqEOJqSxKVAXxdImgXg%3D%3D&type=json HTTP/1.1" 200 4090
DEBUG:urllib3.connectionpool:Starting new HTTP connection (1): apis.data.go.kr:80
DEBUG:urllib3.connectionpool:http://apis.data.go.kr:80 "GET /B553077/api/open/sdsc/baroApi?resId=dong&catId=cty&ctprvnCd=48&ServiceKey=mzv%2B5nKLrKuD%2BmQQsQNPL9WTK%2B%2Bv2TmZhLsfKQ94z9xgb1RpWBP17HLSPzxlwwYugsmNqEOJqSxKVAXxdImgXg%3D%3D&type=json HTTP/1.1" 200 565
DEBUG:urllib3.connectionpool:Starting new HTTP connection (1): apis.data.go.kr:80
DEBUG:urllib3.connectionpool:http://apis.data.go.kr:80 "GET /B553077/api/open/sdsc/storeListInDong?divId=signguCd&key=48890&ServiceKey=mzv%2B5nKLrKuD%2BmQQsQNPL9WTK%2B%2Bv2TmZhLsfKQ94z9xgb1RpWBP17HLSPzxlwwYugsmNqEOJqSxKVAXxdImgXg%3D%3D&type=json HTTP/1.1" 200 3866
DEBUG:urllib3.connectionpool:Starting new HTTP connection (1): apis.data.go.kr:80
DEBUG:urllib3.connectionpool:http://apis.data.go.kr:80 "GET /B553077/api/open/sdsc/baroApi?resId=dong&catId=cty&ctprvnCd=47&ServiceKey=mzv%2B5nKLrKuD%2BmQQsQNPL9WTK%2B%2Bv2TmZhLsfKQ94z9xgb1RpWBP17HLSPzxlwwYugsmNqEOJqSxKVAXxdImgXg%3D%3D&type=json HTTP/1.1" 200 561
DEBUG:urllib3.connectionpool:Starting new HTTP connection (1): apis.data.go.kr:80
DEBUG:urllib3.connectionpool:http://apis.data.go.kr:80 "GET /B553077/api/open/sdsc/storeListInDong?divId=signguCd&key=47113&ServiceKey=mzv%2B5nKLrKuD%2BmQQsQNPL9WTK%2B%2Bv2TmZhLsfKQ94z9xgb1RpWBP17HLSPzxlwwYugsmNqEOJqSxKVAXxdImgXg%3D%3D&type=json HTTP/1.1" 200 4090
DEBUG:urllib3.connectionpool:Starting new HTTP connection (1): apis.data.go.kr:80
DEBUG:urllib3.connectionpool:http://apis.data.go.kr:80 "GET /B553077/api/open/sdsc/baroApi?resId=dong&catId=cty&ctprvnCd=44&ServiceKey=mzv%2B5nKLrKuD%2BmQQsQNPL9WTK%2B%2Bv2TmZhLsfKQ94z9xgb1RpWBP17HLSPzxlwwYugsmNqEOJqSxKVAXxdImgXg%3D%3D&type=json HTTP/1.1" 200 497
DEBUG:urllib3.connectionpool:Starting new HTTP connection (1): apis.data.go.kr:80
DEBUG:urllib3.connectionpool:http://apis.data.go.kr:80 "GET /B553077/api/open/sdsc/storeListInDong?divId=signguCd&key=44800&ServiceKey=mzv%2B5nKLrKuD%2BmQQsQNPL9WTK%2B%2Bv2TmZhLsfKQ94z9xgb1RpWBP17HLSPzxlwwYugsmNqEOJqSxKVAXxdImgXg%3D%3D&type=json HTTP/1.1" 200 3840
DEBUG:urllib3.connectionpool:Starting new HTTP connection (1): apis.data.go.kr:80
DEBUG:urllib3.connectionpool:http://apis.data.go.kr:80 "GET /B553077/api/open/sdsc/baroApi?resId=dong&catId=cty&ctprvnCd=11&ServiceKey=mzv%2B5nKLrKuD%2BmQQsQNPL9WTK%2B%2Bv2TmZhLsfKQ94z9xgb1RpWBP17HLSPzxlwwYugsmNqEOJqSxKVAXxdImgXg%3D%3D&type=json HTTP/1.1" 200 571
DEBUG:urllib3.connectionpool:Starting new HTTP connection (1): apis.data.go.kr:80
DEBUG:urllib3.connectionpool:http://apis.data.go.kr:80 "GET /B553077/api/open/sdsc/storeListInDong?divId=signguCd&key=11260&ServiceKey=mzv%2B5nKLrKuD%2BmQQsQNPL9WTK%2B%2Bv2TmZhLsfKQ94z9xgb1RpWBP17HLSPzxlwwYugsmNqEOJqSxKVAXxdImgXg%3D%3D&type=json HTTP/1.1" 200 3950
DEBUG:urllib3.connectionpool:Starting new HTTP connection (1): apis.data.go.kr:80
DEBUG:urllib3.connectionpool:http://apis.data.go.kr:80 "GET /B553077/api/open/sdsc/baroApi?resId=dong&catId=cty&ctprvnCd=46&ServiceKey=mzv%2B5nKLrKuD%2BmQQsQNPL9WTK%2B%2Bv2TmZhLsfKQ94z9xgb1RpWBP17HLSPzxlwwYugsmNqEOJqSxKVAXxdImgXg%3D%3D&type=json HTTP/1.1" 200 544
DEBUG:urllib3.connectionpool:Starting new HTTP connection (1): apis.data.go.kr:80
DEBUG:urllib3.connectionpool:http://apis.data.go.kr:80 "GET /B553077/api/open/sdsc/storeListInDong?divId=signguCd&key=46790&ServiceKey=mzv%2B5nKLrKuD%2BmQQsQNPL9WTK%2B%2Bv2TmZhLsfKQ94z9xgb1RpWBP17HLSPzxlwwYugsmNqEOJqSxKVAXxdImgXg%3D%3D&type=json HTTP/1.1" 200 3552
DEBUG:urllib3.connectionpool:Starting new HTTP connection (1): apis.data.go.kr:80
DEBUG:urllib3.connectionpool:http://apis.data.go.kr:80 "GET /B553077/api/open/sdsc/baroApi?resId=dong&catId=cty&ctprvnCd=11&ServiceKey=mzv%2B5nKLrKuD%2BmQQsQNPL9WTK%2B%2Bv2TmZhLsfKQ94z9xgb1RpWBP17HLSPzxlwwYugsmNqEOJqSxKVAXxdImgXg%3D%3D&type=json HTTP/1.1" 200 571
DEBUG:urllib3.connectionpool:Starting new HTTP connection (1): apis.data.go.kr:80
DEBUG:urllib3.connectionpool:http://apis.data.go.kr:80 "GET /B553077/api/open/sdsc/storeListInDong?divId=signguCd&key=11260&ServiceKey=mzv%2B5nKLrKuD%2BmQQsQNPL9WTK%2B%2Bv2TmZhLsfKQ94z9xgb1RpWBP17HLSPzxlwwYugsmNqEOJqSxKVAXxdImgXg%3D%3D&type=json HTTP/1.1" 200 3950
DEBUG:urllib3.connectionpool:Starting new HTTP connection (1): apis.data.go.kr:80
DEBUG:urllib3.connectionpool:http://apis.data.go.kr:80 "GET /B553077/api/open/sdsc/baroApi?resId=dong&catId=cty&ctprvnCd=45&ServiceKey=mzv%2B5nKLrKuD%2BmQQsQNPL9WTK%2B%2Bv2TmZhLsfKQ94z9xgb1RpWBP17HLSPzxlwwYugsmNqEOJqSxKVAXxdImgXg%3D%3D&type=json HTTP/1.1" 200 483
DEBUG:urllib3.connectionpool:Starting new HTTP connection (1): apis.data.go.kr:80
DEBUG:urllib3.connectionpool:http://apis.data.go.kr:80 "GET /B553077/api/open/sdsc/storeListInDong?divId=signguCd&key=45720&ServiceKey=mzv%2B5nKLrKuD%2BmQQsQNPL9WTK%2B%2Bv2TmZhLsfKQ94z9xgb1RpWBP17HLSPzxlwwYugsmNqEOJqSxKVAXxdImgXg%3D%3D&type=json HTTP/1.1" 200 3787
DEBUG:urllib3.connectionpool:Starting new HTTP connection (1): apis.data.go.kr:80
DEBUG:urllib3.connectionpool:http://apis.data.go.kr:80 "GET /B553077/api/open/sdsc/baroApi?resId=dong&catId=cty&ctprvnCd=46&ServiceKey=mzv%2B5nKLrKuD%2BmQQsQNPL9WTK%2B%2Bv2TmZhLsfKQ94z9xgb1RpWBP17HLSPzxlwwYugsmNqEOJqSxKVAXxdImgXg%3D%3D&type=json HTTP/1.1" 200 544
DEBUG:urllib3.connectionpool:Starting new HTTP connection (1): apis.data.go.kr:80
DEBUG:urllib3.connectionpool:http://apis.data.go.kr:80 "GET /B553077/api/open/sdsc/storeListInDong?divId=signguCd&key=46790&ServiceKey=mzv%2B5nKLrKuD%2BmQQsQNPL9WTK%2B%2Bv2TmZhLsfKQ94z9xgb1RpWBP17HLSPzxlwwYugsmNqEOJqSxKVAXxdImgXg%3D%3D&type=json HTTP/1.1" 200 3552
DEBUG:urllib3.connectionpool:Starting new HTTP connection (1): apis.data.go.kr:80
DEBUG:urllib3.connectionpool:http://apis.data.go.kr:80 "GET /B553077/api/open/sdsc/baroApi?resId=dong&catId=cty&ctprvnCd=46&ServiceKey=mzv%2B5nKLrKuD%2BmQQsQNPL9WTK%2B%2Bv2TmZhLsfKQ94z9xgb1RpWBP17HLSPzxlwwYugsmNqEOJqSxKVAXxdImgXg%3D%3D&type=json HTTP/1.1" 200 544
DEBUG:urllib3.connectionpool:Starting new HTTP connection (1): apis.data.go.kr:80
DEBUG:urllib3.connectionpool:http://apis.data.go.kr:80 "GET /B553077/api/open/sdsc/storeListInDong?divId=signguCd&key=46790&ServiceKey=mzv%2B5nKLrKuD%2BmQQsQNPL9WTK%2B%2Bv2TmZhLsfKQ94z9xgb1RpWBP17HLSPzxlwwYugsmNqEOJqSxKVAXxdImgXg%3D%3D&type=json HTTP/1.1" 200 3552
INFO:werkzeug:127.0.0.1 - - [16/Dec/2019 02:51:39] "POST /menus/travel HTTP/1.1" 200 -
INFO:werkzeug: * Detected change in 'C:\\Users\\Will\\PycharmProjects\\travel_service\\views\\menus.py', reloading
INFO:werkzeug: * Restarting with stat
INFO:root:Flask Web Server Started
WARNING:werkzeug: * Debugger is active!
INFO:werkzeug: * Debugger PIN: 312-095-692
INFO:werkzeug: * Running on http://0.0.0.0:8080/ (Press CTRL+C to quit)
DEBUG:urllib3.connectionpool:Starting new HTTP connection (1): api.visitkorea.or.kr:80
DEBUG:urllib3.connectionpool:http://api.visitkorea.or.kr:80 "GET /openapi/service/rest/KorService/searchKeyword?ServiceKey=mzv%2B5nKLrKuD%2BmQQsQNPL9WTK%2B%2Bv2TmZhLsfKQ94z9xgb1RpWBP17HLSPzxlwwYugsmNqEOJqSxKVAXxdImgXg%3D%3D&keyword=%EA%B5%AD%EB%A6%BD%EA%B3%B5%EC%9B%90&listYN=Y&arrange=A&MobileOS=ETC&MobileApp=AppTest&_type=json HTTP/1.1" 200 4889
DEBUG:urllib3.connectionpool:Starting new HTTP connection (1): apis.data.go.kr:80
DEBUG:urllib3.connectionpool:http://apis.data.go.kr:80 "GET /B553077/api/open/sdsc/baroApi?resId=dong&catId=cty&ctprvnCd=47&ServiceKey=mzv%2B5nKLrKuD%2BmQQsQNPL9WTK%2B%2Bv2TmZhLsfKQ94z9xgb1RpWBP17HLSPzxlwwYugsmNqEOJqSxKVAXxdImgXg%3D%3D&type=json HTTP/1.1" 200 561
DEBUG:urllib3.connectionpool:Starting new HTTP connection (1): apis.data.go.kr:80
DEBUG:urllib3.connectionpool:http://apis.data.go.kr:80 "GET /B553077/api/open/sdsc/storeListInDong?divId=signguCd&key=47113&ServiceKey=mzv%2B5nKLrKuD%2BmQQsQNPL9WTK%2B%2Bv2TmZhLsfKQ94z9xgb1RpWBP17HLSPzxlwwYugsmNqEOJqSxKVAXxdImgXg%3D%3D&type=json HTTP/1.1" 200 4090
INFO:werkzeug:127.0.0.1 - - [16/Dec/2019 02:52:14] "POST /menus/travel HTTP/1.1" 500 -
INFO:werkzeug:127.0.0.1 - - [16/Dec/2019 02:52:14] "GET /menus/travel?__debugger__=yes&cmd=resource&f=style.css HTTP/1.1" 200 -
INFO:werkzeug:127.0.0.1 - - [16/Dec/2019 02:52:14] "GET /menus/travel?__debugger__=yes&cmd=resource&f=jquery.js HTTP/1.1" 200 -
INFO:werkzeug:127.0.0.1 - - [16/Dec/2019 02:52:14] "GET /menus/travel?__debugger__=yes&cmd=resource&f=debugger.js HTTP/1.1" 200 -
INFO:werkzeug:127.0.0.1 - - [16/Dec/2019 02:52:14] "GET /menus/travel?__debugger__=yes&cmd=resource&f=ubuntu.ttf HTTP/1.1" 200 -
INFO:werkzeug:127.0.0.1 - - [16/Dec/2019 02:52:14] "GET /menus/travel?__debugger__=yes&cmd=resource&f=console.png HTTP/1.1" 200 -
INFO:werkzeug:127.0.0.1 - - [16/Dec/2019 02:52:15] "GET /menus/travel?__debugger__=yes&cmd=resource&f=console.png HTTP/1.1" 200 -
INFO:werkzeug: * Detected change in 'C:\\Users\\Will\\PycharmProjects\\travel_service\\views\\menus.py', reloading
INFO:werkzeug: * Restarting with stat
INFO:root:Flask Web Server Started
WARNING:werkzeug: * Debugger is active!
INFO:werkzeug: * Debugger PIN: 312-095-692
INFO:werkzeug: * Running on http://0.0.0.0:8080/ (Press CTRL+C to quit)
DEBUG:urllib3.connectionpool:Starting new HTTP connection (1): api.visitkorea.or.kr:80
DEBUG:urllib3.connectionpool:http://api.visitkorea.or.kr:80 "GET /openapi/service/rest/KorService/searchKeyword?ServiceKey=mzv%2B5nKLrKuD%2BmQQsQNPL9WTK%2B%2Bv2TmZhLsfKQ94z9xgb1RpWBP17HLSPzxlwwYugsmNqEOJqSxKVAXxdImgXg%3D%3D&keyword=%EA%B5%AD%EB%A6%BD%EA%B3%B5%EC%9B%90&listYN=Y&arrange=A&MobileOS=ETC&MobileApp=AppTest&_type=json HTTP/1.1" 200 4889
DEBUG:urllib3.connectionpool:Starting new HTTP connection (1): apis.data.go.kr:80
DEBUG:urllib3.connectionpool:http://apis.data.go.kr:80 "GET /B553077/api/open/sdsc/baroApi?resId=dong&catId=cty&ctprvnCd=47&ServiceKey=mzv%2B5nKLrKuD%2BmQQsQNPL9WTK%2B%2Bv2TmZhLsfKQ94z9xgb1RpWBP17HLSPzxlwwYugsmNqEOJqSxKVAXxdImgXg%3D%3D&type=json HTTP/1.1" 200 561
DEBUG:urllib3.connectionpool:Starting new HTTP connection (1): apis.data.go.kr:80
DEBUG:urllib3.connectionpool:http://apis.data.go.kr:80 "GET /B553077/api/open/sdsc/storeListInDong?divId=signguCd&key=47113&ServiceKey=mzv%2B5nKLrKuD%2BmQQsQNPL9WTK%2B%2Bv2TmZhLsfKQ94z9xgb1RpWBP17HLSPzxlwwYugsmNqEOJqSxKVAXxdImgXg%3D%3D&type=json HTTP/1.1" 200 4090
DEBUG:urllib3.connectionpool:Starting new HTTP connection (1): apis.data.go.kr:80
DEBUG:urllib3.connectionpool:http://apis.data.go.kr:80 "GET /B553077/api/open/sdsc/baroApi?resId=dong&catId=cty&ctprvnCd=48&ServiceKey=mzv%2B5nKLrKuD%2BmQQsQNPL9WTK%2B%2Bv2TmZhLsfKQ94z9xgb1RpWBP17HLSPzxlwwYugsmNqEOJqSxKVAXxdImgXg%3D%3D&type=json HTTP/1.1" 200 565
DEBUG:urllib3.connectionpool:Starting new HTTP connection (1): apis.data.go.kr:80
DEBUG:urllib3.connectionpool:http://apis.data.go.kr:80 "GET /B553077/api/open/sdsc/storeListInDong?divId=signguCd&key=48890&ServiceKey=mzv%2B5nKLrKuD%2BmQQsQNPL9WTK%2B%2Bv2TmZhLsfKQ94z9xgb1RpWBP17HLSPzxlwwYugsmNqEOJqSxKVAXxdImgXg%3D%3D&type=json HTTP/1.1" 200 3866
DEBUG:urllib3.connectionpool:Starting new HTTP connection (1): apis.data.go.kr:80
DEBUG:urllib3.connectionpool:http://apis.data.go.kr:80 "GET /B553077/api/open/sdsc/baroApi?resId=dong&catId=cty&ctprvnCd=47&ServiceKey=mzv%2B5nKLrKuD%2BmQQsQNPL9WTK%2B%2Bv2TmZhLsfKQ94z9xgb1RpWBP17HLSPzxlwwYugsmNqEOJqSxKVAXxdImgXg%3D%3D&type=json HTTP/1.1" 200 561
DEBUG:urllib3.connectionpool:Starting new HTTP connection (1): apis.data.go.kr:80
DEBUG:urllib3.connectionpool:http://apis.data.go.kr:80 "GET /B553077/api/open/sdsc/storeListInDong?divId=signguCd&key=47113&ServiceKey=mzv%2B5nKLrKuD%2BmQQsQNPL9WTK%2B%2Bv2TmZhLsfKQ94z9xgb1RpWBP17HLSPzxlwwYugsmNqEOJqSxKVAXxdImgXg%3D%3D&type=json HTTP/1.1" 200 4090
DEBUG:urllib3.connectionpool:Starting new HTTP connection (1): apis.data.go.kr:80
DEBUG:urllib3.connectionpool:http://apis.data.go.kr:80 "GET /B553077/api/open/sdsc/baroApi?resId=dong&catId=cty&ctprvnCd=44&ServiceKey=mzv%2B5nKLrKuD%2BmQQsQNPL9WTK%2B%2Bv2TmZhLsfKQ94z9xgb1RpWBP17HLSPzxlwwYugsmNqEOJqSxKVAXxdImgXg%3D%3D&type=json HTTP/1.1" 200 497
DEBUG:urllib3.connectionpool:Starting new HTTP connection (1): apis.data.go.kr:80
DEBUG:urllib3.connectionpool:http://apis.data.go.kr:80 "GET /B553077/api/open/sdsc/storeListInDong?divId=signguCd&key=44800&ServiceKey=mzv%2B5nKLrKuD%2BmQQsQNPL9WTK%2B%2Bv2TmZhLsfKQ94z9xgb1RpWBP17HLSPzxlwwYugsmNqEOJqSxKVAXxdImgXg%3D%3D&type=json HTTP/1.1" 200 3840
DEBUG:urllib3.connectionpool:Starting new HTTP connection (1): apis.data.go.kr:80
DEBUG:urllib3.connectionpool:http://apis.data.go.kr:80 "GET /B553077/api/open/sdsc/baroApi?resId=dong&catId=cty&ctprvnCd=11&ServiceKey=mzv%2B5nKLrKuD%2BmQQsQNPL9WTK%2B%2Bv2TmZhLsfKQ94z9xgb1RpWBP17HLSPzxlwwYugsmNqEOJqSxKVAXxdImgXg%3D%3D&type=json HTTP/1.1" 200 571
DEBUG:urllib3.connectionpool:Starting new HTTP connection (1): apis.data.go.kr:80
DEBUG:urllib3.connectionpool:http://apis.data.go.kr:80 "GET /B553077/api/open/sdsc/storeListInDong?divId=signguCd&key=11260&ServiceKey=mzv%2B5nKLrKuD%2BmQQsQNPL9WTK%2B%2Bv2TmZhLsfKQ94z9xgb1RpWBP17HLSPzxlwwYugsmNqEOJqSxKVAXxdImgXg%3D%3D&type=json HTTP/1.1" 200 3950
DEBUG:urllib3.connectionpool:Starting new HTTP connection (1): apis.data.go.kr:80
DEBUG:urllib3.connectionpool:http://apis.data.go.kr:80 "GET /B553077/api/open/sdsc/baroApi?resId=dong&catId=cty&ctprvnCd=46&ServiceKey=mzv%2B5nKLrKuD%2BmQQsQNPL9WTK%2B%2Bv2TmZhLsfKQ94z9xgb1RpWBP17HLSPzxlwwYugsmNqEOJqSxKVAXxdImgXg%3D%3D&type=json HTTP/1.1" 200 544
DEBUG:urllib3.connectionpool:Starting new HTTP connection (1): apis.data.go.kr:80
DEBUG:urllib3.connectionpool:http://apis.data.go.kr:80 "GET /B553077/api/open/sdsc/storeListInDong?divId=signguCd&key=46790&ServiceKey=mzv%2B5nKLrKuD%2BmQQsQNPL9WTK%2B%2Bv2TmZhLsfKQ94z9xgb1RpWBP17HLSPzxlwwYugsmNqEOJqSxKVAXxdImgXg%3D%3D&type=json HTTP/1.1" 200 3552
DEBUG:urllib3.connectionpool:Starting new HTTP connection (1): apis.data.go.kr:80
DEBUG:urllib3.connectionpool:http://apis.data.go.kr:80 "GET /B553077/api/open/sdsc/baroApi?resId=dong&catId=cty&ctprvnCd=11&ServiceKey=mzv%2B5nKLrKuD%2BmQQsQNPL9WTK%2B%2Bv2TmZhLsfKQ94z9xgb1RpWBP17HLSPzxlwwYugsmNqEOJqSxKVAXxdImgXg%3D%3D&type=json HTTP/1.1" 200 571
DEBUG:urllib3.connectionpool:Starting new HTTP connection (1): apis.data.go.kr:80
DEBUG:urllib3.connectionpool:http://apis.data.go.kr:80 "GET /B553077/api/open/sdsc/storeListInDong?divId=signguCd&key=11260&ServiceKey=mzv%2B5nKLrKuD%2BmQQsQNPL9WTK%2B%2Bv2TmZhLsfKQ94z9xgb1RpWBP17HLSPzxlwwYugsmNqEOJqSxKVAXxdImgXg%3D%3D&type=json HTTP/1.1" 200 3950
DEBUG:urllib3.connectionpool:Starting new HTTP connection (1): apis.data.go.kr:80
DEBUG:urllib3.connectionpool:http://apis.data.go.kr:80 "GET /B553077/api/open/sdsc/baroApi?resId=dong&catId=cty&ctprvnCd=45&ServiceKey=mzv%2B5nKLrKuD%2BmQQsQNPL9WTK%2B%2Bv2TmZhLsfKQ94z9xgb1RpWBP17HLSPzxlwwYugsmNqEOJqSxKVAXxdImgXg%3D%3D&type=json HTTP/1.1" 200 483
DEBUG:urllib3.connectionpool:Starting new HTTP connection (1): apis.data.go.kr:80
DEBUG:urllib3.connectionpool:http://apis.data.go.kr:80 "GET /B553077/api/open/sdsc/storeListInDong?divId=signguCd&key=45720&ServiceKey=mzv%2B5nKLrKuD%2BmQQsQNPL9WTK%2B%2Bv2TmZhLsfKQ94z9xgb1RpWBP17HLSPzxlwwYugsmNqEOJqSxKVAXxdImgXg%3D%3D&type=json HTTP/1.1" 200 3787
DEBUG:urllib3.connectionpool:Starting new HTTP connection (1): apis.data.go.kr:80
DEBUG:urllib3.connectionpool:http://apis.data.go.kr:80 "GET /B553077/api/open/sdsc/baroApi?resId=dong&catId=cty&ctprvnCd=46&ServiceKey=mzv%2B5nKLrKuD%2BmQQsQNPL9WTK%2B%2Bv2TmZhLsfKQ94z9xgb1RpWBP17HLSPzxlwwYugsmNqEOJqSxKVAXxdImgXg%3D%3D&type=json HTTP/1.1" 200 544
DEBUG:urllib3.connectionpool:Starting new HTTP connection (1): apis.data.go.kr:80
DEBUG:urllib3.connectionpool:http://apis.data.go.kr:80 "GET /B553077/api/open/sdsc/storeListInDong?divId=signguCd&key=46790&ServiceKey=mzv%2B5nKLrKuD%2BmQQsQNPL9WTK%2B%2Bv2TmZhLsfKQ94z9xgb1RpWBP17HLSPzxlwwYugsmNqEOJqSxKVAXxdImgXg%3D%3D&type=json HTTP/1.1" 200 3552
DEBUG:urllib3.connectionpool:Starting new HTTP connection (1): apis.data.go.kr:80
DEBUG:urllib3.connectionpool:http://apis.data.go.kr:80 "GET /B553077/api/open/sdsc/baroApi?resId=dong&catId=cty&ctprvnCd=46&ServiceKey=mzv%2B5nKLrKuD%2BmQQsQNPL9WTK%2B%2Bv2TmZhLsfKQ94z9xgb1RpWBP17HLSPzxlwwYugsmNqEOJqSxKVAXxdImgXg%3D%3D&type=json HTTP/1.1" 200 544
DEBUG:urllib3.connectionpool:Starting new HTTP connection (1): apis.data.go.kr:80
DEBUG:urllib3.connectionpool:http://apis.data.go.kr:80 "GET /B553077/api/open/sdsc/storeListInDong?divId=signguCd&key=46790&ServiceKey=mzv%2B5nKLrKuD%2BmQQsQNPL9WTK%2B%2Bv2TmZhLsfKQ94z9xgb1RpWBP17HLSPzxlwwYugsmNqEOJqSxKVAXxdImgXg%3D%3D&type=json HTTP/1.1" 200 3552
INFO:werkzeug:127.0.0.1 - - [16/Dec/2019 02:52:49] "POST /menus/travel HTTP/1.1" 200 -
INFO:werkzeug: * Detected change in 'C:\\Users\\Will\\PycharmProjects\\travel_service\\views\\menus.py', reloading
INFO:werkzeug: * Restarting with stat
INFO:root:Flask Web Server Started
WARNING:werkzeug: * Debugger is active!
INFO:werkzeug: * Debugger PIN: 312-095-692
INFO:werkzeug: * Running on http://0.0.0.0:8080/ (Press CTRL+C to quit)
DEBUG:urllib3.connectionpool:Starting new HTTP connection (1): api.visitkorea.or.kr:80
DEBUG:urllib3.connectionpool:http://api.visitkorea.or.kr:80 "GET /openapi/service/rest/KorService/searchKeyword?ServiceKey=mzv%2B5nKLrKuD%2BmQQsQNPL9WTK%2B%2Bv2TmZhLsfKQ94z9xgb1RpWBP17HLSPzxlwwYugsmNqEOJqSxKVAXxdImgXg%3D%3D&keyword=%EA%B5%AD%EB%A6%BD%EA%B3%B5%EC%9B%90&listYN=Y&arrange=A&MobileOS=ETC&MobileApp=AppTest&_type=json HTTP/1.1" 200 4889
DEBUG:urllib3.connectionpool:Starting new HTTP connection (1): apis.data.go.kr:80
DEBUG:urllib3.connectionpool:http://apis.data.go.kr:80 "GET /B553077/api/open/sdsc/baroApi?resId=dong&catId=cty&ctprvnCd=47&ServiceKey=mzv%2B5nKLrKuD%2BmQQsQNPL9WTK%2B%2Bv2TmZhLsfKQ94z9xgb1RpWBP17HLSPzxlwwYugsmNqEOJqSxKVAXxdImgXg%3D%3D&type=json HTTP/1.1" 200 561
DEBUG:urllib3.connectionpool:Starting new HTTP connection (1): apis.data.go.kr:80
DEBUG:urllib3.connectionpool:http://apis.data.go.kr:80 "GET /B553077/api/open/sdsc/storeListInDong?divId=signguCd&key=47113&ServiceKey=mzv%2B5nKLrKuD%2BmQQsQNPL9WTK%2B%2Bv2TmZhLsfKQ94z9xgb1RpWBP17HLSPzxlwwYugsmNqEOJqSxKVAXxdImgXg%3D%3D&type=json HTTP/1.1" 200 4090
DEBUG:urllib3.connectionpool:Starting new HTTP connection (1): apis.data.go.kr:80
DEBUG:urllib3.connectionpool:http://apis.data.go.kr:80 "GET /B553077/api/open/sdsc/baroApi?resId=dong&catId=cty&ctprvnCd=48&ServiceKey=mzv%2B5nKLrKuD%2BmQQsQNPL9WTK%2B%2Bv2TmZhLsfKQ94z9xgb1RpWBP17HLSPzxlwwYugsmNqEOJqSxKVAXxdImgXg%3D%3D&type=json HTTP/1.1" 200 565
DEBUG:urllib3.connectionpool:Starting new HTTP connection (1): apis.data.go.kr:80
DEBUG:urllib3.connectionpool:http://apis.data.go.kr:80 "GET /B553077/api/open/sdsc/storeListInDong?divId=signguCd&key=48890&ServiceKey=mzv%2B5nKLrKuD%2BmQQsQNPL9WTK%2B%2Bv2TmZhLsfKQ94z9xgb1RpWBP17HLSPzxlwwYugsmNqEOJqSxKVAXxdImgXg%3D%3D&type=json HTTP/1.1" 200 3866
DEBUG:urllib3.connectionpool:Starting new HTTP connection (1): apis.data.go.kr:80
DEBUG:urllib3.connectionpool:http://apis.data.go.kr:80 "GET /B553077/api/open/sdsc/baroApi?resId=dong&catId=cty&ctprvnCd=47&ServiceKey=mzv%2B5nKLrKuD%2BmQQsQNPL9WTK%2B%2Bv2TmZhLsfKQ94z9xgb1RpWBP17HLSPzxlwwYugsmNqEOJqSxKVAXxdImgXg%3D%3D&type=json HTTP/1.1" 200 561
DEBUG:urllib3.connectionpool:Starting new HTTP connection (1): apis.data.go.kr:80
DEBUG:urllib3.connectionpool:http://apis.data.go.kr:80 "GET /B553077/api/open/sdsc/storeListInDong?divId=signguCd&key=47113&ServiceKey=mzv%2B5nKLrKuD%2BmQQsQNPL9WTK%2B%2Bv2TmZhLsfKQ94z9xgb1RpWBP17HLSPzxlwwYugsmNqEOJqSxKVAXxdImgXg%3D%3D&type=json HTTP/1.1" 200 4090
DEBUG:urllib3.connectionpool:Starting new HTTP connection (1): apis.data.go.kr:80
DEBUG:urllib3.connectionpool:http://apis.data.go.kr:80 "GET /B553077/api/open/sdsc/baroApi?resId=dong&catId=cty&ctprvnCd=44&ServiceKey=mzv%2B5nKLrKuD%2BmQQsQNPL9WTK%2B%2Bv2TmZhLsfKQ94z9xgb1RpWBP17HLSPzxlwwYugsmNqEOJqSxKVAXxdImgXg%3D%3D&type=json HTTP/1.1" 200 497
DEBUG:urllib3.connectionpool:Starting new HTTP connection (1): apis.data.go.kr:80
DEBUG:urllib3.connectionpool:http://apis.data.go.kr:80 "GET /B553077/api/open/sdsc/storeListInDong?divId=signguCd&key=44800&ServiceKey=mzv%2B5nKLrKuD%2BmQQsQNPL9WTK%2B%2Bv2TmZhLsfKQ94z9xgb1RpWBP17HLSPzxlwwYugsmNqEOJqSxKVAXxdImgXg%3D%3D&type=json HTTP/1.1" 200 3840
DEBUG:urllib3.connectionpool:Starting new HTTP connection (1): apis.data.go.kr:80
DEBUG:urllib3.connectionpool:http://apis.data.go.kr:80 "GET /B553077/api/open/sdsc/baroApi?resId=dong&catId=cty&ctprvnCd=11&ServiceKey=mzv%2B5nKLrKuD%2BmQQsQNPL9WTK%2B%2Bv2TmZhLsfKQ94z9xgb1RpWBP17HLSPzxlwwYugsmNqEOJqSxKVAXxdImgXg%3D%3D&type=json HTTP/1.1" 200 571
DEBUG:urllib3.connectionpool:Starting new HTTP connection (1): apis.data.go.kr:80
DEBUG:urllib3.connectionpool:http://apis.data.go.kr:80 "GET /B553077/api/open/sdsc/storeListInDong?divId=signguCd&key=11260&ServiceKey=mzv%2B5nKLrKuD%2BmQQsQNPL9WTK%2B%2Bv2TmZhLsfKQ94z9xgb1RpWBP17HLSPzxlwwYugsmNqEOJqSxKVAXxdImgXg%3D%3D&type=json HTTP/1.1" 200 3950
DEBUG:urllib3.connectionpool:Starting new HTTP connection (1): apis.data.go.kr:80
DEBUG:urllib3.connectionpool:http://apis.data.go.kr:80 "GET /B553077/api/open/sdsc/baroApi?resId=dong&catId=cty&ctprvnCd=46&ServiceKey=mzv%2B5nKLrKuD%2BmQQsQNPL9WTK%2B%2Bv2TmZhLsfKQ94z9xgb1RpWBP17HLSPzxlwwYugsmNqEOJqSxKVAXxdImgXg%3D%3D&type=json HTTP/1.1" 200 544
DEBUG:urllib3.connectionpool:Starting new HTTP connection (1): apis.data.go.kr:80
DEBUG:urllib3.connectionpool:http://apis.data.go.kr:80 "GET /B553077/api/open/sdsc/storeListInDong?divId=signguCd&key=46790&ServiceKey=mzv%2B5nKLrKuD%2BmQQsQNPL9WTK%2B%2Bv2TmZhLsfKQ94z9xgb1RpWBP17HLSPzxlwwYugsmNqEOJqSxKVAXxdImgXg%3D%3D&type=json HTTP/1.1" 200 3552
DEBUG:urllib3.connectionpool:Starting new HTTP connection (1): apis.data.go.kr:80
DEBUG:urllib3.connectionpool:http://apis.data.go.kr:80 "GET /B553077/api/open/sdsc/baroApi?resId=dong&catId=cty&ctprvnCd=11&ServiceKey=mzv%2B5nKLrKuD%2BmQQsQNPL9WTK%2B%2Bv2TmZhLsfKQ94z9xgb1RpWBP17HLSPzxlwwYugsmNqEOJqSxKVAXxdImgXg%3D%3D&type=json HTTP/1.1" 200 571
DEBUG:urllib3.connectionpool:Starting new HTTP connection (1): apis.data.go.kr:80
DEBUG:urllib3.connectionpool:http://apis.data.go.kr:80 "GET /B553077/api/open/sdsc/storeListInDong?divId=signguCd&key=11260&ServiceKey=mzv%2B5nKLrKuD%2BmQQsQNPL9WTK%2B%2Bv2TmZhLsfKQ94z9xgb1RpWBP17HLSPzxlwwYugsmNqEOJqSxKVAXxdImgXg%3D%3D&type=json HTTP/1.1" 200 3950
DEBUG:urllib3.connectionpool:Starting new HTTP connection (1): apis.data.go.kr:80
DEBUG:urllib3.connectionpool:http://apis.data.go.kr:80 "GET /B553077/api/open/sdsc/baroApi?resId=dong&catId=cty&ctprvnCd=45&ServiceKey=mzv%2B5nKLrKuD%2BmQQsQNPL9WTK%2B%2Bv2TmZhLsfKQ94z9xgb1RpWBP17HLSPzxlwwYugsmNqEOJqSxKVAXxdImgXg%3D%3D&type=json HTTP/1.1" 200 483
DEBUG:urllib3.connectionpool:Starting new HTTP connection (1): apis.data.go.kr:80
DEBUG:urllib3.connectionpool:http://apis.data.go.kr:80 "GET /B553077/api/open/sdsc/storeListInDong?divId=signguCd&key=45720&ServiceKey=mzv%2B5nKLrKuD%2BmQQsQNPL9WTK%2B%2Bv2TmZhLsfKQ94z9xgb1RpWBP17HLSPzxlwwYugsmNqEOJqSxKVAXxdImgXg%3D%3D&type=json HTTP/1.1" 200 3787
DEBUG:urllib3.connectionpool:Starting new HTTP connection (1): apis.data.go.kr:80
DEBUG:urllib3.connectionpool:http://apis.data.go.kr:80 "GET /B553077/api/open/sdsc/baroApi?resId=dong&catId=cty&ctprvnCd=46&ServiceKey=mzv%2B5nKLrKuD%2BmQQsQNPL9WTK%2B%2Bv2TmZhLsfKQ94z9xgb1RpWBP17HLSPzxlwwYugsmNqEOJqSxKVAXxdImgXg%3D%3D&type=json HTTP/1.1" 200 544
DEBUG:urllib3.connectionpool:Starting new HTTP connection (1): apis.data.go.kr:80
DEBUG:urllib3.connectionpool:http://apis.data.go.kr:80 "GET /B553077/api/open/sdsc/storeListInDong?divId=signguCd&key=46790&ServiceKey=mzv%2B5nKLrKuD%2BmQQsQNPL9WTK%2B%2Bv2TmZhLsfKQ94z9xgb1RpWBP17HLSPzxlwwYugsmNqEOJqSxKVAXxdImgXg%3D%3D&type=json HTTP/1.1" 200 3552
DEBUG:urllib3.connectionpool:Starting new HTTP connection (1): apis.data.go.kr:80
DEBUG:urllib3.connectionpool:http://apis.data.go.kr:80 "GET /B553077/api/open/sdsc/baroApi?resId=dong&catId=cty&ctprvnCd=46&ServiceKey=mzv%2B5nKLrKuD%2BmQQsQNPL9WTK%2B%2Bv2TmZhLsfKQ94z9xgb1RpWBP17HLSPzxlwwYugsmNqEOJqSxKVAXxdImgXg%3D%3D&type=json HTTP/1.1" 200 544
DEBUG:urllib3.connectionpool:Starting new HTTP connection (1): apis.data.go.kr:80
DEBUG:urllib3.connectionpool:http://apis.data.go.kr:80 "GET /B553077/api/open/sdsc/storeListInDong?divId=signguCd&key=46790&ServiceKey=mzv%2B5nKLrKuD%2BmQQsQNPL9WTK%2B%2Bv2TmZhLsfKQ94z9xgb1RpWBP17HLSPzxlwwYugsmNqEOJqSxKVAXxdImgXg%3D%3D&type=json HTTP/1.1" 200 3552
INFO:werkzeug:127.0.0.1 - - [16/Dec/2019 02:53:02] "POST /menus/travel HTTP/1.1" 200 -
INFO:werkzeug: * Detected change in 'C:\\Users\\Will\\PycharmProjects\\travel_service\\views\\menus.py', reloading
INFO:werkzeug: * Restarting with stat
INFO:root:Flask Web Server Started
WARNING:werkzeug: * Debugger is active!
INFO:werkzeug: * Debugger PIN: 312-095-692
INFO:werkzeug: * Running on http://0.0.0.0:8080/ (Press CTRL+C to quit)
DEBUG:urllib3.connectionpool:Starting new HTTP connection (1): api.visitkorea.or.kr:80
DEBUG:urllib3.connectionpool:http://api.visitkorea.or.kr:80 "GET /openapi/service/rest/KorService/searchKeyword?ServiceKey=mzv%2B5nKLrKuD%2BmQQsQNPL9WTK%2B%2Bv2TmZhLsfKQ94z9xgb1RpWBP17HLSPzxlwwYugsmNqEOJqSxKVAXxdImgXg%3D%3D&keyword=%EA%B5%AD%EB%A6%BD%EA%B3%B5%EC%9B%90&listYN=Y&arrange=A&MobileOS=ETC&MobileApp=AppTest&_type=json HTTP/1.1" 200 4889
DEBUG:urllib3.connectionpool:Starting new HTTP connection (1): apis.data.go.kr:80
DEBUG:urllib3.connectionpool:http://apis.data.go.kr:80 "GET /B553077/api/open/sdsc/baroApi?resId=dong&catId=cty&ctprvnCd=47&ServiceKey=mzv%2B5nKLrKuD%2BmQQsQNPL9WTK%2B%2Bv2TmZhLsfKQ94z9xgb1RpWBP17HLSPzxlwwYugsmNqEOJqSxKVAXxdImgXg%3D%3D&type=json HTTP/1.1" 200 561
DEBUG:urllib3.connectionpool:Starting new HTTP connection (1): apis.data.go.kr:80
DEBUG:urllib3.connectionpool:http://apis.data.go.kr:80 "GET /B553077/api/open/sdsc/storeListInDong?divId=signguCd&key=47113&ServiceKey=mzv%2B5nKLrKuD%2BmQQsQNPL9WTK%2B%2Bv2TmZhLsfKQ94z9xgb1RpWBP17HLSPzxlwwYugsmNqEOJqSxKVAXxdImgXg%3D%3D&type=json HTTP/1.1" 200 4090
DEBUG:urllib3.connectionpool:Starting new HTTP connection (1): apis.data.go.kr:80
DEBUG:urllib3.connectionpool:http://apis.data.go.kr:80 "GET /B553077/api/open/sdsc/baroApi?resId=dong&catId=cty&ctprvnCd=48&ServiceKey=mzv%2B5nKLrKuD%2BmQQsQNPL9WTK%2B%2Bv2TmZhLsfKQ94z9xgb1RpWBP17HLSPzxlwwYugsmNqEOJqSxKVAXxdImgXg%3D%3D&type=json HTTP/1.1" 200 565
DEBUG:urllib3.connectionpool:Starting new HTTP connection (1): apis.data.go.kr:80
DEBUG:urllib3.connectionpool:http://apis.data.go.kr:80 "GET /B553077/api/open/sdsc/storeListInDong?divId=signguCd&key=48890&ServiceKey=mzv%2B5nKLrKuD%2BmQQsQNPL9WTK%2B%2Bv2TmZhLsfKQ94z9xgb1RpWBP17HLSPzxlwwYugsmNqEOJqSxKVAXxdImgXg%3D%3D&type=json HTTP/1.1" 200 3866
DEBUG:urllib3.connectionpool:Starting new HTTP connection (1): apis.data.go.kr:80
DEBUG:urllib3.connectionpool:http://apis.data.go.kr:80 "GET /B553077/api/open/sdsc/baroApi?resId=dong&catId=cty&ctprvnCd=47&ServiceKey=mzv%2B5nKLrKuD%2BmQQsQNPL9WTK%2B%2Bv2TmZhLsfKQ94z9xgb1RpWBP17HLSPzxlwwYugsmNqEOJqSxKVAXxdImgXg%3D%3D&type=json HTTP/1.1" 200 561
DEBUG:urllib3.connectionpool:Starting new HTTP connection (1): apis.data.go.kr:80
DEBUG:urllib3.connectionpool:http://apis.data.go.kr:80 "GET /B553077/api/open/sdsc/storeListInDong?divId=signguCd&key=47113&ServiceKey=mzv%2B5nKLrKuD%2BmQQsQNPL9WTK%2B%2Bv2TmZhLsfKQ94z9xgb1RpWBP17HLSPzxlwwYugsmNqEOJqSxKVAXxdImgXg%3D%3D&type=json HTTP/1.1" 200 4090
DEBUG:urllib3.connectionpool:Starting new HTTP connection (1): apis.data.go.kr:80
DEBUG:urllib3.connectionpool:http://apis.data.go.kr:80 "GET /B553077/api/open/sdsc/baroApi?resId=dong&catId=cty&ctprvnCd=44&ServiceKey=mzv%2B5nKLrKuD%2BmQQsQNPL9WTK%2B%2Bv2TmZhLsfKQ94z9xgb1RpWBP17HLSPzxlwwYugsmNqEOJqSxKVAXxdImgXg%3D%3D&type=json HTTP/1.1" 200 497
DEBUG:urllib3.connectionpool:Starting new HTTP connection (1): apis.data.go.kr:80
DEBUG:urllib3.connectionpool:http://apis.data.go.kr:80 "GET /B553077/api/open/sdsc/storeListInDong?divId=signguCd&key=44800&ServiceKey=mzv%2B5nKLrKuD%2BmQQsQNPL9WTK%2B%2Bv2TmZhLsfKQ94z9xgb1RpWBP17HLSPzxlwwYugsmNqEOJqSxKVAXxdImgXg%3D%3D&type=json HTTP/1.1" 200 3840
DEBUG:urllib3.connectionpool:Starting new HTTP connection (1): apis.data.go.kr:80
DEBUG:urllib3.connectionpool:http://apis.data.go.kr:80 "GET /B553077/api/open/sdsc/baroApi?resId=dong&catId=cty&ctprvnCd=11&ServiceKey=mzv%2B5nKLrKuD%2BmQQsQNPL9WTK%2B%2Bv2TmZhLsfKQ94z9xgb1RpWBP17HLSPzxlwwYugsmNqEOJqSxKVAXxdImgXg%3D%3D&type=json HTTP/1.1" 200 571
DEBUG:urllib3.connectionpool:Starting new HTTP connection (1): apis.data.go.kr:80
DEBUG:urllib3.connectionpool:http://apis.data.go.kr:80 "GET /B553077/api/open/sdsc/storeListInDong?divId=signguCd&key=11260&ServiceKey=mzv%2B5nKLrKuD%2BmQQsQNPL9WTK%2B%2Bv2TmZhLsfKQ94z9xgb1RpWBP17HLSPzxlwwYugsmNqEOJqSxKVAXxdImgXg%3D%3D&type=json HTTP/1.1" 200 3950
DEBUG:urllib3.connectionpool:Starting new HTTP connection (1): apis.data.go.kr:80
DEBUG:urllib3.connectionpool:http://apis.data.go.kr:80 "GET /B553077/api/open/sdsc/baroApi?resId=dong&catId=cty&ctprvnCd=46&ServiceKey=mzv%2B5nKLrKuD%2BmQQsQNPL9WTK%2B%2Bv2TmZhLsfKQ94z9xgb1RpWBP17HLSPzxlwwYugsmNqEOJqSxKVAXxdImgXg%3D%3D&type=json HTTP/1.1" 200 544
DEBUG:urllib3.connectionpool:Starting new HTTP connection (1): apis.data.go.kr:80
DEBUG:urllib3.connectionpool:http://apis.data.go.kr:80 "GET /B553077/api/open/sdsc/storeListInDong?divId=signguCd&key=46790&ServiceKey=mzv%2B5nKLrKuD%2BmQQsQNPL9WTK%2B%2Bv2TmZhLsfKQ94z9xgb1RpWBP17HLSPzxlwwYugsmNqEOJqSxKVAXxdImgXg%3D%3D&type=json HTTP/1.1" 200 3552
DEBUG:urllib3.connectionpool:Starting new HTTP connection (1): apis.data.go.kr:80
DEBUG:urllib3.connectionpool:http://apis.data.go.kr:80 "GET /B553077/api/open/sdsc/baroApi?resId=dong&catId=cty&ctprvnCd=11&ServiceKey=mzv%2B5nKLrKuD%2BmQQsQNPL9WTK%2B%2Bv2TmZhLsfKQ94z9xgb1RpWBP17HLSPzxlwwYugsmNqEOJqSxKVAXxdImgXg%3D%3D&type=json HTTP/1.1" 200 571
DEBUG:urllib3.connectionpool:Starting new HTTP connection (1): apis.data.go.kr:80
DEBUG:urllib3.connectionpool:http://apis.data.go.kr:80 "GET /B553077/api/open/sdsc/storeListInDong?divId=signguCd&key=11260&ServiceKey=mzv%2B5nKLrKuD%2BmQQsQNPL9WTK%2B%2Bv2TmZhLsfKQ94z9xgb1RpWBP17HLSPzxlwwYugsmNqEOJqSxKVAXxdImgXg%3D%3D&type=json HTTP/1.1" 200 3950
DEBUG:urllib3.connectionpool:Starting new HTTP connection (1): apis.data.go.kr:80
DEBUG:urllib3.connectionpool:http://apis.data.go.kr:80 "GET /B553077/api/open/sdsc/baroApi?resId=dong&catId=cty&ctprvnCd=45&ServiceKey=mzv%2B5nKLrKuD%2BmQQsQNPL9WTK%2B%2Bv2TmZhLsfKQ94z9xgb1RpWBP17HLSPzxlwwYugsmNqEOJqSxKVAXxdImgXg%3D%3D&type=json HTTP/1.1" 200 483
DEBUG:urllib3.connectionpool:Starting new HTTP connection (1): apis.data.go.kr:80
DEBUG:urllib3.connectionpool:http://apis.data.go.kr:80 "GET /B553077/api/open/sdsc/storeListInDong?divId=signguCd&key=45720&ServiceKey=mzv%2B5nKLrKuD%2BmQQsQNPL9WTK%2B%2Bv2TmZhLsfKQ94z9xgb1RpWBP17HLSPzxlwwYugsmNqEOJqSxKVAXxdImgXg%3D%3D&type=json HTTP/1.1" 200 3787
DEBUG:urllib3.connectionpool:Starting new HTTP connection (1): apis.data.go.kr:80
DEBUG:urllib3.connectionpool:http://apis.data.go.kr:80 "GET /B553077/api/open/sdsc/baroApi?resId=dong&catId=cty&ctprvnCd=46&ServiceKey=mzv%2B5nKLrKuD%2BmQQsQNPL9WTK%2B%2Bv2TmZhLsfKQ94z9xgb1RpWBP17HLSPzxlwwYugsmNqEOJqSxKVAXxdImgXg%3D%3D&type=json HTTP/1.1" 200 544
DEBUG:urllib3.connectionpool:Starting new HTTP connection (1): apis.data.go.kr:80
DEBUG:urllib3.connectionpool:http://apis.data.go.kr:80 "GET /B553077/api/open/sdsc/storeListInDong?divId=signguCd&key=46790&ServiceKey=mzv%2B5nKLrKuD%2BmQQsQNPL9WTK%2B%2Bv2TmZhLsfKQ94z9xgb1RpWBP17HLSPzxlwwYugsmNqEOJqSxKVAXxdImgXg%3D%3D&type=json HTTP/1.1" 200 3552
DEBUG:urllib3.connectionpool:Starting new HTTP connection (1): apis.data.go.kr:80
DEBUG:urllib3.connectionpool:http://apis.data.go.kr:80 "GET /B553077/api/open/sdsc/baroApi?resId=dong&catId=cty&ctprvnCd=46&ServiceKey=mzv%2B5nKLrKuD%2BmQQsQNPL9WTK%2B%2Bv2TmZhLsfKQ94z9xgb1RpWBP17HLSPzxlwwYugsmNqEOJqSxKVAXxdImgXg%3D%3D&type=json HTTP/1.1" 200 544
DEBUG:urllib3.connectionpool:Starting new HTTP connection (1): apis.data.go.kr:80
DEBUG:urllib3.connectionpool:http://apis.data.go.kr:80 "GET /B553077/api/open/sdsc/storeListInDong?divId=signguCd&key=46790&ServiceKey=mzv%2B5nKLrKuD%2BmQQsQNPL9WTK%2B%2Bv2TmZhLsfKQ94z9xgb1RpWBP17HLSPzxlwwYugsmNqEOJqSxKVAXxdImgXg%3D%3D&type=json HTTP/1.1" 200 3552
INFO:werkzeug:127.0.0.1 - - [16/Dec/2019 02:53:46] "POST /menus/travel HTTP/1.1" 200 -
INFO:werkzeug: * Detected change in 'C:\\Users\\Will\\PycharmProjects\\travel_service\\views\\menus.py', reloading
INFO:werkzeug: * Restarting with stat
INFO:root:Flask Web Server Started
WARNING:werkzeug: * Debugger is active!
INFO:werkzeug: * Debugger PIN: 312-095-692
INFO:werkzeug: * Running on http://0.0.0.0:8080/ (Press CTRL+C to quit)
DEBUG:urllib3.connectionpool:Starting new HTTP connection (1): api.visitkorea.or.kr:80
DEBUG:urllib3.connectionpool:http://api.visitkorea.or.kr:80 "GET /openapi/service/rest/KorService/searchKeyword?ServiceKey=mzv%2B5nKLrKuD%2BmQQsQNPL9WTK%2B%2Bv2TmZhLsfKQ94z9xgb1RpWBP17HLSPzxlwwYugsmNqEOJqSxKVAXxdImgXg%3D%3D&keyword=%EA%B5%AD%EB%A6%BD%EA%B3%B5%EC%9B%90&listYN=Y&arrange=A&MobileOS=ETC&MobileApp=AppTest&_type=json HTTP/1.1" 200 4889
DEBUG:urllib3.connectionpool:Starting new HTTP connection (1): apis.data.go.kr:80
DEBUG:urllib3.connectionpool:http://apis.data.go.kr:80 "GET /B553077/api/open/sdsc/baroApi?resId=dong&catId=cty&ctprvnCd=47&ServiceKey=mzv%2B5nKLrKuD%2BmQQsQNPL9WTK%2B%2Bv2TmZhLsfKQ94z9xgb1RpWBP17HLSPzxlwwYugsmNqEOJqSxKVAXxdImgXg%3D%3D&type=json HTTP/1.1" 200 561
DEBUG:urllib3.connectionpool:Starting new HTTP connection (1): apis.data.go.kr:80
DEBUG:urllib3.connectionpool:http://apis.data.go.kr:80 "GET /B553077/api/open/sdsc/storeListInDong?divId=signguCd&key=47113&ServiceKey=mzv%2B5nKLrKuD%2BmQQsQNPL9WTK%2B%2Bv2TmZhLsfKQ94z9xgb1RpWBP17HLSPzxlwwYugsmNqEOJqSxKVAXxdImgXg%3D%3D&type=json HTTP/1.1" 200 4090
DEBUG:urllib3.connectionpool:Starting new HTTP connection (1): apis.data.go.kr:80
DEBUG:urllib3.connectionpool:http://apis.data.go.kr:80 "GET /B553077/api/open/sdsc/baroApi?resId=dong&catId=cty&ctprvnCd=48&ServiceKey=mzv%2B5nKLrKuD%2BmQQsQNPL9WTK%2B%2Bv2TmZhLsfKQ94z9xgb1RpWBP17HLSPzxlwwYugsmNqEOJqSxKVAXxdImgXg%3D%3D&type=json HTTP/1.1" 200 565
DEBUG:urllib3.connectionpool:Starting new HTTP connection (1): apis.data.go.kr:80
DEBUG:urllib3.connectionpool:http://apis.data.go.kr:80 "GET /B553077/api/open/sdsc/storeListInDong?divId=signguCd&key=48890&ServiceKey=mzv%2B5nKLrKuD%2BmQQsQNPL9WTK%2B%2Bv2TmZhLsfKQ94z9xgb1RpWBP17HLSPzxlwwYugsmNqEOJqSxKVAXxdImgXg%3D%3D&type=json HTTP/1.1" 200 3866
DEBUG:urllib3.connectionpool:Starting new HTTP connection (1): apis.data.go.kr:80
DEBUG:urllib3.connectionpool:http://apis.data.go.kr:80 "GET /B553077/api/open/sdsc/baroApi?resId=dong&catId=cty&ctprvnCd=47&ServiceKey=mzv%2B5nKLrKuD%2BmQQsQNPL9WTK%2B%2Bv2TmZhLsfKQ94z9xgb1RpWBP17HLSPzxlwwYugsmNqEOJqSxKVAXxdImgXg%3D%3D&type=json HTTP/1.1" 200 561
DEBUG:urllib3.connectionpool:Starting new HTTP connection (1): apis.data.go.kr:80
DEBUG:urllib3.connectionpool:http://apis.data.go.kr:80 "GET /B553077/api/open/sdsc/storeListInDong?divId=signguCd&key=47113&ServiceKey=mzv%2B5nKLrKuD%2BmQQsQNPL9WTK%2B%2Bv2TmZhLsfKQ94z9xgb1RpWBP17HLSPzxlwwYugsmNqEOJqSxKVAXxdImgXg%3D%3D&type=json HTTP/1.1" 200 4090
DEBUG:urllib3.connectionpool:Starting new HTTP connection (1): apis.data.go.kr:80
DEBUG:urllib3.connectionpool:http://apis.data.go.kr:80 "GET /B553077/api/open/sdsc/baroApi?resId=dong&catId=cty&ctprvnCd=44&ServiceKey=mzv%2B5nKLrKuD%2BmQQsQNPL9WTK%2B%2Bv2TmZhLsfKQ94z9xgb1RpWBP17HLSPzxlwwYugsmNqEOJqSxKVAXxdImgXg%3D%3D&type=json HTTP/1.1" 200 497
DEBUG:urllib3.connectionpool:Starting new HTTP connection (1): apis.data.go.kr:80
DEBUG:urllib3.connectionpool:http://apis.data.go.kr:80 "GET /B553077/api/open/sdsc/storeListInDong?divId=signguCd&key=44800&ServiceKey=mzv%2B5nKLrKuD%2BmQQsQNPL9WTK%2B%2Bv2TmZhLsfKQ94z9xgb1RpWBP17HLSPzxlwwYugsmNqEOJqSxKVAXxdImgXg%3D%3D&type=json HTTP/1.1" 200 3840
DEBUG:urllib3.connectionpool:Starting new HTTP connection (1): apis.data.go.kr:80
DEBUG:urllib3.connectionpool:http://apis.data.go.kr:80 "GET /B553077/api/open/sdsc/baroApi?resId=dong&catId=cty&ctprvnCd=11&ServiceKey=mzv%2B5nKLrKuD%2BmQQsQNPL9WTK%2B%2Bv2TmZhLsfKQ94z9xgb1RpWBP17HLSPzxlwwYugsmNqEOJqSxKVAXxdImgXg%3D%3D&type=json HTTP/1.1" 200 571
DEBUG:urllib3.connectionpool:Starting new HTTP connection (1): apis.data.go.kr:80
DEBUG:urllib3.connectionpool:http://apis.data.go.kr:80 "GET /B553077/api/open/sdsc/storeListInDong?divId=signguCd&key=11260&ServiceKey=mzv%2B5nKLrKuD%2BmQQsQNPL9WTK%2B%2Bv2TmZhLsfKQ94z9xgb1RpWBP17HLSPzxlwwYugsmNqEOJqSxKVAXxdImgXg%3D%3D&type=json HTTP/1.1" 200 3950
DEBUG:urllib3.connectionpool:Starting new HTTP connection (1): apis.data.go.kr:80
DEBUG:urllib3.connectionpool:http://apis.data.go.kr:80 "GET /B553077/api/open/sdsc/baroApi?resId=dong&catId=cty&ctprvnCd=46&ServiceKey=mzv%2B5nKLrKuD%2BmQQsQNPL9WTK%2B%2Bv2TmZhLsfKQ94z9xgb1RpWBP17HLSPzxlwwYugsmNqEOJqSxKVAXxdImgXg%3D%3D&type=json HTTP/1.1" 200 544
DEBUG:urllib3.connectionpool:Starting new HTTP connection (1): apis.data.go.kr:80
DEBUG:urllib3.connectionpool:http://apis.data.go.kr:80 "GET /B553077/api/open/sdsc/storeListInDong?divId=signguCd&key=46790&ServiceKey=mzv%2B5nKLrKuD%2BmQQsQNPL9WTK%2B%2Bv2TmZhLsfKQ94z9xgb1RpWBP17HLSPzxlwwYugsmNqEOJqSxKVAXxdImgXg%3D%3D&type=json HTTP/1.1" 200 3552
DEBUG:urllib3.connectionpool:Starting new HTTP connection (1): apis.data.go.kr:80
DEBUG:urllib3.connectionpool:http://apis.data.go.kr:80 "GET /B553077/api/open/sdsc/baroApi?resId=dong&catId=cty&ctprvnCd=11&ServiceKey=mzv%2B5nKLrKuD%2BmQQsQNPL9WTK%2B%2Bv2TmZhLsfKQ94z9xgb1RpWBP17HLSPzxlwwYugsmNqEOJqSxKVAXxdImgXg%3D%3D&type=json HTTP/1.1" 200 571
DEBUG:urllib3.connectionpool:Starting new HTTP connection (1): apis.data.go.kr:80
DEBUG:urllib3.connectionpool:http://apis.data.go.kr:80 "GET /B553077/api/open/sdsc/storeListInDong?divId=signguCd&key=11260&ServiceKey=mzv%2B5nKLrKuD%2BmQQsQNPL9WTK%2B%2Bv2TmZhLsfKQ94z9xgb1RpWBP17HLSPzxlwwYugsmNqEOJqSxKVAXxdImgXg%3D%3D&type=json HTTP/1.1" 200 3950
DEBUG:urllib3.connectionpool:Starting new HTTP connection (1): apis.data.go.kr:80
DEBUG:urllib3.connectionpool:http://apis.data.go.kr:80 "GET /B553077/api/open/sdsc/baroApi?resId=dong&catId=cty&ctprvnCd=45&ServiceKey=mzv%2B5nKLrKuD%2BmQQsQNPL9WTK%2B%2Bv2TmZhLsfKQ94z9xgb1RpWBP17HLSPzxlwwYugsmNqEOJqSxKVAXxdImgXg%3D%3D&type=json HTTP/1.1" 200 483
DEBUG:urllib3.connectionpool:Starting new HTTP connection (1): apis.data.go.kr:80
DEBUG:urllib3.connectionpool:http://apis.data.go.kr:80 "GET /B553077/api/open/sdsc/storeListInDong?divId=signguCd&key=45720&ServiceKey=mzv%2B5nKLrKuD%2BmQQsQNPL9WTK%2B%2Bv2TmZhLsfKQ94z9xgb1RpWBP17HLSPzxlwwYugsmNqEOJqSxKVAXxdImgXg%3D%3D&type=json HTTP/1.1" 200 3787
DEBUG:urllib3.connectionpool:Starting new HTTP connection (1): apis.data.go.kr:80
DEBUG:urllib3.connectionpool:http://apis.data.go.kr:80 "GET /B553077/api/open/sdsc/baroApi?resId=dong&catId=cty&ctprvnCd=46&ServiceKey=mzv%2B5nKLrKuD%2BmQQsQNPL9WTK%2B%2Bv2TmZhLsfKQ94z9xgb1RpWBP17HLSPzxlwwYugsmNqEOJqSxKVAXxdImgXg%3D%3D&type=json HTTP/1.1" 200 544
DEBUG:urllib3.connectionpool:Starting new HTTP connection (1): apis.data.go.kr:80
DEBUG:urllib3.connectionpool:http://apis.data.go.kr:80 "GET /B553077/api/open/sdsc/storeListInDong?divId=signguCd&key=46790&ServiceKey=mzv%2B5nKLrKuD%2BmQQsQNPL9WTK%2B%2Bv2TmZhLsfKQ94z9xgb1RpWBP17HLSPzxlwwYugsmNqEOJqSxKVAXxdImgXg%3D%3D&type=json HTTP/1.1" 200 3552
DEBUG:urllib3.connectionpool:Starting new HTTP connection (1): apis.data.go.kr:80
DEBUG:urllib3.connectionpool:http://apis.data.go.kr:80 "GET /B553077/api/open/sdsc/baroApi?resId=dong&catId=cty&ctprvnCd=46&ServiceKey=mzv%2B5nKLrKuD%2BmQQsQNPL9WTK%2B%2Bv2TmZhLsfKQ94z9xgb1RpWBP17HLSPzxlwwYugsmNqEOJqSxKVAXxdImgXg%3D%3D&type=json HTTP/1.1" 200 544
DEBUG:urllib3.connectionpool:Starting new HTTP connection (1): apis.data.go.kr:80
DEBUG:urllib3.connectionpool:http://apis.data.go.kr:80 "GET /B553077/api/open/sdsc/storeListInDong?divId=signguCd&key=46790&ServiceKey=mzv%2B5nKLrKuD%2BmQQsQNPL9WTK%2B%2Bv2TmZhLsfKQ94z9xgb1RpWBP17HLSPzxlwwYugsmNqEOJqSxKVAXxdImgXg%3D%3D&type=json HTTP/1.1" 200 3552
INFO:werkzeug:127.0.0.1 - - [16/Dec/2019 02:54:09] "POST /menus/travel HTTP/1.1" 200 -
INFO:werkzeug: * Detected change in 'C:\\Users\\Will\\PycharmProjects\\travel_service\\views\\menus.py', reloading
INFO:werkzeug: * Restarting with stat
INFO:root:Flask Web Server Started
WARNING:werkzeug: * Debugger is active!
INFO:werkzeug: * Debugger PIN: 312-095-692
INFO:werkzeug: * Running on http://0.0.0.0:8080/ (Press CTRL+C to quit)
DEBUG:urllib3.connectionpool:Starting new HTTP connection (1): api.visitkorea.or.kr:80
DEBUG:urllib3.connectionpool:http://api.visitkorea.or.kr:80 "GET /openapi/service/rest/KorService/searchKeyword?ServiceKey=mzv%2B5nKLrKuD%2BmQQsQNPL9WTK%2B%2Bv2TmZhLsfKQ94z9xgb1RpWBP17HLSPzxlwwYugsmNqEOJqSxKVAXxdImgXg%3D%3D&keyword=%EA%B5%AD%EB%A6%BD%EA%B3%B5%EC%9B%90&listYN=Y&arrange=A&MobileOS=ETC&MobileApp=AppTest&_type=json HTTP/1.1" 200 4889
DEBUG:urllib3.connectionpool:Starting new HTTP connection (1): apis.data.go.kr:80
DEBUG:urllib3.connectionpool:http://apis.data.go.kr:80 "GET /B553077/api/open/sdsc/baroApi?resId=dong&catId=cty&ctprvnCd=47&ServiceKey=mzv%2B5nKLrKuD%2BmQQsQNPL9WTK%2B%2Bv2TmZhLsfKQ94z9xgb1RpWBP17HLSPzxlwwYugsmNqEOJqSxKVAXxdImgXg%3D%3D&type=json HTTP/1.1" 200 561
DEBUG:urllib3.connectionpool:Starting new HTTP connection (1): apis.data.go.kr:80
DEBUG:urllib3.connectionpool:http://apis.data.go.kr:80 "GET /B553077/api/open/sdsc/storeListInDong?divId=signguCd&key=47113&ServiceKey=mzv%2B5nKLrKuD%2BmQQsQNPL9WTK%2B%2Bv2TmZhLsfKQ94z9xgb1RpWBP17HLSPzxlwwYugsmNqEOJqSxKVAXxdImgXg%3D%3D&type=json HTTP/1.1" 200 4090
DEBUG:urllib3.connectionpool:Starting new HTTP connection (1): apis.data.go.kr:80
DEBUG:urllib3.connectionpool:http://apis.data.go.kr:80 "GET /B553077/api/open/sdsc/baroApi?resId=dong&catId=cty&ctprvnCd=48&ServiceKey=mzv%2B5nKLrKuD%2BmQQsQNPL9WTK%2B%2Bv2TmZhLsfKQ94z9xgb1RpWBP17HLSPzxlwwYugsmNqEOJqSxKVAXxdImgXg%3D%3D&type=json HTTP/1.1" 200 565
DEBUG:urllib3.connectionpool:Starting new HTTP connection (1): apis.data.go.kr:80
DEBUG:urllib3.connectionpool:http://apis.data.go.kr:80 "GET /B553077/api/open/sdsc/storeListInDong?divId=signguCd&key=48890&ServiceKey=mzv%2B5nKLrKuD%2BmQQsQNPL9WTK%2B%2Bv2TmZhLsfKQ94z9xgb1RpWBP17HLSPzxlwwYugsmNqEOJqSxKVAXxdImgXg%3D%3D&type=json HTTP/1.1" 200 3866
DEBUG:urllib3.connectionpool:Starting new HTTP connection (1): apis.data.go.kr:80
DEBUG:urllib3.connectionpool:http://apis.data.go.kr:80 "GET /B553077/api/open/sdsc/baroApi?resId=dong&catId=cty&ctprvnCd=47&ServiceKey=mzv%2B5nKLrKuD%2BmQQsQNPL9WTK%2B%2Bv2TmZhLsfKQ94z9xgb1RpWBP17HLSPzxlwwYugsmNqEOJqSxKVAXxdImgXg%3D%3D&type=json HTTP/1.1" 200 561
DEBUG:urllib3.connectionpool:Starting new HTTP connection (1): apis.data.go.kr:80
DEBUG:urllib3.connectionpool:http://apis.data.go.kr:80 "GET /B553077/api/open/sdsc/storeListInDong?divId=signguCd&key=47113&ServiceKey=mzv%2B5nKLrKuD%2BmQQsQNPL9WTK%2B%2Bv2TmZhLsfKQ94z9xgb1RpWBP17HLSPzxlwwYugsmNqEOJqSxKVAXxdImgXg%3D%3D&type=json HTTP/1.1" 200 4090
DEBUG:urllib3.connectionpool:Starting new HTTP connection (1): apis.data.go.kr:80
DEBUG:urllib3.connectionpool:http://apis.data.go.kr:80 "GET /B553077/api/open/sdsc/baroApi?resId=dong&catId=cty&ctprvnCd=44&ServiceKey=mzv%2B5nKLrKuD%2BmQQsQNPL9WTK%2B%2Bv2TmZhLsfKQ94z9xgb1RpWBP17HLSPzxlwwYugsmNqEOJqSxKVAXxdImgXg%3D%3D&type=json HTTP/1.1" 200 497
DEBUG:urllib3.connectionpool:Starting new HTTP connection (1): apis.data.go.kr:80
DEBUG:urllib3.connectionpool:http://apis.data.go.kr:80 "GET /B553077/api/open/sdsc/storeListInDong?divId=signguCd&key=44800&ServiceKey=mzv%2B5nKLrKuD%2BmQQsQNPL9WTK%2B%2Bv2TmZhLsfKQ94z9xgb1RpWBP17HLSPzxlwwYugsmNqEOJqSxKVAXxdImgXg%3D%3D&type=json HTTP/1.1" 200 3840
DEBUG:urllib3.connectionpool:Starting new HTTP connection (1): apis.data.go.kr:80
DEBUG:urllib3.connectionpool:http://apis.data.go.kr:80 "GET /B553077/api/open/sdsc/baroApi?resId=dong&catId=cty&ctprvnCd=11&ServiceKey=mzv%2B5nKLrKuD%2BmQQsQNPL9WTK%2B%2Bv2TmZhLsfKQ94z9xgb1RpWBP17HLSPzxlwwYugsmNqEOJqSxKVAXxdImgXg%3D%3D&type=json HTTP/1.1" 200 571
DEBUG:urllib3.connectionpool:Starting new HTTP connection (1): apis.data.go.kr:80
DEBUG:urllib3.connectionpool:http://apis.data.go.kr:80 "GET /B553077/api/open/sdsc/storeListInDong?divId=signguCd&key=11260&ServiceKey=mzv%2B5nKLrKuD%2BmQQsQNPL9WTK%2B%2Bv2TmZhLsfKQ94z9xgb1RpWBP17HLSPzxlwwYugsmNqEOJqSxKVAXxdImgXg%3D%3D&type=json HTTP/1.1" 200 3950
DEBUG:urllib3.connectionpool:Starting new HTTP connection (1): apis.data.go.kr:80
DEBUG:urllib3.connectionpool:http://apis.data.go.kr:80 "GET /B553077/api/open/sdsc/baroApi?resId=dong&catId=cty&ctprvnCd=46&ServiceKey=mzv%2B5nKLrKuD%2BmQQsQNPL9WTK%2B%2Bv2TmZhLsfKQ94z9xgb1RpWBP17HLSPzxlwwYugsmNqEOJqSxKVAXxdImgXg%3D%3D&type=json HTTP/1.1" 200 544
DEBUG:urllib3.connectionpool:Starting new HTTP connection (1): apis.data.go.kr:80
DEBUG:urllib3.connectionpool:http://apis.data.go.kr:80 "GET /B553077/api/open/sdsc/storeListInDong?divId=signguCd&key=46790&ServiceKey=mzv%2B5nKLrKuD%2BmQQsQNPL9WTK%2B%2Bv2TmZhLsfKQ94z9xgb1RpWBP17HLSPzxlwwYugsmNqEOJqSxKVAXxdImgXg%3D%3D&type=json HTTP/1.1" 200 3552
DEBUG:urllib3.connectionpool:Starting new HTTP connection (1): apis.data.go.kr:80
DEBUG:urllib3.connectionpool:http://apis.data.go.kr:80 "GET /B553077/api/open/sdsc/baroApi?resId=dong&catId=cty&ctprvnCd=11&ServiceKey=mzv%2B5nKLrKuD%2BmQQsQNPL9WTK%2B%2Bv2TmZhLsfKQ94z9xgb1RpWBP17HLSPzxlwwYugsmNqEOJqSxKVAXxdImgXg%3D%3D&type=json HTTP/1.1" 200 571
DEBUG:urllib3.connectionpool:Starting new HTTP connection (1): apis.data.go.kr:80
DEBUG:urllib3.connectionpool:http://apis.data.go.kr:80 "GET /B553077/api/open/sdsc/storeListInDong?divId=signguCd&key=11260&ServiceKey=mzv%2B5nKLrKuD%2BmQQsQNPL9WTK%2B%2Bv2TmZhLsfKQ94z9xgb1RpWBP17HLSPzxlwwYugsmNqEOJqSxKVAXxdImgXg%3D%3D&type=json HTTP/1.1" 200 3950
DEBUG:urllib3.connectionpool:Starting new HTTP connection (1): apis.data.go.kr:80
DEBUG:urllib3.connectionpool:http://apis.data.go.kr:80 "GET /B553077/api/open/sdsc/baroApi?resId=dong&catId=cty&ctprvnCd=45&ServiceKey=mzv%2B5nKLrKuD%2BmQQsQNPL9WTK%2B%2Bv2TmZhLsfKQ94z9xgb1RpWBP17HLSPzxlwwYugsmNqEOJqSxKVAXxdImgXg%3D%3D&type=json HTTP/1.1" 200 483
DEBUG:urllib3.connectionpool:Starting new HTTP connection (1): apis.data.go.kr:80
DEBUG:urllib3.connectionpool:http://apis.data.go.kr:80 "GET /B553077/api/open/sdsc/storeListInDong?divId=signguCd&key=45720&ServiceKey=mzv%2B5nKLrKuD%2BmQQsQNPL9WTK%2B%2Bv2TmZhLsfKQ94z9xgb1RpWBP17HLSPzxlwwYugsmNqEOJqSxKVAXxdImgXg%3D%3D&type=json HTTP/1.1" 200 3787
DEBUG:urllib3.connectionpool:Starting new HTTP connection (1): apis.data.go.kr:80
DEBUG:urllib3.connectionpool:http://apis.data.go.kr:80 "GET /B553077/api/open/sdsc/baroApi?resId=dong&catId=cty&ctprvnCd=46&ServiceKey=mzv%2B5nKLrKuD%2BmQQsQNPL9WTK%2B%2Bv2TmZhLsfKQ94z9xgb1RpWBP17HLSPzxlwwYugsmNqEOJqSxKVAXxdImgXg%3D%3D&type=json HTTP/1.1" 200 544
DEBUG:urllib3.connectionpool:Starting new HTTP connection (1): apis.data.go.kr:80
DEBUG:urllib3.connectionpool:http://apis.data.go.kr:80 "GET /B553077/api/open/sdsc/storeListInDong?divId=signguCd&key=46790&ServiceKey=mzv%2B5nKLrKuD%2BmQQsQNPL9WTK%2B%2Bv2TmZhLsfKQ94z9xgb1RpWBP17HLSPzxlwwYugsmNqEOJqSxKVAXxdImgXg%3D%3D&type=json HTTP/1.1" 200 3552
DEBUG:urllib3.connectionpool:Starting new HTTP connection (1): apis.data.go.kr:80
DEBUG:urllib3.connectionpool:http://apis.data.go.kr:80 "GET /B553077/api/open/sdsc/baroApi?resId=dong&catId=cty&ctprvnCd=46&ServiceKey=mzv%2B5nKLrKuD%2BmQQsQNPL9WTK%2B%2Bv2TmZhLsfKQ94z9xgb1RpWBP17HLSPzxlwwYugsmNqEOJqSxKVAXxdImgXg%3D%3D&type=json HTTP/1.1" 200 544
DEBUG:urllib3.connectionpool:Starting new HTTP connection (1): apis.data.go.kr:80
DEBUG:urllib3.connectionpool:http://apis.data.go.kr:80 "GET /B553077/api/open/sdsc/storeListInDong?divId=signguCd&key=46790&ServiceKey=mzv%2B5nKLrKuD%2BmQQsQNPL9WTK%2B%2Bv2TmZhLsfKQ94z9xgb1RpWBP17HLSPzxlwwYugsmNqEOJqSxKVAXxdImgXg%3D%3D&type=json HTTP/1.1" 200 3552
INFO:werkzeug:127.0.0.1 - - [16/Dec/2019 02:56:16] "POST /menus/travel HTTP/1.1" 200 -
INFO:werkzeug: * Detected change in 'C:\\Users\\Will\\PycharmProjects\\travel_service\\views\\menus.py', reloading
INFO:werkzeug: * Restarting with stat
INFO:root:Flask Web Server Started
WARNING:werkzeug: * Debugger is active!
INFO:werkzeug: * Debugger PIN: 312-095-692
INFO:werkzeug: * Running on http://0.0.0.0:8080/ (Press CTRL+C to quit)
DEBUG:urllib3.connectionpool:Starting new HTTP connection (1): api.visitkorea.or.kr:80
DEBUG:urllib3.connectionpool:http://api.visitkorea.or.kr:80 "GET /openapi/service/rest/KorService/searchKeyword?ServiceKey=mzv%2B5nKLrKuD%2BmQQsQNPL9WTK%2B%2Bv2TmZhLsfKQ94z9xgb1RpWBP17HLSPzxlwwYugsmNqEOJqSxKVAXxdImgXg%3D%3D&keyword=%EA%B5%AD%EB%A6%BD%EA%B3%B5%EC%9B%90&listYN=Y&arrange=A&MobileOS=ETC&MobileApp=AppTest&_type=json HTTP/1.1" 200 4889
DEBUG:urllib3.connectionpool:Starting new HTTP connection (1): apis.data.go.kr:80
DEBUG:urllib3.connectionpool:http://apis.data.go.kr:80 "GET /B553077/api/open/sdsc/baroApi?resId=dong&catId=cty&ctprvnCd=47&ServiceKey=mzv%2B5nKLrKuD%2BmQQsQNPL9WTK%2B%2Bv2TmZhLsfKQ94z9xgb1RpWBP17HLSPzxlwwYugsmNqEOJqSxKVAXxdImgXg%3D%3D&type=json HTTP/1.1" 200 561
DEBUG:urllib3.connectionpool:Starting new HTTP connection (1): apis.data.go.kr:80
DEBUG:urllib3.connectionpool:http://apis.data.go.kr:80 "GET /B553077/api/open/sdsc/storeListInDong?divId=signguCd&key=47113&ServiceKey=mzv%2B5nKLrKuD%2BmQQsQNPL9WTK%2B%2Bv2TmZhLsfKQ94z9xgb1RpWBP17HLSPzxlwwYugsmNqEOJqSxKVAXxdImgXg%3D%3D&type=json HTTP/1.1" 200 4090
DEBUG:urllib3.connectionpool:Starting new HTTP connection (1): apis.data.go.kr:80
DEBUG:urllib3.connectionpool:http://apis.data.go.kr:80 "GET /B553077/api/open/sdsc/baroApi?resId=dong&catId=cty&ctprvnCd=48&ServiceKey=mzv%2B5nKLrKuD%2BmQQsQNPL9WTK%2B%2Bv2TmZhLsfKQ94z9xgb1RpWBP17HLSPzxlwwYugsmNqEOJqSxKVAXxdImgXg%3D%3D&type=json HTTP/1.1" 200 565
DEBUG:urllib3.connectionpool:Starting new HTTP connection (1): apis.data.go.kr:80
DEBUG:urllib3.connectionpool:http://apis.data.go.kr:80 "GET /B553077/api/open/sdsc/storeListInDong?divId=signguCd&key=48890&ServiceKey=mzv%2B5nKLrKuD%2BmQQsQNPL9WTK%2B%2Bv2TmZhLsfKQ94z9xgb1RpWBP17HLSPzxlwwYugsmNqEOJqSxKVAXxdImgXg%3D%3D&type=json HTTP/1.1" 200 3866
DEBUG:urllib3.connectionpool:Starting new HTTP connection (1): apis.data.go.kr:80
DEBUG:urllib3.connectionpool:http://apis.data.go.kr:80 "GET /B553077/api/open/sdsc/baroApi?resId=dong&catId=cty&ctprvnCd=47&ServiceKey=mzv%2B5nKLrKuD%2BmQQsQNPL9WTK%2B%2Bv2TmZhLsfKQ94z9xgb1RpWBP17HLSPzxlwwYugsmNqEOJqSxKVAXxdImgXg%3D%3D&type=json HTTP/1.1" 200 561
DEBUG:urllib3.connectionpool:Starting new HTTP connection (1): apis.data.go.kr:80
DEBUG:urllib3.connectionpool:http://apis.data.go.kr:80 "GET /B553077/api/open/sdsc/storeListInDong?divId=signguCd&key=47113&ServiceKey=mzv%2B5nKLrKuD%2BmQQsQNPL9WTK%2B%2Bv2TmZhLsfKQ94z9xgb1RpWBP17HLSPzxlwwYugsmNqEOJqSxKVAXxdImgXg%3D%3D&type=json HTTP/1.1" 200 4090
DEBUG:urllib3.connectionpool:Starting new HTTP connection (1): apis.data.go.kr:80
DEBUG:urllib3.connectionpool:http://apis.data.go.kr:80 "GET /B553077/api/open/sdsc/baroApi?resId=dong&catId=cty&ctprvnCd=44&ServiceKey=mzv%2B5nKLrKuD%2BmQQsQNPL9WTK%2B%2Bv2TmZhLsfKQ94z9xgb1RpWBP17HLSPzxlwwYugsmNqEOJqSxKVAXxdImgXg%3D%3D&type=json HTTP/1.1" 200 497
DEBUG:urllib3.connectionpool:Starting new HTTP connection (1): apis.data.go.kr:80
DEBUG:urllib3.connectionpool:http://apis.data.go.kr:80 "GET /B553077/api/open/sdsc/storeListInDong?divId=signguCd&key=44800&ServiceKey=mzv%2B5nKLrKuD%2BmQQsQNPL9WTK%2B%2Bv2TmZhLsfKQ94z9xgb1RpWBP17HLSPzxlwwYugsmNqEOJqSxKVAXxdImgXg%3D%3D&type=json HTTP/1.1" 200 3840
DEBUG:urllib3.connectionpool:Starting new HTTP connection (1): apis.data.go.kr:80
DEBUG:urllib3.connectionpool:http://apis.data.go.kr:80 "GET /B553077/api/open/sdsc/baroApi?resId=dong&catId=cty&ctprvnCd=11&ServiceKey=mzv%2B5nKLrKuD%2BmQQsQNPL9WTK%2B%2Bv2TmZhLsfKQ94z9xgb1RpWBP17HLSPzxlwwYugsmNqEOJqSxKVAXxdImgXg%3D%3D&type=json HTTP/1.1" 200 571
DEBUG:urllib3.connectionpool:Starting new HTTP connection (1): apis.data.go.kr:80
DEBUG:urllib3.connectionpool:http://apis.data.go.kr:80 "GET /B553077/api/open/sdsc/storeListInDong?divId=signguCd&key=11260&ServiceKey=mzv%2B5nKLrKuD%2BmQQsQNPL9WTK%2B%2Bv2TmZhLsfKQ94z9xgb1RpWBP17HLSPzxlwwYugsmNqEOJqSxKVAXxdImgXg%3D%3D&type=json HTTP/1.1" 200 3950
DEBUG:urllib3.connectionpool:Starting new HTTP connection (1): apis.data.go.kr:80
DEBUG:urllib3.connectionpool:http://apis.data.go.kr:80 "GET /B553077/api/open/sdsc/baroApi?resId=dong&catId=cty&ctprvnCd=46&ServiceKey=mzv%2B5nKLrKuD%2BmQQsQNPL9WTK%2B%2Bv2TmZhLsfKQ94z9xgb1RpWBP17HLSPzxlwwYugsmNqEOJqSxKVAXxdImgXg%3D%3D&type=json HTTP/1.1" 200 544
DEBUG:urllib3.connectionpool:Starting new HTTP connection (1): apis.data.go.kr:80
DEBUG:urllib3.connectionpool:http://apis.data.go.kr:80 "GET /B553077/api/open/sdsc/storeListInDong?divId=signguCd&key=46790&ServiceKey=mzv%2B5nKLrKuD%2BmQQsQNPL9WTK%2B%2Bv2TmZhLsfKQ94z9xgb1RpWBP17HLSPzxlwwYugsmNqEOJqSxKVAXxdImgXg%3D%3D&type=json HTTP/1.1" 200 3552
DEBUG:urllib3.connectionpool:Starting new HTTP connection (1): apis.data.go.kr:80
DEBUG:urllib3.connectionpool:http://apis.data.go.kr:80 "GET /B553077/api/open/sdsc/baroApi?resId=dong&catId=cty&ctprvnCd=11&ServiceKey=mzv%2B5nKLrKuD%2BmQQsQNPL9WTK%2B%2Bv2TmZhLsfKQ94z9xgb1RpWBP17HLSPzxlwwYugsmNqEOJqSxKVAXxdImgXg%3D%3D&type=json HTTP/1.1" 200 571
DEBUG:urllib3.connectionpool:Starting new HTTP connection (1): apis.data.go.kr:80
DEBUG:urllib3.connectionpool:http://apis.data.go.kr:80 "GET /B553077/api/open/sdsc/storeListInDong?divId=signguCd&key=11260&ServiceKey=mzv%2B5nKLrKuD%2BmQQsQNPL9WTK%2B%2Bv2TmZhLsfKQ94z9xgb1RpWBP17HLSPzxlwwYugsmNqEOJqSxKVAXxdImgXg%3D%3D&type=json HTTP/1.1" 200 3950
DEBUG:urllib3.connectionpool:Starting new HTTP connection (1): apis.data.go.kr:80
DEBUG:urllib3.connectionpool:http://apis.data.go.kr:80 "GET /B553077/api/open/sdsc/baroApi?resId=dong&catId=cty&ctprvnCd=45&ServiceKey=mzv%2B5nKLrKuD%2BmQQsQNPL9WTK%2B%2Bv2TmZhLsfKQ94z9xgb1RpWBP17HLSPzxlwwYugsmNqEOJqSxKVAXxdImgXg%3D%3D&type=json HTTP/1.1" 200 483
DEBUG:urllib3.connectionpool:Starting new HTTP connection (1): apis.data.go.kr:80
DEBUG:urllib3.connectionpool:http://apis.data.go.kr:80 "GET /B553077/api/open/sdsc/storeListInDong?divId=signguCd&key=45720&ServiceKey=mzv%2B5nKLrKuD%2BmQQsQNPL9WTK%2B%2Bv2TmZhLsfKQ94z9xgb1RpWBP17HLSPzxlwwYugsmNqEOJqSxKVAXxdImgXg%3D%3D&type=json HTTP/1.1" 200 3787
DEBUG:urllib3.connectionpool:Starting new HTTP connection (1): apis.data.go.kr:80
DEBUG:urllib3.connectionpool:http://apis.data.go.kr:80 "GET /B553077/api/open/sdsc/baroApi?resId=dong&catId=cty&ctprvnCd=46&ServiceKey=mzv%2B5nKLrKuD%2BmQQsQNPL9WTK%2B%2Bv2TmZhLsfKQ94z9xgb1RpWBP17HLSPzxlwwYugsmNqEOJqSxKVAXxdImgXg%3D%3D&type=json HTTP/1.1" 200 544
DEBUG:urllib3.connectionpool:Starting new HTTP connection (1): apis.data.go.kr:80
DEBUG:urllib3.connectionpool:http://apis.data.go.kr:80 "GET /B553077/api/open/sdsc/storeListInDong?divId=signguCd&key=46790&ServiceKey=mzv%2B5nKLrKuD%2BmQQsQNPL9WTK%2B%2Bv2TmZhLsfKQ94z9xgb1RpWBP17HLSPzxlwwYugsmNqEOJqSxKVAXxdImgXg%3D%3D&type=json HTTP/1.1" 200 3552
DEBUG:urllib3.connectionpool:Starting new HTTP connection (1): apis.data.go.kr:80
DEBUG:urllib3.connectionpool:http://apis.data.go.kr:80 "GET /B553077/api/open/sdsc/baroApi?resId=dong&catId=cty&ctprvnCd=46&ServiceKey=mzv%2B5nKLrKuD%2BmQQsQNPL9WTK%2B%2Bv2TmZhLsfKQ94z9xgb1RpWBP17HLSPzxlwwYugsmNqEOJqSxKVAXxdImgXg%3D%3D&type=json HTTP/1.1" 200 544
DEBUG:urllib3.connectionpool:Starting new HTTP connection (1): apis.data.go.kr:80
DEBUG:urllib3.connectionpool:http://apis.data.go.kr:80 "GET /B553077/api/open/sdsc/storeListInDong?divId=signguCd&key=46790&ServiceKey=mzv%2B5nKLrKuD%2BmQQsQNPL9WTK%2B%2Bv2TmZhLsfKQ94z9xgb1RpWBP17HLSPzxlwwYugsmNqEOJqSxKVAXxdImgXg%3D%3D&type=json HTTP/1.1" 200 3552
INFO:werkzeug:127.0.0.1 - - [16/Dec/2019 02:56:44] "POST /menus/travel HTTP/1.1" 200 -
INFO:werkzeug: * Detected change in 'C:\\Users\\Will\\PycharmProjects\\travel_service\\views\\menus.py', reloading
INFO:werkzeug: * Restarting with stat
INFO:root:Flask Web Server Started
INFO:werkzeug: * Restarting with stat
INFO:root:Flask Web Server Started
WARNING:werkzeug: * Debugger is active!
INFO:werkzeug: * Debugger PIN: 312-095-692
INFO:werkzeug: * Running on http://0.0.0.0:8080/ (Press CTRL+C to quit)
DEBUG:urllib3.connectionpool:Starting new HTTP connection (1): api.visitkorea.or.kr:80
DEBUG:urllib3.connectionpool:http://api.visitkorea.or.kr:80 "GET /openapi/service/rest/KorService/searchKeyword?ServiceKey=mzv%2B5nKLrKuD%2BmQQsQNPL9WTK%2B%2Bv2TmZhLsfKQ94z9xgb1RpWBP17HLSPzxlwwYugsmNqEOJqSxKVAXxdImgXg%3D%3D&keyword=%EA%B5%AD%EB%A6%BD%EA%B3%B5%EC%9B%90&listYN=Y&arrange=A&MobileOS=ETC&MobileApp=AppTest&_type=json HTTP/1.1" 200 4889
DEBUG:urllib3.connectionpool:Starting new HTTP connection (1): apis.data.go.kr:80
DEBUG:urllib3.connectionpool:http://apis.data.go.kr:80 "GET /B553077/api/open/sdsc/baroApi?resId=dong&catId=cty&ctprvnCd=47&ServiceKey=mzv%2B5nKLrKuD%2BmQQsQNPL9WTK%2B%2Bv2TmZhLsfKQ94z9xgb1RpWBP17HLSPzxlwwYugsmNqEOJqSxKVAXxdImgXg%3D%3D&type=json HTTP/1.1" 200 561
DEBUG:urllib3.connectionpool:Starting new HTTP connection (1): apis.data.go.kr:80
DEBUG:urllib3.connectionpool:http://apis.data.go.kr:80 "GET /B553077/api/open/sdsc/storeListInDong?divId=signguCd&key=47113&ServiceKey=mzv%2B5nKLrKuD%2BmQQsQNPL9WTK%2B%2Bv2TmZhLsfKQ94z9xgb1RpWBP17HLSPzxlwwYugsmNqEOJqSxKVAXxdImgXg%3D%3D&type=json HTTP/1.1" 200 4090
DEBUG:urllib3.connectionpool:Starting new HTTP connection (1): apis.data.go.kr:80
DEBUG:urllib3.connectionpool:http://apis.data.go.kr:80 "GET /B553077/api/open/sdsc/baroApi?resId=dong&catId=cty&ctprvnCd=48&ServiceKey=mzv%2B5nKLrKuD%2BmQQsQNPL9WTK%2B%2Bv2TmZhLsfKQ94z9xgb1RpWBP17HLSPzxlwwYugsmNqEOJqSxKVAXxdImgXg%3D%3D&type=json HTTP/1.1" 200 565
DEBUG:urllib3.connectionpool:Starting new HTTP connection (1): apis.data.go.kr:80
DEBUG:urllib3.connectionpool:http://apis.data.go.kr:80 "GET /B553077/api/open/sdsc/storeListInDong?divId=signguCd&key=48890&ServiceKey=mzv%2B5nKLrKuD%2BmQQsQNPL9WTK%2B%2Bv2TmZhLsfKQ94z9xgb1RpWBP17HLSPzxlwwYugsmNqEOJqSxKVAXxdImgXg%3D%3D&type=json HTTP/1.1" 200 3866
DEBUG:urllib3.connectionpool:Starting new HTTP connection (1): apis.data.go.kr:80
DEBUG:urllib3.connectionpool:http://apis.data.go.kr:80 "GET /B553077/api/open/sdsc/baroApi?resId=dong&catId=cty&ctprvnCd=47&ServiceKey=mzv%2B5nKLrKuD%2BmQQsQNPL9WTK%2B%2Bv2TmZhLsfKQ94z9xgb1RpWBP17HLSPzxlwwYugsmNqEOJqSxKVAXxdImgXg%3D%3D&type=json HTTP/1.1" 200 561
DEBUG:urllib3.connectionpool:Starting new HTTP connection (1): apis.data.go.kr:80
DEBUG:urllib3.connectionpool:http://apis.data.go.kr:80 "GET /B553077/api/open/sdsc/storeListInDong?divId=signguCd&key=47113&ServiceKey=mzv%2B5nKLrKuD%2BmQQsQNPL9WTK%2B%2Bv2TmZhLsfKQ94z9xgb1RpWBP17HLSPzxlwwYugsmNqEOJqSxKVAXxdImgXg%3D%3D&type=json HTTP/1.1" 200 4090
DEBUG:urllib3.connectionpool:Starting new HTTP connection (1): apis.data.go.kr:80
DEBUG:urllib3.connectionpool:http://apis.data.go.kr:80 "GET /B553077/api/open/sdsc/baroApi?resId=dong&catId=cty&ctprvnCd=44&ServiceKey=mzv%2B5nKLrKuD%2BmQQsQNPL9WTK%2B%2Bv2TmZhLsfKQ94z9xgb1RpWBP17HLSPzxlwwYugsmNqEOJqSxKVAXxdImgXg%3D%3D&type=json HTTP/1.1" 200 497
DEBUG:urllib3.connectionpool:Starting new HTTP connection (1): apis.data.go.kr:80
DEBUG:urllib3.connectionpool:http://apis.data.go.kr:80 "GET /B553077/api/open/sdsc/storeListInDong?divId=signguCd&key=44800&ServiceKey=mzv%2B5nKLrKuD%2BmQQsQNPL9WTK%2B%2Bv2TmZhLsfKQ94z9xgb1RpWBP17HLSPzxlwwYugsmNqEOJqSxKVAXxdImgXg%3D%3D&type=json HTTP/1.1" 200 3840
DEBUG:urllib3.connectionpool:Starting new HTTP connection (1): apis.data.go.kr:80
DEBUG:urllib3.connectionpool:http://apis.data.go.kr:80 "GET /B553077/api/open/sdsc/baroApi?resId=dong&catId=cty&ctprvnCd=11&ServiceKey=mzv%2B5nKLrKuD%2BmQQsQNPL9WTK%2B%2Bv2TmZhLsfKQ94z9xgb1RpWBP17HLSPzxlwwYugsmNqEOJqSxKVAXxdImgXg%3D%3D&type=json HTTP/1.1" 200 571
DEBUG:urllib3.connectionpool:Starting new HTTP connection (1): apis.data.go.kr:80
DEBUG:urllib3.connectionpool:http://apis.data.go.kr:80 "GET /B553077/api/open/sdsc/storeListInDong?divId=signguCd&key=11260&ServiceKey=mzv%2B5nKLrKuD%2BmQQsQNPL9WTK%2B%2Bv2TmZhLsfKQ94z9xgb1RpWBP17HLSPzxlwwYugsmNqEOJqSxKVAXxdImgXg%3D%3D&type=json HTTP/1.1" 200 3950
DEBUG:urllib3.connectionpool:Starting new HTTP connection (1): apis.data.go.kr:80
DEBUG:urllib3.connectionpool:http://apis.data.go.kr:80 "GET /B553077/api/open/sdsc/baroApi?resId=dong&catId=cty&ctprvnCd=46&ServiceKey=mzv%2B5nKLrKuD%2BmQQsQNPL9WTK%2B%2Bv2TmZhLsfKQ94z9xgb1RpWBP17HLSPzxlwwYugsmNqEOJqSxKVAXxdImgXg%3D%3D&type=json HTTP/1.1" 200 544
DEBUG:urllib3.connectionpool:Starting new HTTP connection (1): apis.data.go.kr:80
DEBUG:urllib3.connectionpool:http://apis.data.go.kr:80 "GET /B553077/api/open/sdsc/storeListInDong?divId=signguCd&key=46790&ServiceKey=mzv%2B5nKLrKuD%2BmQQsQNPL9WTK%2B%2Bv2TmZhLsfKQ94z9xgb1RpWBP17HLSPzxlwwYugsmNqEOJqSxKVAXxdImgXg%3D%3D&type=json HTTP/1.1" 200 3552
DEBUG:urllib3.connectionpool:Starting new HTTP connection (1): apis.data.go.kr:80
DEBUG:urllib3.connectionpool:http://apis.data.go.kr:80 "GET /B553077/api/open/sdsc/baroApi?resId=dong&catId=cty&ctprvnCd=11&ServiceKey=mzv%2B5nKLrKuD%2BmQQsQNPL9WTK%2B%2Bv2TmZhLsfKQ94z9xgb1RpWBP17HLSPzxlwwYugsmNqEOJqSxKVAXxdImgXg%3D%3D&type=json HTTP/1.1" 200 571
DEBUG:urllib3.connectionpool:Starting new HTTP connection (1): apis.data.go.kr:80
DEBUG:urllib3.connectionpool:http://apis.data.go.kr:80 "GET /B553077/api/open/sdsc/storeListInDong?divId=signguCd&key=11260&ServiceKey=mzv%2B5nKLrKuD%2BmQQsQNPL9WTK%2B%2Bv2TmZhLsfKQ94z9xgb1RpWBP17HLSPzxlwwYugsmNqEOJqSxKVAXxdImgXg%3D%3D&type=json HTTP/1.1" 200 3950
DEBUG:urllib3.connectionpool:Starting new HTTP connection (1): apis.data.go.kr:80
DEBUG:urllib3.connectionpool:http://apis.data.go.kr:80 "GET /B553077/api/open/sdsc/baroApi?resId=dong&catId=cty&ctprvnCd=45&ServiceKey=mzv%2B5nKLrKuD%2BmQQsQNPL9WTK%2B%2Bv2TmZhLsfKQ94z9xgb1RpWBP17HLSPzxlwwYugsmNqEOJqSxKVAXxdImgXg%3D%3D&type=json HTTP/1.1" 200 483
DEBUG:urllib3.connectionpool:Starting new HTTP connection (1): apis.data.go.kr:80
DEBUG:urllib3.connectionpool:http://apis.data.go.kr:80 "GET /B553077/api/open/sdsc/storeListInDong?divId=signguCd&key=45720&ServiceKey=mzv%2B5nKLrKuD%2BmQQsQNPL9WTK%2B%2Bv2TmZhLsfKQ94z9xgb1RpWBP17HLSPzxlwwYugsmNqEOJqSxKVAXxdImgXg%3D%3D&type=json HTTP/1.1" 200 3787
DEBUG:urllib3.connectionpool:Starting new HTTP connection (1): apis.data.go.kr:80
DEBUG:urllib3.connectionpool:http://apis.data.go.kr:80 "GET /B553077/api/open/sdsc/baroApi?resId=dong&catId=cty&ctprvnCd=46&ServiceKey=mzv%2B5nKLrKuD%2BmQQsQNPL9WTK%2B%2Bv2TmZhLsfKQ94z9xgb1RpWBP17HLSPzxlwwYugsmNqEOJqSxKVAXxdImgXg%3D%3D&type=json HTTP/1.1" 200 544
DEBUG:urllib3.connectionpool:Starting new HTTP connection (1): apis.data.go.kr:80
DEBUG:urllib3.connectionpool:http://apis.data.go.kr:80 "GET /B553077/api/open/sdsc/storeListInDong?divId=signguCd&key=46790&ServiceKey=mzv%2B5nKLrKuD%2BmQQsQNPL9WTK%2B%2Bv2TmZhLsfKQ94z9xgb1RpWBP17HLSPzxlwwYugsmNqEOJqSxKVAXxdImgXg%3D%3D&type=json HTTP/1.1" 200 3552
DEBUG:urllib3.connectionpool:Starting new HTTP connection (1): apis.data.go.kr:80
DEBUG:urllib3.connectionpool:http://apis.data.go.kr:80 "GET /B553077/api/open/sdsc/baroApi?resId=dong&catId=cty&ctprvnCd=46&ServiceKey=mzv%2B5nKLrKuD%2BmQQsQNPL9WTK%2B%2Bv2TmZhLsfKQ94z9xgb1RpWBP17HLSPzxlwwYugsmNqEOJqSxKVAXxdImgXg%3D%3D&type=json HTTP/1.1" 200 544
DEBUG:urllib3.connectionpool:Starting new HTTP connection (1): apis.data.go.kr:80
DEBUG:urllib3.connectionpool:http://apis.data.go.kr:80 "GET /B553077/api/open/sdsc/storeListInDong?divId=signguCd&key=46790&ServiceKey=mzv%2B5nKLrKuD%2BmQQsQNPL9WTK%2B%2Bv2TmZhLsfKQ94z9xgb1RpWBP17HLSPzxlwwYugsmNqEOJqSxKVAXxdImgXg%3D%3D&type=json HTTP/1.1" 200 3552
INFO:werkzeug:127.0.0.1 - - [16/Dec/2019 02:57:45] "POST /menus/travel HTTP/1.1" 200 -
DEBUG:urllib3.connectionpool:Starting new HTTP connection (1): api.visitkorea.or.kr:80
DEBUG:urllib3.connectionpool:http://api.visitkorea.or.kr:80 "GET /openapi/service/rest/KorService/searchKeyword?ServiceKey=mzv%2B5nKLrKuD%2BmQQsQNPL9WTK%2B%2Bv2TmZhLsfKQ94z9xgb1RpWBP17HLSPzxlwwYugsmNqEOJqSxKVAXxdImgXg%3D%3D&keyword=%EA%B5%AD%EB%A6%BD%EA%B3%B5%EC%9B%90&listYN=Y&arrange=A&MobileOS=ETC&MobileApp=AppTest&_type=json HTTP/1.1" 200 4889
DEBUG:urllib3.connectionpool:Starting new HTTP connection (1): apis.data.go.kr:80
DEBUG:urllib3.connectionpool:http://apis.data.go.kr:80 "GET /B553077/api/open/sdsc/baroApi?resId=dong&catId=cty&ctprvnCd=47&ServiceKey=mzv%2B5nKLrKuD%2BmQQsQNPL9WTK%2B%2Bv2TmZhLsfKQ94z9xgb1RpWBP17HLSPzxlwwYugsmNqEOJqSxKVAXxdImgXg%3D%3D&type=json HTTP/1.1" 200 561
DEBUG:urllib3.connectionpool:Starting new HTTP connection (1): apis.data.go.kr:80
DEBUG:urllib3.connectionpool:http://apis.data.go.kr:80 "GET /B553077/api/open/sdsc/storeListInDong?divId=signguCd&key=47113&ServiceKey=mzv%2B5nKLrKuD%2BmQQsQNPL9WTK%2B%2Bv2TmZhLsfKQ94z9xgb1RpWBP17HLSPzxlwwYugsmNqEOJqSxKVAXxdImgXg%3D%3D&type=json HTTP/1.1" 200 4090
DEBUG:urllib3.connectionpool:Starting new HTTP connection (1): apis.data.go.kr:80
DEBUG:urllib3.connectionpool:http://apis.data.go.kr:80 "GET /B553077/api/open/sdsc/baroApi?resId=dong&catId=cty&ctprvnCd=48&ServiceKey=mzv%2B5nKLrKuD%2BmQQsQNPL9WTK%2B%2Bv2TmZhLsfKQ94z9xgb1RpWBP17HLSPzxlwwYugsmNqEOJqSxKVAXxdImgXg%3D%3D&type=json HTTP/1.1" 200 565
DEBUG:urllib3.connectionpool:Starting new HTTP connection (1): apis.data.go.kr:80
DEBUG:urllib3.connectionpool:http://apis.data.go.kr:80 "GET /B553077/api/open/sdsc/storeListInDong?divId=signguCd&key=48890&ServiceKey=mzv%2B5nKLrKuD%2BmQQsQNPL9WTK%2B%2Bv2TmZhLsfKQ94z9xgb1RpWBP17HLSPzxlwwYugsmNqEOJqSxKVAXxdImgXg%3D%3D&type=json HTTP/1.1" 200 3866
DEBUG:urllib3.connectionpool:Starting new HTTP connection (1): apis.data.go.kr:80
DEBUG:urllib3.connectionpool:http://apis.data.go.kr:80 "GET /B553077/api/open/sdsc/baroApi?resId=dong&catId=cty&ctprvnCd=47&ServiceKey=mzv%2B5nKLrKuD%2BmQQsQNPL9WTK%2B%2Bv2TmZhLsfKQ94z9xgb1RpWBP17HLSPzxlwwYugsmNqEOJqSxKVAXxdImgXg%3D%3D&type=json HTTP/1.1" 200 561
DEBUG:urllib3.connectionpool:Starting new HTTP connection (1): apis.data.go.kr:80
DEBUG:urllib3.connectionpool:http://apis.data.go.kr:80 "GET /B553077/api/open/sdsc/storeListInDong?divId=signguCd&key=47113&ServiceKey=mzv%2B5nKLrKuD%2BmQQsQNPL9WTK%2B%2Bv2TmZhLsfKQ94z9xgb1RpWBP17HLSPzxlwwYugsmNqEOJqSxKVAXxdImgXg%3D%3D&type=json HTTP/1.1" 200 4090
DEBUG:urllib3.connectionpool:Starting new HTTP connection (1): apis.data.go.kr:80
DEBUG:urllib3.connectionpool:http://apis.data.go.kr:80 "GET /B553077/api/open/sdsc/baroApi?resId=dong&catId=cty&ctprvnCd=44&ServiceKey=mzv%2B5nKLrKuD%2BmQQsQNPL9WTK%2B%2Bv2TmZhLsfKQ94z9xgb1RpWBP17HLSPzxlwwYugsmNqEOJqSxKVAXxdImgXg%3D%3D&type=json HTTP/1.1" 200 497
DEBUG:urllib3.connectionpool:Starting new HTTP connection (1): apis.data.go.kr:80
DEBUG:urllib3.connectionpool:http://apis.data.go.kr:80 "GET /B553077/api/open/sdsc/storeListInDong?divId=signguCd&key=44800&ServiceKey=mzv%2B5nKLrKuD%2BmQQsQNPL9WTK%2B%2Bv2TmZhLsfKQ94z9xgb1RpWBP17HLSPzxlwwYugsmNqEOJqSxKVAXxdImgXg%3D%3D&type=json HTTP/1.1" 200 3840
DEBUG:urllib3.connectionpool:Starting new HTTP connection (1): apis.data.go.kr:80
DEBUG:urllib3.connectionpool:http://apis.data.go.kr:80 "GET /B553077/api/open/sdsc/baroApi?resId=dong&catId=cty&ctprvnCd=11&ServiceKey=mzv%2B5nKLrKuD%2BmQQsQNPL9WTK%2B%2Bv2TmZhLsfKQ94z9xgb1RpWBP17HLSPzxlwwYugsmNqEOJqSxKVAXxdImgXg%3D%3D&type=json HTTP/1.1" 200 571
DEBUG:urllib3.connectionpool:Starting new HTTP connection (1): apis.data.go.kr:80
DEBUG:urllib3.connectionpool:http://apis.data.go.kr:80 "GET /B553077/api/open/sdsc/storeListInDong?divId=signguCd&key=11260&ServiceKey=mzv%2B5nKLrKuD%2BmQQsQNPL9WTK%2B%2Bv2TmZhLsfKQ94z9xgb1RpWBP17HLSPzxlwwYugsmNqEOJqSxKVAXxdImgXg%3D%3D&type=json HTTP/1.1" 200 3950
DEBUG:urllib3.connectionpool:Starting new HTTP connection (1): apis.data.go.kr:80
DEBUG:urllib3.connectionpool:http://apis.data.go.kr:80 "GET /B553077/api/open/sdsc/baroApi?resId=dong&catId=cty&ctprvnCd=46&ServiceKey=mzv%2B5nKLrKuD%2BmQQsQNPL9WTK%2B%2Bv2TmZhLsfKQ94z9xgb1RpWBP17HLSPzxlwwYugsmNqEOJqSxKVAXxdImgXg%3D%3D&type=json HTTP/1.1" 200 544
DEBUG:urllib3.connectionpool:Starting new HTTP connection (1): apis.data.go.kr:80
DEBUG:urllib3.connectionpool:http://apis.data.go.kr:80 "GET /B553077/api/open/sdsc/storeListInDong?divId=signguCd&key=46790&ServiceKey=mzv%2B5nKLrKuD%2BmQQsQNPL9WTK%2B%2Bv2TmZhLsfKQ94z9xgb1RpWBP17HLSPzxlwwYugsmNqEOJqSxKVAXxdImgXg%3D%3D&type=json HTTP/1.1" 200 3552
DEBUG:urllib3.connectionpool:Starting new HTTP connection (1): apis.data.go.kr:80
DEBUG:urllib3.connectionpool:http://apis.data.go.kr:80 "GET /B553077/api/open/sdsc/baroApi?resId=dong&catId=cty&ctprvnCd=11&ServiceKey=mzv%2B5nKLrKuD%2BmQQsQNPL9WTK%2B%2Bv2TmZhLsfKQ94z9xgb1RpWBP17HLSPzxlwwYugsmNqEOJqSxKVAXxdImgXg%3D%3D&type=json HTTP/1.1" 200 571
DEBUG:urllib3.connectionpool:Starting new HTTP connection (1): apis.data.go.kr:80
DEBUG:urllib3.connectionpool:http://apis.data.go.kr:80 "GET /B553077/api/open/sdsc/storeListInDong?divId=signguCd&key=11260&ServiceKey=mzv%2B5nKLrKuD%2BmQQsQNPL9WTK%2B%2Bv2TmZhLsfKQ94z9xgb1RpWBP17HLSPzxlwwYugsmNqEOJqSxKVAXxdImgXg%3D%3D&type=json HTTP/1.1" 200 3950
DEBUG:urllib3.connectionpool:Starting new HTTP connection (1): apis.data.go.kr:80
DEBUG:urllib3.connectionpool:http://apis.data.go.kr:80 "GET /B553077/api/open/sdsc/baroApi?resId=dong&catId=cty&ctprvnCd=45&ServiceKey=mzv%2B5nKLrKuD%2BmQQsQNPL9WTK%2B%2Bv2TmZhLsfKQ94z9xgb1RpWBP17HLSPzxlwwYugsmNqEOJqSxKVAXxdImgXg%3D%3D&type=json HTTP/1.1" 200 483
DEBUG:urllib3.connectionpool:Starting new HTTP connection (1): apis.data.go.kr:80
DEBUG:urllib3.connectionpool:http://apis.data.go.kr:80 "GET /B553077/api/open/sdsc/storeListInDong?divId=signguCd&key=45720&ServiceKey=mzv%2B5nKLrKuD%2BmQQsQNPL9WTK%2B%2Bv2TmZhLsfKQ94z9xgb1RpWBP17HLSPzxlwwYugsmNqEOJqSxKVAXxdImgXg%3D%3D&type=json HTTP/1.1" 200 3787
DEBUG:urllib3.connectionpool:Starting new HTTP connection (1): apis.data.go.kr:80
DEBUG:urllib3.connectionpool:http://apis.data.go.kr:80 "GET /B553077/api/open/sdsc/baroApi?resId=dong&catId=cty&ctprvnCd=46&ServiceKey=mzv%2B5nKLrKuD%2BmQQsQNPL9WTK%2B%2Bv2TmZhLsfKQ94z9xgb1RpWBP17HLSPzxlwwYugsmNqEOJqSxKVAXxdImgXg%3D%3D&type=json HTTP/1.1" 200 544
DEBUG:urllib3.connectionpool:Starting new HTTP connection (1): apis.data.go.kr:80
DEBUG:urllib3.connectionpool:http://apis.data.go.kr:80 "GET /B553077/api/open/sdsc/storeListInDong?divId=signguCd&key=46790&ServiceKey=mzv%2B5nKLrKuD%2BmQQsQNPL9WTK%2B%2Bv2TmZhLsfKQ94z9xgb1RpWBP17HLSPzxlwwYugsmNqEOJqSxKVAXxdImgXg%3D%3D&type=json HTTP/1.1" 200 3552
DEBUG:urllib3.connectionpool:Starting new HTTP connection (1): apis.data.go.kr:80
DEBUG:urllib3.connectionpool:http://apis.data.go.kr:80 "GET /B553077/api/open/sdsc/baroApi?resId=dong&catId=cty&ctprvnCd=46&ServiceKey=mzv%2B5nKLrKuD%2BmQQsQNPL9WTK%2B%2Bv2TmZhLsfKQ94z9xgb1RpWBP17HLSPzxlwwYugsmNqEOJqSxKVAXxdImgXg%3D%3D&type=json HTTP/1.1" 200 544
DEBUG:urllib3.connectionpool:Starting new HTTP connection (1): apis.data.go.kr:80
DEBUG:urllib3.connectionpool:http://apis.data.go.kr:80 "GET /B553077/api/open/sdsc/storeListInDong?divId=signguCd&key=46790&ServiceKey=mzv%2B5nKLrKuD%2BmQQsQNPL9WTK%2B%2Bv2TmZhLsfKQ94z9xgb1RpWBP17HLSPzxlwwYugsmNqEOJqSxKVAXxdImgXg%3D%3D&type=json HTTP/1.1" 200 3552
INFO:werkzeug:127.0.0.1 - - [16/Dec/2019 02:58:53] "POST /menus/travel HTTP/1.1" 500 -
INFO:werkzeug:127.0.0.1 - - [16/Dec/2019 02:58:53] "GET /menus/travel?__debugger__=yes&cmd=resource&f=style.css HTTP/1.1" 200 -
INFO:werkzeug:127.0.0.1 - - [16/Dec/2019 02:58:53] "GET /menus/travel?__debugger__=yes&cmd=resource&f=jquery.js HTTP/1.1" 200 -
INFO:werkzeug:127.0.0.1 - - [16/Dec/2019 02:58:53] "GET /menus/travel?__debugger__=yes&cmd=resource&f=debugger.js HTTP/1.1" 200 -
INFO:werkzeug:127.0.0.1 - - [16/Dec/2019 02:58:53] "GET /menus/travel?__debugger__=yes&cmd=resource&f=ubuntu.ttf HTTP/1.1" 200 -
INFO:werkzeug:127.0.0.1 - - [16/Dec/2019 02:58:53] "GET /menus/travel?__debugger__=yes&cmd=resource&f=console.png HTTP/1.1" 200 -
INFO:werkzeug:127.0.0.1 - - [16/Dec/2019 02:58:54] "GET /menus/travel?__debugger__=yes&cmd=resource&f=console.png HTTP/1.1" 200 -
INFO:werkzeug: * Detected change in 'C:\\Users\\Will\\PycharmProjects\\travel_service\\views\\menus.py', reloading
INFO:werkzeug: * Restarting with stat
INFO:root:Flask Web Server Started
WARNING:werkzeug: * Debugger is active!
INFO:werkzeug: * Debugger PIN: 312-095-692
INFO:werkzeug: * Running on http://0.0.0.0:8080/ (Press CTRL+C to quit)
DEBUG:urllib3.connectionpool:Starting new HTTP connection (1): api.visitkorea.or.kr:80
DEBUG:urllib3.connectionpool:http://api.visitkorea.or.kr:80 "GET /openapi/service/rest/KorService/searchKeyword?ServiceKey=mzv%2B5nKLrKuD%2BmQQsQNPL9WTK%2B%2Bv2TmZhLsfKQ94z9xgb1RpWBP17HLSPzxlwwYugsmNqEOJqSxKVAXxdImgXg%3D%3D&keyword=%EA%B5%AD%EB%A6%BD%EA%B3%B5%EC%9B%90&listYN=Y&arrange=A&MobileOS=ETC&MobileApp=AppTest&_type=json HTTP/1.1" 200 4889
DEBUG:urllib3.connectionpool:Starting new HTTP connection (1): apis.data.go.kr:80
DEBUG:urllib3.connectionpool:http://apis.data.go.kr:80 "GET /B553077/api/open/sdsc/baroApi?resId=dong&catId=cty&ctprvnCd=47&ServiceKey=mzv%2B5nKLrKuD%2BmQQsQNPL9WTK%2B%2Bv2TmZhLsfKQ94z9xgb1RpWBP17HLSPzxlwwYugsmNqEOJqSxKVAXxdImgXg%3D%3D&type=json HTTP/1.1" 200 561
DEBUG:urllib3.connectionpool:Starting new HTTP connection (1): apis.data.go.kr:80
DEBUG:urllib3.connectionpool:http://apis.data.go.kr:80 "GET /B553077/api/open/sdsc/storeListInDong?divId=signguCd&key=47113&ServiceKey=mzv%2B5nKLrKuD%2BmQQsQNPL9WTK%2B%2Bv2TmZhLsfKQ94z9xgb1RpWBP17HLSPzxlwwYugsmNqEOJqSxKVAXxdImgXg%3D%3D&type=json HTTP/1.1" 200 4090
INFO:werkzeug:127.0.0.1 - - [16/Dec/2019 02:59:41] "POST /menus/travel HTTP/1.1" 500 -
INFO:werkzeug:127.0.0.1 - - [16/Dec/2019 02:59:41] "GET /menus/travel?__debugger__=yes&cmd=resource&f=style.css HTTP/1.1" 200 -
INFO:werkzeug:127.0.0.1 - - [16/Dec/2019 02:59:41] "GET /menus/travel?__debugger__=yes&cmd=resource&f=jquery.js HTTP/1.1" 200 -
INFO:werkzeug:127.0.0.1 - - [16/Dec/2019 02:59:42] "GET /menus/travel?__debugger__=yes&cmd=resource&f=debugger.js HTTP/1.1" 200 -
INFO:werkzeug:127.0.0.1 - - [16/Dec/2019 02:59:42] "GET /menus/travel?__debugger__=yes&cmd=resource&f=ubuntu.ttf HTTP/1.1" 200 -
INFO:werkzeug:127.0.0.1 - - [16/Dec/2019 02:59:42] "GET /menus/travel?__debugger__=yes&cmd=resource&f=console.png HTTP/1.1" 200 -
INFO:werkzeug:127.0.0.1 - - [16/Dec/2019 02:59:42] "GET /menus/travel?__debugger__=yes&cmd=resource&f=console.png HTTP/1.1" 200 -
INFO:werkzeug: * Detected change in 'C:\\Users\\Will\\PycharmProjects\\travel_service\\views\\menus.py', reloading
INFO:werkzeug: * Restarting with stat
INFO:root:Flask Web Server Started
WARNING:werkzeug: * Debugger is active!
INFO:werkzeug: * Debugger PIN: 312-095-692
INFO:werkzeug: * Running on http://0.0.0.0:8080/ (Press CTRL+C to quit)
DEBUG:urllib3.connectionpool:Starting new HTTP connection (1): api.visitkorea.or.kr:80
DEBUG:urllib3.connectionpool:http://api.visitkorea.or.kr:80 "GET /openapi/service/rest/KorService/searchKeyword?ServiceKey=mzv%2B5nKLrKuD%2BmQQsQNPL9WTK%2B%2Bv2TmZhLsfKQ94z9xgb1RpWBP17HLSPzxlwwYugsmNqEOJqSxKVAXxdImgXg%3D%3D&keyword=%EA%B5%AD%EB%A6%BD%EA%B3%B5%EC%9B%90&listYN=Y&arrange=A&MobileOS=ETC&MobileApp=AppTest&_type=json HTTP/1.1" 200 4889
DEBUG:urllib3.connectionpool:Starting new HTTP connection (1): apis.data.go.kr:80
DEBUG:urllib3.connectionpool:http://apis.data.go.kr:80 "GET /B553077/api/open/sdsc/baroApi?resId=dong&catId=cty&ctprvnCd=47&ServiceKey=mzv%2B5nKLrKuD%2BmQQsQNPL9WTK%2B%2Bv2TmZhLsfKQ94z9xgb1RpWBP17HLSPzxlwwYugsmNqEOJqSxKVAXxdImgXg%3D%3D&type=json HTTP/1.1" 200 561
DEBUG:urllib3.connectionpool:Starting new HTTP connection (1): apis.data.go.kr:80
DEBUG:urllib3.connectionpool:http://apis.data.go.kr:80 "GET /B553077/api/open/sdsc/storeListInDong?divId=signguCd&key=47113&ServiceKey=mzv%2B5nKLrKuD%2BmQQsQNPL9WTK%2B%2Bv2TmZhLsfKQ94z9xgb1RpWBP17HLSPzxlwwYugsmNqEOJqSxKVAXxdImgXg%3D%3D&type=json HTTP/1.1" 200 4090
DEBUG:urllib3.connectionpool:Starting new HTTP connection (1): apis.data.go.kr:80
DEBUG:urllib3.connectionpool:http://apis.data.go.kr:80 "GET /B553077/api/open/sdsc/baroApi?resId=dong&catId=cty&ctprvnCd=48&ServiceKey=mzv%2B5nKLrKuD%2BmQQsQNPL9WTK%2B%2Bv2TmZhLsfKQ94z9xgb1RpWBP17HLSPzxlwwYugsmNqEOJqSxKVAXxdImgXg%3D%3D&type=json HTTP/1.1" 200 565
DEBUG:urllib3.connectionpool:Starting new HTTP connection (1): apis.data.go.kr:80
DEBUG:urllib3.connectionpool:http://apis.data.go.kr:80 "GET /B553077/api/open/sdsc/storeListInDong?divId=signguCd&key=48890&ServiceKey=mzv%2B5nKLrKuD%2BmQQsQNPL9WTK%2B%2Bv2TmZhLsfKQ94z9xgb1RpWBP17HLSPzxlwwYugsmNqEOJqSxKVAXxdImgXg%3D%3D&type=json HTTP/1.1" 200 3866
DEBUG:urllib3.connectionpool:Starting new HTTP connection (1): apis.data.go.kr:80
DEBUG:urllib3.connectionpool:http://apis.data.go.kr:80 "GET /B553077/api/open/sdsc/baroApi?resId=dong&catId=cty&ctprvnCd=47&ServiceKey=mzv%2B5nKLrKuD%2BmQQsQNPL9WTK%2B%2Bv2TmZhLsfKQ94z9xgb1RpWBP17HLSPzxlwwYugsmNqEOJqSxKVAXxdImgXg%3D%3D&type=json HTTP/1.1" 200 561
DEBUG:urllib3.connectionpool:Starting new HTTP connection (1): apis.data.go.kr:80
DEBUG:urllib3.connectionpool:http://apis.data.go.kr:80 "GET /B553077/api/open/sdsc/storeListInDong?divId=signguCd&key=47113&ServiceKey=mzv%2B5nKLrKuD%2BmQQsQNPL9WTK%2B%2Bv2TmZhLsfKQ94z9xgb1RpWBP17HLSPzxlwwYugsmNqEOJqSxKVAXxdImgXg%3D%3D&type=json HTTP/1.1" 200 4090
DEBUG:urllib3.connectionpool:Starting new HTTP connection (1): apis.data.go.kr:80
DEBUG:urllib3.connectionpool:http://apis.data.go.kr:80 "GET /B553077/api/open/sdsc/baroApi?resId=dong&catId=cty&ctprvnCd=44&ServiceKey=mzv%2B5nKLrKuD%2BmQQsQNPL9WTK%2B%2Bv2TmZhLsfKQ94z9xgb1RpWBP17HLSPzxlwwYugsmNqEOJqSxKVAXxdImgXg%3D%3D&type=json HTTP/1.1" 200 497
DEBUG:urllib3.connectionpool:Starting new HTTP connection (1): apis.data.go.kr:80
DEBUG:urllib3.connectionpool:http://apis.data.go.kr:80 "GET /B553077/api/open/sdsc/storeListInDong?divId=signguCd&key=44800&ServiceKey=mzv%2B5nKLrKuD%2BmQQsQNPL9WTK%2B%2Bv2TmZhLsfKQ94z9xgb1RpWBP17HLSPzxlwwYugsmNqEOJqSxKVAXxdImgXg%3D%3D&type=json HTTP/1.1" 200 3840
DEBUG:urllib3.connectionpool:Starting new HTTP connection (1): apis.data.go.kr:80
DEBUG:urllib3.connectionpool:http://apis.data.go.kr:80 "GET /B553077/api/open/sdsc/baroApi?resId=dong&catId=cty&ctprvnCd=11&ServiceKey=mzv%2B5nKLrKuD%2BmQQsQNPL9WTK%2B%2Bv2TmZhLsfKQ94z9xgb1RpWBP17HLSPzxlwwYugsmNqEOJqSxKVAXxdImgXg%3D%3D&type=json HTTP/1.1" 200 571
DEBUG:urllib3.connectionpool:Starting new HTTP connection (1): apis.data.go.kr:80
DEBUG:urllib3.connectionpool:http://apis.data.go.kr:80 "GET /B553077/api/open/sdsc/storeListInDong?divId=signguCd&key=11260&ServiceKey=mzv%2B5nKLrKuD%2BmQQsQNPL9WTK%2B%2Bv2TmZhLsfKQ94z9xgb1RpWBP17HLSPzxlwwYugsmNqEOJqSxKVAXxdImgXg%3D%3D&type=json HTTP/1.1" 200 3950
DEBUG:urllib3.connectionpool:Starting new HTTP connection (1): apis.data.go.kr:80
DEBUG:urllib3.connectionpool:http://apis.data.go.kr:80 "GET /B553077/api/open/sdsc/baroApi?resId=dong&catId=cty&ctprvnCd=46&ServiceKey=mzv%2B5nKLrKuD%2BmQQsQNPL9WTK%2B%2Bv2TmZhLsfKQ94z9xgb1RpWBP17HLSPzxlwwYugsmNqEOJqSxKVAXxdImgXg%3D%3D&type=json HTTP/1.1" 200 544
DEBUG:urllib3.connectionpool:Starting new HTTP connection (1): apis.data.go.kr:80
DEBUG:urllib3.connectionpool:http://apis.data.go.kr:80 "GET /B553077/api/open/sdsc/storeListInDong?divId=signguCd&key=46790&ServiceKey=mzv%2B5nKLrKuD%2BmQQsQNPL9WTK%2B%2Bv2TmZhLsfKQ94z9xgb1RpWBP17HLSPzxlwwYugsmNqEOJqSxKVAXxdImgXg%3D%3D&type=json HTTP/1.1" 200 3552
DEBUG:urllib3.connectionpool:Starting new HTTP connection (1): apis.data.go.kr:80
DEBUG:urllib3.connectionpool:http://apis.data.go.kr:80 "GET /B553077/api/open/sdsc/baroApi?resId=dong&catId=cty&ctprvnCd=11&ServiceKey=mzv%2B5nKLrKuD%2BmQQsQNPL9WTK%2B%2Bv2TmZhLsfKQ94z9xgb1RpWBP17HLSPzxlwwYugsmNqEOJqSxKVAXxdImgXg%3D%3D&type=json HTTP/1.1" 200 571
DEBUG:urllib3.connectionpool:Starting new HTTP connection (1): apis.data.go.kr:80
DEBUG:urllib3.connectionpool:http://apis.data.go.kr:80 "GET /B553077/api/open/sdsc/storeListInDong?divId=signguCd&key=11260&ServiceKey=mzv%2B5nKLrKuD%2BmQQsQNPL9WTK%2B%2Bv2TmZhLsfKQ94z9xgb1RpWBP17HLSPzxlwwYugsmNqEOJqSxKVAXxdImgXg%3D%3D&type=json HTTP/1.1" 200 3950
DEBUG:urllib3.connectionpool:Starting new HTTP connection (1): apis.data.go.kr:80
DEBUG:urllib3.connectionpool:http://apis.data.go.kr:80 "GET /B553077/api/open/sdsc/baroApi?resId=dong&catId=cty&ctprvnCd=45&ServiceKey=mzv%2B5nKLrKuD%2BmQQsQNPL9WTK%2B%2Bv2TmZhLsfKQ94z9xgb1RpWBP17HLSPzxlwwYugsmNqEOJqSxKVAXxdImgXg%3D%3D&type=json HTTP/1.1" 200 483
DEBUG:urllib3.connectionpool:Starting new HTTP connection (1): apis.data.go.kr:80
DEBUG:urllib3.connectionpool:http://apis.data.go.kr:80 "GET /B553077/api/open/sdsc/storeListInDong?divId=signguCd&key=45720&ServiceKey=mzv%2B5nKLrKuD%2BmQQsQNPL9WTK%2B%2Bv2TmZhLsfKQ94z9xgb1RpWBP17HLSPzxlwwYugsmNqEOJqSxKVAXxdImgXg%3D%3D&type=json HTTP/1.1" 200 3787
DEBUG:urllib3.connectionpool:Starting new HTTP connection (1): apis.data.go.kr:80
DEBUG:urllib3.connectionpool:http://apis.data.go.kr:80 "GET /B553077/api/open/sdsc/baroApi?resId=dong&catId=cty&ctprvnCd=46&ServiceKey=mzv%2B5nKLrKuD%2BmQQsQNPL9WTK%2B%2Bv2TmZhLsfKQ94z9xgb1RpWBP17HLSPzxlwwYugsmNqEOJqSxKVAXxdImgXg%3D%3D&type=json HTTP/1.1" 200 544
DEBUG:urllib3.connectionpool:Starting new HTTP connection (1): apis.data.go.kr:80
DEBUG:urllib3.connectionpool:http://apis.data.go.kr:80 "GET /B553077/api/open/sdsc/storeListInDong?divId=signguCd&key=46790&ServiceKey=mzv%2B5nKLrKuD%2BmQQsQNPL9WTK%2B%2Bv2TmZhLsfKQ94z9xgb1RpWBP17HLSPzxlwwYugsmNqEOJqSxKVAXxdImgXg%3D%3D&type=json HTTP/1.1" 200 3552
DEBUG:urllib3.connectionpool:Starting new HTTP connection (1): apis.data.go.kr:80
DEBUG:urllib3.connectionpool:http://apis.data.go.kr:80 "GET /B553077/api/open/sdsc/baroApi?resId=dong&catId=cty&ctprvnCd=46&ServiceKey=mzv%2B5nKLrKuD%2BmQQsQNPL9WTK%2B%2Bv2TmZhLsfKQ94z9xgb1RpWBP17HLSPzxlwwYugsmNqEOJqSxKVAXxdImgXg%3D%3D&type=json HTTP/1.1" 200 544
DEBUG:urllib3.connectionpool:Starting new HTTP connection (1): apis.data.go.kr:80
DEBUG:urllib3.connectionpool:http://apis.data.go.kr:80 "GET /B553077/api/open/sdsc/storeListInDong?divId=signguCd&key=46790&ServiceKey=mzv%2B5nKLrKuD%2BmQQsQNPL9WTK%2B%2Bv2TmZhLsfKQ94z9xgb1RpWBP17HLSPzxlwwYugsmNqEOJqSxKVAXxdImgXg%3D%3D&type=json HTTP/1.1" 200 3552
INFO:werkzeug:127.0.0.1 - - [16/Dec/2019 03:00:00] "POST /menus/travel HTTP/1.1" 200 -
INFO:werkzeug: * Detected change in 'C:\\Users\\Will\\PycharmProjects\\travel_service\\views\\menus.py', reloading
INFO:werkzeug: * Restarting with stat
INFO:root:Flask Web Server Started
WARNING:werkzeug: * Debugger is active!
INFO:werkzeug: * Debugger PIN: 312-095-692
INFO:werkzeug: * Running on http://0.0.0.0:8080/ (Press CTRL+C to quit)
DEBUG:urllib3.connectionpool:Starting new HTTP connection (1): api.visitkorea.or.kr:80
DEBUG:urllib3.connectionpool:http://api.visitkorea.or.kr:80 "GET /openapi/service/rest/KorService/searchKeyword?ServiceKey=mzv%2B5nKLrKuD%2BmQQsQNPL9WTK%2B%2Bv2TmZhLsfKQ94z9xgb1RpWBP17HLSPzxlwwYugsmNqEOJqSxKVAXxdImgXg%3D%3D&keyword=%EA%B5%AD%EB%A6%BD%EA%B3%B5%EC%9B%90&listYN=Y&arrange=A&MobileOS=ETC&MobileApp=AppTest&_type=json HTTP/1.1" 200 4889
DEBUG:urllib3.connectionpool:Starting new HTTP connection (1): apis.data.go.kr:80
DEBUG:urllib3.connectionpool:http://apis.data.go.kr:80 "GET /B553077/api/open/sdsc/baroApi?resId=dong&catId=cty&ctprvnCd=47&ServiceKey=mzv%2B5nKLrKuD%2BmQQsQNPL9WTK%2B%2Bv2TmZhLsfKQ94z9xgb1RpWBP17HLSPzxlwwYugsmNqEOJqSxKVAXxdImgXg%3D%3D&type=json HTTP/1.1" 200 561
DEBUG:urllib3.connectionpool:Starting new HTTP connection (1): apis.data.go.kr:80
DEBUG:urllib3.connectionpool:http://apis.data.go.kr:80 "GET /B553077/api/open/sdsc/storeListInDong?divId=signguCd&key=47113&ServiceKey=mzv%2B5nKLrKuD%2BmQQsQNPL9WTK%2B%2Bv2TmZhLsfKQ94z9xgb1RpWBP17HLSPzxlwwYugsmNqEOJqSxKVAXxdImgXg%3D%3D&type=json HTTP/1.1" 200 4090
DEBUG:urllib3.connectionpool:Starting new HTTP connection (1): apis.data.go.kr:80
INFO:werkzeug:127.0.0.1 - - [16/Dec/2019 03:02:18] "POST /menus/travel HTTP/1.1" 500 -
INFO:werkzeug:127.0.0.1 - - [16/Dec/2019 03:02:18] "GET /menus/travel?__debugger__=yes&cmd=resource&f=style.css HTTP/1.1" 200 -
INFO:werkzeug:127.0.0.1 - - [16/Dec/2019 03:02:18] "GET /menus/travel?__debugger__=yes&cmd=resource&f=jquery.js HTTP/1.1" 200 -
INFO:werkzeug:127.0.0.1 - - [16/Dec/2019 03:02:18] "GET /menus/travel?__debugger__=yes&cmd=resource&f=debugger.js HTTP/1.1" 200 -
INFO:werkzeug:127.0.0.1 - - [16/Dec/2019 03:02:18] "GET /menus/travel?__debugger__=yes&cmd=resource&f=ubuntu.ttf HTTP/1.1" 200 -
INFO:werkzeug:127.0.0.1 - - [16/Dec/2019 03:02:19] "GET /menus/travel?__debugger__=yes&cmd=resource&f=console.png HTTP/1.1" 200 -
INFO:werkzeug:127.0.0.1 - - [16/Dec/2019 03:02:19] "GET /menus/travel?__debugger__=yes&cmd=resource&f=console.png HTTP/1.1" 200 -
DEBUG:urllib3.connectionpool:Starting new HTTP connection (1): api.visitkorea.or.kr:80
DEBUG:urllib3.connectionpool:http://api.visitkorea.or.kr:80 "GET /openapi/service/rest/KorService/searchKeyword?ServiceKey=mzv%2B5nKLrKuD%2BmQQsQNPL9WTK%2B%2Bv2TmZhLsfKQ94z9xgb1RpWBP17HLSPzxlwwYugsmNqEOJqSxKVAXxdImgXg%3D%3D&keyword=%EA%B5%AD%EB%A6%BD%EA%B3%B5%EC%9B%90&listYN=Y&arrange=A&MobileOS=ETC&MobileApp=AppTest&_type=json HTTP/1.1" 200 4889
DEBUG:urllib3.connectionpool:Starting new HTTP connection (1): apis.data.go.kr:80
DEBUG:urllib3.connectionpool:http://apis.data.go.kr:80 "GET /B553077/api/open/sdsc/baroApi?resId=dong&catId=cty&ctprvnCd=47&ServiceKey=mzv%2B5nKLrKuD%2BmQQsQNPL9WTK%2B%2Bv2TmZhLsfKQ94z9xgb1RpWBP17HLSPzxlwwYugsmNqEOJqSxKVAXxdImgXg%3D%3D&type=json HTTP/1.1" 200 561
DEBUG:urllib3.connectionpool:Starting new HTTP connection (1): apis.data.go.kr:80
DEBUG:urllib3.connectionpool:http://apis.data.go.kr:80 "GET /B553077/api/open/sdsc/storeListInDong?divId=signguCd&key=47113&ServiceKey=mzv%2B5nKLrKuD%2BmQQsQNPL9WTK%2B%2Bv2TmZhLsfKQ94z9xgb1RpWBP17HLSPzxlwwYugsmNqEOJqSxKVAXxdImgXg%3D%3D&type=json HTTP/1.1" 200 4090
DEBUG:urllib3.connectionpool:Starting new HTTP connection (1): apis.data.go.kr:80
DEBUG:urllib3.connectionpool:http://apis.data.go.kr:80 "GET /B553077/api/open/sdsc/baroApi?resId=dong&catId=cty&ctprvnCd=48&ServiceKey=mzv%2B5nKLrKuD%2BmQQsQNPL9WTK%2B%2Bv2TmZhLsfKQ94z9xgb1RpWBP17HLSPzxlwwYugsmNqEOJqSxKVAXxdImgXg%3D%3D&type=json HTTP/1.1" 200 565
DEBUG:urllib3.connectionpool:Starting new HTTP connection (1): apis.data.go.kr:80
DEBUG:urllib3.connectionpool:http://apis.data.go.kr:80 "GET /B553077/api/open/sdsc/storeListInDong?divId=signguCd&key=48890&ServiceKey=mzv%2B5nKLrKuD%2BmQQsQNPL9WTK%2B%2Bv2TmZhLsfKQ94z9xgb1RpWBP17HLSPzxlwwYugsmNqEOJqSxKVAXxdImgXg%3D%3D&type=json HTTP/1.1" 200 3866
DEBUG:urllib3.connectionpool:Starting new HTTP connection (1): apis.data.go.kr:80
DEBUG:urllib3.connectionpool:http://apis.data.go.kr:80 "GET /B553077/api/open/sdsc/baroApi?resId=dong&catId=cty&ctprvnCd=47&ServiceKey=mzv%2B5nKLrKuD%2BmQQsQNPL9WTK%2B%2Bv2TmZhLsfKQ94z9xgb1RpWBP17HLSPzxlwwYugsmNqEOJqSxKVAXxdImgXg%3D%3D&type=json HTTP/1.1" 200 561
DEBUG:urllib3.connectionpool:Starting new HTTP connection (1): apis.data.go.kr:80
DEBUG:urllib3.connectionpool:http://apis.data.go.kr:80 "GET /B553077/api/open/sdsc/storeListInDong?divId=signguCd&key=47113&ServiceKey=mzv%2B5nKLrKuD%2BmQQsQNPL9WTK%2B%2Bv2TmZhLsfKQ94z9xgb1RpWBP17HLSPzxlwwYugsmNqEOJqSxKVAXxdImgXg%3D%3D&type=json HTTP/1.1" 200 4090
DEBUG:urllib3.connectionpool:Starting new HTTP connection (1): apis.data.go.kr:80
DEBUG:urllib3.connectionpool:http://apis.data.go.kr:80 "GET /B553077/api/open/sdsc/baroApi?resId=dong&catId=cty&ctprvnCd=44&ServiceKey=mzv%2B5nKLrKuD%2BmQQsQNPL9WTK%2B%2Bv2TmZhLsfKQ94z9xgb1RpWBP17HLSPzxlwwYugsmNqEOJqSxKVAXxdImgXg%3D%3D&type=json HTTP/1.1" 200 497
DEBUG:urllib3.connectionpool:Starting new HTTP connection (1): apis.data.go.kr:80
DEBUG:urllib3.connectionpool:http://apis.data.go.kr:80 "GET /B553077/api/open/sdsc/storeListInDong?divId=signguCd&key=44800&ServiceKey=mzv%2B5nKLrKuD%2BmQQsQNPL9WTK%2B%2Bv2TmZhLsfKQ94z9xgb1RpWBP17HLSPzxlwwYugsmNqEOJqSxKVAXxdImgXg%3D%3D&type=json HTTP/1.1" 200 3840
DEBUG:urllib3.connectionpool:Starting new HTTP connection (1): apis.data.go.kr:80
DEBUG:urllib3.connectionpool:http://apis.data.go.kr:80 "GET /B553077/api/open/sdsc/baroApi?resId=dong&catId=cty&ctprvnCd=11&ServiceKey=mzv%2B5nKLrKuD%2BmQQsQNPL9WTK%2B%2Bv2TmZhLsfKQ94z9xgb1RpWBP17HLSPzxlwwYugsmNqEOJqSxKVAXxdImgXg%3D%3D&type=json HTTP/1.1" 200 571
DEBUG:urllib3.connectionpool:Starting new HTTP connection (1): apis.data.go.kr:80
DEBUG:urllib3.connectionpool:http://apis.data.go.kr:80 "GET /B553077/api/open/sdsc/storeListInDong?divId=signguCd&key=11260&ServiceKey=mzv%2B5nKLrKuD%2BmQQsQNPL9WTK%2B%2Bv2TmZhLsfKQ94z9xgb1RpWBP17HLSPzxlwwYugsmNqEOJqSxKVAXxdImgXg%3D%3D&type=json HTTP/1.1" 200 3950
DEBUG:urllib3.connectionpool:Starting new HTTP connection (1): apis.data.go.kr:80
DEBUG:urllib3.connectionpool:http://apis.data.go.kr:80 "GET /B553077/api/open/sdsc/baroApi?resId=dong&catId=cty&ctprvnCd=46&ServiceKey=mzv%2B5nKLrKuD%2BmQQsQNPL9WTK%2B%2Bv2TmZhLsfKQ94z9xgb1RpWBP17HLSPzxlwwYugsmNqEOJqSxKVAXxdImgXg%3D%3D&type=json HTTP/1.1" 200 544
DEBUG:urllib3.connectionpool:Starting new HTTP connection (1): apis.data.go.kr:80
DEBUG:urllib3.connectionpool:http://apis.data.go.kr:80 "GET /B553077/api/open/sdsc/storeListInDong?divId=signguCd&key=46790&ServiceKey=mzv%2B5nKLrKuD%2BmQQsQNPL9WTK%2B%2Bv2TmZhLsfKQ94z9xgb1RpWBP17HLSPzxlwwYugsmNqEOJqSxKVAXxdImgXg%3D%3D&type=json HTTP/1.1" 200 3552
DEBUG:urllib3.connectionpool:Starting new HTTP connection (1): apis.data.go.kr:80
DEBUG:urllib3.connectionpool:http://apis.data.go.kr:80 "GET /B553077/api/open/sdsc/baroApi?resId=dong&catId=cty&ctprvnCd=11&ServiceKey=mzv%2B5nKLrKuD%2BmQQsQNPL9WTK%2B%2Bv2TmZhLsfKQ94z9xgb1RpWBP17HLSPzxlwwYugsmNqEOJqSxKVAXxdImgXg%3D%3D&type=json HTTP/1.1" 200 571
DEBUG:urllib3.connectionpool:Starting new HTTP connection (1): apis.data.go.kr:80
DEBUG:urllib3.connectionpool:http://apis.data.go.kr:80 "GET /B553077/api/open/sdsc/storeListInDong?divId=signguCd&key=11260&ServiceKey=mzv%2B5nKLrKuD%2BmQQsQNPL9WTK%2B%2Bv2TmZhLsfKQ94z9xgb1RpWBP17HLSPzxlwwYugsmNqEOJqSxKVAXxdImgXg%3D%3D&type=json HTTP/1.1" 200 3950
DEBUG:urllib3.connectionpool:Starting new HTTP connection (1): apis.data.go.kr:80
DEBUG:urllib3.connectionpool:http://apis.data.go.kr:80 "GET /B553077/api/open/sdsc/baroApi?resId=dong&catId=cty&ctprvnCd=45&ServiceKey=mzv%2B5nKLrKuD%2BmQQsQNPL9WTK%2B%2Bv2TmZhLsfKQ94z9xgb1RpWBP17HLSPzxlwwYugsmNqEOJqSxKVAXxdImgXg%3D%3D&type=json HTTP/1.1" 200 483
DEBUG:urllib3.connectionpool:Starting new HTTP connection (1): apis.data.go.kr:80
DEBUG:urllib3.connectionpool:http://apis.data.go.kr:80 "GET /B553077/api/open/sdsc/storeListInDong?divId=signguCd&key=45720&ServiceKey=mzv%2B5nKLrKuD%2BmQQsQNPL9WTK%2B%2Bv2TmZhLsfKQ94z9xgb1RpWBP17HLSPzxlwwYugsmNqEOJqSxKVAXxdImgXg%3D%3D&type=json HTTP/1.1" 200 3787
DEBUG:urllib3.connectionpool:Starting new HTTP connection (1): apis.data.go.kr:80
DEBUG:urllib3.connectionpool:http://apis.data.go.kr:80 "GET /B553077/api/open/sdsc/baroApi?resId=dong&catId=cty&ctprvnCd=46&ServiceKey=mzv%2B5nKLrKuD%2BmQQsQNPL9WTK%2B%2Bv2TmZhLsfKQ94z9xgb1RpWBP17HLSPzxlwwYugsmNqEOJqSxKVAXxdImgXg%3D%3D&type=json HTTP/1.1" 200 544
DEBUG:urllib3.connectionpool:Starting new HTTP connection (1): apis.data.go.kr:80
DEBUG:urllib3.connectionpool:http://apis.data.go.kr:80 "GET /B553077/api/open/sdsc/storeListInDong?divId=signguCd&key=46790&ServiceKey=mzv%2B5nKLrKuD%2BmQQsQNPL9WTK%2B%2Bv2TmZhLsfKQ94z9xgb1RpWBP17HLSPzxlwwYugsmNqEOJqSxKVAXxdImgXg%3D%3D&type=json HTTP/1.1" 200 3552
DEBUG:urllib3.connectionpool:Starting new HTTP connection (1): apis.data.go.kr:80
DEBUG:urllib3.connectionpool:http://apis.data.go.kr:80 "GET /B553077/api/open/sdsc/baroApi?resId=dong&catId=cty&ctprvnCd=46&ServiceKey=mzv%2B5nKLrKuD%2BmQQsQNPL9WTK%2B%2Bv2TmZhLsfKQ94z9xgb1RpWBP17HLSPzxlwwYugsmNqEOJqSxKVAXxdImgXg%3D%3D&type=json HTTP/1.1" 200 544
DEBUG:urllib3.connectionpool:Starting new HTTP connection (1): apis.data.go.kr:80
DEBUG:urllib3.connectionpool:http://apis.data.go.kr:80 "GET /B553077/api/open/sdsc/storeListInDong?divId=signguCd&key=46790&ServiceKey=mzv%2B5nKLrKuD%2BmQQsQNPL9WTK%2B%2Bv2TmZhLsfKQ94z9xgb1RpWBP17HLSPzxlwwYugsmNqEOJqSxKVAXxdImgXg%3D%3D&type=json HTTP/1.1" 200 3552
INFO:werkzeug:127.0.0.1 - - [16/Dec/2019 03:02:37] "POST /menus/travel HTTP/1.1" 200 -
INFO:werkzeug: * Detected change in 'C:\\Users\\Will\\PycharmProjects\\travel_service\\views\\menus.py', reloading
INFO:werkzeug: * Restarting with stat
INFO:root:Flask Web Server Started
WARNING:werkzeug: * Debugger is active!
INFO:werkzeug: * Debugger PIN: 312-095-692
INFO:werkzeug: * Running on http://0.0.0.0:8080/ (Press CTRL+C to quit)
DEBUG:urllib3.connectionpool:Starting new HTTP connection (1): api.visitkorea.or.kr:80
DEBUG:urllib3.connectionpool:http://api.visitkorea.or.kr:80 "GET /openapi/service/rest/KorService/searchKeyword?ServiceKey=mzv%2B5nKLrKuD%2BmQQsQNPL9WTK%2B%2Bv2TmZhLsfKQ94z9xgb1RpWBP17HLSPzxlwwYugsmNqEOJqSxKVAXxdImgXg%3D%3D&keyword=%EA%B5%AD%EB%A6%BD%EA%B3%B5%EC%9B%90&listYN=Y&arrange=A&MobileOS=ETC&MobileApp=AppTest&_type=json HTTP/1.1" 200 4889
DEBUG:urllib3.connectionpool:Starting new HTTP connection (1): apis.data.go.kr:80
DEBUG:urllib3.connectionpool:http://apis.data.go.kr:80 "GET /B553077/api/open/sdsc/baroApi?resId=dong&catId=cty&ctprvnCd=47&ServiceKey=mzv%2B5nKLrKuD%2BmQQsQNPL9WTK%2B%2Bv2TmZhLsfKQ94z9xgb1RpWBP17HLSPzxlwwYugsmNqEOJqSxKVAXxdImgXg%3D%3D&type=json HTTP/1.1" 200 561
DEBUG:urllib3.connectionpool:Starting new HTTP connection (1): apis.data.go.kr:80
DEBUG:urllib3.connectionpool:http://apis.data.go.kr:80 "GET /B553077/api/open/sdsc/storeListInDong?divId=signguCd&key=47113&ServiceKey=mzv%2B5nKLrKuD%2BmQQsQNPL9WTK%2B%2Bv2TmZhLsfKQ94z9xgb1RpWBP17HLSPzxlwwYugsmNqEOJqSxKVAXxdImgXg%3D%3D&type=json HTTP/1.1" 200 4090
INFO:werkzeug:127.0.0.1 - - [16/Dec/2019 03:04:12] "POST /menus/travel HTTP/1.1" 500 -
INFO:werkzeug:127.0.0.1 - - [16/Dec/2019 03:04:12] "GET /menus/travel?__debugger__=yes&cmd=resource&f=style.css HTTP/1.1" 200 -
INFO:werkzeug:127.0.0.1 - - [16/Dec/2019 03:04:12] "GET /menus/travel?__debugger__=yes&cmd=resource&f=jquery.js HTTP/1.1" 200 -
INFO:werkzeug:127.0.0.1 - - [16/Dec/2019 03:04:12] "GET /menus/travel?__debugger__=yes&cmd=resource&f=debugger.js HTTP/1.1" 200 -
INFO:werkzeug:127.0.0.1 - - [16/Dec/2019 03:04:13] "GET /menus/travel?__debugger__=yes&cmd=resource&f=ubuntu.ttf HTTP/1.1" 200 -
INFO:werkzeug:127.0.0.1 - - [16/Dec/2019 03:04:13] "GET /menus/travel?__debugger__=yes&cmd=resource&f=console.png HTTP/1.1" 200 -
INFO:werkzeug:127.0.0.1 - - [16/Dec/2019 03:04:13] "GET /menus/travel?__debugger__=yes&cmd=resource&f=console.png HTTP/1.1" 200 -
INFO:werkzeug: * Detected change in 'C:\\Users\\Will\\PycharmProjects\\travel_service\\views\\menus.py', reloading
INFO:werkzeug: * Restarting with stat
INFO:root:Flask Web Server Started
WARNING:werkzeug: * Debugger is active!
INFO:werkzeug: * Debugger PIN: 312-095-692
INFO:werkzeug: * Running on http://0.0.0.0:8080/ (Press CTRL+C to quit)
INFO:werkzeug: * Detected change in 'C:\\Users\\Will\\PycharmProjects\\travel_service\\views\\menus.py', reloading
INFO:werkzeug: * Restarting with stat
INFO:root:Flask Web Server Started
WARNING:werkzeug: * Debugger is active!
INFO:werkzeug: * Debugger PIN: 312-095-692
INFO:werkzeug: * Running on http://0.0.0.0:8080/ (Press CTRL+C to quit)
DEBUG:urllib3.connectionpool:Starting new HTTP connection (1): api.visitkorea.or.kr:80
DEBUG:urllib3.connectionpool:http://api.visitkorea.or.kr:80 "GET /openapi/service/rest/KorService/searchKeyword?ServiceKey=mzv%2B5nKLrKuD%2BmQQsQNPL9WTK%2B%2Bv2TmZhLsfKQ94z9xgb1RpWBP17HLSPzxlwwYugsmNqEOJqSxKVAXxdImgXg%3D%3D&keyword=%EA%B5%AD%EB%A6%BD%EA%B3%B5%EC%9B%90&listYN=Y&arrange=A&MobileOS=ETC&MobileApp=AppTest&_type=json HTTP/1.1" 200 4889
DEBUG:urllib3.connectionpool:Starting new HTTP connection (1): apis.data.go.kr:80
DEBUG:urllib3.connectionpool:http://apis.data.go.kr:80 "GET /B553077/api/open/sdsc/baroApi?resId=dong&catId=cty&ctprvnCd=47&ServiceKey=mzv%2B5nKLrKuD%2BmQQsQNPL9WTK%2B%2Bv2TmZhLsfKQ94z9xgb1RpWBP17HLSPzxlwwYugsmNqEOJqSxKVAXxdImgXg%3D%3D&type=json HTTP/1.1" 200 561
DEBUG:urllib3.connectionpool:Starting new HTTP connection (1): apis.data.go.kr:80
DEBUG:urllib3.connectionpool:http://apis.data.go.kr:80 "GET /B553077/api/open/sdsc/storeListInDong?divId=signguCd&key=47113&ServiceKey=mzv%2B5nKLrKuD%2BmQQsQNPL9WTK%2B%2Bv2TmZhLsfKQ94z9xgb1RpWBP17HLSPzxlwwYugsmNqEOJqSxKVAXxdImgXg%3D%3D&type=json HTTP/1.1" 200 4090
DEBUG:urllib3.connectionpool:Starting new HTTP connection (1): apis.data.go.kr:80
DEBUG:urllib3.connectionpool:http://apis.data.go.kr:80 "GET /B553077/api/open/sdsc/baroApi?resId=dong&catId=cty&ctprvnCd=48&ServiceKey=mzv%2B5nKLrKuD%2BmQQsQNPL9WTK%2B%2Bv2TmZhLsfKQ94z9xgb1RpWBP17HLSPzxlwwYugsmNqEOJqSxKVAXxdImgXg%3D%3D&type=json HTTP/1.1" 200 565
DEBUG:urllib3.connectionpool:Starting new HTTP connection (1): apis.data.go.kr:80
DEBUG:urllib3.connectionpool:http://apis.data.go.kr:80 "GET /B553077/api/open/sdsc/storeListInDong?divId=signguCd&key=48890&ServiceKey=mzv%2B5nKLrKuD%2BmQQsQNPL9WTK%2B%2Bv2TmZhLsfKQ94z9xgb1RpWBP17HLSPzxlwwYugsmNqEOJqSxKVAXxdImgXg%3D%3D&type=json HTTP/1.1" 200 3866
DEBUG:urllib3.connectionpool:Starting new HTTP connection (1): apis.data.go.kr:80
DEBUG:urllib3.connectionpool:http://apis.data.go.kr:80 "GET /B553077/api/open/sdsc/baroApi?resId=dong&catId=cty&ctprvnCd=47&ServiceKey=mzv%2B5nKLrKuD%2BmQQsQNPL9WTK%2B%2Bv2TmZhLsfKQ94z9xgb1RpWBP17HLSPzxlwwYugsmNqEOJqSxKVAXxdImgXg%3D%3D&type=json HTTP/1.1" 200 561
DEBUG:urllib3.connectionpool:Starting new HTTP connection (1): apis.data.go.kr:80
DEBUG:urllib3.connectionpool:http://apis.data.go.kr:80 "GET /B553077/api/open/sdsc/storeListInDong?divId=signguCd&key=47113&ServiceKey=mzv%2B5nKLrKuD%2BmQQsQNPL9WTK%2B%2Bv2TmZhLsfKQ94z9xgb1RpWBP17HLSPzxlwwYugsmNqEOJqSxKVAXxdImgXg%3D%3D&type=json HTTP/1.1" 200 4090
DEBUG:urllib3.connectionpool:Starting new HTTP connection (1): apis.data.go.kr:80
DEBUG:urllib3.connectionpool:http://apis.data.go.kr:80 "GET /B553077/api/open/sdsc/baroApi?resId=dong&catId=cty&ctprvnCd=44&ServiceKey=mzv%2B5nKLrKuD%2BmQQsQNPL9WTK%2B%2Bv2TmZhLsfKQ94z9xgb1RpWBP17HLSPzxlwwYugsmNqEOJqSxKVAXxdImgXg%3D%3D&type=json HTTP/1.1" 200 497
DEBUG:urllib3.connectionpool:Starting new HTTP connection (1): apis.data.go.kr:80
DEBUG:urllib3.connectionpool:http://apis.data.go.kr:80 "GET /B553077/api/open/sdsc/storeListInDong?divId=signguCd&key=44800&ServiceKey=mzv%2B5nKLrKuD%2BmQQsQNPL9WTK%2B%2Bv2TmZhLsfKQ94z9xgb1RpWBP17HLSPzxlwwYugsmNqEOJqSxKVAXxdImgXg%3D%3D&type=json HTTP/1.1" 200 3840
DEBUG:urllib3.connectionpool:Starting new HTTP connection (1): apis.data.go.kr:80
DEBUG:urllib3.connectionpool:http://apis.data.go.kr:80 "GET /B553077/api/open/sdsc/baroApi?resId=dong&catId=cty&ctprvnCd=11&ServiceKey=mzv%2B5nKLrKuD%2BmQQsQNPL9WTK%2B%2Bv2TmZhLsfKQ94z9xgb1RpWBP17HLSPzxlwwYugsmNqEOJqSxKVAXxdImgXg%3D%3D&type=json HTTP/1.1" 200 571
DEBUG:urllib3.connectionpool:Starting new HTTP connection (1): apis.data.go.kr:80
DEBUG:urllib3.connectionpool:http://apis.data.go.kr:80 "GET /B553077/api/open/sdsc/storeListInDong?divId=signguCd&key=11260&ServiceKey=mzv%2B5nKLrKuD%2BmQQsQNPL9WTK%2B%2Bv2TmZhLsfKQ94z9xgb1RpWBP17HLSPzxlwwYugsmNqEOJqSxKVAXxdImgXg%3D%3D&type=json HTTP/1.1" 200 3950
DEBUG:urllib3.connectionpool:Starting new HTTP connection (1): apis.data.go.kr:80
DEBUG:urllib3.connectionpool:http://apis.data.go.kr:80 "GET /B553077/api/open/sdsc/baroApi?resId=dong&catId=cty&ctprvnCd=46&ServiceKey=mzv%2B5nKLrKuD%2BmQQsQNPL9WTK%2B%2Bv2TmZhLsfKQ94z9xgb1RpWBP17HLSPzxlwwYugsmNqEOJqSxKVAXxdImgXg%3D%3D&type=json HTTP/1.1" 200 544
DEBUG:urllib3.connectionpool:Starting new HTTP connection (1): apis.data.go.kr:80
DEBUG:urllib3.connectionpool:http://apis.data.go.kr:80 "GET /B553077/api/open/sdsc/storeListInDong?divId=signguCd&key=46790&ServiceKey=mzv%2B5nKLrKuD%2BmQQsQNPL9WTK%2B%2Bv2TmZhLsfKQ94z9xgb1RpWBP17HLSPzxlwwYugsmNqEOJqSxKVAXxdImgXg%3D%3D&type=json HTTP/1.1" 200 3552
DEBUG:urllib3.connectionpool:Starting new HTTP connection (1): apis.data.go.kr:80
DEBUG:urllib3.connectionpool:http://apis.data.go.kr:80 "GET /B553077/api/open/sdsc/baroApi?resId=dong&catId=cty&ctprvnCd=11&ServiceKey=mzv%2B5nKLrKuD%2BmQQsQNPL9WTK%2B%2Bv2TmZhLsfKQ94z9xgb1RpWBP17HLSPzxlwwYugsmNqEOJqSxKVAXxdImgXg%3D%3D&type=json HTTP/1.1" 200 571
DEBUG:urllib3.connectionpool:Starting new HTTP connection (1): apis.data.go.kr:80
DEBUG:urllib3.connectionpool:http://apis.data.go.kr:80 "GET /B553077/api/open/sdsc/storeListInDong?divId=signguCd&key=11260&ServiceKey=mzv%2B5nKLrKuD%2BmQQsQNPL9WTK%2B%2Bv2TmZhLsfKQ94z9xgb1RpWBP17HLSPzxlwwYugsmNqEOJqSxKVAXxdImgXg%3D%3D&type=json HTTP/1.1" 200 3950
DEBUG:urllib3.connectionpool:Starting new HTTP connection (1): apis.data.go.kr:80
DEBUG:urllib3.connectionpool:http://apis.data.go.kr:80 "GET /B553077/api/open/sdsc/baroApi?resId=dong&catId=cty&ctprvnCd=45&ServiceKey=mzv%2B5nKLrKuD%2BmQQsQNPL9WTK%2B%2Bv2TmZhLsfKQ94z9xgb1RpWBP17HLSPzxlwwYugsmNqEOJqSxKVAXxdImgXg%3D%3D&type=json HTTP/1.1" 200 483
DEBUG:urllib3.connectionpool:Starting new HTTP connection (1): apis.data.go.kr:80
DEBUG:urllib3.connectionpool:http://apis.data.go.kr:80 "GET /B553077/api/open/sdsc/storeListInDong?divId=signguCd&key=45720&ServiceKey=mzv%2B5nKLrKuD%2BmQQsQNPL9WTK%2B%2Bv2TmZhLsfKQ94z9xgb1RpWBP17HLSPzxlwwYugsmNqEOJqSxKVAXxdImgXg%3D%3D&type=json HTTP/1.1" 200 3787
DEBUG:urllib3.connectionpool:Starting new HTTP connection (1): apis.data.go.kr:80
DEBUG:urllib3.connectionpool:http://apis.data.go.kr:80 "GET /B553077/api/open/sdsc/baroApi?resId=dong&catId=cty&ctprvnCd=46&ServiceKey=mzv%2B5nKLrKuD%2BmQQsQNPL9WTK%2B%2Bv2TmZhLsfKQ94z9xgb1RpWBP17HLSPzxlwwYugsmNqEOJqSxKVAXxdImgXg%3D%3D&type=json HTTP/1.1" 200 544
DEBUG:urllib3.connectionpool:Starting new HTTP connection (1): apis.data.go.kr:80
DEBUG:urllib3.connectionpool:http://apis.data.go.kr:80 "GET /B553077/api/open/sdsc/storeListInDong?divId=signguCd&key=46790&ServiceKey=mzv%2B5nKLrKuD%2BmQQsQNPL9WTK%2B%2Bv2TmZhLsfKQ94z9xgb1RpWBP17HLSPzxlwwYugsmNqEOJqSxKVAXxdImgXg%3D%3D&type=json HTTP/1.1" 200 3552
DEBUG:urllib3.connectionpool:Starting new HTTP connection (1): apis.data.go.kr:80
DEBUG:urllib3.connectionpool:http://apis.data.go.kr:80 "GET /B553077/api/open/sdsc/baroApi?resId=dong&catId=cty&ctprvnCd=46&ServiceKey=mzv%2B5nKLrKuD%2BmQQsQNPL9WTK%2B%2Bv2TmZhLsfKQ94z9xgb1RpWBP17HLSPzxlwwYugsmNqEOJqSxKVAXxdImgXg%3D%3D&type=json HTTP/1.1" 200 544
DEBUG:urllib3.connectionpool:Starting new HTTP connection (1): apis.data.go.kr:80
DEBUG:urllib3.connectionpool:http://apis.data.go.kr:80 "GET /B553077/api/open/sdsc/storeListInDong?divId=signguCd&key=46790&ServiceKey=mzv%2B5nKLrKuD%2BmQQsQNPL9WTK%2B%2Bv2TmZhLsfKQ94z9xgb1RpWBP17HLSPzxlwwYugsmNqEOJqSxKVAXxdImgXg%3D%3D&type=json HTTP/1.1" 200 3552
INFO:werkzeug:127.0.0.1 - - [16/Dec/2019 03:07:34] "POST /menus/travel HTTP/1.1" 200 -
INFO:werkzeug: * Detected change in 'C:\\Users\\Will\\PycharmProjects\\travel_service\\views\\menus.py', reloading
INFO:werkzeug: * Restarting with stat
INFO:root:Flask Web Server Started
WARNING:werkzeug: * Debugger is active!
INFO:werkzeug: * Debugger PIN: 312-095-692
INFO:werkzeug: * Running on http://0.0.0.0:8080/ (Press CTRL+C to quit)
DEBUG:urllib3.connectionpool:Starting new HTTP connection (1): api.visitkorea.or.kr:80
DEBUG:urllib3.connectionpool:http://api.visitkorea.or.kr:80 "GET /openapi/service/rest/KorService/searchKeyword?ServiceKey=mzv%2B5nKLrKuD%2BmQQsQNPL9WTK%2B%2Bv2TmZhLsfKQ94z9xgb1RpWBP17HLSPzxlwwYugsmNqEOJqSxKVAXxdImgXg%3D%3D&keyword=%EA%B5%AD%EB%A6%BD%EA%B3%B5%EC%9B%90&listYN=Y&arrange=A&MobileOS=ETC&MobileApp=AppTest&_type=json HTTP/1.1" 200 4889
DEBUG:urllib3.connectionpool:Starting new HTTP connection (1): apis.data.go.kr:80
DEBUG:urllib3.connectionpool:http://apis.data.go.kr:80 "GET /B553077/api/open/sdsc/baroApi?resId=dong&catId=cty&ctprvnCd=47&ServiceKey=mzv%2B5nKLrKuD%2BmQQsQNPL9WTK%2B%2Bv2TmZhLsfKQ94z9xgb1RpWBP17HLSPzxlwwYugsmNqEOJqSxKVAXxdImgXg%3D%3D&type=json HTTP/1.1" 200 561
DEBUG:urllib3.connectionpool:Starting new HTTP connection (1): apis.data.go.kr:80
DEBUG:urllib3.connectionpool:http://apis.data.go.kr:80 "GET /B553077/api/open/sdsc/storeListInDong?divId=signguCd&key=47113&ServiceKey=mzv%2B5nKLrKuD%2BmQQsQNPL9WTK%2B%2Bv2TmZhLsfKQ94z9xgb1RpWBP17HLSPzxlwwYugsmNqEOJqSxKVAXxdImgXg%3D%3D&type=json HTTP/1.1" 200 4090
DEBUG:urllib3.connectionpool:Starting new HTTP connection (1): apis.data.go.kr:80
DEBUG:urllib3.connectionpool:http://apis.data.go.kr:80 "GET /B553077/api/open/sdsc/baroApi?resId=dong&catId=cty&ctprvnCd=48&ServiceKey=mzv%2B5nKLrKuD%2BmQQsQNPL9WTK%2B%2Bv2TmZhLsfKQ94z9xgb1RpWBP17HLSPzxlwwYugsmNqEOJqSxKVAXxdImgXg%3D%3D&type=json HTTP/1.1" 200 565
DEBUG:urllib3.connectionpool:Starting new HTTP connection (1): apis.data.go.kr:80
DEBUG:urllib3.connectionpool:http://apis.data.go.kr:80 "GET /B553077/api/open/sdsc/storeListInDong?divId=signguCd&key=48890&ServiceKey=mzv%2B5nKLrKuD%2BmQQsQNPL9WTK%2B%2Bv2TmZhLsfKQ94z9xgb1RpWBP17HLSPzxlwwYugsmNqEOJqSxKVAXxdImgXg%3D%3D&type=json HTTP/1.1" 200 3866
DEBUG:urllib3.connectionpool:Starting new HTTP connection (1): apis.data.go.kr:80
DEBUG:urllib3.connectionpool:http://apis.data.go.kr:80 "GET /B553077/api/open/sdsc/baroApi?resId=dong&catId=cty&ctprvnCd=47&ServiceKey=mzv%2B5nKLrKuD%2BmQQsQNPL9WTK%2B%2Bv2TmZhLsfKQ94z9xgb1RpWBP17HLSPzxlwwYugsmNqEOJqSxKVAXxdImgXg%3D%3D&type=json HTTP/1.1" 200 561
DEBUG:urllib3.connectionpool:Starting new HTTP connection (1): apis.data.go.kr:80
DEBUG:urllib3.connectionpool:http://apis.data.go.kr:80 "GET /B553077/api/open/sdsc/storeListInDong?divId=signguCd&key=47113&ServiceKey=mzv%2B5nKLrKuD%2BmQQsQNPL9WTK%2B%2Bv2TmZhLsfKQ94z9xgb1RpWBP17HLSPzxlwwYugsmNqEOJqSxKVAXxdImgXg%3D%3D&type=json HTTP/1.1" 200 4090
DEBUG:urllib3.connectionpool:Starting new HTTP connection (1): apis.data.go.kr:80
DEBUG:urllib3.connectionpool:http://apis.data.go.kr:80 "GET /B553077/api/open/sdsc/baroApi?resId=dong&catId=cty&ctprvnCd=44&ServiceKey=mzv%2B5nKLrKuD%2BmQQsQNPL9WTK%2B%2Bv2TmZhLsfKQ94z9xgb1RpWBP17HLSPzxlwwYugsmNqEOJqSxKVAXxdImgXg%3D%3D&type=json HTTP/1.1" 200 497
DEBUG:urllib3.connectionpool:Starting new HTTP connection (1): apis.data.go.kr:80
DEBUG:urllib3.connectionpool:http://apis.data.go.kr:80 "GET /B553077/api/open/sdsc/storeListInDong?divId=signguCd&key=44800&ServiceKey=mzv%2B5nKLrKuD%2BmQQsQNPL9WTK%2B%2Bv2TmZhLsfKQ94z9xgb1RpWBP17HLSPzxlwwYugsmNqEOJqSxKVAXxdImgXg%3D%3D&type=json HTTP/1.1" 200 3840
DEBUG:urllib3.connectionpool:Starting new HTTP connection (1): apis.data.go.kr:80
DEBUG:urllib3.connectionpool:http://apis.data.go.kr:80 "GET /B553077/api/open/sdsc/baroApi?resId=dong&catId=cty&ctprvnCd=11&ServiceKey=mzv%2B5nKLrKuD%2BmQQsQNPL9WTK%2B%2Bv2TmZhLsfKQ94z9xgb1RpWBP17HLSPzxlwwYugsmNqEOJqSxKVAXxdImgXg%3D%3D&type=json HTTP/1.1" 200 571
DEBUG:urllib3.connectionpool:Starting new HTTP connection (1): apis.data.go.kr:80
DEBUG:urllib3.connectionpool:http://apis.data.go.kr:80 "GET /B553077/api/open/sdsc/storeListInDong?divId=signguCd&key=11260&ServiceKey=mzv%2B5nKLrKuD%2BmQQsQNPL9WTK%2B%2Bv2TmZhLsfKQ94z9xgb1RpWBP17HLSPzxlwwYugsmNqEOJqSxKVAXxdImgXg%3D%3D&type=json HTTP/1.1" 200 3950
DEBUG:urllib3.connectionpool:Starting new HTTP connection (1): apis.data.go.kr:80
DEBUG:urllib3.connectionpool:http://apis.data.go.kr:80 "GET /B553077/api/open/sdsc/baroApi?resId=dong&catId=cty&ctprvnCd=46&ServiceKey=mzv%2B5nKLrKuD%2BmQQsQNPL9WTK%2B%2Bv2TmZhLsfKQ94z9xgb1RpWBP17HLSPzxlwwYugsmNqEOJqSxKVAXxdImgXg%3D%3D&type=json HTTP/1.1" 200 544
DEBUG:urllib3.connectionpool:Starting new HTTP connection (1): apis.data.go.kr:80
DEBUG:urllib3.connectionpool:http://apis.data.go.kr:80 "GET /B553077/api/open/sdsc/storeListInDong?divId=signguCd&key=46790&ServiceKey=mzv%2B5nKLrKuD%2BmQQsQNPL9WTK%2B%2Bv2TmZhLsfKQ94z9xgb1RpWBP17HLSPzxlwwYugsmNqEOJqSxKVAXxdImgXg%3D%3D&type=json HTTP/1.1" 200 3552
DEBUG:urllib3.connectionpool:Starting new HTTP connection (1): apis.data.go.kr:80
DEBUG:urllib3.connectionpool:http://apis.data.go.kr:80 "GET /B553077/api/open/sdsc/baroApi?resId=dong&catId=cty&ctprvnCd=11&ServiceKey=mzv%2B5nKLrKuD%2BmQQsQNPL9WTK%2B%2Bv2TmZhLsfKQ94z9xgb1RpWBP17HLSPzxlwwYugsmNqEOJqSxKVAXxdImgXg%3D%3D&type=json HTTP/1.1" 200 571
DEBUG:urllib3.connectionpool:Starting new HTTP connection (1): apis.data.go.kr:80
DEBUG:urllib3.connectionpool:http://apis.data.go.kr:80 "GET /B553077/api/open/sdsc/storeListInDong?divId=signguCd&key=11260&ServiceKey=mzv%2B5nKLrKuD%2BmQQsQNPL9WTK%2B%2Bv2TmZhLsfKQ94z9xgb1RpWBP17HLSPzxlwwYugsmNqEOJqSxKVAXxdImgXg%3D%3D&type=json HTTP/1.1" 200 3950
DEBUG:urllib3.connectionpool:Starting new HTTP connection (1): apis.data.go.kr:80
DEBUG:urllib3.connectionpool:http://apis.data.go.kr:80 "GET /B553077/api/open/sdsc/baroApi?resId=dong&catId=cty&ctprvnCd=45&ServiceKey=mzv%2B5nKLrKuD%2BmQQsQNPL9WTK%2B%2Bv2TmZhLsfKQ94z9xgb1RpWBP17HLSPzxlwwYugsmNqEOJqSxKVAXxdImgXg%3D%3D&type=json HTTP/1.1" 200 483
DEBUG:urllib3.connectionpool:Starting new HTTP connection (1): apis.data.go.kr:80
DEBUG:urllib3.connectionpool:http://apis.data.go.kr:80 "GET /B553077/api/open/sdsc/storeListInDong?divId=signguCd&key=45720&ServiceKey=mzv%2B5nKLrKuD%2BmQQsQNPL9WTK%2B%2Bv2TmZhLsfKQ94z9xgb1RpWBP17HLSPzxlwwYugsmNqEOJqSxKVAXxdImgXg%3D%3D&type=json HTTP/1.1" 200 3787
DEBUG:urllib3.connectionpool:Starting new HTTP connection (1): apis.data.go.kr:80
DEBUG:urllib3.connectionpool:http://apis.data.go.kr:80 "GET /B553077/api/open/sdsc/baroApi?resId=dong&catId=cty&ctprvnCd=46&ServiceKey=mzv%2B5nKLrKuD%2BmQQsQNPL9WTK%2B%2Bv2TmZhLsfKQ94z9xgb1RpWBP17HLSPzxlwwYugsmNqEOJqSxKVAXxdImgXg%3D%3D&type=json HTTP/1.1" 200 544
DEBUG:urllib3.connectionpool:Starting new HTTP connection (1): apis.data.go.kr:80
DEBUG:urllib3.connectionpool:http://apis.data.go.kr:80 "GET /B553077/api/open/sdsc/storeListInDong?divId=signguCd&key=46790&ServiceKey=mzv%2B5nKLrKuD%2BmQQsQNPL9WTK%2B%2Bv2TmZhLsfKQ94z9xgb1RpWBP17HLSPzxlwwYugsmNqEOJqSxKVAXxdImgXg%3D%3D&type=json HTTP/1.1" 200 3552
DEBUG:urllib3.connectionpool:Starting new HTTP connection (1): apis.data.go.kr:80
DEBUG:urllib3.connectionpool:http://apis.data.go.kr:80 "GET /B553077/api/open/sdsc/baroApi?resId=dong&catId=cty&ctprvnCd=46&ServiceKey=mzv%2B5nKLrKuD%2BmQQsQNPL9WTK%2B%2Bv2TmZhLsfKQ94z9xgb1RpWBP17HLSPzxlwwYugsmNqEOJqSxKVAXxdImgXg%3D%3D&type=json HTTP/1.1" 200 544
DEBUG:urllib3.connectionpool:Starting new HTTP connection (1): apis.data.go.kr:80
DEBUG:urllib3.connectionpool:http://apis.data.go.kr:80 "GET /B553077/api/open/sdsc/storeListInDong?divId=signguCd&key=46790&ServiceKey=mzv%2B5nKLrKuD%2BmQQsQNPL9WTK%2B%2Bv2TmZhLsfKQ94z9xgb1RpWBP17HLSPzxlwwYugsmNqEOJqSxKVAXxdImgXg%3D%3D&type=json HTTP/1.1" 200 3552
INFO:werkzeug:127.0.0.1 - - [16/Dec/2019 03:08:58] "POST /menus/travel HTTP/1.1" 200 -
INFO:werkzeug: * Detected change in 'C:\\Users\\Will\\PycharmProjects\\travel_service\\views\\menus.py', reloading
INFO:werkzeug: * Restarting with stat
INFO:root:Flask Web Server Started
WARNING:werkzeug: * Debugger is active!
INFO:werkzeug: * Debugger PIN: 312-095-692
INFO:werkzeug: * Running on http://0.0.0.0:8080/ (Press CTRL+C to quit)
DEBUG:urllib3.connectionpool:Starting new HTTP connection (1): api.visitkorea.or.kr:80
DEBUG:urllib3.connectionpool:http://api.visitkorea.or.kr:80 "GET /openapi/service/rest/KorService/searchKeyword?ServiceKey=mzv%2B5nKLrKuD%2BmQQsQNPL9WTK%2B%2Bv2TmZhLsfKQ94z9xgb1RpWBP17HLSPzxlwwYugsmNqEOJqSxKVAXxdImgXg%3D%3D&keyword=%EA%B5%AD%EB%A6%BD%EA%B3%B5%EC%9B%90&listYN=Y&arrange=A&MobileOS=ETC&MobileApp=AppTest&_type=json HTTP/1.1" 200 4889
DEBUG:urllib3.connectionpool:Starting new HTTP connection (1): apis.data.go.kr:80
DEBUG:urllib3.connectionpool:http://apis.data.go.kr:80 "GET /B553077/api/open/sdsc/baroApi?resId=dong&catId=cty&ctprvnCd=47&ServiceKey=mzv%2B5nKLrKuD%2BmQQsQNPL9WTK%2B%2Bv2TmZhLsfKQ94z9xgb1RpWBP17HLSPzxlwwYugsmNqEOJqSxKVAXxdImgXg%3D%3D&type=json HTTP/1.1" 200 561
DEBUG:urllib3.connectionpool:Starting new HTTP connection (1): apis.data.go.kr:80
DEBUG:urllib3.connectionpool:http://apis.data.go.kr:80 "GET /B553077/api/open/sdsc/storeListInDong?divId=signguCd&key=47113&ServiceKey=mzv%2B5nKLrKuD%2BmQQsQNPL9WTK%2B%2Bv2TmZhLsfKQ94z9xgb1RpWBP17HLSPzxlwwYugsmNqEOJqSxKVAXxdImgXg%3D%3D&type=json HTTP/1.1" 200 4090
INFO:werkzeug:127.0.0.1 - - [16/Dec/2019 03:13:05] "POST /menus/travel HTTP/1.1" 500 -
INFO:werkzeug:127.0.0.1 - - [16/Dec/2019 03:13:05] "GET /menus/travel?__debugger__=yes&cmd=resource&f=style.css HTTP/1.1" 200 -
INFO:werkzeug:127.0.0.1 - - [16/Dec/2019 03:13:05] "GET /menus/travel?__debugger__=yes&cmd=resource&f=jquery.js HTTP/1.1" 200 -
INFO:werkzeug:127.0.0.1 - - [16/Dec/2019 03:13:05] "GET /menus/travel?__debugger__=yes&cmd=resource&f=debugger.js HTTP/1.1" 200 -
INFO:werkzeug:127.0.0.1 - - [16/Dec/2019 03:13:05] "GET /menus/travel?__debugger__=yes&cmd=resource&f=ubuntu.ttf HTTP/1.1" 200 -
INFO:werkzeug:127.0.0.1 - - [16/Dec/2019 03:13:05] "GET /menus/travel?__debugger__=yes&cmd=resource&f=console.png HTTP/1.1" 200 -
INFO:werkzeug:127.0.0.1 - - [16/Dec/2019 03:13:06] "GET /menus/travel?__debugger__=yes&cmd=resource&f=console.png HTTP/1.1" 200 -
INFO:werkzeug: * Detected change in 'C:\\Users\\Will\\PycharmProjects\\travel_service\\views\\menus.py', reloading
INFO:werkzeug: * Restarting with stat
INFO:root:Flask Web Server Started
WARNING:werkzeug: * Debugger is active!
INFO:werkzeug: * Debugger PIN: 312-095-692
INFO:werkzeug: * Running on http://0.0.0.0:8080/ (Press CTRL+C to quit)
DEBUG:urllib3.connectionpool:Starting new HTTP connection (1): api.visitkorea.or.kr:80
DEBUG:urllib3.connectionpool:http://api.visitkorea.or.kr:80 "GET /openapi/service/rest/KorService/searchKeyword?ServiceKey=mzv%2B5nKLrKuD%2BmQQsQNPL9WTK%2B%2Bv2TmZhLsfKQ94z9xgb1RpWBP17HLSPzxlwwYugsmNqEOJqSxKVAXxdImgXg%3D%3D&keyword=%EA%B5%AD%EB%A6%BD%EA%B3%B5%EC%9B%90&listYN=Y&arrange=A&MobileOS=ETC&MobileApp=AppTest&_type=json HTTP/1.1" 200 4889
DEBUG:urllib3.connectionpool:Starting new HTTP connection (1): apis.data.go.kr:80
DEBUG:urllib3.connectionpool:http://apis.data.go.kr:80 "GET /B553077/api/open/sdsc/baroApi?resId=dong&catId=cty&ctprvnCd=47&ServiceKey=mzv%2B5nKLrKuD%2BmQQsQNPL9WTK%2B%2Bv2TmZhLsfKQ94z9xgb1RpWBP17HLSPzxlwwYugsmNqEOJqSxKVAXxdImgXg%3D%3D&type=json HTTP/1.1" 200 561
DEBUG:urllib3.connectionpool:Starting new HTTP connection (1): apis.data.go.kr:80
DEBUG:urllib3.connectionpool:http://apis.data.go.kr:80 "GET /B553077/api/open/sdsc/storeListInDong?divId=signguCd&key=47113&ServiceKey=mzv%2B5nKLrKuD%2BmQQsQNPL9WTK%2B%2Bv2TmZhLsfKQ94z9xgb1RpWBP17HLSPzxlwwYugsmNqEOJqSxKVAXxdImgXg%3D%3D&type=json HTTP/1.1" 200 4090
DEBUG:urllib3.connectionpool:Starting new HTTP connection (1): apis.data.go.kr:80
DEBUG:urllib3.connectionpool:http://apis.data.go.kr:80 "GET /B553077/api/open/sdsc/baroApi?resId=dong&catId=cty&ctprvnCd=48&ServiceKey=mzv%2B5nKLrKuD%2BmQQsQNPL9WTK%2B%2Bv2TmZhLsfKQ94z9xgb1RpWBP17HLSPzxlwwYugsmNqEOJqSxKVAXxdImgXg%3D%3D&type=json HTTP/1.1" 200 565
DEBUG:urllib3.connectionpool:Starting new HTTP connection (1): apis.data.go.kr:80
DEBUG:urllib3.connectionpool:http://apis.data.go.kr:80 "GET /B553077/api/open/sdsc/storeListInDong?divId=signguCd&key=48890&ServiceKey=mzv%2B5nKLrKuD%2BmQQsQNPL9WTK%2B%2Bv2TmZhLsfKQ94z9xgb1RpWBP17HLSPzxlwwYugsmNqEOJqSxKVAXxdImgXg%3D%3D&type=json HTTP/1.1" 200 3866
DEBUG:urllib3.connectionpool:Starting new HTTP connection (1): apis.data.go.kr:80
DEBUG:urllib3.connectionpool:http://apis.data.go.kr:80 "GET /B553077/api/open/sdsc/baroApi?resId=dong&catId=cty&ctprvnCd=47&ServiceKey=mzv%2B5nKLrKuD%2BmQQsQNPL9WTK%2B%2Bv2TmZhLsfKQ94z9xgb1RpWBP17HLSPzxlwwYugsmNqEOJqSxKVAXxdImgXg%3D%3D&type=json HTTP/1.1" 200 561
DEBUG:urllib3.connectionpool:Starting new HTTP connection (1): apis.data.go.kr:80
DEBUG:urllib3.connectionpool:http://apis.data.go.kr:80 "GET /B553077/api/open/sdsc/storeListInDong?divId=signguCd&key=47113&ServiceKey=mzv%2B5nKLrKuD%2BmQQsQNPL9WTK%2B%2Bv2TmZhLsfKQ94z9xgb1RpWBP17HLSPzxlwwYugsmNqEOJqSxKVAXxdImgXg%3D%3D&type=json HTTP/1.1" 200 4090
DEBUG:urllib3.connectionpool:Starting new HTTP connection (1): apis.data.go.kr:80
DEBUG:urllib3.connectionpool:http://apis.data.go.kr:80 "GET /B553077/api/open/sdsc/baroApi?resId=dong&catId=cty&ctprvnCd=44&ServiceKey=mzv%2B5nKLrKuD%2BmQQsQNPL9WTK%2B%2Bv2TmZhLsfKQ94z9xgb1RpWBP17HLSPzxlwwYugsmNqEOJqSxKVAXxdImgXg%3D%3D&type=json HTTP/1.1" 200 497
DEBUG:urllib3.connectionpool:Starting new HTTP connection (1): apis.data.go.kr:80
DEBUG:urllib3.connectionpool:http://apis.data.go.kr:80 "GET /B553077/api/open/sdsc/storeListInDong?divId=signguCd&key=44800&ServiceKey=mzv%2B5nKLrKuD%2BmQQsQNPL9WTK%2B%2Bv2TmZhLsfKQ94z9xgb1RpWBP17HLSPzxlwwYugsmNqEOJqSxKVAXxdImgXg%3D%3D&type=json HTTP/1.1" 200 3840
DEBUG:urllib3.connectionpool:Starting new HTTP connection (1): apis.data.go.kr:80
DEBUG:urllib3.connectionpool:http://apis.data.go.kr:80 "GET /B553077/api/open/sdsc/baroApi?resId=dong&catId=cty&ctprvnCd=11&ServiceKey=mzv%2B5nKLrKuD%2BmQQsQNPL9WTK%2B%2Bv2TmZhLsfKQ94z9xgb1RpWBP17HLSPzxlwwYugsmNqEOJqSxKVAXxdImgXg%3D%3D&type=json HTTP/1.1" 200 571
DEBUG:urllib3.connectionpool:Starting new HTTP connection (1): apis.data.go.kr:80
DEBUG:urllib3.connectionpool:http://apis.data.go.kr:80 "GET /B553077/api/open/sdsc/storeListInDong?divId=signguCd&key=11260&ServiceKey=mzv%2B5nKLrKuD%2BmQQsQNPL9WTK%2B%2Bv2TmZhLsfKQ94z9xgb1RpWBP17HLSPzxlwwYugsmNqEOJqSxKVAXxdImgXg%3D%3D&type=json HTTP/1.1" 200 3950
DEBUG:urllib3.connectionpool:Starting new HTTP connection (1): apis.data.go.kr:80
DEBUG:urllib3.connectionpool:http://apis.data.go.kr:80 "GET /B553077/api/open/sdsc/baroApi?resId=dong&catId=cty&ctprvnCd=46&ServiceKey=mzv%2B5nKLrKuD%2BmQQsQNPL9WTK%2B%2Bv2TmZhLsfKQ94z9xgb1RpWBP17HLSPzxlwwYugsmNqEOJqSxKVAXxdImgXg%3D%3D&type=json HTTP/1.1" 200 544
DEBUG:urllib3.connectionpool:Starting new HTTP connection (1): apis.data.go.kr:80
DEBUG:urllib3.connectionpool:http://apis.data.go.kr:80 "GET /B553077/api/open/sdsc/storeListInDong?divId=signguCd&key=46790&ServiceKey=mzv%2B5nKLrKuD%2BmQQsQNPL9WTK%2B%2Bv2TmZhLsfKQ94z9xgb1RpWBP17HLSPzxlwwYugsmNqEOJqSxKVAXxdImgXg%3D%3D&type=json HTTP/1.1" 200 3552
DEBUG:urllib3.connectionpool:Starting new HTTP connection (1): apis.data.go.kr:80
DEBUG:urllib3.connectionpool:http://apis.data.go.kr:80 "GET /B553077/api/open/sdsc/baroApi?resId=dong&catId=cty&ctprvnCd=11&ServiceKey=mzv%2B5nKLrKuD%2BmQQsQNPL9WTK%2B%2Bv2TmZhLsfKQ94z9xgb1RpWBP17HLSPzxlwwYugsmNqEOJqSxKVAXxdImgXg%3D%3D&type=json HTTP/1.1" 200 571
DEBUG:urllib3.connectionpool:Starting new HTTP connection (1): apis.data.go.kr:80
DEBUG:urllib3.connectionpool:http://apis.data.go.kr:80 "GET /B553077/api/open/sdsc/storeListInDong?divId=signguCd&key=11260&ServiceKey=mzv%2B5nKLrKuD%2BmQQsQNPL9WTK%2B%2Bv2TmZhLsfKQ94z9xgb1RpWBP17HLSPzxlwwYugsmNqEOJqSxKVAXxdImgXg%3D%3D&type=json HTTP/1.1" 200 3950
DEBUG:urllib3.connectionpool:Starting new HTTP connection (1): apis.data.go.kr:80
DEBUG:urllib3.connectionpool:http://apis.data.go.kr:80 "GET /B553077/api/open/sdsc/baroApi?resId=dong&catId=cty&ctprvnCd=45&ServiceKey=mzv%2B5nKLrKuD%2BmQQsQNPL9WTK%2B%2Bv2TmZhLsfKQ94z9xgb1RpWBP17HLSPzxlwwYugsmNqEOJqSxKVAXxdImgXg%3D%3D&type=json HTTP/1.1" 200 483
DEBUG:urllib3.connectionpool:Starting new HTTP connection (1): apis.data.go.kr:80
DEBUG:urllib3.connectionpool:http://apis.data.go.kr:80 "GET /B553077/api/open/sdsc/storeListInDong?divId=signguCd&key=45720&ServiceKey=mzv%2B5nKLrKuD%2BmQQsQNPL9WTK%2B%2Bv2TmZhLsfKQ94z9xgb1RpWBP17HLSPzxlwwYugsmNqEOJqSxKVAXxdImgXg%3D%3D&type=json HTTP/1.1" 200 3787
DEBUG:urllib3.connectionpool:Starting new HTTP connection (1): apis.data.go.kr:80
DEBUG:urllib3.connectionpool:http://apis.data.go.kr:80 "GET /B553077/api/open/sdsc/baroApi?resId=dong&catId=cty&ctprvnCd=46&ServiceKey=mzv%2B5nKLrKuD%2BmQQsQNPL9WTK%2B%2Bv2TmZhLsfKQ94z9xgb1RpWBP17HLSPzxlwwYugsmNqEOJqSxKVAXxdImgXg%3D%3D&type=json HTTP/1.1" 200 544
DEBUG:urllib3.connectionpool:Starting new HTTP connection (1): apis.data.go.kr:80
DEBUG:urllib3.connectionpool:http://apis.data.go.kr:80 "GET /B553077/api/open/sdsc/storeListInDong?divId=signguCd&key=46790&ServiceKey=mzv%2B5nKLrKuD%2BmQQsQNPL9WTK%2B%2Bv2TmZhLsfKQ94z9xgb1RpWBP17HLSPzxlwwYugsmNqEOJqSxKVAXxdImgXg%3D%3D&type=json HTTP/1.1" 200 3552
DEBUG:urllib3.connectionpool:Starting new HTTP connection (1): apis.data.go.kr:80
DEBUG:urllib3.connectionpool:http://apis.data.go.kr:80 "GET /B553077/api/open/sdsc/baroApi?resId=dong&catId=cty&ctprvnCd=46&ServiceKey=mzv%2B5nKLrKuD%2BmQQsQNPL9WTK%2B%2Bv2TmZhLsfKQ94z9xgb1RpWBP17HLSPzxlwwYugsmNqEOJqSxKVAXxdImgXg%3D%3D&type=json HTTP/1.1" 200 544
DEBUG:urllib3.connectionpool:Starting new HTTP connection (1): apis.data.go.kr:80
DEBUG:urllib3.connectionpool:http://apis.data.go.kr:80 "GET /B553077/api/open/sdsc/storeListInDong?divId=signguCd&key=46790&ServiceKey=mzv%2B5nKLrKuD%2BmQQsQNPL9WTK%2B%2Bv2TmZhLsfKQ94z9xgb1RpWBP17HLSPzxlwwYugsmNqEOJqSxKVAXxdImgXg%3D%3D&type=json HTTP/1.1" 200 3552
INFO:werkzeug:127.0.0.1 - - [16/Dec/2019 03:13:19] "POST /menus/travel HTTP/1.1" 500 -
INFO:werkzeug:127.0.0.1 - - [16/Dec/2019 03:13:19] "GET /menus/travel?__debugger__=yes&cmd=resource&f=style.css HTTP/1.1" 200 -
INFO:werkzeug:127.0.0.1 - - [16/Dec/2019 03:13:19] "GET /menus/travel?__debugger__=yes&cmd=resource&f=jquery.js HTTP/1.1" 200 -
INFO:werkzeug:127.0.0.1 - - [16/Dec/2019 03:13:19] "GET /menus/travel?__debugger__=yes&cmd=resource&f=debugger.js HTTP/1.1" 200 -
INFO:werkzeug:127.0.0.1 - - [16/Dec/2019 03:13:19] "GET /menus/travel?__debugger__=yes&cmd=resource&f=ubuntu.ttf HTTP/1.1" 200 -
INFO:werkzeug:127.0.0.1 - - [16/Dec/2019 03:13:19] "GET /menus/travel?__debugger__=yes&cmd=resource&f=console.png HTTP/1.1" 200 -
INFO:werkzeug:127.0.0.1 - - [16/Dec/2019 03:13:20] "GET /menus/travel?__debugger__=yes&cmd=resource&f=console.png HTTP/1.1" 200 -
INFO:werkzeug: * Detected change in 'C:\\Users\\Will\\PycharmProjects\\travel_service\\views\\menus.py', reloading
INFO:werkzeug: * Restarting with stat
INFO:root:Flask Web Server Started
WARNING:werkzeug: * Debugger is active!
INFO:werkzeug: * Debugger PIN: 312-095-692
INFO:werkzeug: * Running on http://0.0.0.0:8080/ (Press CTRL+C to quit)
DEBUG:urllib3.connectionpool:Starting new HTTP connection (1): api.visitkorea.or.kr:80
DEBUG:urllib3.connectionpool:http://api.visitkorea.or.kr:80 "GET /openapi/service/rest/KorService/searchKeyword?ServiceKey=mzv%2B5nKLrKuD%2BmQQsQNPL9WTK%2B%2Bv2TmZhLsfKQ94z9xgb1RpWBP17HLSPzxlwwYugsmNqEOJqSxKVAXxdImgXg%3D%3D&keyword=%EA%B5%AD%EB%A6%BD%EA%B3%B5%EC%9B%90&listYN=Y&arrange=A&MobileOS=ETC&MobileApp=AppTest&_type=json HTTP/1.1" 200 4889
DEBUG:urllib3.connectionpool:Starting new HTTP connection (1): apis.data.go.kr:80
DEBUG:urllib3.connectionpool:http://apis.data.go.kr:80 "GET /B553077/api/open/sdsc/baroApi?resId=dong&catId=cty&ctprvnCd=47&ServiceKey=mzv%2B5nKLrKuD%2BmQQsQNPL9WTK%2B%2Bv2TmZhLsfKQ94z9xgb1RpWBP17HLSPzxlwwYugsmNqEOJqSxKVAXxdImgXg%3D%3D&type=json HTTP/1.1" 200 561
DEBUG:urllib3.connectionpool:Starting new HTTP connection (1): apis.data.go.kr:80
DEBUG:urllib3.connectionpool:http://apis.data.go.kr:80 "GET /B553077/api/open/sdsc/storeListInDong?divId=signguCd&key=47113&ServiceKey=mzv%2B5nKLrKuD%2BmQQsQNPL9WTK%2B%2Bv2TmZhLsfKQ94z9xgb1RpWBP17HLSPzxlwwYugsmNqEOJqSxKVAXxdImgXg%3D%3D&type=json HTTP/1.1" 200 4090
DEBUG:urllib3.connectionpool:Starting new HTTP connection (1): apis.data.go.kr:80
DEBUG:urllib3.connectionpool:http://apis.data.go.kr:80 "GET /B553077/api/open/sdsc/baroApi?resId=dong&catId=cty&ctprvnCd=48&ServiceKey=mzv%2B5nKLrKuD%2BmQQsQNPL9WTK%2B%2Bv2TmZhLsfKQ94z9xgb1RpWBP17HLSPzxlwwYugsmNqEOJqSxKVAXxdImgXg%3D%3D&type=json HTTP/1.1" 200 565
DEBUG:urllib3.connectionpool:Starting new HTTP connection (1): apis.data.go.kr:80
DEBUG:urllib3.connectionpool:http://apis.data.go.kr:80 "GET /B553077/api/open/sdsc/storeListInDong?divId=signguCd&key=48890&ServiceKey=mzv%2B5nKLrKuD%2BmQQsQNPL9WTK%2B%2Bv2TmZhLsfKQ94z9xgb1RpWBP17HLSPzxlwwYugsmNqEOJqSxKVAXxdImgXg%3D%3D&type=json HTTP/1.1" 200 3866
DEBUG:urllib3.connectionpool:Starting new HTTP connection (1): apis.data.go.kr:80
DEBUG:urllib3.connectionpool:http://apis.data.go.kr:80 "GET /B553077/api/open/sdsc/baroApi?resId=dong&catId=cty&ctprvnCd=47&ServiceKey=mzv%2B5nKLrKuD%2BmQQsQNPL9WTK%2B%2Bv2TmZhLsfKQ94z9xgb1RpWBP17HLSPzxlwwYugsmNqEOJqSxKVAXxdImgXg%3D%3D&type=json HTTP/1.1" 200 561
DEBUG:urllib3.connectionpool:Starting new HTTP connection (1): apis.data.go.kr:80
DEBUG:urllib3.connectionpool:http://apis.data.go.kr:80 "GET /B553077/api/open/sdsc/storeListInDong?divId=signguCd&key=47113&ServiceKey=mzv%2B5nKLrKuD%2BmQQsQNPL9WTK%2B%2Bv2TmZhLsfKQ94z9xgb1RpWBP17HLSPzxlwwYugsmNqEOJqSxKVAXxdImgXg%3D%3D&type=json HTTP/1.1" 200 4090
DEBUG:urllib3.connectionpool:Starting new HTTP connection (1): apis.data.go.kr:80
DEBUG:urllib3.connectionpool:http://apis.data.go.kr:80 "GET /B553077/api/open/sdsc/baroApi?resId=dong&catId=cty&ctprvnCd=44&ServiceKey=mzv%2B5nKLrKuD%2BmQQsQNPL9WTK%2B%2Bv2TmZhLsfKQ94z9xgb1RpWBP17HLSPzxlwwYugsmNqEOJqSxKVAXxdImgXg%3D%3D&type=json HTTP/1.1" 200 497
DEBUG:urllib3.connectionpool:Starting new HTTP connection (1): apis.data.go.kr:80
DEBUG:urllib3.connectionpool:http://apis.data.go.kr:80 "GET /B553077/api/open/sdsc/storeListInDong?divId=signguCd&key=44800&ServiceKey=mzv%2B5nKLrKuD%2BmQQsQNPL9WTK%2B%2Bv2TmZhLsfKQ94z9xgb1RpWBP17HLSPzxlwwYugsmNqEOJqSxKVAXxdImgXg%3D%3D&type=json HTTP/1.1" 200 3840
DEBUG:urllib3.connectionpool:Starting new HTTP connection (1): apis.data.go.kr:80
DEBUG:urllib3.connectionpool:http://apis.data.go.kr:80 "GET /B553077/api/open/sdsc/baroApi?resId=dong&catId=cty&ctprvnCd=11&ServiceKey=mzv%2B5nKLrKuD%2BmQQsQNPL9WTK%2B%2Bv2TmZhLsfKQ94z9xgb1RpWBP17HLSPzxlwwYugsmNqEOJqSxKVAXxdImgXg%3D%3D&type=json HTTP/1.1" 200 571
DEBUG:urllib3.connectionpool:Starting new HTTP connection (1): apis.data.go.kr:80
DEBUG:urllib3.connectionpool:http://apis.data.go.kr:80 "GET /B553077/api/open/sdsc/storeListInDong?divId=signguCd&key=11260&ServiceKey=mzv%2B5nKLrKuD%2BmQQsQNPL9WTK%2B%2Bv2TmZhLsfKQ94z9xgb1RpWBP17HLSPzxlwwYugsmNqEOJqSxKVAXxdImgXg%3D%3D&type=json HTTP/1.1" 200 3950
DEBUG:urllib3.connectionpool:Starting new HTTP connection (1): apis.data.go.kr:80
DEBUG:urllib3.connectionpool:http://apis.data.go.kr:80 "GET /B553077/api/open/sdsc/baroApi?resId=dong&catId=cty&ctprvnCd=46&ServiceKey=mzv%2B5nKLrKuD%2BmQQsQNPL9WTK%2B%2Bv2TmZhLsfKQ94z9xgb1RpWBP17HLSPzxlwwYugsmNqEOJqSxKVAXxdImgXg%3D%3D&type=json HTTP/1.1" 200 544
DEBUG:urllib3.connectionpool:Starting new HTTP connection (1): apis.data.go.kr:80
DEBUG:urllib3.connectionpool:http://apis.data.go.kr:80 "GET /B553077/api/open/sdsc/storeListInDong?divId=signguCd&key=46790&ServiceKey=mzv%2B5nKLrKuD%2BmQQsQNPL9WTK%2B%2Bv2TmZhLsfKQ94z9xgb1RpWBP17HLSPzxlwwYugsmNqEOJqSxKVAXxdImgXg%3D%3D&type=json HTTP/1.1" 200 3552
DEBUG:urllib3.connectionpool:Starting new HTTP connection (1): apis.data.go.kr:80
DEBUG:urllib3.connectionpool:http://apis.data.go.kr:80 "GET /B553077/api/open/sdsc/baroApi?resId=dong&catId=cty&ctprvnCd=11&ServiceKey=mzv%2B5nKLrKuD%2BmQQsQNPL9WTK%2B%2Bv2TmZhLsfKQ94z9xgb1RpWBP17HLSPzxlwwYugsmNqEOJqSxKVAXxdImgXg%3D%3D&type=json HTTP/1.1" 200 571
DEBUG:urllib3.connectionpool:Starting new HTTP connection (1): apis.data.go.kr:80
DEBUG:urllib3.connectionpool:http://apis.data.go.kr:80 "GET /B553077/api/open/sdsc/storeListInDong?divId=signguCd&key=11260&ServiceKey=mzv%2B5nKLrKuD%2BmQQsQNPL9WTK%2B%2Bv2TmZhLsfKQ94z9xgb1RpWBP17HLSPzxlwwYugsmNqEOJqSxKVAXxdImgXg%3D%3D&type=json HTTP/1.1" 200 3950
DEBUG:urllib3.connectionpool:Starting new HTTP connection (1): apis.data.go.kr:80
DEBUG:urllib3.connectionpool:http://apis.data.go.kr:80 "GET /B553077/api/open/sdsc/baroApi?resId=dong&catId=cty&ctprvnCd=45&ServiceKey=mzv%2B5nKLrKuD%2BmQQsQNPL9WTK%2B%2Bv2TmZhLsfKQ94z9xgb1RpWBP17HLSPzxlwwYugsmNqEOJqSxKVAXxdImgXg%3D%3D&type=json HTTP/1.1" 200 483
DEBUG:urllib3.connectionpool:Starting new HTTP connection (1): apis.data.go.kr:80
DEBUG:urllib3.connectionpool:http://apis.data.go.kr:80 "GET /B553077/api/open/sdsc/storeListInDong?divId=signguCd&key=45720&ServiceKey=mzv%2B5nKLrKuD%2BmQQsQNPL9WTK%2B%2Bv2TmZhLsfKQ94z9xgb1RpWBP17HLSPzxlwwYugsmNqEOJqSxKVAXxdImgXg%3D%3D&type=json HTTP/1.1" 200 3787
DEBUG:urllib3.connectionpool:Starting new HTTP connection (1): apis.data.go.kr:80
DEBUG:urllib3.connectionpool:http://apis.data.go.kr:80 "GET /B553077/api/open/sdsc/baroApi?resId=dong&catId=cty&ctprvnCd=46&ServiceKey=mzv%2B5nKLrKuD%2BmQQsQNPL9WTK%2B%2Bv2TmZhLsfKQ94z9xgb1RpWBP17HLSPzxlwwYugsmNqEOJqSxKVAXxdImgXg%3D%3D&type=json HTTP/1.1" 200 544
DEBUG:urllib3.connectionpool:Starting new HTTP connection (1): apis.data.go.kr:80
DEBUG:urllib3.connectionpool:http://apis.data.go.kr:80 "GET /B553077/api/open/sdsc/storeListInDong?divId=signguCd&key=46790&ServiceKey=mzv%2B5nKLrKuD%2BmQQsQNPL9WTK%2B%2Bv2TmZhLsfKQ94z9xgb1RpWBP17HLSPzxlwwYugsmNqEOJqSxKVAXxdImgXg%3D%3D&type=json HTTP/1.1" 200 3552
DEBUG:urllib3.connectionpool:Starting new HTTP connection (1): apis.data.go.kr:80
DEBUG:urllib3.connectionpool:http://apis.data.go.kr:80 "GET /B553077/api/open/sdsc/baroApi?resId=dong&catId=cty&ctprvnCd=46&ServiceKey=mzv%2B5nKLrKuD%2BmQQsQNPL9WTK%2B%2Bv2TmZhLsfKQ94z9xgb1RpWBP17HLSPzxlwwYugsmNqEOJqSxKVAXxdImgXg%3D%3D&type=json HTTP/1.1" 200 544
DEBUG:urllib3.connectionpool:Starting new HTTP connection (1): apis.data.go.kr:80
DEBUG:urllib3.connectionpool:http://apis.data.go.kr:80 "GET /B553077/api/open/sdsc/storeListInDong?divId=signguCd&key=46790&ServiceKey=mzv%2B5nKLrKuD%2BmQQsQNPL9WTK%2B%2Bv2TmZhLsfKQ94z9xgb1RpWBP17HLSPzxlwwYugsmNqEOJqSxKVAXxdImgXg%3D%3D&type=json HTTP/1.1" 200 3552
INFO:werkzeug:127.0.0.1 - - [16/Dec/2019 03:13:56] "POST /menus/travel HTTP/1.1" 500 -
INFO:werkzeug:127.0.0.1 - - [16/Dec/2019 03:13:56] "GET /menus/travel?__debugger__=yes&cmd=resource&f=style.css HTTP/1.1" 200 -
INFO:werkzeug:127.0.0.1 - - [16/Dec/2019 03:13:56] "GET /menus/travel?__debugger__=yes&cmd=resource&f=jquery.js HTTP/1.1" 200 -
INFO:werkzeug:127.0.0.1 - - [16/Dec/2019 03:13:57] "GET /menus/travel?__debugger__=yes&cmd=resource&f=debugger.js HTTP/1.1" 200 -
INFO:werkzeug:127.0.0.1 - - [16/Dec/2019 03:13:57] "GET /menus/travel?__debugger__=yes&cmd=resource&f=ubuntu.ttf HTTP/1.1" 200 -
INFO:werkzeug:127.0.0.1 - - [16/Dec/2019 03:13:57] "GET /menus/travel?__debugger__=yes&cmd=resource&f=console.png HTTP/1.1" 200 -
INFO:werkzeug:127.0.0.1 - - [16/Dec/2019 03:13:57] "GET /menus/travel?__debugger__=yes&cmd=resource&f=console.png HTTP/1.1" 200 -
DEBUG:urllib3.connectionpool:Starting new HTTP connection (1): api.visitkorea.or.kr:80
DEBUG:urllib3.connectionpool:http://api.visitkorea.or.kr:80 "GET /openapi/service/rest/KorService/searchKeyword?ServiceKey=mzv%2B5nKLrKuD%2BmQQsQNPL9WTK%2B%2Bv2TmZhLsfKQ94z9xgb1RpWBP17HLSPzxlwwYugsmNqEOJqSxKVAXxdImgXg%3D%3D&keyword=%EA%B5%AD%EB%A6%BD%EA%B3%B5%EC%9B%90&listYN=Y&arrange=A&MobileOS=ETC&MobileApp=AppTest&_type=json HTTP/1.1" 200 4889
DEBUG:urllib3.connectionpool:Starting new HTTP connection (1): apis.data.go.kr:80
DEBUG:urllib3.connectionpool:http://apis.data.go.kr:80 "GET /B553077/api/open/sdsc/baroApi?resId=dong&catId=cty&ctprvnCd=47&ServiceKey=mzv%2B5nKLrKuD%2BmQQsQNPL9WTK%2B%2Bv2TmZhLsfKQ94z9xgb1RpWBP17HLSPzxlwwYugsmNqEOJqSxKVAXxdImgXg%3D%3D&type=json HTTP/1.1" 200 561
DEBUG:urllib3.connectionpool:Starting new HTTP connection (1): apis.data.go.kr:80
DEBUG:urllib3.connectionpool:http://apis.data.go.kr:80 "GET /B553077/api/open/sdsc/storeListInDong?divId=signguCd&key=47113&ServiceKey=mzv%2B5nKLrKuD%2BmQQsQNPL9WTK%2B%2Bv2TmZhLsfKQ94z9xgb1RpWBP17HLSPzxlwwYugsmNqEOJqSxKVAXxdImgXg%3D%3D&type=json HTTP/1.1" 200 4090
DEBUG:urllib3.connectionpool:Starting new HTTP connection (1): apis.data.go.kr:80
DEBUG:urllib3.connectionpool:http://apis.data.go.kr:80 "GET /B553077/api/open/sdsc/baroApi?resId=dong&catId=cty&ctprvnCd=48&ServiceKey=mzv%2B5nKLrKuD%2BmQQsQNPL9WTK%2B%2Bv2TmZhLsfKQ94z9xgb1RpWBP17HLSPzxlwwYugsmNqEOJqSxKVAXxdImgXg%3D%3D&type=json HTTP/1.1" 200 565
DEBUG:urllib3.connectionpool:Starting new HTTP connection (1): apis.data.go.kr:80
DEBUG:urllib3.connectionpool:http://apis.data.go.kr:80 "GET /B553077/api/open/sdsc/storeListInDong?divId=signguCd&key=48890&ServiceKey=mzv%2B5nKLrKuD%2BmQQsQNPL9WTK%2B%2Bv2TmZhLsfKQ94z9xgb1RpWBP17HLSPzxlwwYugsmNqEOJqSxKVAXxdImgXg%3D%3D&type=json HTTP/1.1" 200 3866
DEBUG:urllib3.connectionpool:Starting new HTTP connection (1): apis.data.go.kr:80
DEBUG:urllib3.connectionpool:http://apis.data.go.kr:80 "GET /B553077/api/open/sdsc/baroApi?resId=dong&catId=cty&ctprvnCd=47&ServiceKey=mzv%2B5nKLrKuD%2BmQQsQNPL9WTK%2B%2Bv2TmZhLsfKQ94z9xgb1RpWBP17HLSPzxlwwYugsmNqEOJqSxKVAXxdImgXg%3D%3D&type=json HTTP/1.1" 200 561
DEBUG:urllib3.connectionpool:Starting new HTTP connection (1): apis.data.go.kr:80
DEBUG:urllib3.connectionpool:http://apis.data.go.kr:80 "GET /B553077/api/open/sdsc/storeListInDong?divId=signguCd&key=47113&ServiceKey=mzv%2B5nKLrKuD%2BmQQsQNPL9WTK%2B%2Bv2TmZhLsfKQ94z9xgb1RpWBP17HLSPzxlwwYugsmNqEOJqSxKVAXxdImgXg%3D%3D&type=json HTTP/1.1" 200 4090
DEBUG:urllib3.connectionpool:Starting new HTTP connection (1): apis.data.go.kr:80
DEBUG:urllib3.connectionpool:http://apis.data.go.kr:80 "GET /B553077/api/open/sdsc/baroApi?resId=dong&catId=cty&ctprvnCd=44&ServiceKey=mzv%2B5nKLrKuD%2BmQQsQNPL9WTK%2B%2Bv2TmZhLsfKQ94z9xgb1RpWBP17HLSPzxlwwYugsmNqEOJqSxKVAXxdImgXg%3D%3D&type=json HTTP/1.1" 200 497
DEBUG:urllib3.connectionpool:Starting new HTTP connection (1): apis.data.go.kr:80
DEBUG:urllib3.connectionpool:http://apis.data.go.kr:80 "GET /B553077/api/open/sdsc/storeListInDong?divId=signguCd&key=44800&ServiceKey=mzv%2B5nKLrKuD%2BmQQsQNPL9WTK%2B%2Bv2TmZhLsfKQ94z9xgb1RpWBP17HLSPzxlwwYugsmNqEOJqSxKVAXxdImgXg%3D%3D&type=json HTTP/1.1" 200 3840
DEBUG:urllib3.connectionpool:Starting new HTTP connection (1): apis.data.go.kr:80
DEBUG:urllib3.connectionpool:http://apis.data.go.kr:80 "GET /B553077/api/open/sdsc/baroApi?resId=dong&catId=cty&ctprvnCd=11&ServiceKey=mzv%2B5nKLrKuD%2BmQQsQNPL9WTK%2B%2Bv2TmZhLsfKQ94z9xgb1RpWBP17HLSPzxlwwYugsmNqEOJqSxKVAXxdImgXg%3D%3D&type=json HTTP/1.1" 200 571
DEBUG:urllib3.connectionpool:Starting new HTTP connection (1): apis.data.go.kr:80
DEBUG:urllib3.connectionpool:http://apis.data.go.kr:80 "GET /B553077/api/open/sdsc/storeListInDong?divId=signguCd&key=11260&ServiceKey=mzv%2B5nKLrKuD%2BmQQsQNPL9WTK%2B%2Bv2TmZhLsfKQ94z9xgb1RpWBP17HLSPzxlwwYugsmNqEOJqSxKVAXxdImgXg%3D%3D&type=json HTTP/1.1" 200 3950
DEBUG:urllib3.connectionpool:Starting new HTTP connection (1): apis.data.go.kr:80
DEBUG:urllib3.connectionpool:http://apis.data.go.kr:80 "GET /B553077/api/open/sdsc/baroApi?resId=dong&catId=cty&ctprvnCd=46&ServiceKey=mzv%2B5nKLrKuD%2BmQQsQNPL9WTK%2B%2Bv2TmZhLsfKQ94z9xgb1RpWBP17HLSPzxlwwYugsmNqEOJqSxKVAXxdImgXg%3D%3D&type=json HTTP/1.1" 200 544
DEBUG:urllib3.connectionpool:Starting new HTTP connection (1): apis.data.go.kr:80
DEBUG:urllib3.connectionpool:http://apis.data.go.kr:80 "GET /B553077/api/open/sdsc/storeListInDong?divId=signguCd&key=46790&ServiceKey=mzv%2B5nKLrKuD%2BmQQsQNPL9WTK%2B%2Bv2TmZhLsfKQ94z9xgb1RpWBP17HLSPzxlwwYugsmNqEOJqSxKVAXxdImgXg%3D%3D&type=json HTTP/1.1" 200 3552
DEBUG:urllib3.connectionpool:Starting new HTTP connection (1): apis.data.go.kr:80
DEBUG:urllib3.connectionpool:http://apis.data.go.kr:80 "GET /B553077/api/open/sdsc/baroApi?resId=dong&catId=cty&ctprvnCd=11&ServiceKey=mzv%2B5nKLrKuD%2BmQQsQNPL9WTK%2B%2Bv2TmZhLsfKQ94z9xgb1RpWBP17HLSPzxlwwYugsmNqEOJqSxKVAXxdImgXg%3D%3D&type=json HTTP/1.1" 200 571
DEBUG:urllib3.connectionpool:Starting new HTTP connection (1): apis.data.go.kr:80
DEBUG:urllib3.connectionpool:http://apis.data.go.kr:80 "GET /B553077/api/open/sdsc/storeListInDong?divId=signguCd&key=11260&ServiceKey=mzv%2B5nKLrKuD%2BmQQsQNPL9WTK%2B%2Bv2TmZhLsfKQ94z9xgb1RpWBP17HLSPzxlwwYugsmNqEOJqSxKVAXxdImgXg%3D%3D&type=json HTTP/1.1" 200 3950
DEBUG:urllib3.connectionpool:Starting new HTTP connection (1): apis.data.go.kr:80
DEBUG:urllib3.connectionpool:http://apis.data.go.kr:80 "GET /B553077/api/open/sdsc/baroApi?resId=dong&catId=cty&ctprvnCd=45&ServiceKey=mzv%2B5nKLrKuD%2BmQQsQNPL9WTK%2B%2Bv2TmZhLsfKQ94z9xgb1RpWBP17HLSPzxlwwYugsmNqEOJqSxKVAXxdImgXg%3D%3D&type=json HTTP/1.1" 200 483
DEBUG:urllib3.connectionpool:Starting new HTTP connection (1): apis.data.go.kr:80
DEBUG:urllib3.connectionpool:http://apis.data.go.kr:80 "GET /B553077/api/open/sdsc/storeListInDong?divId=signguCd&key=45720&ServiceKey=mzv%2B5nKLrKuD%2BmQQsQNPL9WTK%2B%2Bv2TmZhLsfKQ94z9xgb1RpWBP17HLSPzxlwwYugsmNqEOJqSxKVAXxdImgXg%3D%3D&type=json HTTP/1.1" 200 3787
DEBUG:urllib3.connectionpool:Starting new HTTP connection (1): apis.data.go.kr:80
DEBUG:urllib3.connectionpool:http://apis.data.go.kr:80 "GET /B553077/api/open/sdsc/baroApi?resId=dong&catId=cty&ctprvnCd=46&ServiceKey=mzv%2B5nKLrKuD%2BmQQsQNPL9WTK%2B%2Bv2TmZhLsfKQ94z9xgb1RpWBP17HLSPzxlwwYugsmNqEOJqSxKVAXxdImgXg%3D%3D&type=json HTTP/1.1" 200 544
DEBUG:urllib3.connectionpool:Starting new HTTP connection (1): apis.data.go.kr:80
DEBUG:urllib3.connectionpool:http://apis.data.go.kr:80 "GET /B553077/api/open/sdsc/storeListInDong?divId=signguCd&key=46790&ServiceKey=mzv%2B5nKLrKuD%2BmQQsQNPL9WTK%2B%2Bv2TmZhLsfKQ94z9xgb1RpWBP17HLSPzxlwwYugsmNqEOJqSxKVAXxdImgXg%3D%3D&type=json HTTP/1.1" 200 3552
DEBUG:urllib3.connectionpool:Starting new HTTP connection (1): apis.data.go.kr:80
DEBUG:urllib3.connectionpool:http://apis.data.go.kr:80 "GET /B553077/api/open/sdsc/baroApi?resId=dong&catId=cty&ctprvnCd=46&ServiceKey=mzv%2B5nKLrKuD%2BmQQsQNPL9WTK%2B%2Bv2TmZhLsfKQ94z9xgb1RpWBP17HLSPzxlwwYugsmNqEOJqSxKVAXxdImgXg%3D%3D&type=json HTTP/1.1" 200 544
DEBUG:urllib3.connectionpool:Starting new HTTP connection (1): apis.data.go.kr:80
DEBUG:urllib3.connectionpool:http://apis.data.go.kr:80 "GET /B553077/api/open/sdsc/storeListInDong?divId=signguCd&key=46790&ServiceKey=mzv%2B5nKLrKuD%2BmQQsQNPL9WTK%2B%2Bv2TmZhLsfKQ94z9xgb1RpWBP17HLSPzxlwwYugsmNqEOJqSxKVAXxdImgXg%3D%3D&type=json HTTP/1.1" 200 3552
INFO:werkzeug:127.0.0.1 - - [16/Dec/2019 03:14:26] "POST /menus/travel HTTP/1.1" 500 -
INFO:werkzeug:127.0.0.1 - - [16/Dec/2019 03:14:26] "GET /menus/travel?__debugger__=yes&cmd=resource&f=style.css HTTP/1.1" 200 -
INFO:werkzeug:127.0.0.1 - - [16/Dec/2019 03:14:26] "GET /menus/travel?__debugger__=yes&cmd=resource&f=jquery.js HTTP/1.1" 200 -
INFO:werkzeug:127.0.0.1 - - [16/Dec/2019 03:14:26] "GET /menus/travel?__debugger__=yes&cmd=resource&f=debugger.js HTTP/1.1" 200 -
INFO:werkzeug:127.0.0.1 - - [16/Dec/2019 03:14:27] "GET /menus/travel?__debugger__=yes&cmd=resource&f=ubuntu.ttf HTTP/1.1" 200 -
INFO:werkzeug:127.0.0.1 - - [16/Dec/2019 03:14:27] "GET /menus/travel?__debugger__=yes&cmd=resource&f=console.png HTTP/1.1" 200 -
INFO:werkzeug:127.0.0.1 - - [16/Dec/2019 03:14:27] "GET /menus/travel?__debugger__=yes&cmd=resource&f=console.png HTTP/1.1" 200 -
INFO:werkzeug: * Detected change in 'C:\\Users\\Will\\PycharmProjects\\travel_service\\views\\menus.py', reloading
INFO:werkzeug: * Restarting with stat
INFO:root:Flask Web Server Started
WARNING:werkzeug: * Debugger is active!
INFO:werkzeug: * Debugger PIN: 312-095-692
INFO:werkzeug: * Running on http://0.0.0.0:8080/ (Press CTRL+C to quit)
INFO:werkzeug: * Detected change in 'C:\\Users\\Will\\PycharmProjects\\travel_service\\views\\menus.py', reloading
INFO:werkzeug: * Restarting with stat
INFO:root:Flask Web Server Started
WARNING:werkzeug: * Debugger is active!
INFO:werkzeug: * Debugger PIN: 312-095-692
INFO:werkzeug: * Running on http://0.0.0.0:8080/ (Press CTRL+C to quit)
DEBUG:urllib3.connectionpool:Starting new HTTP connection (1): api.visitkorea.or.kr:80
DEBUG:urllib3.connectionpool:http://api.visitkorea.or.kr:80 "GET /openapi/service/rest/KorService/searchKeyword?ServiceKey=mzv%2B5nKLrKuD%2BmQQsQNPL9WTK%2B%2Bv2TmZhLsfKQ94z9xgb1RpWBP17HLSPzxlwwYugsmNqEOJqSxKVAXxdImgXg%3D%3D&keyword=%EA%B5%AD%EB%A6%BD%EA%B3%B5%EC%9B%90&listYN=Y&arrange=A&MobileOS=ETC&MobileApp=AppTest&_type=json HTTP/1.1" 200 4889
DEBUG:urllib3.connectionpool:Starting new HTTP connection (1): apis.data.go.kr:80
DEBUG:urllib3.connectionpool:http://apis.data.go.kr:80 "GET /B553077/api/open/sdsc/baroApi?resId=dong&catId=cty&ctprvnCd=47&ServiceKey=mzv%2B5nKLrKuD%2BmQQsQNPL9WTK%2B%2Bv2TmZhLsfKQ94z9xgb1RpWBP17HLSPzxlwwYugsmNqEOJqSxKVAXxdImgXg%3D%3D&type=json HTTP/1.1" 200 561
DEBUG:urllib3.connectionpool:Starting new HTTP connection (1): apis.data.go.kr:80
DEBUG:urllib3.connectionpool:http://apis.data.go.kr:80 "GET /B553077/api/open/sdsc/storeListInDong?divId=signguCd&key=47113&ServiceKey=mzv%2B5nKLrKuD%2BmQQsQNPL9WTK%2B%2Bv2TmZhLsfKQ94z9xgb1RpWBP17HLSPzxlwwYugsmNqEOJqSxKVAXxdImgXg%3D%3D&type=json HTTP/1.1" 200 4090
DEBUG:urllib3.connectionpool:Starting new HTTP connection (1): apis.data.go.kr:80
DEBUG:urllib3.connectionpool:http://apis.data.go.kr:80 "GET /B553077/api/open/sdsc/baroApi?resId=dong&catId=cty&ctprvnCd=48&ServiceKey=mzv%2B5nKLrKuD%2BmQQsQNPL9WTK%2B%2Bv2TmZhLsfKQ94z9xgb1RpWBP17HLSPzxlwwYugsmNqEOJqSxKVAXxdImgXg%3D%3D&type=json HTTP/1.1" 200 565
DEBUG:urllib3.connectionpool:Starting new HTTP connection (1): apis.data.go.kr:80
DEBUG:urllib3.connectionpool:http://apis.data.go.kr:80 "GET /B553077/api/open/sdsc/storeListInDong?divId=signguCd&key=48890&ServiceKey=mzv%2B5nKLrKuD%2BmQQsQNPL9WTK%2B%2Bv2TmZhLsfKQ94z9xgb1RpWBP17HLSPzxlwwYugsmNqEOJqSxKVAXxdImgXg%3D%3D&type=json HTTP/1.1" 200 3866
DEBUG:urllib3.connectionpool:Starting new HTTP connection (1): apis.data.go.kr:80
DEBUG:urllib3.connectionpool:http://apis.data.go.kr:80 "GET /B553077/api/open/sdsc/baroApi?resId=dong&catId=cty&ctprvnCd=47&ServiceKey=mzv%2B5nKLrKuD%2BmQQsQNPL9WTK%2B%2Bv2TmZhLsfKQ94z9xgb1RpWBP17HLSPzxlwwYugsmNqEOJqSxKVAXxdImgXg%3D%3D&type=json HTTP/1.1" 200 561
DEBUG:urllib3.connectionpool:Starting new HTTP connection (1): apis.data.go.kr:80
DEBUG:urllib3.connectionpool:http://apis.data.go.kr:80 "GET /B553077/api/open/sdsc/storeListInDong?divId=signguCd&key=47113&ServiceKey=mzv%2B5nKLrKuD%2BmQQsQNPL9WTK%2B%2Bv2TmZhLsfKQ94z9xgb1RpWBP17HLSPzxlwwYugsmNqEOJqSxKVAXxdImgXg%3D%3D&type=json HTTP/1.1" 200 4090
DEBUG:urllib3.connectionpool:Starting new HTTP connection (1): apis.data.go.kr:80
DEBUG:urllib3.connectionpool:http://apis.data.go.kr:80 "GET /B553077/api/open/sdsc/baroApi?resId=dong&catId=cty&ctprvnCd=44&ServiceKey=mzv%2B5nKLrKuD%2BmQQsQNPL9WTK%2B%2Bv2TmZhLsfKQ94z9xgb1RpWBP17HLSPzxlwwYugsmNqEOJqSxKVAXxdImgXg%3D%3D&type=json HTTP/1.1" 200 497
DEBUG:urllib3.connectionpool:Starting new HTTP connection (1): apis.data.go.kr:80
DEBUG:urllib3.connectionpool:http://apis.data.go.kr:80 "GET /B553077/api/open/sdsc/storeListInDong?divId=signguCd&key=44800&ServiceKey=mzv%2B5nKLrKuD%2BmQQsQNPL9WTK%2B%2Bv2TmZhLsfKQ94z9xgb1RpWBP17HLSPzxlwwYugsmNqEOJqSxKVAXxdImgXg%3D%3D&type=json HTTP/1.1" 200 3840
DEBUG:urllib3.connectionpool:Starting new HTTP connection (1): apis.data.go.kr:80
DEBUG:urllib3.connectionpool:http://apis.data.go.kr:80 "GET /B553077/api/open/sdsc/baroApi?resId=dong&catId=cty&ctprvnCd=11&ServiceKey=mzv%2B5nKLrKuD%2BmQQsQNPL9WTK%2B%2Bv2TmZhLsfKQ94z9xgb1RpWBP17HLSPzxlwwYugsmNqEOJqSxKVAXxdImgXg%3D%3D&type=json HTTP/1.1" 200 571
DEBUG:urllib3.connectionpool:Starting new HTTP connection (1): apis.data.go.kr:80
DEBUG:urllib3.connectionpool:http://apis.data.go.kr:80 "GET /B553077/api/open/sdsc/storeListInDong?divId=signguCd&key=11260&ServiceKey=mzv%2B5nKLrKuD%2BmQQsQNPL9WTK%2B%2Bv2TmZhLsfKQ94z9xgb1RpWBP17HLSPzxlwwYugsmNqEOJqSxKVAXxdImgXg%3D%3D&type=json HTTP/1.1" 200 3950
DEBUG:urllib3.connectionpool:Starting new HTTP connection (1): apis.data.go.kr:80
DEBUG:urllib3.connectionpool:http://apis.data.go.kr:80 "GET /B553077/api/open/sdsc/baroApi?resId=dong&catId=cty&ctprvnCd=46&ServiceKey=mzv%2B5nKLrKuD%2BmQQsQNPL9WTK%2B%2Bv2TmZhLsfKQ94z9xgb1RpWBP17HLSPzxlwwYugsmNqEOJqSxKVAXxdImgXg%3D%3D&type=json HTTP/1.1" 200 544
DEBUG:urllib3.connectionpool:Starting new HTTP connection (1): apis.data.go.kr:80
DEBUG:urllib3.connectionpool:http://apis.data.go.kr:80 "GET /B553077/api/open/sdsc/storeListInDong?divId=signguCd&key=46790&ServiceKey=mzv%2B5nKLrKuD%2BmQQsQNPL9WTK%2B%2Bv2TmZhLsfKQ94z9xgb1RpWBP17HLSPzxlwwYugsmNqEOJqSxKVAXxdImgXg%3D%3D&type=json HTTP/1.1" 200 3552
DEBUG:urllib3.connectionpool:Starting new HTTP connection (1): apis.data.go.kr:80
DEBUG:urllib3.connectionpool:http://apis.data.go.kr:80 "GET /B553077/api/open/sdsc/baroApi?resId=dong&catId=cty&ctprvnCd=11&ServiceKey=mzv%2B5nKLrKuD%2BmQQsQNPL9WTK%2B%2Bv2TmZhLsfKQ94z9xgb1RpWBP17HLSPzxlwwYugsmNqEOJqSxKVAXxdImgXg%3D%3D&type=json HTTP/1.1" 200 571
DEBUG:urllib3.connectionpool:Starting new HTTP connection (1): apis.data.go.kr:80
DEBUG:urllib3.connectionpool:http://apis.data.go.kr:80 "GET /B553077/api/open/sdsc/storeListInDong?divId=signguCd&key=11260&ServiceKey=mzv%2B5nKLrKuD%2BmQQsQNPL9WTK%2B%2Bv2TmZhLsfKQ94z9xgb1RpWBP17HLSPzxlwwYugsmNqEOJqSxKVAXxdImgXg%3D%3D&type=json HTTP/1.1" 200 3950
DEBUG:urllib3.connectionpool:Starting new HTTP connection (1): apis.data.go.kr:80
DEBUG:urllib3.connectionpool:http://apis.data.go.kr:80 "GET /B553077/api/open/sdsc/baroApi?resId=dong&catId=cty&ctprvnCd=45&ServiceKey=mzv%2B5nKLrKuD%2BmQQsQNPL9WTK%2B%2Bv2TmZhLsfKQ94z9xgb1RpWBP17HLSPzxlwwYugsmNqEOJqSxKVAXxdImgXg%3D%3D&type=json HTTP/1.1" 200 483
DEBUG:urllib3.connectionpool:Starting new HTTP connection (1): apis.data.go.kr:80
DEBUG:urllib3.connectionpool:http://apis.data.go.kr:80 "GET /B553077/api/open/sdsc/storeListInDong?divId=signguCd&key=45720&ServiceKey=mzv%2B5nKLrKuD%2BmQQsQNPL9WTK%2B%2Bv2TmZhLsfKQ94z9xgb1RpWBP17HLSPzxlwwYugsmNqEOJqSxKVAXxdImgXg%3D%3D&type=json HTTP/1.1" 200 3787
DEBUG:urllib3.connectionpool:Starting new HTTP connection (1): apis.data.go.kr:80
DEBUG:urllib3.connectionpool:http://apis.data.go.kr:80 "GET /B553077/api/open/sdsc/baroApi?resId=dong&catId=cty&ctprvnCd=46&ServiceKey=mzv%2B5nKLrKuD%2BmQQsQNPL9WTK%2B%2Bv2TmZhLsfKQ94z9xgb1RpWBP17HLSPzxlwwYugsmNqEOJqSxKVAXxdImgXg%3D%3D&type=json HTTP/1.1" 200 544
DEBUG:urllib3.connectionpool:Starting new HTTP connection (1): apis.data.go.kr:80
DEBUG:urllib3.connectionpool:http://apis.data.go.kr:80 "GET /B553077/api/open/sdsc/storeListInDong?divId=signguCd&key=46790&ServiceKey=mzv%2B5nKLrKuD%2BmQQsQNPL9WTK%2B%2Bv2TmZhLsfKQ94z9xgb1RpWBP17HLSPzxlwwYugsmNqEOJqSxKVAXxdImgXg%3D%3D&type=json HTTP/1.1" 200 3552
DEBUG:urllib3.connectionpool:Starting new HTTP connection (1): apis.data.go.kr:80
DEBUG:urllib3.connectionpool:http://apis.data.go.kr:80 "GET /B553077/api/open/sdsc/baroApi?resId=dong&catId=cty&ctprvnCd=46&ServiceKey=mzv%2B5nKLrKuD%2BmQQsQNPL9WTK%2B%2Bv2TmZhLsfKQ94z9xgb1RpWBP17HLSPzxlwwYugsmNqEOJqSxKVAXxdImgXg%3D%3D&type=json HTTP/1.1" 200 544
DEBUG:urllib3.connectionpool:Starting new HTTP connection (1): apis.data.go.kr:80
DEBUG:urllib3.connectionpool:http://apis.data.go.kr:80 "GET /B553077/api/open/sdsc/storeListInDong?divId=signguCd&key=46790&ServiceKey=mzv%2B5nKLrKuD%2BmQQsQNPL9WTK%2B%2Bv2TmZhLsfKQ94z9xgb1RpWBP17HLSPzxlwwYugsmNqEOJqSxKVAXxdImgXg%3D%3D&type=json HTTP/1.1" 200 3552
INFO:werkzeug:127.0.0.1 - - [16/Dec/2019 03:15:42] "POST /menus/travel HTTP/1.1" 500 -
INFO:werkzeug:127.0.0.1 - - [16/Dec/2019 03:15:42] "GET /menus/travel?__debugger__=yes&cmd=resource&f=style.css HTTP/1.1" 200 -
INFO:werkzeug:127.0.0.1 - - [16/Dec/2019 03:15:42] "GET /menus/travel?__debugger__=yes&cmd=resource&f=jquery.js HTTP/1.1" 200 -
INFO:werkzeug:127.0.0.1 - - [16/Dec/2019 03:15:42] "GET /menus/travel?__debugger__=yes&cmd=resource&f=debugger.js HTTP/1.1" 200 -
INFO:werkzeug:127.0.0.1 - - [16/Dec/2019 03:15:42] "GET /menus/travel?__debugger__=yes&cmd=resource&f=ubuntu.ttf HTTP/1.1" 200 -
INFO:werkzeug:127.0.0.1 - - [16/Dec/2019 03:15:42] "GET /menus/travel?__debugger__=yes&cmd=resource&f=console.png HTTP/1.1" 200 -
INFO:werkzeug:127.0.0.1 - - [16/Dec/2019 03:15:42] "GET /menus/travel?__debugger__=yes&cmd=resource&f=console.png HTTP/1.1" 200 -
INFO:werkzeug: * Detected change in 'C:\\Users\\Will\\PycharmProjects\\travel_service\\views\\menus.py', reloading
INFO:werkzeug: * Restarting with stat
INFO:root:Flask Web Server Started
WARNING:werkzeug: * Debugger is active!
INFO:werkzeug: * Debugger PIN: 312-095-692
INFO:werkzeug: * Running on http://0.0.0.0:8080/ (Press CTRL+C to quit)
DEBUG:urllib3.connectionpool:Starting new HTTP connection (1): api.visitkorea.or.kr:80
DEBUG:urllib3.connectionpool:http://api.visitkorea.or.kr:80 "GET /openapi/service/rest/KorService/searchKeyword?ServiceKey=mzv%2B5nKLrKuD%2BmQQsQNPL9WTK%2B%2Bv2TmZhLsfKQ94z9xgb1RpWBP17HLSPzxlwwYugsmNqEOJqSxKVAXxdImgXg%3D%3D&keyword=%EA%B5%AD%EB%A6%BD%EA%B3%B5%EC%9B%90&listYN=Y&arrange=A&MobileOS=ETC&MobileApp=AppTest&_type=json HTTP/1.1" 200 4889
DEBUG:urllib3.connectionpool:Starting new HTTP connection (1): apis.data.go.kr:80
DEBUG:urllib3.connectionpool:http://apis.data.go.kr:80 "GET /B553077/api/open/sdsc/baroApi?resId=dong&catId=cty&ctprvnCd=47&ServiceKey=mzv%2B5nKLrKuD%2BmQQsQNPL9WTK%2B%2Bv2TmZhLsfKQ94z9xgb1RpWBP17HLSPzxlwwYugsmNqEOJqSxKVAXxdImgXg%3D%3D&type=json HTTP/1.1" 200 561
DEBUG:urllib3.connectionpool:Starting new HTTP connection (1): apis.data.go.kr:80
DEBUG:urllib3.connectionpool:http://apis.data.go.kr:80 "GET /B553077/api/open/sdsc/storeListInDong?divId=signguCd&key=47113&ServiceKey=mzv%2B5nKLrKuD%2BmQQsQNPL9WTK%2B%2Bv2TmZhLsfKQ94z9xgb1RpWBP17HLSPzxlwwYugsmNqEOJqSxKVAXxdImgXg%3D%3D&type=json HTTP/1.1" 200 4090
DEBUG:urllib3.connectionpool:Starting new HTTP connection (1): apis.data.go.kr:80
DEBUG:urllib3.connectionpool:http://apis.data.go.kr:80 "GET /B553077/api/open/sdsc/baroApi?resId=dong&catId=cty&ctprvnCd=48&ServiceKey=mzv%2B5nKLrKuD%2BmQQsQNPL9WTK%2B%2Bv2TmZhLsfKQ94z9xgb1RpWBP17HLSPzxlwwYugsmNqEOJqSxKVAXxdImgXg%3D%3D&type=json HTTP/1.1" 200 565
DEBUG:urllib3.connectionpool:Starting new HTTP connection (1): apis.data.go.kr:80
DEBUG:urllib3.connectionpool:http://apis.data.go.kr:80 "GET /B553077/api/open/sdsc/storeListInDong?divId=signguCd&key=48890&ServiceKey=mzv%2B5nKLrKuD%2BmQQsQNPL9WTK%2B%2Bv2TmZhLsfKQ94z9xgb1RpWBP17HLSPzxlwwYugsmNqEOJqSxKVAXxdImgXg%3D%3D&type=json HTTP/1.1" 200 3866
DEBUG:urllib3.connectionpool:Starting new HTTP connection (1): apis.data.go.kr:80
DEBUG:urllib3.connectionpool:http://apis.data.go.kr:80 "GET /B553077/api/open/sdsc/baroApi?resId=dong&catId=cty&ctprvnCd=47&ServiceKey=mzv%2B5nKLrKuD%2BmQQsQNPL9WTK%2B%2Bv2TmZhLsfKQ94z9xgb1RpWBP17HLSPzxlwwYugsmNqEOJqSxKVAXxdImgXg%3D%3D&type=json HTTP/1.1" 200 561
DEBUG:urllib3.connectionpool:Starting new HTTP connection (1): apis.data.go.kr:80
DEBUG:urllib3.connectionpool:http://apis.data.go.kr:80 "GET /B553077/api/open/sdsc/storeListInDong?divId=signguCd&key=47113&ServiceKey=mzv%2B5nKLrKuD%2BmQQsQNPL9WTK%2B%2Bv2TmZhLsfKQ94z9xgb1RpWBP17HLSPzxlwwYugsmNqEOJqSxKVAXxdImgXg%3D%3D&type=json HTTP/1.1" 200 4090
DEBUG:urllib3.connectionpool:Starting new HTTP connection (1): apis.data.go.kr:80
DEBUG:urllib3.connectionpool:http://apis.data.go.kr:80 "GET /B553077/api/open/sdsc/baroApi?resId=dong&catId=cty&ctprvnCd=44&ServiceKey=mzv%2B5nKLrKuD%2BmQQsQNPL9WTK%2B%2Bv2TmZhLsfKQ94z9xgb1RpWBP17HLSPzxlwwYugsmNqEOJqSxKVAXxdImgXg%3D%3D&type=json HTTP/1.1" 200 497
DEBUG:urllib3.connectionpool:Starting new HTTP connection (1): apis.data.go.kr:80
DEBUG:urllib3.connectionpool:http://apis.data.go.kr:80 "GET /B553077/api/open/sdsc/storeListInDong?divId=signguCd&key=44800&ServiceKey=mzv%2B5nKLrKuD%2BmQQsQNPL9WTK%2B%2Bv2TmZhLsfKQ94z9xgb1RpWBP17HLSPzxlwwYugsmNqEOJqSxKVAXxdImgXg%3D%3D&type=json HTTP/1.1" 200 3840
DEBUG:urllib3.connectionpool:Starting new HTTP connection (1): apis.data.go.kr:80
DEBUG:urllib3.connectionpool:http://apis.data.go.kr:80 "GET /B553077/api/open/sdsc/baroApi?resId=dong&catId=cty&ctprvnCd=11&ServiceKey=mzv%2B5nKLrKuD%2BmQQsQNPL9WTK%2B%2Bv2TmZhLsfKQ94z9xgb1RpWBP17HLSPzxlwwYugsmNqEOJqSxKVAXxdImgXg%3D%3D&type=json HTTP/1.1" 200 571
DEBUG:urllib3.connectionpool:Starting new HTTP connection (1): apis.data.go.kr:80
DEBUG:urllib3.connectionpool:http://apis.data.go.kr:80 "GET /B553077/api/open/sdsc/storeListInDong?divId=signguCd&key=11260&ServiceKey=mzv%2B5nKLrKuD%2BmQQsQNPL9WTK%2B%2Bv2TmZhLsfKQ94z9xgb1RpWBP17HLSPzxlwwYugsmNqEOJqSxKVAXxdImgXg%3D%3D&type=json HTTP/1.1" 200 3950
DEBUG:urllib3.connectionpool:Starting new HTTP connection (1): apis.data.go.kr:80
DEBUG:urllib3.connectionpool:http://apis.data.go.kr:80 "GET /B553077/api/open/sdsc/baroApi?resId=dong&catId=cty&ctprvnCd=46&ServiceKey=mzv%2B5nKLrKuD%2BmQQsQNPL9WTK%2B%2Bv2TmZhLsfKQ94z9xgb1RpWBP17HLSPzxlwwYugsmNqEOJqSxKVAXxdImgXg%3D%3D&type=json HTTP/1.1" 200 544
DEBUG:urllib3.connectionpool:Starting new HTTP connection (1): apis.data.go.kr:80
DEBUG:urllib3.connectionpool:http://apis.data.go.kr:80 "GET /B553077/api/open/sdsc/storeListInDong?divId=signguCd&key=46790&ServiceKey=mzv%2B5nKLrKuD%2BmQQsQNPL9WTK%2B%2Bv2TmZhLsfKQ94z9xgb1RpWBP17HLSPzxlwwYugsmNqEOJqSxKVAXxdImgXg%3D%3D&type=json HTTP/1.1" 200 3552
DEBUG:urllib3.connectionpool:Starting new HTTP connection (1): apis.data.go.kr:80
DEBUG:urllib3.connectionpool:http://apis.data.go.kr:80 "GET /B553077/api/open/sdsc/baroApi?resId=dong&catId=cty&ctprvnCd=11&ServiceKey=mzv%2B5nKLrKuD%2BmQQsQNPL9WTK%2B%2Bv2TmZhLsfKQ94z9xgb1RpWBP17HLSPzxlwwYugsmNqEOJqSxKVAXxdImgXg%3D%3D&type=json HTTP/1.1" 200 571
DEBUG:urllib3.connectionpool:Starting new HTTP connection (1): apis.data.go.kr:80
DEBUG:urllib3.connectionpool:http://apis.data.go.kr:80 "GET /B553077/api/open/sdsc/storeListInDong?divId=signguCd&key=11260&ServiceKey=mzv%2B5nKLrKuD%2BmQQsQNPL9WTK%2B%2Bv2TmZhLsfKQ94z9xgb1RpWBP17HLSPzxlwwYugsmNqEOJqSxKVAXxdImgXg%3D%3D&type=json HTTP/1.1" 200 3950
DEBUG:urllib3.connectionpool:Starting new HTTP connection (1): apis.data.go.kr:80
DEBUG:urllib3.connectionpool:http://apis.data.go.kr:80 "GET /B553077/api/open/sdsc/baroApi?resId=dong&catId=cty&ctprvnCd=45&ServiceKey=mzv%2B5nKLrKuD%2BmQQsQNPL9WTK%2B%2Bv2TmZhLsfKQ94z9xgb1RpWBP17HLSPzxlwwYugsmNqEOJqSxKVAXxdImgXg%3D%3D&type=json HTTP/1.1" 200 483
DEBUG:urllib3.connectionpool:Starting new HTTP connection (1): apis.data.go.kr:80
DEBUG:urllib3.connectionpool:http://apis.data.go.kr:80 "GET /B553077/api/open/sdsc/storeListInDong?divId=signguCd&key=45720&ServiceKey=mzv%2B5nKLrKuD%2BmQQsQNPL9WTK%2B%2Bv2TmZhLsfKQ94z9xgb1RpWBP17HLSPzxlwwYugsmNqEOJqSxKVAXxdImgXg%3D%3D&type=json HTTP/1.1" 200 3787
DEBUG:urllib3.connectionpool:Starting new HTTP connection (1): apis.data.go.kr:80
DEBUG:urllib3.connectionpool:http://apis.data.go.kr:80 "GET /B553077/api/open/sdsc/baroApi?resId=dong&catId=cty&ctprvnCd=46&ServiceKey=mzv%2B5nKLrKuD%2BmQQsQNPL9WTK%2B%2Bv2TmZhLsfKQ94z9xgb1RpWBP17HLSPzxlwwYugsmNqEOJqSxKVAXxdImgXg%3D%3D&type=json HTTP/1.1" 200 544
DEBUG:urllib3.connectionpool:Starting new HTTP connection (1): apis.data.go.kr:80
DEBUG:urllib3.connectionpool:http://apis.data.go.kr:80 "GET /B553077/api/open/sdsc/storeListInDong?divId=signguCd&key=46790&ServiceKey=mzv%2B5nKLrKuD%2BmQQsQNPL9WTK%2B%2Bv2TmZhLsfKQ94z9xgb1RpWBP17HLSPzxlwwYugsmNqEOJqSxKVAXxdImgXg%3D%3D&type=json HTTP/1.1" 200 3552
DEBUG:urllib3.connectionpool:Starting new HTTP connection (1): apis.data.go.kr:80
DEBUG:urllib3.connectionpool:http://apis.data.go.kr:80 "GET /B553077/api/open/sdsc/baroApi?resId=dong&catId=cty&ctprvnCd=46&ServiceKey=mzv%2B5nKLrKuD%2BmQQsQNPL9WTK%2B%2Bv2TmZhLsfKQ94z9xgb1RpWBP17HLSPzxlwwYugsmNqEOJqSxKVAXxdImgXg%3D%3D&type=json HTTP/1.1" 200 544
DEBUG:urllib3.connectionpool:Starting new HTTP connection (1): apis.data.go.kr:80
DEBUG:urllib3.connectionpool:http://apis.data.go.kr:80 "GET /B553077/api/open/sdsc/storeListInDong?divId=signguCd&key=46790&ServiceKey=mzv%2B5nKLrKuD%2BmQQsQNPL9WTK%2B%2Bv2TmZhLsfKQ94z9xgb1RpWBP17HLSPzxlwwYugsmNqEOJqSxKVAXxdImgXg%3D%3D&type=json HTTP/1.1" 200 3552
INFO:werkzeug:127.0.0.1 - - [16/Dec/2019 03:16:35] "POST /menus/travel HTTP/1.1" 500 -
INFO:werkzeug:127.0.0.1 - - [16/Dec/2019 03:16:35] "GET /menus/travel?__debugger__=yes&cmd=resource&f=style.css HTTP/1.1" 200 -
INFO:werkzeug:127.0.0.1 - - [16/Dec/2019 03:16:35] "GET /menus/travel?__debugger__=yes&cmd=resource&f=jquery.js HTTP/1.1" 200 -
INFO:werkzeug:127.0.0.1 - - [16/Dec/2019 03:16:35] "GET /menus/travel?__debugger__=yes&cmd=resource&f=debugger.js HTTP/1.1" 200 -
INFO:werkzeug:127.0.0.1 - - [16/Dec/2019 03:16:35] "GET /menus/travel?__debugger__=yes&cmd=resource&f=ubuntu.ttf HTTP/1.1" 200 -
INFO:werkzeug:127.0.0.1 - - [16/Dec/2019 03:16:35] "GET /menus/travel?__debugger__=yes&cmd=resource&f=console.png HTTP/1.1" 200 -
INFO:werkzeug:127.0.0.1 - - [16/Dec/2019 03:16:36] "GET /menus/travel?__debugger__=yes&cmd=resource&f=console.png HTTP/1.1" 200 -
INFO:werkzeug: * Detected change in 'C:\\Users\\Will\\PycharmProjects\\travel_service\\views\\menus.py', reloading
INFO:werkzeug: * Restarting with stat
INFO:root:Flask Web Server Started
WARNING:werkzeug: * Debugger is active!
INFO:werkzeug: * Debugger PIN: 312-095-692
INFO:werkzeug: * Running on http://0.0.0.0:8080/ (Press CTRL+C to quit)
DEBUG:urllib3.connectionpool:Starting new HTTP connection (1): api.visitkorea.or.kr:80
DEBUG:urllib3.connectionpool:http://api.visitkorea.or.kr:80 "GET /openapi/service/rest/KorService/searchKeyword?ServiceKey=mzv%2B5nKLrKuD%2BmQQsQNPL9WTK%2B%2Bv2TmZhLsfKQ94z9xgb1RpWBP17HLSPzxlwwYugsmNqEOJqSxKVAXxdImgXg%3D%3D&keyword=%EA%B5%AD%EB%A6%BD%EA%B3%B5%EC%9B%90&listYN=Y&arrange=A&MobileOS=ETC&MobileApp=AppTest&_type=json HTTP/1.1" 200 4889
DEBUG:urllib3.connectionpool:Starting new HTTP connection (1): apis.data.go.kr:80
DEBUG:urllib3.connectionpool:http://apis.data.go.kr:80 "GET /B553077/api/open/sdsc/baroApi?resId=dong&catId=cty&ctprvnCd=47&ServiceKey=mzv%2B5nKLrKuD%2BmQQsQNPL9WTK%2B%2Bv2TmZhLsfKQ94z9xgb1RpWBP17HLSPzxlwwYugsmNqEOJqSxKVAXxdImgXg%3D%3D&type=json HTTP/1.1" 200 561
DEBUG:urllib3.connectionpool:Starting new HTTP connection (1): apis.data.go.kr:80
DEBUG:urllib3.connectionpool:http://apis.data.go.kr:80 "GET /B553077/api/open/sdsc/storeListInDong?divId=signguCd&key=47113&ServiceKey=mzv%2B5nKLrKuD%2BmQQsQNPL9WTK%2B%2Bv2TmZhLsfKQ94z9xgb1RpWBP17HLSPzxlwwYugsmNqEOJqSxKVAXxdImgXg%3D%3D&type=json HTTP/1.1" 200 4090
DEBUG:urllib3.connectionpool:Starting new HTTP connection (1): apis.data.go.kr:80
DEBUG:urllib3.connectionpool:http://apis.data.go.kr:80 "GET /B553077/api/open/sdsc/baroApi?resId=dong&catId=cty&ctprvnCd=48&ServiceKey=mzv%2B5nKLrKuD%2BmQQsQNPL9WTK%2B%2Bv2TmZhLsfKQ94z9xgb1RpWBP17HLSPzxlwwYugsmNqEOJqSxKVAXxdImgXg%3D%3D&type=json HTTP/1.1" 200 565
DEBUG:urllib3.connectionpool:Starting new HTTP connection (1): apis.data.go.kr:80
DEBUG:urllib3.connectionpool:http://apis.data.go.kr:80 "GET /B553077/api/open/sdsc/storeListInDong?divId=signguCd&key=48890&ServiceKey=mzv%2B5nKLrKuD%2BmQQsQNPL9WTK%2B%2Bv2TmZhLsfKQ94z9xgb1RpWBP17HLSPzxlwwYugsmNqEOJqSxKVAXxdImgXg%3D%3D&type=json HTTP/1.1" 200 3866
DEBUG:urllib3.connectionpool:Starting new HTTP connection (1): apis.data.go.kr:80
DEBUG:urllib3.connectionpool:http://apis.data.go.kr:80 "GET /B553077/api/open/sdsc/baroApi?resId=dong&catId=cty&ctprvnCd=47&ServiceKey=mzv%2B5nKLrKuD%2BmQQsQNPL9WTK%2B%2Bv2TmZhLsfKQ94z9xgb1RpWBP17HLSPzxlwwYugsmNqEOJqSxKVAXxdImgXg%3D%3D&type=json HTTP/1.1" 200 561
DEBUG:urllib3.connectionpool:Starting new HTTP connection (1): apis.data.go.kr:80
DEBUG:urllib3.connectionpool:http://apis.data.go.kr:80 "GET /B553077/api/open/sdsc/storeListInDong?divId=signguCd&key=47113&ServiceKey=mzv%2B5nKLrKuD%2BmQQsQNPL9WTK%2B%2Bv2TmZhLsfKQ94z9xgb1RpWBP17HLSPzxlwwYugsmNqEOJqSxKVAXxdImgXg%3D%3D&type=json HTTP/1.1" 200 4090
DEBUG:urllib3.connectionpool:Starting new HTTP connection (1): apis.data.go.kr:80
DEBUG:urllib3.connectionpool:http://apis.data.go.kr:80 "GET /B553077/api/open/sdsc/baroApi?resId=dong&catId=cty&ctprvnCd=44&ServiceKey=mzv%2B5nKLrKuD%2BmQQsQNPL9WTK%2B%2Bv2TmZhLsfKQ94z9xgb1RpWBP17HLSPzxlwwYugsmNqEOJqSxKVAXxdImgXg%3D%3D&type=json HTTP/1.1" 200 497
DEBUG:urllib3.connectionpool:Starting new HTTP connection (1): apis.data.go.kr:80
DEBUG:urllib3.connectionpool:http://apis.data.go.kr:80 "GET /B553077/api/open/sdsc/storeListInDong?divId=signguCd&key=44800&ServiceKey=mzv%2B5nKLrKuD%2BmQQsQNPL9WTK%2B%2Bv2TmZhLsfKQ94z9xgb1RpWBP17HLSPzxlwwYugsmNqEOJqSxKVAXxdImgXg%3D%3D&type=json HTTP/1.1" 200 3840
DEBUG:urllib3.connectionpool:Starting new HTTP connection (1): apis.data.go.kr:80
DEBUG:urllib3.connectionpool:http://apis.data.go.kr:80 "GET /B553077/api/open/sdsc/baroApi?resId=dong&catId=cty&ctprvnCd=11&ServiceKey=mzv%2B5nKLrKuD%2BmQQsQNPL9WTK%2B%2Bv2TmZhLsfKQ94z9xgb1RpWBP17HLSPzxlwwYugsmNqEOJqSxKVAXxdImgXg%3D%3D&type=json HTTP/1.1" 200 571
DEBUG:urllib3.connectionpool:Starting new HTTP connection (1): apis.data.go.kr:80
DEBUG:urllib3.connectionpool:http://apis.data.go.kr:80 "GET /B553077/api/open/sdsc/storeListInDong?divId=signguCd&key=11260&ServiceKey=mzv%2B5nKLrKuD%2BmQQsQNPL9WTK%2B%2Bv2TmZhLsfKQ94z9xgb1RpWBP17HLSPzxlwwYugsmNqEOJqSxKVAXxdImgXg%3D%3D&type=json HTTP/1.1" 200 3950
DEBUG:urllib3.connectionpool:Starting new HTTP connection (1): apis.data.go.kr:80
DEBUG:urllib3.connectionpool:http://apis.data.go.kr:80 "GET /B553077/api/open/sdsc/baroApi?resId=dong&catId=cty&ctprvnCd=46&ServiceKey=mzv%2B5nKLrKuD%2BmQQsQNPL9WTK%2B%2Bv2TmZhLsfKQ94z9xgb1RpWBP17HLSPzxlwwYugsmNqEOJqSxKVAXxdImgXg%3D%3D&type=json HTTP/1.1" 200 544
DEBUG:urllib3.connectionpool:Starting new HTTP connection (1): apis.data.go.kr:80
DEBUG:urllib3.connectionpool:http://apis.data.go.kr:80 "GET /B553077/api/open/sdsc/storeListInDong?divId=signguCd&key=46790&ServiceKey=mzv%2B5nKLrKuD%2BmQQsQNPL9WTK%2B%2Bv2TmZhLsfKQ94z9xgb1RpWBP17HLSPzxlwwYugsmNqEOJqSxKVAXxdImgXg%3D%3D&type=json HTTP/1.1" 200 3552
DEBUG:urllib3.connectionpool:Starting new HTTP connection (1): apis.data.go.kr:80
DEBUG:urllib3.connectionpool:http://apis.data.go.kr:80 "GET /B553077/api/open/sdsc/baroApi?resId=dong&catId=cty&ctprvnCd=11&ServiceKey=mzv%2B5nKLrKuD%2BmQQsQNPL9WTK%2B%2Bv2TmZhLsfKQ94z9xgb1RpWBP17HLSPzxlwwYugsmNqEOJqSxKVAXxdImgXg%3D%3D&type=json HTTP/1.1" 200 571
DEBUG:urllib3.connectionpool:Starting new HTTP connection (1): apis.data.go.kr:80
DEBUG:urllib3.connectionpool:http://apis.data.go.kr:80 "GET /B553077/api/open/sdsc/storeListInDong?divId=signguCd&key=11260&ServiceKey=mzv%2B5nKLrKuD%2BmQQsQNPL9WTK%2B%2Bv2TmZhLsfKQ94z9xgb1RpWBP17HLSPzxlwwYugsmNqEOJqSxKVAXxdImgXg%3D%3D&type=json HTTP/1.1" 200 3950
DEBUG:urllib3.connectionpool:Starting new HTTP connection (1): apis.data.go.kr:80
DEBUG:urllib3.connectionpool:http://apis.data.go.kr:80 "GET /B553077/api/open/sdsc/baroApi?resId=dong&catId=cty&ctprvnCd=45&ServiceKey=mzv%2B5nKLrKuD%2BmQQsQNPL9WTK%2B%2Bv2TmZhLsfKQ94z9xgb1RpWBP17HLSPzxlwwYugsmNqEOJqSxKVAXxdImgXg%3D%3D&type=json HTTP/1.1" 200 483
DEBUG:urllib3.connectionpool:Starting new HTTP connection (1): apis.data.go.kr:80
DEBUG:urllib3.connectionpool:http://apis.data.go.kr:80 "GET /B553077/api/open/sdsc/storeListInDong?divId=signguCd&key=45720&ServiceKey=mzv%2B5nKLrKuD%2BmQQsQNPL9WTK%2B%2Bv2TmZhLsfKQ94z9xgb1RpWBP17HLSPzxlwwYugsmNqEOJqSxKVAXxdImgXg%3D%3D&type=json HTTP/1.1" 200 3787
DEBUG:urllib3.connectionpool:Starting new HTTP connection (1): apis.data.go.kr:80
DEBUG:urllib3.connectionpool:http://apis.data.go.kr:80 "GET /B553077/api/open/sdsc/baroApi?resId=dong&catId=cty&ctprvnCd=46&ServiceKey=mzv%2B5nKLrKuD%2BmQQsQNPL9WTK%2B%2Bv2TmZhLsfKQ94z9xgb1RpWBP17HLSPzxlwwYugsmNqEOJqSxKVAXxdImgXg%3D%3D&type=json HTTP/1.1" 200 544
DEBUG:urllib3.connectionpool:Starting new HTTP connection (1): apis.data.go.kr:80
DEBUG:urllib3.connectionpool:http://apis.data.go.kr:80 "GET /B553077/api/open/sdsc/storeListInDong?divId=signguCd&key=46790&ServiceKey=mzv%2B5nKLrKuD%2BmQQsQNPL9WTK%2B%2Bv2TmZhLsfKQ94z9xgb1RpWBP17HLSPzxlwwYugsmNqEOJqSxKVAXxdImgXg%3D%3D&type=json HTTP/1.1" 200 3552
DEBUG:urllib3.connectionpool:Starting new HTTP connection (1): apis.data.go.kr:80
DEBUG:urllib3.connectionpool:http://apis.data.go.kr:80 "GET /B553077/api/open/sdsc/baroApi?resId=dong&catId=cty&ctprvnCd=46&ServiceKey=mzv%2B5nKLrKuD%2BmQQsQNPL9WTK%2B%2Bv2TmZhLsfKQ94z9xgb1RpWBP17HLSPzxlwwYugsmNqEOJqSxKVAXxdImgXg%3D%3D&type=json HTTP/1.1" 200 544
DEBUG:urllib3.connectionpool:Starting new HTTP connection (1): apis.data.go.kr:80
DEBUG:urllib3.connectionpool:http://apis.data.go.kr:80 "GET /B553077/api/open/sdsc/storeListInDong?divId=signguCd&key=46790&ServiceKey=mzv%2B5nKLrKuD%2BmQQsQNPL9WTK%2B%2Bv2TmZhLsfKQ94z9xgb1RpWBP17HLSPzxlwwYugsmNqEOJqSxKVAXxdImgXg%3D%3D&type=json HTTP/1.1" 200 3552
INFO:werkzeug:127.0.0.1 - - [16/Dec/2019 03:18:55] "POST /menus/travel HTTP/1.1" 200 -
INFO:werkzeug: * Detected change in 'C:\\Users\\Will\\PycharmProjects\\travel_service\\views\\menus.py', reloading
INFO:werkzeug: * Restarting with stat
INFO:root:Flask Web Server Started
WARNING:werkzeug: * Debugger is active!
INFO:werkzeug: * Debugger PIN: 312-095-692
INFO:werkzeug: * Running on http://0.0.0.0:8080/ (Press CTRL+C to quit)
DEBUG:urllib3.connectionpool:Starting new HTTP connection (1): api.visitkorea.or.kr:80
DEBUG:urllib3.connectionpool:http://api.visitkorea.or.kr:80 "GET /openapi/service/rest/KorService/searchKeyword?ServiceKey=mzv%2B5nKLrKuD%2BmQQsQNPL9WTK%2B%2Bv2TmZhLsfKQ94z9xgb1RpWBP17HLSPzxlwwYugsmNqEOJqSxKVAXxdImgXg%3D%3D&keyword=%EA%B5%AD%EB%A6%BD%EA%B3%B5%EC%9B%90&listYN=Y&arrange=A&MobileOS=ETC&MobileApp=AppTest&_type=json HTTP/1.1" 200 4889
DEBUG:urllib3.connectionpool:Starting new HTTP connection (1): apis.data.go.kr:80
DEBUG:urllib3.connectionpool:http://apis.data.go.kr:80 "GET /B553077/api/open/sdsc/baroApi?resId=dong&catId=cty&ctprvnCd=47&ServiceKey=mzv%2B5nKLrKuD%2BmQQsQNPL9WTK%2B%2Bv2TmZhLsfKQ94z9xgb1RpWBP17HLSPzxlwwYugsmNqEOJqSxKVAXxdImgXg%3D%3D&type=json HTTP/1.1" 200 561
DEBUG:urllib3.connectionpool:Starting new HTTP connection (1): apis.data.go.kr:80
DEBUG:urllib3.connectionpool:http://apis.data.go.kr:80 "GET /B553077/api/open/sdsc/storeListInDong?divId=signguCd&key=47113&ServiceKey=mzv%2B5nKLrKuD%2BmQQsQNPL9WTK%2B%2Bv2TmZhLsfKQ94z9xgb1RpWBP17HLSPzxlwwYugsmNqEOJqSxKVAXxdImgXg%3D%3D&type=json HTTP/1.1" 200 4090
DEBUG:urllib3.connectionpool:Starting new HTTP connection (1): apis.data.go.kr:80
DEBUG:urllib3.connectionpool:http://apis.data.go.kr:80 "GET /B553077/api/open/sdsc/baroApi?resId=dong&catId=cty&ctprvnCd=48&ServiceKey=mzv%2B5nKLrKuD%2BmQQsQNPL9WTK%2B%2Bv2TmZhLsfKQ94z9xgb1RpWBP17HLSPzxlwwYugsmNqEOJqSxKVAXxdImgXg%3D%3D&type=json HTTP/1.1" 200 565
DEBUG:urllib3.connectionpool:Starting new HTTP connection (1): apis.data.go.kr:80
DEBUG:urllib3.connectionpool:http://apis.data.go.kr:80 "GET /B553077/api/open/sdsc/storeListInDong?divId=signguCd&key=48890&ServiceKey=mzv%2B5nKLrKuD%2BmQQsQNPL9WTK%2B%2Bv2TmZhLsfKQ94z9xgb1RpWBP17HLSPzxlwwYugsmNqEOJqSxKVAXxdImgXg%3D%3D&type=json HTTP/1.1" 200 3866
DEBUG:urllib3.connectionpool:Starting new HTTP connection (1): apis.data.go.kr:80
DEBUG:urllib3.connectionpool:http://apis.data.go.kr:80 "GET /B553077/api/open/sdsc/baroApi?resId=dong&catId=cty&ctprvnCd=47&ServiceKey=mzv%2B5nKLrKuD%2BmQQsQNPL9WTK%2B%2Bv2TmZhLsfKQ94z9xgb1RpWBP17HLSPzxlwwYugsmNqEOJqSxKVAXxdImgXg%3D%3D&type=json HTTP/1.1" 200 561
DEBUG:urllib3.connectionpool:Starting new HTTP connection (1): apis.data.go.kr:80
DEBUG:urllib3.connectionpool:http://apis.data.go.kr:80 "GET /B553077/api/open/sdsc/storeListInDong?divId=signguCd&key=47113&ServiceKey=mzv%2B5nKLrKuD%2BmQQsQNPL9WTK%2B%2Bv2TmZhLsfKQ94z9xgb1RpWBP17HLSPzxlwwYugsmNqEOJqSxKVAXxdImgXg%3D%3D&type=json HTTP/1.1" 200 4090
DEBUG:urllib3.connectionpool:Starting new HTTP connection (1): apis.data.go.kr:80
DEBUG:urllib3.connectionpool:http://apis.data.go.kr:80 "GET /B553077/api/open/sdsc/baroApi?resId=dong&catId=cty&ctprvnCd=44&ServiceKey=mzv%2B5nKLrKuD%2BmQQsQNPL9WTK%2B%2Bv2TmZhLsfKQ94z9xgb1RpWBP17HLSPzxlwwYugsmNqEOJqSxKVAXxdImgXg%3D%3D&type=json HTTP/1.1" 200 497
DEBUG:urllib3.connectionpool:Starting new HTTP connection (1): apis.data.go.kr:80
DEBUG:urllib3.connectionpool:http://apis.data.go.kr:80 "GET /B553077/api/open/sdsc/storeListInDong?divId=signguCd&key=44800&ServiceKey=mzv%2B5nKLrKuD%2BmQQsQNPL9WTK%2B%2Bv2TmZhLsfKQ94z9xgb1RpWBP17HLSPzxlwwYugsmNqEOJqSxKVAXxdImgXg%3D%3D&type=json HTTP/1.1" 200 3840
DEBUG:urllib3.connectionpool:Starting new HTTP connection (1): apis.data.go.kr:80
DEBUG:urllib3.connectionpool:http://apis.data.go.kr:80 "GET /B553077/api/open/sdsc/baroApi?resId=dong&catId=cty&ctprvnCd=11&ServiceKey=mzv%2B5nKLrKuD%2BmQQsQNPL9WTK%2B%2Bv2TmZhLsfKQ94z9xgb1RpWBP17HLSPzxlwwYugsmNqEOJqSxKVAXxdImgXg%3D%3D&type=json HTTP/1.1" 200 571
DEBUG:urllib3.connectionpool:Starting new HTTP connection (1): apis.data.go.kr:80
DEBUG:urllib3.connectionpool:http://apis.data.go.kr:80 "GET /B553077/api/open/sdsc/storeListInDong?divId=signguCd&key=11260&ServiceKey=mzv%2B5nKLrKuD%2BmQQsQNPL9WTK%2B%2Bv2TmZhLsfKQ94z9xgb1RpWBP17HLSPzxlwwYugsmNqEOJqSxKVAXxdImgXg%3D%3D&type=json HTTP/1.1" 200 3950
DEBUG:urllib3.connectionpool:Starting new HTTP connection (1): apis.data.go.kr:80
DEBUG:urllib3.connectionpool:http://apis.data.go.kr:80 "GET /B553077/api/open/sdsc/baroApi?resId=dong&catId=cty&ctprvnCd=46&ServiceKey=mzv%2B5nKLrKuD%2BmQQsQNPL9WTK%2B%2Bv2TmZhLsfKQ94z9xgb1RpWBP17HLSPzxlwwYugsmNqEOJqSxKVAXxdImgXg%3D%3D&type=json HTTP/1.1" 200 544
DEBUG:urllib3.connectionpool:Starting new HTTP connection (1): apis.data.go.kr:80
DEBUG:urllib3.connectionpool:http://apis.data.go.kr:80 "GET /B553077/api/open/sdsc/storeListInDong?divId=signguCd&key=46790&ServiceKey=mzv%2B5nKLrKuD%2BmQQsQNPL9WTK%2B%2Bv2TmZhLsfKQ94z9xgb1RpWBP17HLSPzxlwwYugsmNqEOJqSxKVAXxdImgXg%3D%3D&type=json HTTP/1.1" 200 3552
DEBUG:urllib3.connectionpool:Starting new HTTP connection (1): apis.data.go.kr:80
DEBUG:urllib3.connectionpool:http://apis.data.go.kr:80 "GET /B553077/api/open/sdsc/baroApi?resId=dong&catId=cty&ctprvnCd=11&ServiceKey=mzv%2B5nKLrKuD%2BmQQsQNPL9WTK%2B%2Bv2TmZhLsfKQ94z9xgb1RpWBP17HLSPzxlwwYugsmNqEOJqSxKVAXxdImgXg%3D%3D&type=json HTTP/1.1" 200 571
DEBUG:urllib3.connectionpool:Starting new HTTP connection (1): apis.data.go.kr:80
DEBUG:urllib3.connectionpool:http://apis.data.go.kr:80 "GET /B553077/api/open/sdsc/storeListInDong?divId=signguCd&key=11260&ServiceKey=mzv%2B5nKLrKuD%2BmQQsQNPL9WTK%2B%2Bv2TmZhLsfKQ94z9xgb1RpWBP17HLSPzxlwwYugsmNqEOJqSxKVAXxdImgXg%3D%3D&type=json HTTP/1.1" 200 3950
DEBUG:urllib3.connectionpool:Starting new HTTP connection (1): apis.data.go.kr:80
DEBUG:urllib3.connectionpool:http://apis.data.go.kr:80 "GET /B553077/api/open/sdsc/baroApi?resId=dong&catId=cty&ctprvnCd=45&ServiceKey=mzv%2B5nKLrKuD%2BmQQsQNPL9WTK%2B%2Bv2TmZhLsfKQ94z9xgb1RpWBP17HLSPzxlwwYugsmNqEOJqSxKVAXxdImgXg%3D%3D&type=json HTTP/1.1" 200 483
DEBUG:urllib3.connectionpool:Starting new HTTP connection (1): apis.data.go.kr:80
DEBUG:urllib3.connectionpool:http://apis.data.go.kr:80 "GET /B553077/api/open/sdsc/storeListInDong?divId=signguCd&key=45720&ServiceKey=mzv%2B5nKLrKuD%2BmQQsQNPL9WTK%2B%2Bv2TmZhLsfKQ94z9xgb1RpWBP17HLSPzxlwwYugsmNqEOJqSxKVAXxdImgXg%3D%3D&type=json HTTP/1.1" 200 3787
DEBUG:urllib3.connectionpool:Starting new HTTP connection (1): apis.data.go.kr:80
DEBUG:urllib3.connectionpool:http://apis.data.go.kr:80 "GET /B553077/api/open/sdsc/baroApi?resId=dong&catId=cty&ctprvnCd=46&ServiceKey=mzv%2B5nKLrKuD%2BmQQsQNPL9WTK%2B%2Bv2TmZhLsfKQ94z9xgb1RpWBP17HLSPzxlwwYugsmNqEOJqSxKVAXxdImgXg%3D%3D&type=json HTTP/1.1" 200 544
DEBUG:urllib3.connectionpool:Starting new HTTP connection (1): apis.data.go.kr:80
DEBUG:urllib3.connectionpool:http://apis.data.go.kr:80 "GET /B553077/api/open/sdsc/storeListInDong?divId=signguCd&key=46790&ServiceKey=mzv%2B5nKLrKuD%2BmQQsQNPL9WTK%2B%2Bv2TmZhLsfKQ94z9xgb1RpWBP17HLSPzxlwwYugsmNqEOJqSxKVAXxdImgXg%3D%3D&type=json HTTP/1.1" 200 3552
DEBUG:urllib3.connectionpool:Starting new HTTP connection (1): apis.data.go.kr:80
DEBUG:urllib3.connectionpool:http://apis.data.go.kr:80 "GET /B553077/api/open/sdsc/baroApi?resId=dong&catId=cty&ctprvnCd=46&ServiceKey=mzv%2B5nKLrKuD%2BmQQsQNPL9WTK%2B%2Bv2TmZhLsfKQ94z9xgb1RpWBP17HLSPzxlwwYugsmNqEOJqSxKVAXxdImgXg%3D%3D&type=json HTTP/1.1" 200 544
DEBUG:urllib3.connectionpool:Starting new HTTP connection (1): apis.data.go.kr:80
DEBUG:urllib3.connectionpool:http://apis.data.go.kr:80 "GET /B553077/api/open/sdsc/storeListInDong?divId=signguCd&key=46790&ServiceKey=mzv%2B5nKLrKuD%2BmQQsQNPL9WTK%2B%2Bv2TmZhLsfKQ94z9xgb1RpWBP17HLSPzxlwwYugsmNqEOJqSxKVAXxdImgXg%3D%3D&type=json HTTP/1.1" 200 3552
INFO:werkzeug:127.0.0.1 - - [16/Dec/2019 03:22:30] "POST /menus/travel HTTP/1.1" 200 -
INFO:werkzeug: * Detected change in 'C:\\Users\\Will\\PycharmProjects\\travel_service\\views\\menus.py', reloading
INFO:werkzeug: * Restarting with stat
INFO:root:Flask Web Server Started
WARNING:werkzeug: * Debugger is active!
INFO:werkzeug: * Debugger PIN: 312-095-692
INFO:werkzeug: * Running on http://0.0.0.0:8080/ (Press CTRL+C to quit)
DEBUG:urllib3.connectionpool:Starting new HTTP connection (1): api.visitkorea.or.kr:80
DEBUG:urllib3.connectionpool:http://api.visitkorea.or.kr:80 "GET /openapi/service/rest/KorService/searchKeyword?ServiceKey=mzv%2B5nKLrKuD%2BmQQsQNPL9WTK%2B%2Bv2TmZhLsfKQ94z9xgb1RpWBP17HLSPzxlwwYugsmNqEOJqSxKVAXxdImgXg%3D%3D&keyword=%EA%B5%AD%EB%A6%BD%EA%B3%B5%EC%9B%90&listYN=Y&arrange=A&MobileOS=ETC&MobileApp=AppTest&_type=json HTTP/1.1" 200 4889
DEBUG:urllib3.connectionpool:Starting new HTTP connection (1): apis.data.go.kr:80
DEBUG:urllib3.connectionpool:http://apis.data.go.kr:80 "GET /B553077/api/open/sdsc/baroApi?resId=dong&catId=cty&ctprvnCd=47&ServiceKey=mzv%2B5nKLrKuD%2BmQQsQNPL9WTK%2B%2Bv2TmZhLsfKQ94z9xgb1RpWBP17HLSPzxlwwYugsmNqEOJqSxKVAXxdImgXg%3D%3D&type=json HTTP/1.1" 200 561
DEBUG:urllib3.connectionpool:Starting new HTTP connection (1): apis.data.go.kr:80
DEBUG:urllib3.connectionpool:http://apis.data.go.kr:80 "GET /B553077/api/open/sdsc/storeListInDong?divId=signguCd&key=47113&ServiceKey=mzv%2B5nKLrKuD%2BmQQsQNPL9WTK%2B%2Bv2TmZhLsfKQ94z9xgb1RpWBP17HLSPzxlwwYugsmNqEOJqSxKVAXxdImgXg%3D%3D&type=json HTTP/1.1" 200 4090
DEBUG:urllib3.connectionpool:Starting new HTTP connection (1): apis.data.go.kr:80
DEBUG:urllib3.connectionpool:http://apis.data.go.kr:80 "GET /B553077/api/open/sdsc/baroApi?resId=dong&catId=cty&ctprvnCd=48&ServiceKey=mzv%2B5nKLrKuD%2BmQQsQNPL9WTK%2B%2Bv2TmZhLsfKQ94z9xgb1RpWBP17HLSPzxlwwYugsmNqEOJqSxKVAXxdImgXg%3D%3D&type=json HTTP/1.1" 200 565
DEBUG:urllib3.connectionpool:Starting new HTTP connection (1): apis.data.go.kr:80
DEBUG:urllib3.connectionpool:http://apis.data.go.kr:80 "GET /B553077/api/open/sdsc/storeListInDong?divId=signguCd&key=48890&ServiceKey=mzv%2B5nKLrKuD%2BmQQsQNPL9WTK%2B%2Bv2TmZhLsfKQ94z9xgb1RpWBP17HLSPzxlwwYugsmNqEOJqSxKVAXxdImgXg%3D%3D&type=json HTTP/1.1" 200 3866
DEBUG:urllib3.connectionpool:Starting new HTTP connection (1): apis.data.go.kr:80
DEBUG:urllib3.connectionpool:http://apis.data.go.kr:80 "GET /B553077/api/open/sdsc/baroApi?resId=dong&catId=cty&ctprvnCd=47&ServiceKey=mzv%2B5nKLrKuD%2BmQQsQNPL9WTK%2B%2Bv2TmZhLsfKQ94z9xgb1RpWBP17HLSPzxlwwYugsmNqEOJqSxKVAXxdImgXg%3D%3D&type=json HTTP/1.1" 200 561
DEBUG:urllib3.connectionpool:Starting new HTTP connection (1): apis.data.go.kr:80
DEBUG:urllib3.connectionpool:http://apis.data.go.kr:80 "GET /B553077/api/open/sdsc/storeListInDong?divId=signguCd&key=47113&ServiceKey=mzv%2B5nKLrKuD%2BmQQsQNPL9WTK%2B%2Bv2TmZhLsfKQ94z9xgb1RpWBP17HLSPzxlwwYugsmNqEOJqSxKVAXxdImgXg%3D%3D&type=json HTTP/1.1" 200 4090
DEBUG:urllib3.connectionpool:Starting new HTTP connection (1): apis.data.go.kr:80
DEBUG:urllib3.connectionpool:http://apis.data.go.kr:80 "GET /B553077/api/open/sdsc/baroApi?resId=dong&catId=cty&ctprvnCd=44&ServiceKey=mzv%2B5nKLrKuD%2BmQQsQNPL9WTK%2B%2Bv2TmZhLsfKQ94z9xgb1RpWBP17HLSPzxlwwYugsmNqEOJqSxKVAXxdImgXg%3D%3D&type=json HTTP/1.1" 200 497
DEBUG:urllib3.connectionpool:Starting new HTTP connection (1): apis.data.go.kr:80
DEBUG:urllib3.connectionpool:http://apis.data.go.kr:80 "GET /B553077/api/open/sdsc/storeListInDong?divId=signguCd&key=44800&ServiceKey=mzv%2B5nKLrKuD%2BmQQsQNPL9WTK%2B%2Bv2TmZhLsfKQ94z9xgb1RpWBP17HLSPzxlwwYugsmNqEOJqSxKVAXxdImgXg%3D%3D&type=json HTTP/1.1" 200 3840
DEBUG:urllib3.connectionpool:Starting new HTTP connection (1): apis.data.go.kr:80
DEBUG:urllib3.connectionpool:http://apis.data.go.kr:80 "GET /B553077/api/open/sdsc/baroApi?resId=dong&catId=cty&ctprvnCd=11&ServiceKey=mzv%2B5nKLrKuD%2BmQQsQNPL9WTK%2B%2Bv2TmZhLsfKQ94z9xgb1RpWBP17HLSPzxlwwYugsmNqEOJqSxKVAXxdImgXg%3D%3D&type=json HTTP/1.1" 200 571
DEBUG:urllib3.connectionpool:Starting new HTTP connection (1): apis.data.go.kr:80
DEBUG:urllib3.connectionpool:http://apis.data.go.kr:80 "GET /B553077/api/open/sdsc/storeListInDong?divId=signguCd&key=11260&ServiceKey=mzv%2B5nKLrKuD%2BmQQsQNPL9WTK%2B%2Bv2TmZhLsfKQ94z9xgb1RpWBP17HLSPzxlwwYugsmNqEOJqSxKVAXxdImgXg%3D%3D&type=json HTTP/1.1" 200 3950
DEBUG:urllib3.connectionpool:Starting new HTTP connection (1): apis.data.go.kr:80
DEBUG:urllib3.connectionpool:http://apis.data.go.kr:80 "GET /B553077/api/open/sdsc/baroApi?resId=dong&catId=cty&ctprvnCd=46&ServiceKey=mzv%2B5nKLrKuD%2BmQQsQNPL9WTK%2B%2Bv2TmZhLsfKQ94z9xgb1RpWBP17HLSPzxlwwYugsmNqEOJqSxKVAXxdImgXg%3D%3D&type=json HTTP/1.1" 200 544
DEBUG:urllib3.connectionpool:Starting new HTTP connection (1): apis.data.go.kr:80
DEBUG:urllib3.connectionpool:http://apis.data.go.kr:80 "GET /B553077/api/open/sdsc/storeListInDong?divId=signguCd&key=46790&ServiceKey=mzv%2B5nKLrKuD%2BmQQsQNPL9WTK%2B%2Bv2TmZhLsfKQ94z9xgb1RpWBP17HLSPzxlwwYugsmNqEOJqSxKVAXxdImgXg%3D%3D&type=json HTTP/1.1" 200 3552
DEBUG:urllib3.connectionpool:Starting new HTTP connection (1): apis.data.go.kr:80
DEBUG:urllib3.connectionpool:http://apis.data.go.kr:80 "GET /B553077/api/open/sdsc/baroApi?resId=dong&catId=cty&ctprvnCd=11&ServiceKey=mzv%2B5nKLrKuD%2BmQQsQNPL9WTK%2B%2Bv2TmZhLsfKQ94z9xgb1RpWBP17HLSPzxlwwYugsmNqEOJqSxKVAXxdImgXg%3D%3D&type=json HTTP/1.1" 200 571
DEBUG:urllib3.connectionpool:Starting new HTTP connection (1): apis.data.go.kr:80
DEBUG:urllib3.connectionpool:http://apis.data.go.kr:80 "GET /B553077/api/open/sdsc/storeListInDong?divId=signguCd&key=11260&ServiceKey=mzv%2B5nKLrKuD%2BmQQsQNPL9WTK%2B%2Bv2TmZhLsfKQ94z9xgb1RpWBP17HLSPzxlwwYugsmNqEOJqSxKVAXxdImgXg%3D%3D&type=json HTTP/1.1" 200 3950
DEBUG:urllib3.connectionpool:Starting new HTTP connection (1): apis.data.go.kr:80
DEBUG:urllib3.connectionpool:http://apis.data.go.kr:80 "GET /B553077/api/open/sdsc/baroApi?resId=dong&catId=cty&ctprvnCd=45&ServiceKey=mzv%2B5nKLrKuD%2BmQQsQNPL9WTK%2B%2Bv2TmZhLsfKQ94z9xgb1RpWBP17HLSPzxlwwYugsmNqEOJqSxKVAXxdImgXg%3D%3D&type=json HTTP/1.1" 200 483
DEBUG:urllib3.connectionpool:Starting new HTTP connection (1): apis.data.go.kr:80
DEBUG:urllib3.connectionpool:http://apis.data.go.kr:80 "GET /B553077/api/open/sdsc/storeListInDong?divId=signguCd&key=45720&ServiceKey=mzv%2B5nKLrKuD%2BmQQsQNPL9WTK%2B%2Bv2TmZhLsfKQ94z9xgb1RpWBP17HLSPzxlwwYugsmNqEOJqSxKVAXxdImgXg%3D%3D&type=json HTTP/1.1" 200 3787
DEBUG:urllib3.connectionpool:Starting new HTTP connection (1): apis.data.go.kr:80
DEBUG:urllib3.connectionpool:http://apis.data.go.kr:80 "GET /B553077/api/open/sdsc/baroApi?resId=dong&catId=cty&ctprvnCd=46&ServiceKey=mzv%2B5nKLrKuD%2BmQQsQNPL9WTK%2B%2Bv2TmZhLsfKQ94z9xgb1RpWBP17HLSPzxlwwYugsmNqEOJqSxKVAXxdImgXg%3D%3D&type=json HTTP/1.1" 200 544
DEBUG:urllib3.connectionpool:Starting new HTTP connection (1): apis.data.go.kr:80
DEBUG:urllib3.connectionpool:http://apis.data.go.kr:80 "GET /B553077/api/open/sdsc/storeListInDong?divId=signguCd&key=46790&ServiceKey=mzv%2B5nKLrKuD%2BmQQsQNPL9WTK%2B%2Bv2TmZhLsfKQ94z9xgb1RpWBP17HLSPzxlwwYugsmNqEOJqSxKVAXxdImgXg%3D%3D&type=json HTTP/1.1" 200 3552
DEBUG:urllib3.connectionpool:Starting new HTTP connection (1): apis.data.go.kr:80
DEBUG:urllib3.connectionpool:http://apis.data.go.kr:80 "GET /B553077/api/open/sdsc/baroApi?resId=dong&catId=cty&ctprvnCd=46&ServiceKey=mzv%2B5nKLrKuD%2BmQQsQNPL9WTK%2B%2Bv2TmZhLsfKQ94z9xgb1RpWBP17HLSPzxlwwYugsmNqEOJqSxKVAXxdImgXg%3D%3D&type=json HTTP/1.1" 200 544
DEBUG:urllib3.connectionpool:Starting new HTTP connection (1): apis.data.go.kr:80
DEBUG:urllib3.connectionpool:http://apis.data.go.kr:80 "GET /B553077/api/open/sdsc/storeListInDong?divId=signguCd&key=46790&ServiceKey=mzv%2B5nKLrKuD%2BmQQsQNPL9WTK%2B%2Bv2TmZhLsfKQ94z9xgb1RpWBP17HLSPzxlwwYugsmNqEOJqSxKVAXxdImgXg%3D%3D&type=json HTTP/1.1" 200 3552
INFO:werkzeug:127.0.0.1 - - [16/Dec/2019 03:22:44] "POST /menus/travel HTTP/1.1" 200 -
INFO:werkzeug: * Detected change in 'C:\\Users\\Will\\PycharmProjects\\travel_service\\views\\menus.py', reloading
INFO:werkzeug: * Restarting with stat
INFO:root:Flask Web Server Started
WARNING:werkzeug: * Debugger is active!
INFO:werkzeug: * Debugger PIN: 312-095-692
INFO:werkzeug: * Running on http://0.0.0.0:8080/ (Press CTRL+C to quit)
DEBUG:urllib3.connectionpool:Starting new HTTP connection (1): api.visitkorea.or.kr:80
DEBUG:urllib3.connectionpool:http://api.visitkorea.or.kr:80 "GET /openapi/service/rest/KorService/searchKeyword?ServiceKey=mzv%2B5nKLrKuD%2BmQQsQNPL9WTK%2B%2Bv2TmZhLsfKQ94z9xgb1RpWBP17HLSPzxlwwYugsmNqEOJqSxKVAXxdImgXg%3D%3D&keyword=%EA%B5%AD%EB%A6%BD%EA%B3%B5%EC%9B%90&listYN=Y&arrange=A&MobileOS=ETC&MobileApp=AppTest&_type=json HTTP/1.1" 200 4889
DEBUG:urllib3.connectionpool:Starting new HTTP connection (1): apis.data.go.kr:80
DEBUG:urllib3.connectionpool:http://apis.data.go.kr:80 "GET /B553077/api/open/sdsc/baroApi?resId=dong&catId=cty&ctprvnCd=47&ServiceKey=mzv%2B5nKLrKuD%2BmQQsQNPL9WTK%2B%2Bv2TmZhLsfKQ94z9xgb1RpWBP17HLSPzxlwwYugsmNqEOJqSxKVAXxdImgXg%3D%3D&type=json HTTP/1.1" 200 561
DEBUG:urllib3.connectionpool:Starting new HTTP connection (1): apis.data.go.kr:80
DEBUG:urllib3.connectionpool:http://apis.data.go.kr:80 "GET /B553077/api/open/sdsc/storeListInDong?divId=signguCd&key=47113&ServiceKey=mzv%2B5nKLrKuD%2BmQQsQNPL9WTK%2B%2Bv2TmZhLsfKQ94z9xgb1RpWBP17HLSPzxlwwYugsmNqEOJqSxKVAXxdImgXg%3D%3D&type=json HTTP/1.1" 200 4090
DEBUG:urllib3.connectionpool:Starting new HTTP connection (1): apis.data.go.kr:80
DEBUG:urllib3.connectionpool:http://apis.data.go.kr:80 "GET /B553077/api/open/sdsc/baroApi?resId=dong&catId=cty&ctprvnCd=48&ServiceKey=mzv%2B5nKLrKuD%2BmQQsQNPL9WTK%2B%2Bv2TmZhLsfKQ94z9xgb1RpWBP17HLSPzxlwwYugsmNqEOJqSxKVAXxdImgXg%3D%3D&type=json HTTP/1.1" 200 565
DEBUG:urllib3.connectionpool:Starting new HTTP connection (1): apis.data.go.kr:80
DEBUG:urllib3.connectionpool:http://apis.data.go.kr:80 "GET /B553077/api/open/sdsc/storeListInDong?divId=signguCd&key=48890&ServiceKey=mzv%2B5nKLrKuD%2BmQQsQNPL9WTK%2B%2Bv2TmZhLsfKQ94z9xgb1RpWBP17HLSPzxlwwYugsmNqEOJqSxKVAXxdImgXg%3D%3D&type=json HTTP/1.1" 200 3866
DEBUG:urllib3.connectionpool:Starting new HTTP connection (1): apis.data.go.kr:80
DEBUG:urllib3.connectionpool:http://apis.data.go.kr:80 "GET /B553077/api/open/sdsc/baroApi?resId=dong&catId=cty&ctprvnCd=47&ServiceKey=mzv%2B5nKLrKuD%2BmQQsQNPL9WTK%2B%2Bv2TmZhLsfKQ94z9xgb1RpWBP17HLSPzxlwwYugsmNqEOJqSxKVAXxdImgXg%3D%3D&type=json HTTP/1.1" 200 561
DEBUG:urllib3.connectionpool:Starting new HTTP connection (1): apis.data.go.kr:80
DEBUG:urllib3.connectionpool:http://apis.data.go.kr:80 "GET /B553077/api/open/sdsc/storeListInDong?divId=signguCd&key=47113&ServiceKey=mzv%2B5nKLrKuD%2BmQQsQNPL9WTK%2B%2Bv2TmZhLsfKQ94z9xgb1RpWBP17HLSPzxlwwYugsmNqEOJqSxKVAXxdImgXg%3D%3D&type=json HTTP/1.1" 200 4090
DEBUG:urllib3.connectionpool:Starting new HTTP connection (1): apis.data.go.kr:80
DEBUG:urllib3.connectionpool:http://apis.data.go.kr:80 "GET /B553077/api/open/sdsc/baroApi?resId=dong&catId=cty&ctprvnCd=44&ServiceKey=mzv%2B5nKLrKuD%2BmQQsQNPL9WTK%2B%2Bv2TmZhLsfKQ94z9xgb1RpWBP17HLSPzxlwwYugsmNqEOJqSxKVAXxdImgXg%3D%3D&type=json HTTP/1.1" 200 497
DEBUG:urllib3.connectionpool:Starting new HTTP connection (1): apis.data.go.kr:80
DEBUG:urllib3.connectionpool:http://apis.data.go.kr:80 "GET /B553077/api/open/sdsc/storeListInDong?divId=signguCd&key=44800&ServiceKey=mzv%2B5nKLrKuD%2BmQQsQNPL9WTK%2B%2Bv2TmZhLsfKQ94z9xgb1RpWBP17HLSPzxlwwYugsmNqEOJqSxKVAXxdImgXg%3D%3D&type=json HTTP/1.1" 200 3840
DEBUG:urllib3.connectionpool:Starting new HTTP connection (1): apis.data.go.kr:80
DEBUG:urllib3.connectionpool:http://apis.data.go.kr:80 "GET /B553077/api/open/sdsc/baroApi?resId=dong&catId=cty&ctprvnCd=11&ServiceKey=mzv%2B5nKLrKuD%2BmQQsQNPL9WTK%2B%2Bv2TmZhLsfKQ94z9xgb1RpWBP17HLSPzxlwwYugsmNqEOJqSxKVAXxdImgXg%3D%3D&type=json HTTP/1.1" 200 571
DEBUG:urllib3.connectionpool:Starting new HTTP connection (1): apis.data.go.kr:80
DEBUG:urllib3.connectionpool:http://apis.data.go.kr:80 "GET /B553077/api/open/sdsc/storeListInDong?divId=signguCd&key=11260&ServiceKey=mzv%2B5nKLrKuD%2BmQQsQNPL9WTK%2B%2Bv2TmZhLsfKQ94z9xgb1RpWBP17HLSPzxlwwYugsmNqEOJqSxKVAXxdImgXg%3D%3D&type=json HTTP/1.1" 200 3950
DEBUG:urllib3.connectionpool:Starting new HTTP connection (1): apis.data.go.kr:80
DEBUG:urllib3.connectionpool:http://apis.data.go.kr:80 "GET /B553077/api/open/sdsc/baroApi?resId=dong&catId=cty&ctprvnCd=46&ServiceKey=mzv%2B5nKLrKuD%2BmQQsQNPL9WTK%2B%2Bv2TmZhLsfKQ94z9xgb1RpWBP17HLSPzxlwwYugsmNqEOJqSxKVAXxdImgXg%3D%3D&type=json HTTP/1.1" 200 544
DEBUG:urllib3.connectionpool:Starting new HTTP connection (1): apis.data.go.kr:80
DEBUG:urllib3.connectionpool:http://apis.data.go.kr:80 "GET /B553077/api/open/sdsc/storeListInDong?divId=signguCd&key=46790&ServiceKey=mzv%2B5nKLrKuD%2BmQQsQNPL9WTK%2B%2Bv2TmZhLsfKQ94z9xgb1RpWBP17HLSPzxlwwYugsmNqEOJqSxKVAXxdImgXg%3D%3D&type=json HTTP/1.1" 200 3552
DEBUG:urllib3.connectionpool:Starting new HTTP connection (1): apis.data.go.kr:80
DEBUG:urllib3.connectionpool:http://apis.data.go.kr:80 "GET /B553077/api/open/sdsc/baroApi?resId=dong&catId=cty&ctprvnCd=11&ServiceKey=mzv%2B5nKLrKuD%2BmQQsQNPL9WTK%2B%2Bv2TmZhLsfKQ94z9xgb1RpWBP17HLSPzxlwwYugsmNqEOJqSxKVAXxdImgXg%3D%3D&type=json HTTP/1.1" 200 571
DEBUG:urllib3.connectionpool:Starting new HTTP connection (1): apis.data.go.kr:80
DEBUG:urllib3.connectionpool:http://apis.data.go.kr:80 "GET /B553077/api/open/sdsc/storeListInDong?divId=signguCd&key=11260&ServiceKey=mzv%2B5nKLrKuD%2BmQQsQNPL9WTK%2B%2Bv2TmZhLsfKQ94z9xgb1RpWBP17HLSPzxlwwYugsmNqEOJqSxKVAXxdImgXg%3D%3D&type=json HTTP/1.1" 200 3950
DEBUG:urllib3.connectionpool:Starting new HTTP connection (1): apis.data.go.kr:80
DEBUG:urllib3.connectionpool:http://apis.data.go.kr:80 "GET /B553077/api/open/sdsc/baroApi?resId=dong&catId=cty&ctprvnCd=45&ServiceKey=mzv%2B5nKLrKuD%2BmQQsQNPL9WTK%2B%2Bv2TmZhLsfKQ94z9xgb1RpWBP17HLSPzxlwwYugsmNqEOJqSxKVAXxdImgXg%3D%3D&type=json HTTP/1.1" 200 483
DEBUG:urllib3.connectionpool:Starting new HTTP connection (1): apis.data.go.kr:80
DEBUG:urllib3.connectionpool:http://apis.data.go.kr:80 "GET /B553077/api/open/sdsc/storeListInDong?divId=signguCd&key=45720&ServiceKey=mzv%2B5nKLrKuD%2BmQQsQNPL9WTK%2B%2Bv2TmZhLsfKQ94z9xgb1RpWBP17HLSPzxlwwYugsmNqEOJqSxKVAXxdImgXg%3D%3D&type=json HTTP/1.1" 200 3787
DEBUG:urllib3.connectionpool:Starting new HTTP connection (1): apis.data.go.kr:80
DEBUG:urllib3.connectionpool:http://apis.data.go.kr:80 "GET /B553077/api/open/sdsc/baroApi?resId=dong&catId=cty&ctprvnCd=46&ServiceKey=mzv%2B5nKLrKuD%2BmQQsQNPL9WTK%2B%2Bv2TmZhLsfKQ94z9xgb1RpWBP17HLSPzxlwwYugsmNqEOJqSxKVAXxdImgXg%3D%3D&type=json HTTP/1.1" 200 544
DEBUG:urllib3.connectionpool:Starting new HTTP connection (1): apis.data.go.kr:80
DEBUG:urllib3.connectionpool:http://apis.data.go.kr:80 "GET /B553077/api/open/sdsc/storeListInDong?divId=signguCd&key=46790&ServiceKey=mzv%2B5nKLrKuD%2BmQQsQNPL9WTK%2B%2Bv2TmZhLsfKQ94z9xgb1RpWBP17HLSPzxlwwYugsmNqEOJqSxKVAXxdImgXg%3D%3D&type=json HTTP/1.1" 200 3552
DEBUG:urllib3.connectionpool:Starting new HTTP connection (1): apis.data.go.kr:80
DEBUG:urllib3.connectionpool:http://apis.data.go.kr:80 "GET /B553077/api/open/sdsc/baroApi?resId=dong&catId=cty&ctprvnCd=46&ServiceKey=mzv%2B5nKLrKuD%2BmQQsQNPL9WTK%2B%2Bv2TmZhLsfKQ94z9xgb1RpWBP17HLSPzxlwwYugsmNqEOJqSxKVAXxdImgXg%3D%3D&type=json HTTP/1.1" 200 544
DEBUG:urllib3.connectionpool:Starting new HTTP connection (1): apis.data.go.kr:80
DEBUG:urllib3.connectionpool:http://apis.data.go.kr:80 "GET /B553077/api/open/sdsc/storeListInDong?divId=signguCd&key=46790&ServiceKey=mzv%2B5nKLrKuD%2BmQQsQNPL9WTK%2B%2Bv2TmZhLsfKQ94z9xgb1RpWBP17HLSPzxlwwYugsmNqEOJqSxKVAXxdImgXg%3D%3D&type=json HTTP/1.1" 200 3552
INFO:werkzeug:127.0.0.1 - - [16/Dec/2019 03:26:18] "POST /menus/travel HTTP/1.1" 200 -
DEBUG:urllib3.connectionpool:Starting new HTTP connection (1): api.visitkorea.or.kr:80
DEBUG:urllib3.connectionpool:http://api.visitkorea.or.kr:80 "GET /openapi/service/rest/KorService/searchKeyword?ServiceKey=mzv%2B5nKLrKuD%2BmQQsQNPL9WTK%2B%2Bv2TmZhLsfKQ94z9xgb1RpWBP17HLSPzxlwwYugsmNqEOJqSxKVAXxdImgXg%3D%3D&keyword=%EA%B5%AD%EB%A6%BD%EA%B3%B5%EC%9B%90&listYN=Y&arrange=A&MobileOS=ETC&MobileApp=AppTest&_type=json HTTP/1.1" 200 4889
DEBUG:urllib3.connectionpool:Starting new HTTP connection (1): apis.data.go.kr:80
DEBUG:urllib3.connectionpool:http://apis.data.go.kr:80 "GET /B553077/api/open/sdsc/baroApi?resId=dong&catId=cty&ctprvnCd=47&ServiceKey=mzv%2B5nKLrKuD%2BmQQsQNPL9WTK%2B%2Bv2TmZhLsfKQ94z9xgb1RpWBP17HLSPzxlwwYugsmNqEOJqSxKVAXxdImgXg%3D%3D&type=json HTTP/1.1" 200 561
DEBUG:urllib3.connectionpool:Starting new HTTP connection (1): apis.data.go.kr:80
DEBUG:urllib3.connectionpool:http://apis.data.go.kr:80 "GET /B553077/api/open/sdsc/storeListInDong?divId=signguCd&key=47113&ServiceKey=mzv%2B5nKLrKuD%2BmQQsQNPL9WTK%2B%2Bv2TmZhLsfKQ94z9xgb1RpWBP17HLSPzxlwwYugsmNqEOJqSxKVAXxdImgXg%3D%3D&type=json HTTP/1.1" 200 4090
DEBUG:urllib3.connectionpool:Starting new HTTP connection (1): apis.data.go.kr:80
DEBUG:urllib3.connectionpool:http://apis.data.go.kr:80 "GET /B553077/api/open/sdsc/baroApi?resId=dong&catId=cty&ctprvnCd=48&ServiceKey=mzv%2B5nKLrKuD%2BmQQsQNPL9WTK%2B%2Bv2TmZhLsfKQ94z9xgb1RpWBP17HLSPzxlwwYugsmNqEOJqSxKVAXxdImgXg%3D%3D&type=json HTTP/1.1" 200 565
DEBUG:urllib3.connectionpool:Starting new HTTP connection (1): apis.data.go.kr:80
DEBUG:urllib3.connectionpool:http://apis.data.go.kr:80 "GET /B553077/api/open/sdsc/storeListInDong?divId=signguCd&key=48890&ServiceKey=mzv%2B5nKLrKuD%2BmQQsQNPL9WTK%2B%2Bv2TmZhLsfKQ94z9xgb1RpWBP17HLSPzxlwwYugsmNqEOJqSxKVAXxdImgXg%3D%3D&type=json HTTP/1.1" 200 3866
DEBUG:urllib3.connectionpool:Starting new HTTP connection (1): apis.data.go.kr:80
DEBUG:urllib3.connectionpool:http://apis.data.go.kr:80 "GET /B553077/api/open/sdsc/baroApi?resId=dong&catId=cty&ctprvnCd=47&ServiceKey=mzv%2B5nKLrKuD%2BmQQsQNPL9WTK%2B%2Bv2TmZhLsfKQ94z9xgb1RpWBP17HLSPzxlwwYugsmNqEOJqSxKVAXxdImgXg%3D%3D&type=json HTTP/1.1" 200 561
DEBUG:urllib3.connectionpool:Starting new HTTP connection (1): apis.data.go.kr:80
DEBUG:urllib3.connectionpool:http://apis.data.go.kr:80 "GET /B553077/api/open/sdsc/storeListInDong?divId=signguCd&key=47113&ServiceKey=mzv%2B5nKLrKuD%2BmQQsQNPL9WTK%2B%2Bv2TmZhLsfKQ94z9xgb1RpWBP17HLSPzxlwwYugsmNqEOJqSxKVAXxdImgXg%3D%3D&type=json HTTP/1.1" 200 4090
DEBUG:urllib3.connectionpool:Starting new HTTP connection (1): apis.data.go.kr:80
DEBUG:urllib3.connectionpool:http://apis.data.go.kr:80 "GET /B553077/api/open/sdsc/baroApi?resId=dong&catId=cty&ctprvnCd=44&ServiceKey=mzv%2B5nKLrKuD%2BmQQsQNPL9WTK%2B%2Bv2TmZhLsfKQ94z9xgb1RpWBP17HLSPzxlwwYugsmNqEOJqSxKVAXxdImgXg%3D%3D&type=json HTTP/1.1" 200 497
DEBUG:urllib3.connectionpool:Starting new HTTP connection (1): apis.data.go.kr:80
DEBUG:urllib3.connectionpool:http://apis.data.go.kr:80 "GET /B553077/api/open/sdsc/storeListInDong?divId=signguCd&key=44800&ServiceKey=mzv%2B5nKLrKuD%2BmQQsQNPL9WTK%2B%2Bv2TmZhLsfKQ94z9xgb1RpWBP17HLSPzxlwwYugsmNqEOJqSxKVAXxdImgXg%3D%3D&type=json HTTP/1.1" 200 3840
DEBUG:urllib3.connectionpool:Starting new HTTP connection (1): apis.data.go.kr:80
DEBUG:urllib3.connectionpool:http://apis.data.go.kr:80 "GET /B553077/api/open/sdsc/baroApi?resId=dong&catId=cty&ctprvnCd=11&ServiceKey=mzv%2B5nKLrKuD%2BmQQsQNPL9WTK%2B%2Bv2TmZhLsfKQ94z9xgb1RpWBP17HLSPzxlwwYugsmNqEOJqSxKVAXxdImgXg%3D%3D&type=json HTTP/1.1" 200 571
DEBUG:urllib3.connectionpool:Starting new HTTP connection (1): apis.data.go.kr:80
DEBUG:urllib3.connectionpool:http://apis.data.go.kr:80 "GET /B553077/api/open/sdsc/storeListInDong?divId=signguCd&key=11260&ServiceKey=mzv%2B5nKLrKuD%2BmQQsQNPL9WTK%2B%2Bv2TmZhLsfKQ94z9xgb1RpWBP17HLSPzxlwwYugsmNqEOJqSxKVAXxdImgXg%3D%3D&type=json HTTP/1.1" 200 3950
DEBUG:urllib3.connectionpool:Starting new HTTP connection (1): apis.data.go.kr:80
DEBUG:urllib3.connectionpool:http://apis.data.go.kr:80 "GET /B553077/api/open/sdsc/baroApi?resId=dong&catId=cty&ctprvnCd=46&ServiceKey=mzv%2B5nKLrKuD%2BmQQsQNPL9WTK%2B%2Bv2TmZhLsfKQ94z9xgb1RpWBP17HLSPzxlwwYugsmNqEOJqSxKVAXxdImgXg%3D%3D&type=json HTTP/1.1" 200 544
DEBUG:urllib3.connectionpool:Starting new HTTP connection (1): apis.data.go.kr:80
DEBUG:urllib3.connectionpool:http://apis.data.go.kr:80 "GET /B553077/api/open/sdsc/storeListInDong?divId=signguCd&key=46790&ServiceKey=mzv%2B5nKLrKuD%2BmQQsQNPL9WTK%2B%2Bv2TmZhLsfKQ94z9xgb1RpWBP17HLSPzxlwwYugsmNqEOJqSxKVAXxdImgXg%3D%3D&type=json HTTP/1.1" 200 3552
DEBUG:urllib3.connectionpool:Starting new HTTP connection (1): apis.data.go.kr:80
DEBUG:urllib3.connectionpool:http://apis.data.go.kr:80 "GET /B553077/api/open/sdsc/baroApi?resId=dong&catId=cty&ctprvnCd=11&ServiceKey=mzv%2B5nKLrKuD%2BmQQsQNPL9WTK%2B%2Bv2TmZhLsfKQ94z9xgb1RpWBP17HLSPzxlwwYugsmNqEOJqSxKVAXxdImgXg%3D%3D&type=json HTTP/1.1" 200 571
DEBUG:urllib3.connectionpool:Starting new HTTP connection (1): apis.data.go.kr:80
DEBUG:urllib3.connectionpool:http://apis.data.go.kr:80 "GET /B553077/api/open/sdsc/storeListInDong?divId=signguCd&key=11260&ServiceKey=mzv%2B5nKLrKuD%2BmQQsQNPL9WTK%2B%2Bv2TmZhLsfKQ94z9xgb1RpWBP17HLSPzxlwwYugsmNqEOJqSxKVAXxdImgXg%3D%3D&type=json HTTP/1.1" 200 3950
DEBUG:urllib3.connectionpool:Starting new HTTP connection (1): apis.data.go.kr:80
DEBUG:urllib3.connectionpool:http://apis.data.go.kr:80 "GET /B553077/api/open/sdsc/baroApi?resId=dong&catId=cty&ctprvnCd=45&ServiceKey=mzv%2B5nKLrKuD%2BmQQsQNPL9WTK%2B%2Bv2TmZhLsfKQ94z9xgb1RpWBP17HLSPzxlwwYugsmNqEOJqSxKVAXxdImgXg%3D%3D&type=json HTTP/1.1" 200 483
DEBUG:urllib3.connectionpool:Starting new HTTP connection (1): apis.data.go.kr:80
DEBUG:urllib3.connectionpool:http://apis.data.go.kr:80 "GET /B553077/api/open/sdsc/storeListInDong?divId=signguCd&key=45720&ServiceKey=mzv%2B5nKLrKuD%2BmQQsQNPL9WTK%2B%2Bv2TmZhLsfKQ94z9xgb1RpWBP17HLSPzxlwwYugsmNqEOJqSxKVAXxdImgXg%3D%3D&type=json HTTP/1.1" 200 3787
DEBUG:urllib3.connectionpool:Starting new HTTP connection (1): apis.data.go.kr:80
DEBUG:urllib3.connectionpool:http://apis.data.go.kr:80 "GET /B553077/api/open/sdsc/baroApi?resId=dong&catId=cty&ctprvnCd=46&ServiceKey=mzv%2B5nKLrKuD%2BmQQsQNPL9WTK%2B%2Bv2TmZhLsfKQ94z9xgb1RpWBP17HLSPzxlwwYugsmNqEOJqSxKVAXxdImgXg%3D%3D&type=json HTTP/1.1" 200 544
DEBUG:urllib3.connectionpool:Starting new HTTP connection (1): apis.data.go.kr:80
DEBUG:urllib3.connectionpool:http://apis.data.go.kr:80 "GET /B553077/api/open/sdsc/storeListInDong?divId=signguCd&key=46790&ServiceKey=mzv%2B5nKLrKuD%2BmQQsQNPL9WTK%2B%2Bv2TmZhLsfKQ94z9xgb1RpWBP17HLSPzxlwwYugsmNqEOJqSxKVAXxdImgXg%3D%3D&type=json HTTP/1.1" 200 3552
DEBUG:urllib3.connectionpool:Starting new HTTP connection (1): apis.data.go.kr:80
DEBUG:urllib3.connectionpool:http://apis.data.go.kr:80 "GET /B553077/api/open/sdsc/baroApi?resId=dong&catId=cty&ctprvnCd=46&ServiceKey=mzv%2B5nKLrKuD%2BmQQsQNPL9WTK%2B%2Bv2TmZhLsfKQ94z9xgb1RpWBP17HLSPzxlwwYugsmNqEOJqSxKVAXxdImgXg%3D%3D&type=json HTTP/1.1" 200 544
DEBUG:urllib3.connectionpool:Starting new HTTP connection (1): apis.data.go.kr:80
DEBUG:urllib3.connectionpool:http://apis.data.go.kr:80 "GET /B553077/api/open/sdsc/storeListInDong?divId=signguCd&key=46790&ServiceKey=mzv%2B5nKLrKuD%2BmQQsQNPL9WTK%2B%2Bv2TmZhLsfKQ94z9xgb1RpWBP17HLSPzxlwwYugsmNqEOJqSxKVAXxdImgXg%3D%3D&type=json HTTP/1.1" 200 3552
INFO:werkzeug:127.0.0.1 - - [16/Dec/2019 03:28:40] "POST /menus/travel HTTP/1.1" 200 -
DEBUG:urllib3.connectionpool:Starting new HTTP connection (1): api.visitkorea.or.kr:80
DEBUG:urllib3.connectionpool:http://api.visitkorea.or.kr:80 "GET /openapi/service/rest/KorService/searchKeyword?ServiceKey=mzv%2B5nKLrKuD%2BmQQsQNPL9WTK%2B%2Bv2TmZhLsfKQ94z9xgb1RpWBP17HLSPzxlwwYugsmNqEOJqSxKVAXxdImgXg%3D%3D&keyword=%EA%B5%AD%EB%A6%BD%EA%B3%B5%EC%9B%90&listYN=Y&arrange=A&MobileOS=ETC&MobileApp=AppTest&_type=json HTTP/1.1" 200 4889
DEBUG:urllib3.connectionpool:Starting new HTTP connection (1): apis.data.go.kr:80
DEBUG:urllib3.connectionpool:http://apis.data.go.kr:80 "GET /B553077/api/open/sdsc/baroApi?resId=dong&catId=cty&ctprvnCd=47&ServiceKey=mzv%2B5nKLrKuD%2BmQQsQNPL9WTK%2B%2Bv2TmZhLsfKQ94z9xgb1RpWBP17HLSPzxlwwYugsmNqEOJqSxKVAXxdImgXg%3D%3D&type=json HTTP/1.1" 200 561
DEBUG:urllib3.connectionpool:Starting new HTTP connection (1): apis.data.go.kr:80
DEBUG:urllib3.connectionpool:http://apis.data.go.kr:80 "GET /B553077/api/open/sdsc/storeListInDong?divId=signguCd&key=47113&ServiceKey=mzv%2B5nKLrKuD%2BmQQsQNPL9WTK%2B%2Bv2TmZhLsfKQ94z9xgb1RpWBP17HLSPzxlwwYugsmNqEOJqSxKVAXxdImgXg%3D%3D&type=json HTTP/1.1" 200 4090
DEBUG:urllib3.connectionpool:Starting new HTTP connection (1): apis.data.go.kr:80
DEBUG:urllib3.connectionpool:http://apis.data.go.kr:80 "GET /B553077/api/open/sdsc/baroApi?resId=dong&catId=cty&ctprvnCd=48&ServiceKey=mzv%2B5nKLrKuD%2BmQQsQNPL9WTK%2B%2Bv2TmZhLsfKQ94z9xgb1RpWBP17HLSPzxlwwYugsmNqEOJqSxKVAXxdImgXg%3D%3D&type=json HTTP/1.1" 200 565
DEBUG:urllib3.connectionpool:Starting new HTTP connection (1): apis.data.go.kr:80
DEBUG:urllib3.connectionpool:http://apis.data.go.kr:80 "GET /B553077/api/open/sdsc/storeListInDong?divId=signguCd&key=48890&ServiceKey=mzv%2B5nKLrKuD%2BmQQsQNPL9WTK%2B%2Bv2TmZhLsfKQ94z9xgb1RpWBP17HLSPzxlwwYugsmNqEOJqSxKVAXxdImgXg%3D%3D&type=json HTTP/1.1" 200 3866
DEBUG:urllib3.connectionpool:Starting new HTTP connection (1): apis.data.go.kr:80
DEBUG:urllib3.connectionpool:http://apis.data.go.kr:80 "GET /B553077/api/open/sdsc/baroApi?resId=dong&catId=cty&ctprvnCd=47&ServiceKey=mzv%2B5nKLrKuD%2BmQQsQNPL9WTK%2B%2Bv2TmZhLsfKQ94z9xgb1RpWBP17HLSPzxlwwYugsmNqEOJqSxKVAXxdImgXg%3D%3D&type=json HTTP/1.1" 200 561
DEBUG:urllib3.connectionpool:Starting new HTTP connection (1): apis.data.go.kr:80
DEBUG:urllib3.connectionpool:http://apis.data.go.kr:80 "GET /B553077/api/open/sdsc/storeListInDong?divId=signguCd&key=47113&ServiceKey=mzv%2B5nKLrKuD%2BmQQsQNPL9WTK%2B%2Bv2TmZhLsfKQ94z9xgb1RpWBP17HLSPzxlwwYugsmNqEOJqSxKVAXxdImgXg%3D%3D&type=json HTTP/1.1" 200 4090
DEBUG:urllib3.connectionpool:Starting new HTTP connection (1): apis.data.go.kr:80
DEBUG:urllib3.connectionpool:http://apis.data.go.kr:80 "GET /B553077/api/open/sdsc/baroApi?resId=dong&catId=cty&ctprvnCd=44&ServiceKey=mzv%2B5nKLrKuD%2BmQQsQNPL9WTK%2B%2Bv2TmZhLsfKQ94z9xgb1RpWBP17HLSPzxlwwYugsmNqEOJqSxKVAXxdImgXg%3D%3D&type=json HTTP/1.1" 200 497
DEBUG:urllib3.connectionpool:Starting new HTTP connection (1): apis.data.go.kr:80
DEBUG:urllib3.connectionpool:http://apis.data.go.kr:80 "GET /B553077/api/open/sdsc/storeListInDong?divId=signguCd&key=44800&ServiceKey=mzv%2B5nKLrKuD%2BmQQsQNPL9WTK%2B%2Bv2TmZhLsfKQ94z9xgb1RpWBP17HLSPzxlwwYugsmNqEOJqSxKVAXxdImgXg%3D%3D&type=json HTTP/1.1" 200 3840
DEBUG:urllib3.connectionpool:Starting new HTTP connection (1): apis.data.go.kr:80
DEBUG:urllib3.connectionpool:http://apis.data.go.kr:80 "GET /B553077/api/open/sdsc/baroApi?resId=dong&catId=cty&ctprvnCd=11&ServiceKey=mzv%2B5nKLrKuD%2BmQQsQNPL9WTK%2B%2Bv2TmZhLsfKQ94z9xgb1RpWBP17HLSPzxlwwYugsmNqEOJqSxKVAXxdImgXg%3D%3D&type=json HTTP/1.1" 200 571
DEBUG:urllib3.connectionpool:Starting new HTTP connection (1): apis.data.go.kr:80
DEBUG:urllib3.connectionpool:http://apis.data.go.kr:80 "GET /B553077/api/open/sdsc/storeListInDong?divId=signguCd&key=11260&ServiceKey=mzv%2B5nKLrKuD%2BmQQsQNPL9WTK%2B%2Bv2TmZhLsfKQ94z9xgb1RpWBP17HLSPzxlwwYugsmNqEOJqSxKVAXxdImgXg%3D%3D&type=json HTTP/1.1" 200 3950
DEBUG:urllib3.connectionpool:Starting new HTTP connection (1): apis.data.go.kr:80
DEBUG:urllib3.connectionpool:http://apis.data.go.kr:80 "GET /B553077/api/open/sdsc/baroApi?resId=dong&catId=cty&ctprvnCd=46&ServiceKey=mzv%2B5nKLrKuD%2BmQQsQNPL9WTK%2B%2Bv2TmZhLsfKQ94z9xgb1RpWBP17HLSPzxlwwYugsmNqEOJqSxKVAXxdImgXg%3D%3D&type=json HTTP/1.1" 200 544
DEBUG:urllib3.connectionpool:Starting new HTTP connection (1): apis.data.go.kr:80
DEBUG:urllib3.connectionpool:http://apis.data.go.kr:80 "GET /B553077/api/open/sdsc/storeListInDong?divId=signguCd&key=46790&ServiceKey=mzv%2B5nKLrKuD%2BmQQsQNPL9WTK%2B%2Bv2TmZhLsfKQ94z9xgb1RpWBP17HLSPzxlwwYugsmNqEOJqSxKVAXxdImgXg%3D%3D&type=json HTTP/1.1" 200 3552
DEBUG:urllib3.connectionpool:Starting new HTTP connection (1): apis.data.go.kr:80
DEBUG:urllib3.connectionpool:http://apis.data.go.kr:80 "GET /B553077/api/open/sdsc/baroApi?resId=dong&catId=cty&ctprvnCd=11&ServiceKey=mzv%2B5nKLrKuD%2BmQQsQNPL9WTK%2B%2Bv2TmZhLsfKQ94z9xgb1RpWBP17HLSPzxlwwYugsmNqEOJqSxKVAXxdImgXg%3D%3D&type=json HTTP/1.1" 200 571
DEBUG:urllib3.connectionpool:Starting new HTTP connection (1): apis.data.go.kr:80
DEBUG:urllib3.connectionpool:http://apis.data.go.kr:80 "GET /B553077/api/open/sdsc/storeListInDong?divId=signguCd&key=11260&ServiceKey=mzv%2B5nKLrKuD%2BmQQsQNPL9WTK%2B%2Bv2TmZhLsfKQ94z9xgb1RpWBP17HLSPzxlwwYugsmNqEOJqSxKVAXxdImgXg%3D%3D&type=json HTTP/1.1" 200 3950
DEBUG:urllib3.connectionpool:Starting new HTTP connection (1): apis.data.go.kr:80
DEBUG:urllib3.connectionpool:http://apis.data.go.kr:80 "GET /B553077/api/open/sdsc/baroApi?resId=dong&catId=cty&ctprvnCd=45&ServiceKey=mzv%2B5nKLrKuD%2BmQQsQNPL9WTK%2B%2Bv2TmZhLsfKQ94z9xgb1RpWBP17HLSPzxlwwYugsmNqEOJqSxKVAXxdImgXg%3D%3D&type=json HTTP/1.1" 200 483
DEBUG:urllib3.connectionpool:Starting new HTTP connection (1): apis.data.go.kr:80
DEBUG:urllib3.connectionpool:http://apis.data.go.kr:80 "GET /B553077/api/open/sdsc/storeListInDong?divId=signguCd&key=45720&ServiceKey=mzv%2B5nKLrKuD%2BmQQsQNPL9WTK%2B%2Bv2TmZhLsfKQ94z9xgb1RpWBP17HLSPzxlwwYugsmNqEOJqSxKVAXxdImgXg%3D%3D&type=json HTTP/1.1" 200 3787
DEBUG:urllib3.connectionpool:Starting new HTTP connection (1): apis.data.go.kr:80
DEBUG:urllib3.connectionpool:http://apis.data.go.kr:80 "GET /B553077/api/open/sdsc/baroApi?resId=dong&catId=cty&ctprvnCd=46&ServiceKey=mzv%2B5nKLrKuD%2BmQQsQNPL9WTK%2B%2Bv2TmZhLsfKQ94z9xgb1RpWBP17HLSPzxlwwYugsmNqEOJqSxKVAXxdImgXg%3D%3D&type=json HTTP/1.1" 200 544
DEBUG:urllib3.connectionpool:Starting new HTTP connection (1): apis.data.go.kr:80
DEBUG:urllib3.connectionpool:http://apis.data.go.kr:80 "GET /B553077/api/open/sdsc/storeListInDong?divId=signguCd&key=46790&ServiceKey=mzv%2B5nKLrKuD%2BmQQsQNPL9WTK%2B%2Bv2TmZhLsfKQ94z9xgb1RpWBP17HLSPzxlwwYugsmNqEOJqSxKVAXxdImgXg%3D%3D&type=json HTTP/1.1" 200 3552
DEBUG:urllib3.connectionpool:Starting new HTTP connection (1): apis.data.go.kr:80
DEBUG:urllib3.connectionpool:http://apis.data.go.kr:80 "GET /B553077/api/open/sdsc/baroApi?resId=dong&catId=cty&ctprvnCd=46&ServiceKey=mzv%2B5nKLrKuD%2BmQQsQNPL9WTK%2B%2Bv2TmZhLsfKQ94z9xgb1RpWBP17HLSPzxlwwYugsmNqEOJqSxKVAXxdImgXg%3D%3D&type=json HTTP/1.1" 200 544
DEBUG:urllib3.connectionpool:Starting new HTTP connection (1): apis.data.go.kr:80
DEBUG:urllib3.connectionpool:http://apis.data.go.kr:80 "GET /B553077/api/open/sdsc/storeListInDong?divId=signguCd&key=46790&ServiceKey=mzv%2B5nKLrKuD%2BmQQsQNPL9WTK%2B%2Bv2TmZhLsfKQ94z9xgb1RpWBP17HLSPzxlwwYugsmNqEOJqSxKVAXxdImgXg%3D%3D&type=json HTTP/1.1" 200 3552
INFO:werkzeug:127.0.0.1 - - [16/Dec/2019 03:28:53] "POST /menus/travel HTTP/1.1" 200 -
DEBUG:urllib3.connectionpool:Starting new HTTP connection (1): api.visitkorea.or.kr:80
DEBUG:urllib3.connectionpool:http://api.visitkorea.or.kr:80 "GET /openapi/service/rest/KorService/searchKeyword?ServiceKey=mzv%2B5nKLrKuD%2BmQQsQNPL9WTK%2B%2Bv2TmZhLsfKQ94z9xgb1RpWBP17HLSPzxlwwYugsmNqEOJqSxKVAXxdImgXg%3D%3D&keyword=%EA%B5%AD%EB%A6%BD%EA%B3%B5%EC%9B%90&listYN=Y&arrange=A&MobileOS=ETC&MobileApp=AppTest&_type=json HTTP/1.1" 200 4889
DEBUG:urllib3.connectionpool:Starting new HTTP connection (1): apis.data.go.kr:80
DEBUG:urllib3.connectionpool:http://apis.data.go.kr:80 "GET /B553077/api/open/sdsc/baroApi?resId=dong&catId=cty&ctprvnCd=47&ServiceKey=mzv%2B5nKLrKuD%2BmQQsQNPL9WTK%2B%2Bv2TmZhLsfKQ94z9xgb1RpWBP17HLSPzxlwwYugsmNqEOJqSxKVAXxdImgXg%3D%3D&type=json HTTP/1.1" 200 561
DEBUG:urllib3.connectionpool:Starting new HTTP connection (1): apis.data.go.kr:80
DEBUG:urllib3.connectionpool:http://apis.data.go.kr:80 "GET /B553077/api/open/sdsc/storeListInDong?divId=signguCd&key=47113&ServiceKey=mzv%2B5nKLrKuD%2BmQQsQNPL9WTK%2B%2Bv2TmZhLsfKQ94z9xgb1RpWBP17HLSPzxlwwYugsmNqEOJqSxKVAXxdImgXg%3D%3D&type=json HTTP/1.1" 200 4090
DEBUG:urllib3.connectionpool:Starting new HTTP connection (1): apis.data.go.kr:80
DEBUG:urllib3.connectionpool:http://apis.data.go.kr:80 "GET /B553077/api/open/sdsc/baroApi?resId=dong&catId=cty&ctprvnCd=48&ServiceKey=mzv%2B5nKLrKuD%2BmQQsQNPL9WTK%2B%2Bv2TmZhLsfKQ94z9xgb1RpWBP17HLSPzxlwwYugsmNqEOJqSxKVAXxdImgXg%3D%3D&type=json HTTP/1.1" 200 565
DEBUG:urllib3.connectionpool:Starting new HTTP connection (1): apis.data.go.kr:80
DEBUG:urllib3.connectionpool:http://apis.data.go.kr:80 "GET /B553077/api/open/sdsc/storeListInDong?divId=signguCd&key=48890&ServiceKey=mzv%2B5nKLrKuD%2BmQQsQNPL9WTK%2B%2Bv2TmZhLsfKQ94z9xgb1RpWBP17HLSPzxlwwYugsmNqEOJqSxKVAXxdImgXg%3D%3D&type=json HTTP/1.1" 200 3866
DEBUG:urllib3.connectionpool:Starting new HTTP connection (1): apis.data.go.kr:80
DEBUG:urllib3.connectionpool:http://apis.data.go.kr:80 "GET /B553077/api/open/sdsc/baroApi?resId=dong&catId=cty&ctprvnCd=47&ServiceKey=mzv%2B5nKLrKuD%2BmQQsQNPL9WTK%2B%2Bv2TmZhLsfKQ94z9xgb1RpWBP17HLSPzxlwwYugsmNqEOJqSxKVAXxdImgXg%3D%3D&type=json HTTP/1.1" 200 561
DEBUG:urllib3.connectionpool:Starting new HTTP connection (1): apis.data.go.kr:80
DEBUG:urllib3.connectionpool:http://apis.data.go.kr:80 "GET /B553077/api/open/sdsc/storeListInDong?divId=signguCd&key=47113&ServiceKey=mzv%2B5nKLrKuD%2BmQQsQNPL9WTK%2B%2Bv2TmZhLsfKQ94z9xgb1RpWBP17HLSPzxlwwYugsmNqEOJqSxKVAXxdImgXg%3D%3D&type=json HTTP/1.1" 200 4090
DEBUG:urllib3.connectionpool:Starting new HTTP connection (1): apis.data.go.kr:80
DEBUG:urllib3.connectionpool:http://apis.data.go.kr:80 "GET /B553077/api/open/sdsc/baroApi?resId=dong&catId=cty&ctprvnCd=44&ServiceKey=mzv%2B5nKLrKuD%2BmQQsQNPL9WTK%2B%2Bv2TmZhLsfKQ94z9xgb1RpWBP17HLSPzxlwwYugsmNqEOJqSxKVAXxdImgXg%3D%3D&type=json HTTP/1.1" 200 497
DEBUG:urllib3.connectionpool:Starting new HTTP connection (1): apis.data.go.kr:80
DEBUG:urllib3.connectionpool:http://apis.data.go.kr:80 "GET /B553077/api/open/sdsc/storeListInDong?divId=signguCd&key=44800&ServiceKey=mzv%2B5nKLrKuD%2BmQQsQNPL9WTK%2B%2Bv2TmZhLsfKQ94z9xgb1RpWBP17HLSPzxlwwYugsmNqEOJqSxKVAXxdImgXg%3D%3D&type=json HTTP/1.1" 200 3840
DEBUG:urllib3.connectionpool:Starting new HTTP connection (1): apis.data.go.kr:80
DEBUG:urllib3.connectionpool:http://apis.data.go.kr:80 "GET /B553077/api/open/sdsc/baroApi?resId=dong&catId=cty&ctprvnCd=11&ServiceKey=mzv%2B5nKLrKuD%2BmQQsQNPL9WTK%2B%2Bv2TmZhLsfKQ94z9xgb1RpWBP17HLSPzxlwwYugsmNqEOJqSxKVAXxdImgXg%3D%3D&type=json HTTP/1.1" 200 571
DEBUG:urllib3.connectionpool:Starting new HTTP connection (1): apis.data.go.kr:80
DEBUG:urllib3.connectionpool:http://apis.data.go.kr:80 "GET /B553077/api/open/sdsc/storeListInDong?divId=signguCd&key=11260&ServiceKey=mzv%2B5nKLrKuD%2BmQQsQNPL9WTK%2B%2Bv2TmZhLsfKQ94z9xgb1RpWBP17HLSPzxlwwYugsmNqEOJqSxKVAXxdImgXg%3D%3D&type=json HTTP/1.1" 200 3950
DEBUG:urllib3.connectionpool:Starting new HTTP connection (1): apis.data.go.kr:80
DEBUG:urllib3.connectionpool:http://apis.data.go.kr:80 "GET /B553077/api/open/sdsc/baroApi?resId=dong&catId=cty&ctprvnCd=46&ServiceKey=mzv%2B5nKLrKuD%2BmQQsQNPL9WTK%2B%2Bv2TmZhLsfKQ94z9xgb1RpWBP17HLSPzxlwwYugsmNqEOJqSxKVAXxdImgXg%3D%3D&type=json HTTP/1.1" 200 544
DEBUG:urllib3.connectionpool:Starting new HTTP connection (1): apis.data.go.kr:80
DEBUG:urllib3.connectionpool:http://apis.data.go.kr:80 "GET /B553077/api/open/sdsc/storeListInDong?divId=signguCd&key=46790&ServiceKey=mzv%2B5nKLrKuD%2BmQQsQNPL9WTK%2B%2Bv2TmZhLsfKQ94z9xgb1RpWBP17HLSPzxlwwYugsmNqEOJqSxKVAXxdImgXg%3D%3D&type=json HTTP/1.1" 200 3552
DEBUG:urllib3.connectionpool:Starting new HTTP connection (1): apis.data.go.kr:80
DEBUG:urllib3.connectionpool:http://apis.data.go.kr:80 "GET /B553077/api/open/sdsc/baroApi?resId=dong&catId=cty&ctprvnCd=11&ServiceKey=mzv%2B5nKLrKuD%2BmQQsQNPL9WTK%2B%2Bv2TmZhLsfKQ94z9xgb1RpWBP17HLSPzxlwwYugsmNqEOJqSxKVAXxdImgXg%3D%3D&type=json HTTP/1.1" 200 571
DEBUG:urllib3.connectionpool:Starting new HTTP connection (1): apis.data.go.kr:80
DEBUG:urllib3.connectionpool:http://apis.data.go.kr:80 "GET /B553077/api/open/sdsc/storeListInDong?divId=signguCd&key=11260&ServiceKey=mzv%2B5nKLrKuD%2BmQQsQNPL9WTK%2B%2Bv2TmZhLsfKQ94z9xgb1RpWBP17HLSPzxlwwYugsmNqEOJqSxKVAXxdImgXg%3D%3D&type=json HTTP/1.1" 200 3950
DEBUG:urllib3.connectionpool:Starting new HTTP connection (1): apis.data.go.kr:80
DEBUG:urllib3.connectionpool:http://apis.data.go.kr:80 "GET /B553077/api/open/sdsc/baroApi?resId=dong&catId=cty&ctprvnCd=45&ServiceKey=mzv%2B5nKLrKuD%2BmQQsQNPL9WTK%2B%2Bv2TmZhLsfKQ94z9xgb1RpWBP17HLSPzxlwwYugsmNqEOJqSxKVAXxdImgXg%3D%3D&type=json HTTP/1.1" 200 483
DEBUG:urllib3.connectionpool:Starting new HTTP connection (1): apis.data.go.kr:80
DEBUG:urllib3.connectionpool:http://apis.data.go.kr:80 "GET /B553077/api/open/sdsc/storeListInDong?divId=signguCd&key=45720&ServiceKey=mzv%2B5nKLrKuD%2BmQQsQNPL9WTK%2B%2Bv2TmZhLsfKQ94z9xgb1RpWBP17HLSPzxlwwYugsmNqEOJqSxKVAXxdImgXg%3D%3D&type=json HTTP/1.1" 200 3787
DEBUG:urllib3.connectionpool:Starting new HTTP connection (1): apis.data.go.kr:80
DEBUG:urllib3.connectionpool:http://apis.data.go.kr:80 "GET /B553077/api/open/sdsc/baroApi?resId=dong&catId=cty&ctprvnCd=46&ServiceKey=mzv%2B5nKLrKuD%2BmQQsQNPL9WTK%2B%2Bv2TmZhLsfKQ94z9xgb1RpWBP17HLSPzxlwwYugsmNqEOJqSxKVAXxdImgXg%3D%3D&type=json HTTP/1.1" 200 544
DEBUG:urllib3.connectionpool:Starting new HTTP connection (1): apis.data.go.kr:80
DEBUG:urllib3.connectionpool:http://apis.data.go.kr:80 "GET /B553077/api/open/sdsc/storeListInDong?divId=signguCd&key=46790&ServiceKey=mzv%2B5nKLrKuD%2BmQQsQNPL9WTK%2B%2Bv2TmZhLsfKQ94z9xgb1RpWBP17HLSPzxlwwYugsmNqEOJqSxKVAXxdImgXg%3D%3D&type=json HTTP/1.1" 200 3552
DEBUG:urllib3.connectionpool:Starting new HTTP connection (1): apis.data.go.kr:80
DEBUG:urllib3.connectionpool:http://apis.data.go.kr:80 "GET /B553077/api/open/sdsc/baroApi?resId=dong&catId=cty&ctprvnCd=46&ServiceKey=mzv%2B5nKLrKuD%2BmQQsQNPL9WTK%2B%2Bv2TmZhLsfKQ94z9xgb1RpWBP17HLSPzxlwwYugsmNqEOJqSxKVAXxdImgXg%3D%3D&type=json HTTP/1.1" 200 544
DEBUG:urllib3.connectionpool:Starting new HTTP connection (1): apis.data.go.kr:80
DEBUG:urllib3.connectionpool:http://apis.data.go.kr:80 "GET /B553077/api/open/sdsc/storeListInDong?divId=signguCd&key=46790&ServiceKey=mzv%2B5nKLrKuD%2BmQQsQNPL9WTK%2B%2Bv2TmZhLsfKQ94z9xgb1RpWBP17HLSPzxlwwYugsmNqEOJqSxKVAXxdImgXg%3D%3D&type=json HTTP/1.1" 200 3552
INFO:werkzeug:127.0.0.1 - - [16/Dec/2019 03:29:04] "POST /menus/travel HTTP/1.1" 200 -
DEBUG:urllib3.connectionpool:Starting new HTTP connection (1): api.visitkorea.or.kr:80
DEBUG:urllib3.connectionpool:http://api.visitkorea.or.kr:80 "GET /openapi/service/rest/KorService/searchKeyword?ServiceKey=mzv%2B5nKLrKuD%2BmQQsQNPL9WTK%2B%2Bv2TmZhLsfKQ94z9xgb1RpWBP17HLSPzxlwwYugsmNqEOJqSxKVAXxdImgXg%3D%3D&keyword=%EA%B5%AD%EB%A6%BD%EA%B3%B5%EC%9B%90&listYN=Y&arrange=A&MobileOS=ETC&MobileApp=AppTest&_type=json HTTP/1.1" 200 4889
DEBUG:urllib3.connectionpool:Starting new HTTP connection (1): apis.data.go.kr:80
DEBUG:urllib3.connectionpool:http://apis.data.go.kr:80 "GET /B553077/api/open/sdsc/baroApi?resId=dong&catId=cty&ctprvnCd=47&ServiceKey=mzv%2B5nKLrKuD%2BmQQsQNPL9WTK%2B%2Bv2TmZhLsfKQ94z9xgb1RpWBP17HLSPzxlwwYugsmNqEOJqSxKVAXxdImgXg%3D%3D&type=json HTTP/1.1" 200 561
DEBUG:urllib3.connectionpool:Starting new HTTP connection (1): apis.data.go.kr:80
DEBUG:urllib3.connectionpool:http://apis.data.go.kr:80 "GET /B553077/api/open/sdsc/storeListInDong?divId=signguCd&key=47113&ServiceKey=mzv%2B5nKLrKuD%2BmQQsQNPL9WTK%2B%2Bv2TmZhLsfKQ94z9xgb1RpWBP17HLSPzxlwwYugsmNqEOJqSxKVAXxdImgXg%3D%3D&type=json HTTP/1.1" 200 4090
DEBUG:urllib3.connectionpool:Starting new HTTP connection (1): apis.data.go.kr:80
DEBUG:urllib3.connectionpool:http://apis.data.go.kr:80 "GET /B553077/api/open/sdsc/baroApi?resId=dong&catId=cty&ctprvnCd=48&ServiceKey=mzv%2B5nKLrKuD%2BmQQsQNPL9WTK%2B%2Bv2TmZhLsfKQ94z9xgb1RpWBP17HLSPzxlwwYugsmNqEOJqSxKVAXxdImgXg%3D%3D&type=json HTTP/1.1" 200 565
DEBUG:urllib3.connectionpool:Starting new HTTP connection (1): apis.data.go.kr:80
DEBUG:urllib3.connectionpool:http://apis.data.go.kr:80 "GET /B553077/api/open/sdsc/storeListInDong?divId=signguCd&key=48890&ServiceKey=mzv%2B5nKLrKuD%2BmQQsQNPL9WTK%2B%2Bv2TmZhLsfKQ94z9xgb1RpWBP17HLSPzxlwwYugsmNqEOJqSxKVAXxdImgXg%3D%3D&type=json HTTP/1.1" 200 3866
DEBUG:urllib3.connectionpool:Starting new HTTP connection (1): apis.data.go.kr:80
DEBUG:urllib3.connectionpool:http://apis.data.go.kr:80 "GET /B553077/api/open/sdsc/baroApi?resId=dong&catId=cty&ctprvnCd=47&ServiceKey=mzv%2B5nKLrKuD%2BmQQsQNPL9WTK%2B%2Bv2TmZhLsfKQ94z9xgb1RpWBP17HLSPzxlwwYugsmNqEOJqSxKVAXxdImgXg%3D%3D&type=json HTTP/1.1" 200 561
DEBUG:urllib3.connectionpool:Starting new HTTP connection (1): apis.data.go.kr:80
DEBUG:urllib3.connectionpool:http://apis.data.go.kr:80 "GET /B553077/api/open/sdsc/storeListInDong?divId=signguCd&key=47113&ServiceKey=mzv%2B5nKLrKuD%2BmQQsQNPL9WTK%2B%2Bv2TmZhLsfKQ94z9xgb1RpWBP17HLSPzxlwwYugsmNqEOJqSxKVAXxdImgXg%3D%3D&type=json HTTP/1.1" 200 4090
DEBUG:urllib3.connectionpool:Starting new HTTP connection (1): apis.data.go.kr:80
DEBUG:urllib3.connectionpool:http://apis.data.go.kr:80 "GET /B553077/api/open/sdsc/baroApi?resId=dong&catId=cty&ctprvnCd=44&ServiceKey=mzv%2B5nKLrKuD%2BmQQsQNPL9WTK%2B%2Bv2TmZhLsfKQ94z9xgb1RpWBP17HLSPzxlwwYugsmNqEOJqSxKVAXxdImgXg%3D%3D&type=json HTTP/1.1" 200 497
DEBUG:urllib3.connectionpool:Starting new HTTP connection (1): apis.data.go.kr:80
DEBUG:urllib3.connectionpool:http://apis.data.go.kr:80 "GET /B553077/api/open/sdsc/storeListInDong?divId=signguCd&key=44800&ServiceKey=mzv%2B5nKLrKuD%2BmQQsQNPL9WTK%2B%2Bv2TmZhLsfKQ94z9xgb1RpWBP17HLSPzxlwwYugsmNqEOJqSxKVAXxdImgXg%3D%3D&type=json HTTP/1.1" 200 3840
DEBUG:urllib3.connectionpool:Starting new HTTP connection (1): apis.data.go.kr:80
DEBUG:urllib3.connectionpool:http://apis.data.go.kr:80 "GET /B553077/api/open/sdsc/baroApi?resId=dong&catId=cty&ctprvnCd=11&ServiceKey=mzv%2B5nKLrKuD%2BmQQsQNPL9WTK%2B%2Bv2TmZhLsfKQ94z9xgb1RpWBP17HLSPzxlwwYugsmNqEOJqSxKVAXxdImgXg%3D%3D&type=json HTTP/1.1" 200 571
DEBUG:urllib3.connectionpool:Starting new HTTP connection (1): apis.data.go.kr:80
DEBUG:urllib3.connectionpool:http://apis.data.go.kr:80 "GET /B553077/api/open/sdsc/storeListInDong?divId=signguCd&key=11260&ServiceKey=mzv%2B5nKLrKuD%2BmQQsQNPL9WTK%2B%2Bv2TmZhLsfKQ94z9xgb1RpWBP17HLSPzxlwwYugsmNqEOJqSxKVAXxdImgXg%3D%3D&type=json HTTP/1.1" 200 3950
DEBUG:urllib3.connectionpool:Starting new HTTP connection (1): apis.data.go.kr:80
DEBUG:urllib3.connectionpool:http://apis.data.go.kr:80 "GET /B553077/api/open/sdsc/baroApi?resId=dong&catId=cty&ctprvnCd=46&ServiceKey=mzv%2B5nKLrKuD%2BmQQsQNPL9WTK%2B%2Bv2TmZhLsfKQ94z9xgb1RpWBP17HLSPzxlwwYugsmNqEOJqSxKVAXxdImgXg%3D%3D&type=json HTTP/1.1" 200 544
DEBUG:urllib3.connectionpool:Starting new HTTP connection (1): apis.data.go.kr:80
DEBUG:urllib3.connectionpool:http://apis.data.go.kr:80 "GET /B553077/api/open/sdsc/storeListInDong?divId=signguCd&key=46790&ServiceKey=mzv%2B5nKLrKuD%2BmQQsQNPL9WTK%2B%2Bv2TmZhLsfKQ94z9xgb1RpWBP17HLSPzxlwwYugsmNqEOJqSxKVAXxdImgXg%3D%3D&type=json HTTP/1.1" 200 3552
DEBUG:urllib3.connectionpool:Starting new HTTP connection (1): apis.data.go.kr:80
DEBUG:urllib3.connectionpool:http://apis.data.go.kr:80 "GET /B553077/api/open/sdsc/baroApi?resId=dong&catId=cty&ctprvnCd=11&ServiceKey=mzv%2B5nKLrKuD%2BmQQsQNPL9WTK%2B%2Bv2TmZhLsfKQ94z9xgb1RpWBP17HLSPzxlwwYugsmNqEOJqSxKVAXxdImgXg%3D%3D&type=json HTTP/1.1" 200 571
DEBUG:urllib3.connectionpool:Starting new HTTP connection (1): apis.data.go.kr:80
DEBUG:urllib3.connectionpool:http://apis.data.go.kr:80 "GET /B553077/api/open/sdsc/storeListInDong?divId=signguCd&key=11260&ServiceKey=mzv%2B5nKLrKuD%2BmQQsQNPL9WTK%2B%2Bv2TmZhLsfKQ94z9xgb1RpWBP17HLSPzxlwwYugsmNqEOJqSxKVAXxdImgXg%3D%3D&type=json HTTP/1.1" 200 3950
DEBUG:urllib3.connectionpool:Starting new HTTP connection (1): apis.data.go.kr:80
DEBUG:urllib3.connectionpool:http://apis.data.go.kr:80 "GET /B553077/api/open/sdsc/baroApi?resId=dong&catId=cty&ctprvnCd=45&ServiceKey=mzv%2B5nKLrKuD%2BmQQsQNPL9WTK%2B%2Bv2TmZhLsfKQ94z9xgb1RpWBP17HLSPzxlwwYugsmNqEOJqSxKVAXxdImgXg%3D%3D&type=json HTTP/1.1" 200 483
DEBUG:urllib3.connectionpool:Starting new HTTP connection (1): apis.data.go.kr:80
DEBUG:urllib3.connectionpool:http://apis.data.go.kr:80 "GET /B553077/api/open/sdsc/storeListInDong?divId=signguCd&key=45720&ServiceKey=mzv%2B5nKLrKuD%2BmQQsQNPL9WTK%2B%2Bv2TmZhLsfKQ94z9xgb1RpWBP17HLSPzxlwwYugsmNqEOJqSxKVAXxdImgXg%3D%3D&type=json HTTP/1.1" 200 3787
DEBUG:urllib3.connectionpool:Starting new HTTP connection (1): apis.data.go.kr:80
DEBUG:urllib3.connectionpool:http://apis.data.go.kr:80 "GET /B553077/api/open/sdsc/baroApi?resId=dong&catId=cty&ctprvnCd=46&ServiceKey=mzv%2B5nKLrKuD%2BmQQsQNPL9WTK%2B%2Bv2TmZhLsfKQ94z9xgb1RpWBP17HLSPzxlwwYugsmNqEOJqSxKVAXxdImgXg%3D%3D&type=json HTTP/1.1" 200 544
DEBUG:urllib3.connectionpool:Starting new HTTP connection (1): apis.data.go.kr:80
DEBUG:urllib3.connectionpool:http://apis.data.go.kr:80 "GET /B553077/api/open/sdsc/storeListInDong?divId=signguCd&key=46790&ServiceKey=mzv%2B5nKLrKuD%2BmQQsQNPL9WTK%2B%2Bv2TmZhLsfKQ94z9xgb1RpWBP17HLSPzxlwwYugsmNqEOJqSxKVAXxdImgXg%3D%3D&type=json HTTP/1.1" 200 3552
DEBUG:urllib3.connectionpool:Starting new HTTP connection (1): apis.data.go.kr:80
DEBUG:urllib3.connectionpool:http://apis.data.go.kr:80 "GET /B553077/api/open/sdsc/baroApi?resId=dong&catId=cty&ctprvnCd=46&ServiceKey=mzv%2B5nKLrKuD%2BmQQsQNPL9WTK%2B%2Bv2TmZhLsfKQ94z9xgb1RpWBP17HLSPzxlwwYugsmNqEOJqSxKVAXxdImgXg%3D%3D&type=json HTTP/1.1" 200 544
DEBUG:urllib3.connectionpool:Starting new HTTP connection (1): apis.data.go.kr:80
DEBUG:urllib3.connectionpool:http://apis.data.go.kr:80 "GET /B553077/api/open/sdsc/storeListInDong?divId=signguCd&key=46790&ServiceKey=mzv%2B5nKLrKuD%2BmQQsQNPL9WTK%2B%2Bv2TmZhLsfKQ94z9xgb1RpWBP17HLSPzxlwwYugsmNqEOJqSxKVAXxdImgXg%3D%3D&type=json HTTP/1.1" 200 3552
INFO:werkzeug:127.0.0.1 - - [16/Dec/2019 03:30:40] "POST /menus/travel HTTP/1.1" 200 -
DEBUG:urllib3.connectionpool:Starting new HTTP connection (1): api.visitkorea.or.kr:80
DEBUG:urllib3.connectionpool:http://api.visitkorea.or.kr:80 "GET /openapi/service/rest/KorService/searchKeyword?ServiceKey=mzv%2B5nKLrKuD%2BmQQsQNPL9WTK%2B%2Bv2TmZhLsfKQ94z9xgb1RpWBP17HLSPzxlwwYugsmNqEOJqSxKVAXxdImgXg%3D%3D&keyword=%EA%B5%AD%EB%A6%BD%EA%B3%B5%EC%9B%90&listYN=Y&arrange=A&MobileOS=ETC&MobileApp=AppTest&_type=json HTTP/1.1" 200 4889
DEBUG:urllib3.connectionpool:Starting new HTTP connection (1): apis.data.go.kr:80
DEBUG:urllib3.connectionpool:http://apis.data.go.kr:80 "GET /B553077/api/open/sdsc/baroApi?resId=dong&catId=cty&ctprvnCd=47&ServiceKey=mzv%2B5nKLrKuD%2BmQQsQNPL9WTK%2B%2Bv2TmZhLsfKQ94z9xgb1RpWBP17HLSPzxlwwYugsmNqEOJqSxKVAXxdImgXg%3D%3D&type=json HTTP/1.1" 200 561
DEBUG:urllib3.connectionpool:Starting new HTTP connection (1): apis.data.go.kr:80
DEBUG:urllib3.connectionpool:http://apis.data.go.kr:80 "GET /B553077/api/open/sdsc/storeListInDong?divId=signguCd&key=47113&ServiceKey=mzv%2B5nKLrKuD%2BmQQsQNPL9WTK%2B%2Bv2TmZhLsfKQ94z9xgb1RpWBP17HLSPzxlwwYugsmNqEOJqSxKVAXxdImgXg%3D%3D&type=json HTTP/1.1" 200 4090
DEBUG:urllib3.connectionpool:Starting new HTTP connection (1): apis.data.go.kr:80
DEBUG:urllib3.connectionpool:http://apis.data.go.kr:80 "GET /B553077/api/open/sdsc/baroApi?resId=dong&catId=cty&ctprvnCd=48&ServiceKey=mzv%2B5nKLrKuD%2BmQQsQNPL9WTK%2B%2Bv2TmZhLsfKQ94z9xgb1RpWBP17HLSPzxlwwYugsmNqEOJqSxKVAXxdImgXg%3D%3D&type=json HTTP/1.1" 200 565
DEBUG:urllib3.connectionpool:Starting new HTTP connection (1): apis.data.go.kr:80
DEBUG:urllib3.connectionpool:http://apis.data.go.kr:80 "GET /B553077/api/open/sdsc/storeListInDong?divId=signguCd&key=48890&ServiceKey=mzv%2B5nKLrKuD%2BmQQsQNPL9WTK%2B%2Bv2TmZhLsfKQ94z9xgb1RpWBP17HLSPzxlwwYugsmNqEOJqSxKVAXxdImgXg%3D%3D&type=json HTTP/1.1" 200 3866
DEBUG:urllib3.connectionpool:Starting new HTTP connection (1): apis.data.go.kr:80
DEBUG:urllib3.connectionpool:http://apis.data.go.kr:80 "GET /B553077/api/open/sdsc/baroApi?resId=dong&catId=cty&ctprvnCd=47&ServiceKey=mzv%2B5nKLrKuD%2BmQQsQNPL9WTK%2B%2Bv2TmZhLsfKQ94z9xgb1RpWBP17HLSPzxlwwYugsmNqEOJqSxKVAXxdImgXg%3D%3D&type=json HTTP/1.1" 200 561
DEBUG:urllib3.connectionpool:Starting new HTTP connection (1): apis.data.go.kr:80
DEBUG:urllib3.connectionpool:http://apis.data.go.kr:80 "GET /B553077/api/open/sdsc/storeListInDong?divId=signguCd&key=47113&ServiceKey=mzv%2B5nKLrKuD%2BmQQsQNPL9WTK%2B%2Bv2TmZhLsfKQ94z9xgb1RpWBP17HLSPzxlwwYugsmNqEOJqSxKVAXxdImgXg%3D%3D&type=json HTTP/1.1" 200 4090
DEBUG:urllib3.connectionpool:Starting new HTTP connection (1): apis.data.go.kr:80
DEBUG:urllib3.connectionpool:http://apis.data.go.kr:80 "GET /B553077/api/open/sdsc/baroApi?resId=dong&catId=cty&ctprvnCd=44&ServiceKey=mzv%2B5nKLrKuD%2BmQQsQNPL9WTK%2B%2Bv2TmZhLsfKQ94z9xgb1RpWBP17HLSPzxlwwYugsmNqEOJqSxKVAXxdImgXg%3D%3D&type=json HTTP/1.1" 200 497
DEBUG:urllib3.connectionpool:Starting new HTTP connection (1): apis.data.go.kr:80
DEBUG:urllib3.connectionpool:http://apis.data.go.kr:80 "GET /B553077/api/open/sdsc/storeListInDong?divId=signguCd&key=44800&ServiceKey=mzv%2B5nKLrKuD%2BmQQsQNPL9WTK%2B%2Bv2TmZhLsfKQ94z9xgb1RpWBP17HLSPzxlwwYugsmNqEOJqSxKVAXxdImgXg%3D%3D&type=json HTTP/1.1" 200 3840
DEBUG:urllib3.connectionpool:Starting new HTTP connection (1): apis.data.go.kr:80
DEBUG:urllib3.connectionpool:http://apis.data.go.kr:80 "GET /B553077/api/open/sdsc/baroApi?resId=dong&catId=cty&ctprvnCd=11&ServiceKey=mzv%2B5nKLrKuD%2BmQQsQNPL9WTK%2B%2Bv2TmZhLsfKQ94z9xgb1RpWBP17HLSPzxlwwYugsmNqEOJqSxKVAXxdImgXg%3D%3D&type=json HTTP/1.1" 200 571
DEBUG:urllib3.connectionpool:Starting new HTTP connection (1): apis.data.go.kr:80
DEBUG:urllib3.connectionpool:http://apis.data.go.kr:80 "GET /B553077/api/open/sdsc/storeListInDong?divId=signguCd&key=11260&ServiceKey=mzv%2B5nKLrKuD%2BmQQsQNPL9WTK%2B%2Bv2TmZhLsfKQ94z9xgb1RpWBP17HLSPzxlwwYugsmNqEOJqSxKVAXxdImgXg%3D%3D&type=json HTTP/1.1" 200 3950
DEBUG:urllib3.connectionpool:Starting new HTTP connection (1): apis.data.go.kr:80
DEBUG:urllib3.connectionpool:http://apis.data.go.kr:80 "GET /B553077/api/open/sdsc/baroApi?resId=dong&catId=cty&ctprvnCd=46&ServiceKey=mzv%2B5nKLrKuD%2BmQQsQNPL9WTK%2B%2Bv2TmZhLsfKQ94z9xgb1RpWBP17HLSPzxlwwYugsmNqEOJqSxKVAXxdImgXg%3D%3D&type=json HTTP/1.1" 200 544
DEBUG:urllib3.connectionpool:Starting new HTTP connection (1): apis.data.go.kr:80
DEBUG:urllib3.connectionpool:http://apis.data.go.kr:80 "GET /B553077/api/open/sdsc/storeListInDong?divId=signguCd&key=46790&ServiceKey=mzv%2B5nKLrKuD%2BmQQsQNPL9WTK%2B%2Bv2TmZhLsfKQ94z9xgb1RpWBP17HLSPzxlwwYugsmNqEOJqSxKVAXxdImgXg%3D%3D&type=json HTTP/1.1" 200 3552
DEBUG:urllib3.connectionpool:Starting new HTTP connection (1): apis.data.go.kr:80
DEBUG:urllib3.connectionpool:http://apis.data.go.kr:80 "GET /B553077/api/open/sdsc/baroApi?resId=dong&catId=cty&ctprvnCd=11&ServiceKey=mzv%2B5nKLrKuD%2BmQQsQNPL9WTK%2B%2Bv2TmZhLsfKQ94z9xgb1RpWBP17HLSPzxlwwYugsmNqEOJqSxKVAXxdImgXg%3D%3D&type=json HTTP/1.1" 200 571
DEBUG:urllib3.connectionpool:Starting new HTTP connection (1): apis.data.go.kr:80
DEBUG:urllib3.connectionpool:http://apis.data.go.kr:80 "GET /B553077/api/open/sdsc/storeListInDong?divId=signguCd&key=11260&ServiceKey=mzv%2B5nKLrKuD%2BmQQsQNPL9WTK%2B%2Bv2TmZhLsfKQ94z9xgb1RpWBP17HLSPzxlwwYugsmNqEOJqSxKVAXxdImgXg%3D%3D&type=json HTTP/1.1" 200 3950
DEBUG:urllib3.connectionpool:Starting new HTTP connection (1): apis.data.go.kr:80
DEBUG:urllib3.connectionpool:http://apis.data.go.kr:80 "GET /B553077/api/open/sdsc/baroApi?resId=dong&catId=cty&ctprvnCd=45&ServiceKey=mzv%2B5nKLrKuD%2BmQQsQNPL9WTK%2B%2Bv2TmZhLsfKQ94z9xgb1RpWBP17HLSPzxlwwYugsmNqEOJqSxKVAXxdImgXg%3D%3D&type=json HTTP/1.1" 200 483
DEBUG:urllib3.connectionpool:Starting new HTTP connection (1): apis.data.go.kr:80
DEBUG:urllib3.connectionpool:http://apis.data.go.kr:80 "GET /B553077/api/open/sdsc/storeListInDong?divId=signguCd&key=45720&ServiceKey=mzv%2B5nKLrKuD%2BmQQsQNPL9WTK%2B%2Bv2TmZhLsfKQ94z9xgb1RpWBP17HLSPzxlwwYugsmNqEOJqSxKVAXxdImgXg%3D%3D&type=json HTTP/1.1" 200 3787
DEBUG:urllib3.connectionpool:Starting new HTTP connection (1): apis.data.go.kr:80
DEBUG:urllib3.connectionpool:http://apis.data.go.kr:80 "GET /B553077/api/open/sdsc/baroApi?resId=dong&catId=cty&ctprvnCd=46&ServiceKey=mzv%2B5nKLrKuD%2BmQQsQNPL9WTK%2B%2Bv2TmZhLsfKQ94z9xgb1RpWBP17HLSPzxlwwYugsmNqEOJqSxKVAXxdImgXg%3D%3D&type=json HTTP/1.1" 200 544
DEBUG:urllib3.connectionpool:Starting new HTTP connection (1): apis.data.go.kr:80
DEBUG:urllib3.connectionpool:http://apis.data.go.kr:80 "GET /B553077/api/open/sdsc/storeListInDong?divId=signguCd&key=46790&ServiceKey=mzv%2B5nKLrKuD%2BmQQsQNPL9WTK%2B%2Bv2TmZhLsfKQ94z9xgb1RpWBP17HLSPzxlwwYugsmNqEOJqSxKVAXxdImgXg%3D%3D&type=json HTTP/1.1" 200 3552
DEBUG:urllib3.connectionpool:Starting new HTTP connection (1): apis.data.go.kr:80
DEBUG:urllib3.connectionpool:http://apis.data.go.kr:80 "GET /B553077/api/open/sdsc/baroApi?resId=dong&catId=cty&ctprvnCd=46&ServiceKey=mzv%2B5nKLrKuD%2BmQQsQNPL9WTK%2B%2Bv2TmZhLsfKQ94z9xgb1RpWBP17HLSPzxlwwYugsmNqEOJqSxKVAXxdImgXg%3D%3D&type=json HTTP/1.1" 200 544
DEBUG:urllib3.connectionpool:Starting new HTTP connection (1): apis.data.go.kr:80
DEBUG:urllib3.connectionpool:http://apis.data.go.kr:80 "GET /B553077/api/open/sdsc/storeListInDong?divId=signguCd&key=46790&ServiceKey=mzv%2B5nKLrKuD%2BmQQsQNPL9WTK%2B%2Bv2TmZhLsfKQ94z9xgb1RpWBP17HLSPzxlwwYugsmNqEOJqSxKVAXxdImgXg%3D%3D&type=json HTTP/1.1" 200 3552
INFO:werkzeug:127.0.0.1 - - [16/Dec/2019 03:30:49] "POST /menus/travel HTTP/1.1" 200 -
DEBUG:urllib3.connectionpool:Starting new HTTP connection (1): api.visitkorea.or.kr:80
DEBUG:urllib3.connectionpool:http://api.visitkorea.or.kr:80 "GET /openapi/service/rest/KorService/searchKeyword?ServiceKey=mzv%2B5nKLrKuD%2BmQQsQNPL9WTK%2B%2Bv2TmZhLsfKQ94z9xgb1RpWBP17HLSPzxlwwYugsmNqEOJqSxKVAXxdImgXg%3D%3D&keyword=%EA%B5%AD%EB%A6%BD%EA%B3%B5%EC%9B%90&listYN=Y&arrange=A&MobileOS=ETC&MobileApp=AppTest&_type=json HTTP/1.1" 200 4889
DEBUG:urllib3.connectionpool:Starting new HTTP connection (1): apis.data.go.kr:80
DEBUG:urllib3.connectionpool:http://apis.data.go.kr:80 "GET /B553077/api/open/sdsc/baroApi?resId=dong&catId=cty&ctprvnCd=47&ServiceKey=mzv%2B5nKLrKuD%2BmQQsQNPL9WTK%2B%2Bv2TmZhLsfKQ94z9xgb1RpWBP17HLSPzxlwwYugsmNqEOJqSxKVAXxdImgXg%3D%3D&type=json HTTP/1.1" 200 561
DEBUG:urllib3.connectionpool:Starting new HTTP connection (1): apis.data.go.kr:80
DEBUG:urllib3.connectionpool:http://apis.data.go.kr:80 "GET /B553077/api/open/sdsc/storeListInDong?divId=signguCd&key=47113&ServiceKey=mzv%2B5nKLrKuD%2BmQQsQNPL9WTK%2B%2Bv2TmZhLsfKQ94z9xgb1RpWBP17HLSPzxlwwYugsmNqEOJqSxKVAXxdImgXg%3D%3D&type=json HTTP/1.1" 200 4090
DEBUG:urllib3.connectionpool:Starting new HTTP connection (1): apis.data.go.kr:80
DEBUG:urllib3.connectionpool:http://apis.data.go.kr:80 "GET /B553077/api/open/sdsc/baroApi?resId=dong&catId=cty&ctprvnCd=48&ServiceKey=mzv%2B5nKLrKuD%2BmQQsQNPL9WTK%2B%2Bv2TmZhLsfKQ94z9xgb1RpWBP17HLSPzxlwwYugsmNqEOJqSxKVAXxdImgXg%3D%3D&type=json HTTP/1.1" 200 565
DEBUG:urllib3.connectionpool:Starting new HTTP connection (1): apis.data.go.kr:80
DEBUG:urllib3.connectionpool:http://apis.data.go.kr:80 "GET /B553077/api/open/sdsc/storeListInDong?divId=signguCd&key=48890&ServiceKey=mzv%2B5nKLrKuD%2BmQQsQNPL9WTK%2B%2Bv2TmZhLsfKQ94z9xgb1RpWBP17HLSPzxlwwYugsmNqEOJqSxKVAXxdImgXg%3D%3D&type=json HTTP/1.1" 200 3866
DEBUG:urllib3.connectionpool:Starting new HTTP connection (1): apis.data.go.kr:80
DEBUG:urllib3.connectionpool:http://apis.data.go.kr:80 "GET /B553077/api/open/sdsc/baroApi?resId=dong&catId=cty&ctprvnCd=47&ServiceKey=mzv%2B5nKLrKuD%2BmQQsQNPL9WTK%2B%2Bv2TmZhLsfKQ94z9xgb1RpWBP17HLSPzxlwwYugsmNqEOJqSxKVAXxdImgXg%3D%3D&type=json HTTP/1.1" 200 561
DEBUG:urllib3.connectionpool:Starting new HTTP connection (1): apis.data.go.kr:80
DEBUG:urllib3.connectionpool:http://apis.data.go.kr:80 "GET /B553077/api/open/sdsc/storeListInDong?divId=signguCd&key=47113&ServiceKey=mzv%2B5nKLrKuD%2BmQQsQNPL9WTK%2B%2Bv2TmZhLsfKQ94z9xgb1RpWBP17HLSPzxlwwYugsmNqEOJqSxKVAXxdImgXg%3D%3D&type=json HTTP/1.1" 200 4090
DEBUG:urllib3.connectionpool:Starting new HTTP connection (1): apis.data.go.kr:80
DEBUG:urllib3.connectionpool:http://apis.data.go.kr:80 "GET /B553077/api/open/sdsc/baroApi?resId=dong&catId=cty&ctprvnCd=44&ServiceKey=mzv%2B5nKLrKuD%2BmQQsQNPL9WTK%2B%2Bv2TmZhLsfKQ94z9xgb1RpWBP17HLSPzxlwwYugsmNqEOJqSxKVAXxdImgXg%3D%3D&type=json HTTP/1.1" 200 497
DEBUG:urllib3.connectionpool:Starting new HTTP connection (1): apis.data.go.kr:80
DEBUG:urllib3.connectionpool:http://apis.data.go.kr:80 "GET /B553077/api/open/sdsc/storeListInDong?divId=signguCd&key=44800&ServiceKey=mzv%2B5nKLrKuD%2BmQQsQNPL9WTK%2B%2Bv2TmZhLsfKQ94z9xgb1RpWBP17HLSPzxlwwYugsmNqEOJqSxKVAXxdImgXg%3D%3D&type=json HTTP/1.1" 200 3840
DEBUG:urllib3.connectionpool:Starting new HTTP connection (1): apis.data.go.kr:80
DEBUG:urllib3.connectionpool:http://apis.data.go.kr:80 "GET /B553077/api/open/sdsc/baroApi?resId=dong&catId=cty&ctprvnCd=11&ServiceKey=mzv%2B5nKLrKuD%2BmQQsQNPL9WTK%2B%2Bv2TmZhLsfKQ94z9xgb1RpWBP17HLSPzxlwwYugsmNqEOJqSxKVAXxdImgXg%3D%3D&type=json HTTP/1.1" 200 571
DEBUG:urllib3.connectionpool:Starting new HTTP connection (1): apis.data.go.kr:80
DEBUG:urllib3.connectionpool:http://apis.data.go.kr:80 "GET /B553077/api/open/sdsc/storeListInDong?divId=signguCd&key=11260&ServiceKey=mzv%2B5nKLrKuD%2BmQQsQNPL9WTK%2B%2Bv2TmZhLsfKQ94z9xgb1RpWBP17HLSPzxlwwYugsmNqEOJqSxKVAXxdImgXg%3D%3D&type=json HTTP/1.1" 200 3950
DEBUG:urllib3.connectionpool:Starting new HTTP connection (1): apis.data.go.kr:80
DEBUG:urllib3.connectionpool:http://apis.data.go.kr:80 "GET /B553077/api/open/sdsc/baroApi?resId=dong&catId=cty&ctprvnCd=46&ServiceKey=mzv%2B5nKLrKuD%2BmQQsQNPL9WTK%2B%2Bv2TmZhLsfKQ94z9xgb1RpWBP17HLSPzxlwwYugsmNqEOJqSxKVAXxdImgXg%3D%3D&type=json HTTP/1.1" 200 544
DEBUG:urllib3.connectionpool:Starting new HTTP connection (1): apis.data.go.kr:80
DEBUG:urllib3.connectionpool:http://apis.data.go.kr:80 "GET /B553077/api/open/sdsc/storeListInDong?divId=signguCd&key=46790&ServiceKey=mzv%2B5nKLrKuD%2BmQQsQNPL9WTK%2B%2Bv2TmZhLsfKQ94z9xgb1RpWBP17HLSPzxlwwYugsmNqEOJqSxKVAXxdImgXg%3D%3D&type=json HTTP/1.1" 200 3552
DEBUG:urllib3.connectionpool:Starting new HTTP connection (1): apis.data.go.kr:80
DEBUG:urllib3.connectionpool:http://apis.data.go.kr:80 "GET /B553077/api/open/sdsc/baroApi?resId=dong&catId=cty&ctprvnCd=11&ServiceKey=mzv%2B5nKLrKuD%2BmQQsQNPL9WTK%2B%2Bv2TmZhLsfKQ94z9xgb1RpWBP17HLSPzxlwwYugsmNqEOJqSxKVAXxdImgXg%3D%3D&type=json HTTP/1.1" 200 571
DEBUG:urllib3.connectionpool:Starting new HTTP connection (1): apis.data.go.kr:80
DEBUG:urllib3.connectionpool:http://apis.data.go.kr:80 "GET /B553077/api/open/sdsc/storeListInDong?divId=signguCd&key=11260&ServiceKey=mzv%2B5nKLrKuD%2BmQQsQNPL9WTK%2B%2Bv2TmZhLsfKQ94z9xgb1RpWBP17HLSPzxlwwYugsmNqEOJqSxKVAXxdImgXg%3D%3D&type=json HTTP/1.1" 200 3950
DEBUG:urllib3.connectionpool:Starting new HTTP connection (1): apis.data.go.kr:80
DEBUG:urllib3.connectionpool:http://apis.data.go.kr:80 "GET /B553077/api/open/sdsc/baroApi?resId=dong&catId=cty&ctprvnCd=45&ServiceKey=mzv%2B5nKLrKuD%2BmQQsQNPL9WTK%2B%2Bv2TmZhLsfKQ94z9xgb1RpWBP17HLSPzxlwwYugsmNqEOJqSxKVAXxdImgXg%3D%3D&type=json HTTP/1.1" 200 483
DEBUG:urllib3.connectionpool:Starting new HTTP connection (1): apis.data.go.kr:80
DEBUG:urllib3.connectionpool:http://apis.data.go.kr:80 "GET /B553077/api/open/sdsc/storeListInDong?divId=signguCd&key=45720&ServiceKey=mzv%2B5nKLrKuD%2BmQQsQNPL9WTK%2B%2Bv2TmZhLsfKQ94z9xgb1RpWBP17HLSPzxlwwYugsmNqEOJqSxKVAXxdImgXg%3D%3D&type=json HTTP/1.1" 200 3787
DEBUG:urllib3.connectionpool:Starting new HTTP connection (1): apis.data.go.kr:80
DEBUG:urllib3.connectionpool:http://apis.data.go.kr:80 "GET /B553077/api/open/sdsc/baroApi?resId=dong&catId=cty&ctprvnCd=46&ServiceKey=mzv%2B5nKLrKuD%2BmQQsQNPL9WTK%2B%2Bv2TmZhLsfKQ94z9xgb1RpWBP17HLSPzxlwwYugsmNqEOJqSxKVAXxdImgXg%3D%3D&type=json HTTP/1.1" 200 544
DEBUG:urllib3.connectionpool:Starting new HTTP connection (1): apis.data.go.kr:80
DEBUG:urllib3.connectionpool:http://apis.data.go.kr:80 "GET /B553077/api/open/sdsc/storeListInDong?divId=signguCd&key=46790&ServiceKey=mzv%2B5nKLrKuD%2BmQQsQNPL9WTK%2B%2Bv2TmZhLsfKQ94z9xgb1RpWBP17HLSPzxlwwYugsmNqEOJqSxKVAXxdImgXg%3D%3D&type=json HTTP/1.1" 200 3552
DEBUG:urllib3.connectionpool:Starting new HTTP connection (1): apis.data.go.kr:80
DEBUG:urllib3.connectionpool:http://apis.data.go.kr:80 "GET /B553077/api/open/sdsc/baroApi?resId=dong&catId=cty&ctprvnCd=46&ServiceKey=mzv%2B5nKLrKuD%2BmQQsQNPL9WTK%2B%2Bv2TmZhLsfKQ94z9xgb1RpWBP17HLSPzxlwwYugsmNqEOJqSxKVAXxdImgXg%3D%3D&type=json HTTP/1.1" 200 544
DEBUG:urllib3.connectionpool:Starting new HTTP connection (1): apis.data.go.kr:80
DEBUG:urllib3.connectionpool:http://apis.data.go.kr:80 "GET /B553077/api/open/sdsc/storeListInDong?divId=signguCd&key=46790&ServiceKey=mzv%2B5nKLrKuD%2BmQQsQNPL9WTK%2B%2Bv2TmZhLsfKQ94z9xgb1RpWBP17HLSPzxlwwYugsmNqEOJqSxKVAXxdImgXg%3D%3D&type=json HTTP/1.1" 200 3552
INFO:werkzeug:127.0.0.1 - - [16/Dec/2019 03:32:46] "POST /menus/travel HTTP/1.1" 200 -
DEBUG:urllib3.connectionpool:Starting new HTTP connection (1): api.visitkorea.or.kr:80
DEBUG:urllib3.connectionpool:http://api.visitkorea.or.kr:80 "GET /openapi/service/rest/KorService/searchKeyword?ServiceKey=mzv%2B5nKLrKuD%2BmQQsQNPL9WTK%2B%2Bv2TmZhLsfKQ94z9xgb1RpWBP17HLSPzxlwwYugsmNqEOJqSxKVAXxdImgXg%3D%3D&keyword=%EA%B5%AD%EB%A6%BD%EA%B3%B5%EC%9B%90&listYN=Y&arrange=A&MobileOS=ETC&MobileApp=AppTest&_type=json HTTP/1.1" 200 4889
DEBUG:urllib3.connectionpool:Starting new HTTP connection (1): apis.data.go.kr:80
DEBUG:urllib3.connectionpool:http://apis.data.go.kr:80 "GET /B553077/api/open/sdsc/baroApi?resId=dong&catId=cty&ctprvnCd=47&ServiceKey=mzv%2B5nKLrKuD%2BmQQsQNPL9WTK%2B%2Bv2TmZhLsfKQ94z9xgb1RpWBP17HLSPzxlwwYugsmNqEOJqSxKVAXxdImgXg%3D%3D&type=json HTTP/1.1" 200 561
DEBUG:urllib3.connectionpool:Starting new HTTP connection (1): apis.data.go.kr:80
DEBUG:urllib3.connectionpool:http://apis.data.go.kr:80 "GET /B553077/api/open/sdsc/storeListInDong?divId=signguCd&key=47113&ServiceKey=mzv%2B5nKLrKuD%2BmQQsQNPL9WTK%2B%2Bv2TmZhLsfKQ94z9xgb1RpWBP17HLSPzxlwwYugsmNqEOJqSxKVAXxdImgXg%3D%3D&type=json HTTP/1.1" 200 4090
DEBUG:urllib3.connectionpool:Starting new HTTP connection (1): apis.data.go.kr:80
DEBUG:urllib3.connectionpool:http://apis.data.go.kr:80 "GET /B553077/api/open/sdsc/baroApi?resId=dong&catId=cty&ctprvnCd=48&ServiceKey=mzv%2B5nKLrKuD%2BmQQsQNPL9WTK%2B%2Bv2TmZhLsfKQ94z9xgb1RpWBP17HLSPzxlwwYugsmNqEOJqSxKVAXxdImgXg%3D%3D&type=json HTTP/1.1" 200 565
DEBUG:urllib3.connectionpool:Starting new HTTP connection (1): apis.data.go.kr:80
DEBUG:urllib3.connectionpool:http://apis.data.go.kr:80 "GET /B553077/api/open/sdsc/storeListInDong?divId=signguCd&key=48890&ServiceKey=mzv%2B5nKLrKuD%2BmQQsQNPL9WTK%2B%2Bv2TmZhLsfKQ94z9xgb1RpWBP17HLSPzxlwwYugsmNqEOJqSxKVAXxdImgXg%3D%3D&type=json HTTP/1.1" 200 3866
DEBUG:urllib3.connectionpool:Starting new HTTP connection (1): apis.data.go.kr:80
DEBUG:urllib3.connectionpool:http://apis.data.go.kr:80 "GET /B553077/api/open/sdsc/baroApi?resId=dong&catId=cty&ctprvnCd=47&ServiceKey=mzv%2B5nKLrKuD%2BmQQsQNPL9WTK%2B%2Bv2TmZhLsfKQ94z9xgb1RpWBP17HLSPzxlwwYugsmNqEOJqSxKVAXxdImgXg%3D%3D&type=json HTTP/1.1" 200 561
DEBUG:urllib3.connectionpool:Starting new HTTP connection (1): apis.data.go.kr:80
DEBUG:urllib3.connectionpool:http://apis.data.go.kr:80 "GET /B553077/api/open/sdsc/storeListInDong?divId=signguCd&key=47113&ServiceKey=mzv%2B5nKLrKuD%2BmQQsQNPL9WTK%2B%2Bv2TmZhLsfKQ94z9xgb1RpWBP17HLSPzxlwwYugsmNqEOJqSxKVAXxdImgXg%3D%3D&type=json HTTP/1.1" 200 4090
DEBUG:urllib3.connectionpool:Starting new HTTP connection (1): apis.data.go.kr:80
DEBUG:urllib3.connectionpool:http://apis.data.go.kr:80 "GET /B553077/api/open/sdsc/baroApi?resId=dong&catId=cty&ctprvnCd=44&ServiceKey=mzv%2B5nKLrKuD%2BmQQsQNPL9WTK%2B%2Bv2TmZhLsfKQ94z9xgb1RpWBP17HLSPzxlwwYugsmNqEOJqSxKVAXxdImgXg%3D%3D&type=json HTTP/1.1" 200 497
DEBUG:urllib3.connectionpool:Starting new HTTP connection (1): apis.data.go.kr:80
DEBUG:urllib3.connectionpool:http://apis.data.go.kr:80 "GET /B553077/api/open/sdsc/storeListInDong?divId=signguCd&key=44800&ServiceKey=mzv%2B5nKLrKuD%2BmQQsQNPL9WTK%2B%2Bv2TmZhLsfKQ94z9xgb1RpWBP17HLSPzxlwwYugsmNqEOJqSxKVAXxdImgXg%3D%3D&type=json HTTP/1.1" 200 3840
DEBUG:urllib3.connectionpool:Starting new HTTP connection (1): apis.data.go.kr:80
DEBUG:urllib3.connectionpool:http://apis.data.go.kr:80 "GET /B553077/api/open/sdsc/baroApi?resId=dong&catId=cty&ctprvnCd=11&ServiceKey=mzv%2B5nKLrKuD%2BmQQsQNPL9WTK%2B%2Bv2TmZhLsfKQ94z9xgb1RpWBP17HLSPzxlwwYugsmNqEOJqSxKVAXxdImgXg%3D%3D&type=json HTTP/1.1" 200 571
DEBUG:urllib3.connectionpool:Starting new HTTP connection (1): apis.data.go.kr:80
DEBUG:urllib3.connectionpool:http://apis.data.go.kr:80 "GET /B553077/api/open/sdsc/storeListInDong?divId=signguCd&key=11260&ServiceKey=mzv%2B5nKLrKuD%2BmQQsQNPL9WTK%2B%2Bv2TmZhLsfKQ94z9xgb1RpWBP17HLSPzxlwwYugsmNqEOJqSxKVAXxdImgXg%3D%3D&type=json HTTP/1.1" 200 3950
DEBUG:urllib3.connectionpool:Starting new HTTP connection (1): apis.data.go.kr:80
DEBUG:urllib3.connectionpool:http://apis.data.go.kr:80 "GET /B553077/api/open/sdsc/baroApi?resId=dong&catId=cty&ctprvnCd=46&ServiceKey=mzv%2B5nKLrKuD%2BmQQsQNPL9WTK%2B%2Bv2TmZhLsfKQ94z9xgb1RpWBP17HLSPzxlwwYugsmNqEOJqSxKVAXxdImgXg%3D%3D&type=json HTTP/1.1" 200 544
DEBUG:urllib3.connectionpool:Starting new HTTP connection (1): apis.data.go.kr:80
DEBUG:urllib3.connectionpool:http://apis.data.go.kr:80 "GET /B553077/api/open/sdsc/storeListInDong?divId=signguCd&key=46790&ServiceKey=mzv%2B5nKLrKuD%2BmQQsQNPL9WTK%2B%2Bv2TmZhLsfKQ94z9xgb1RpWBP17HLSPzxlwwYugsmNqEOJqSxKVAXxdImgXg%3D%3D&type=json HTTP/1.1" 200 3552
DEBUG:urllib3.connectionpool:Starting new HTTP connection (1): apis.data.go.kr:80
DEBUG:urllib3.connectionpool:http://apis.data.go.kr:80 "GET /B553077/api/open/sdsc/baroApi?resId=dong&catId=cty&ctprvnCd=11&ServiceKey=mzv%2B5nKLrKuD%2BmQQsQNPL9WTK%2B%2Bv2TmZhLsfKQ94z9xgb1RpWBP17HLSPzxlwwYugsmNqEOJqSxKVAXxdImgXg%3D%3D&type=json HTTP/1.1" 200 571
DEBUG:urllib3.connectionpool:Starting new HTTP connection (1): apis.data.go.kr:80
DEBUG:urllib3.connectionpool:http://apis.data.go.kr:80 "GET /B553077/api/open/sdsc/storeListInDong?divId=signguCd&key=11260&ServiceKey=mzv%2B5nKLrKuD%2BmQQsQNPL9WTK%2B%2Bv2TmZhLsfKQ94z9xgb1RpWBP17HLSPzxlwwYugsmNqEOJqSxKVAXxdImgXg%3D%3D&type=json HTTP/1.1" 200 3950
DEBUG:urllib3.connectionpool:Starting new HTTP connection (1): apis.data.go.kr:80
DEBUG:urllib3.connectionpool:http://apis.data.go.kr:80 "GET /B553077/api/open/sdsc/baroApi?resId=dong&catId=cty&ctprvnCd=45&ServiceKey=mzv%2B5nKLrKuD%2BmQQsQNPL9WTK%2B%2Bv2TmZhLsfKQ94z9xgb1RpWBP17HLSPzxlwwYugsmNqEOJqSxKVAXxdImgXg%3D%3D&type=json HTTP/1.1" 200 483
DEBUG:urllib3.connectionpool:Starting new HTTP connection (1): apis.data.go.kr:80
DEBUG:urllib3.connectionpool:http://apis.data.go.kr:80 "GET /B553077/api/open/sdsc/storeListInDong?divId=signguCd&key=45720&ServiceKey=mzv%2B5nKLrKuD%2BmQQsQNPL9WTK%2B%2Bv2TmZhLsfKQ94z9xgb1RpWBP17HLSPzxlwwYugsmNqEOJqSxKVAXxdImgXg%3D%3D&type=json HTTP/1.1" 200 3787
DEBUG:urllib3.connectionpool:Starting new HTTP connection (1): apis.data.go.kr:80
DEBUG:urllib3.connectionpool:http://apis.data.go.kr:80 "GET /B553077/api/open/sdsc/baroApi?resId=dong&catId=cty&ctprvnCd=46&ServiceKey=mzv%2B5nKLrKuD%2BmQQsQNPL9WTK%2B%2Bv2TmZhLsfKQ94z9xgb1RpWBP17HLSPzxlwwYugsmNqEOJqSxKVAXxdImgXg%3D%3D&type=json HTTP/1.1" 200 544
DEBUG:urllib3.connectionpool:Starting new HTTP connection (1): apis.data.go.kr:80
DEBUG:urllib3.connectionpool:http://apis.data.go.kr:80 "GET /B553077/api/open/sdsc/storeListInDong?divId=signguCd&key=46790&ServiceKey=mzv%2B5nKLrKuD%2BmQQsQNPL9WTK%2B%2Bv2TmZhLsfKQ94z9xgb1RpWBP17HLSPzxlwwYugsmNqEOJqSxKVAXxdImgXg%3D%3D&type=json HTTP/1.1" 200 3552
DEBUG:urllib3.connectionpool:Starting new HTTP connection (1): apis.data.go.kr:80
DEBUG:urllib3.connectionpool:http://apis.data.go.kr:80 "GET /B553077/api/open/sdsc/baroApi?resId=dong&catId=cty&ctprvnCd=46&ServiceKey=mzv%2B5nKLrKuD%2BmQQsQNPL9WTK%2B%2Bv2TmZhLsfKQ94z9xgb1RpWBP17HLSPzxlwwYugsmNqEOJqSxKVAXxdImgXg%3D%3D&type=json HTTP/1.1" 200 544
DEBUG:urllib3.connectionpool:Starting new HTTP connection (1): apis.data.go.kr:80
DEBUG:urllib3.connectionpool:http://apis.data.go.kr:80 "GET /B553077/api/open/sdsc/storeListInDong?divId=signguCd&key=46790&ServiceKey=mzv%2B5nKLrKuD%2BmQQsQNPL9WTK%2B%2Bv2TmZhLsfKQ94z9xgb1RpWBP17HLSPzxlwwYugsmNqEOJqSxKVAXxdImgXg%3D%3D&type=json HTTP/1.1" 200 3552
INFO:werkzeug:127.0.0.1 - - [16/Dec/2019 03:34:16] "POST /menus/travel HTTP/1.1" 200 -
DEBUG:urllib3.connectionpool:Starting new HTTP connection (1): api.visitkorea.or.kr:80
DEBUG:urllib3.connectionpool:http://api.visitkorea.or.kr:80 "GET /openapi/service/rest/KorService/searchKeyword?ServiceKey=mzv%2B5nKLrKuD%2BmQQsQNPL9WTK%2B%2Bv2TmZhLsfKQ94z9xgb1RpWBP17HLSPzxlwwYugsmNqEOJqSxKVAXxdImgXg%3D%3D&keyword=%EA%B5%AD%EB%A6%BD%EA%B3%B5%EC%9B%90&listYN=Y&arrange=A&MobileOS=ETC&MobileApp=AppTest&_type=json HTTP/1.1" 200 4889
DEBUG:urllib3.connectionpool:Starting new HTTP connection (1): apis.data.go.kr:80
DEBUG:urllib3.connectionpool:http://apis.data.go.kr:80 "GET /B553077/api/open/sdsc/baroApi?resId=dong&catId=cty&ctprvnCd=47&ServiceKey=mzv%2B5nKLrKuD%2BmQQsQNPL9WTK%2B%2Bv2TmZhLsfKQ94z9xgb1RpWBP17HLSPzxlwwYugsmNqEOJqSxKVAXxdImgXg%3D%3D&type=json HTTP/1.1" 200 561
DEBUG:urllib3.connectionpool:Starting new HTTP connection (1): apis.data.go.kr:80
DEBUG:urllib3.connectionpool:http://apis.data.go.kr:80 "GET /B553077/api/open/sdsc/storeListInDong?divId=signguCd&key=47113&ServiceKey=mzv%2B5nKLrKuD%2BmQQsQNPL9WTK%2B%2Bv2TmZhLsfKQ94z9xgb1RpWBP17HLSPzxlwwYugsmNqEOJqSxKVAXxdImgXg%3D%3D&type=json HTTP/1.1" 200 4090
DEBUG:urllib3.connectionpool:Starting new HTTP connection (1): apis.data.go.kr:80
DEBUG:urllib3.connectionpool:http://apis.data.go.kr:80 "GET /B553077/api/open/sdsc/baroApi?resId=dong&catId=cty&ctprvnCd=48&ServiceKey=mzv%2B5nKLrKuD%2BmQQsQNPL9WTK%2B%2Bv2TmZhLsfKQ94z9xgb1RpWBP17HLSPzxlwwYugsmNqEOJqSxKVAXxdImgXg%3D%3D&type=json HTTP/1.1" 200 565
DEBUG:urllib3.connectionpool:Starting new HTTP connection (1): apis.data.go.kr:80
DEBUG:urllib3.connectionpool:http://apis.data.go.kr:80 "GET /B553077/api/open/sdsc/storeListInDong?divId=signguCd&key=48890&ServiceKey=mzv%2B5nKLrKuD%2BmQQsQNPL9WTK%2B%2Bv2TmZhLsfKQ94z9xgb1RpWBP17HLSPzxlwwYugsmNqEOJqSxKVAXxdImgXg%3D%3D&type=json HTTP/1.1" 200 3866
DEBUG:urllib3.connectionpool:Starting new HTTP connection (1): apis.data.go.kr:80
DEBUG:urllib3.connectionpool:http://apis.data.go.kr:80 "GET /B553077/api/open/sdsc/baroApi?resId=dong&catId=cty&ctprvnCd=47&ServiceKey=mzv%2B5nKLrKuD%2BmQQsQNPL9WTK%2B%2Bv2TmZhLsfKQ94z9xgb1RpWBP17HLSPzxlwwYugsmNqEOJqSxKVAXxdImgXg%3D%3D&type=json HTTP/1.1" 200 561
DEBUG:urllib3.connectionpool:Starting new HTTP connection (1): apis.data.go.kr:80
DEBUG:urllib3.connectionpool:http://apis.data.go.kr:80 "GET /B553077/api/open/sdsc/storeListInDong?divId=signguCd&key=47113&ServiceKey=mzv%2B5nKLrKuD%2BmQQsQNPL9WTK%2B%2Bv2TmZhLsfKQ94z9xgb1RpWBP17HLSPzxlwwYugsmNqEOJqSxKVAXxdImgXg%3D%3D&type=json HTTP/1.1" 200 4090
DEBUG:urllib3.connectionpool:Starting new HTTP connection (1): apis.data.go.kr:80
DEBUG:urllib3.connectionpool:http://apis.data.go.kr:80 "GET /B553077/api/open/sdsc/baroApi?resId=dong&catId=cty&ctprvnCd=44&ServiceKey=mzv%2B5nKLrKuD%2BmQQsQNPL9WTK%2B%2Bv2TmZhLsfKQ94z9xgb1RpWBP17HLSPzxlwwYugsmNqEOJqSxKVAXxdImgXg%3D%3D&type=json HTTP/1.1" 200 497
DEBUG:urllib3.connectionpool:Starting new HTTP connection (1): apis.data.go.kr:80
DEBUG:urllib3.connectionpool:http://apis.data.go.kr:80 "GET /B553077/api/open/sdsc/storeListInDong?divId=signguCd&key=44800&ServiceKey=mzv%2B5nKLrKuD%2BmQQsQNPL9WTK%2B%2Bv2TmZhLsfKQ94z9xgb1RpWBP17HLSPzxlwwYugsmNqEOJqSxKVAXxdImgXg%3D%3D&type=json HTTP/1.1" 200 3840
DEBUG:urllib3.connectionpool:Starting new HTTP connection (1): apis.data.go.kr:80
DEBUG:urllib3.connectionpool:http://apis.data.go.kr:80 "GET /B553077/api/open/sdsc/baroApi?resId=dong&catId=cty&ctprvnCd=11&ServiceKey=mzv%2B5nKLrKuD%2BmQQsQNPL9WTK%2B%2Bv2TmZhLsfKQ94z9xgb1RpWBP17HLSPzxlwwYugsmNqEOJqSxKVAXxdImgXg%3D%3D&type=json HTTP/1.1" 200 571
DEBUG:urllib3.connectionpool:Starting new HTTP connection (1): apis.data.go.kr:80
DEBUG:urllib3.connectionpool:http://apis.data.go.kr:80 "GET /B553077/api/open/sdsc/storeListInDong?divId=signguCd&key=11260&ServiceKey=mzv%2B5nKLrKuD%2BmQQsQNPL9WTK%2B%2Bv2TmZhLsfKQ94z9xgb1RpWBP17HLSPzxlwwYugsmNqEOJqSxKVAXxdImgXg%3D%3D&type=json HTTP/1.1" 200 3950
DEBUG:urllib3.connectionpool:Starting new HTTP connection (1): apis.data.go.kr:80
DEBUG:urllib3.connectionpool:http://apis.data.go.kr:80 "GET /B553077/api/open/sdsc/baroApi?resId=dong&catId=cty&ctprvnCd=46&ServiceKey=mzv%2B5nKLrKuD%2BmQQsQNPL9WTK%2B%2Bv2TmZhLsfKQ94z9xgb1RpWBP17HLSPzxlwwYugsmNqEOJqSxKVAXxdImgXg%3D%3D&type=json HTTP/1.1" 200 544
DEBUG:urllib3.connectionpool:Starting new HTTP connection (1): apis.data.go.kr:80
DEBUG:urllib3.connectionpool:http://apis.data.go.kr:80 "GET /B553077/api/open/sdsc/storeListInDong?divId=signguCd&key=46790&ServiceKey=mzv%2B5nKLrKuD%2BmQQsQNPL9WTK%2B%2Bv2TmZhLsfKQ94z9xgb1RpWBP17HLSPzxlwwYugsmNqEOJqSxKVAXxdImgXg%3D%3D&type=json HTTP/1.1" 200 3552
DEBUG:urllib3.connectionpool:Starting new HTTP connection (1): apis.data.go.kr:80
DEBUG:urllib3.connectionpool:http://apis.data.go.kr:80 "GET /B553077/api/open/sdsc/baroApi?resId=dong&catId=cty&ctprvnCd=11&ServiceKey=mzv%2B5nKLrKuD%2BmQQsQNPL9WTK%2B%2Bv2TmZhLsfKQ94z9xgb1RpWBP17HLSPzxlwwYugsmNqEOJqSxKVAXxdImgXg%3D%3D&type=json HTTP/1.1" 200 571
DEBUG:urllib3.connectionpool:Starting new HTTP connection (1): apis.data.go.kr:80
DEBUG:urllib3.connectionpool:http://apis.data.go.kr:80 "GET /B553077/api/open/sdsc/storeListInDong?divId=signguCd&key=11260&ServiceKey=mzv%2B5nKLrKuD%2BmQQsQNPL9WTK%2B%2Bv2TmZhLsfKQ94z9xgb1RpWBP17HLSPzxlwwYugsmNqEOJqSxKVAXxdImgXg%3D%3D&type=json HTTP/1.1" 200 3950
DEBUG:urllib3.connectionpool:Starting new HTTP connection (1): apis.data.go.kr:80
DEBUG:urllib3.connectionpool:http://apis.data.go.kr:80 "GET /B553077/api/open/sdsc/baroApi?resId=dong&catId=cty&ctprvnCd=45&ServiceKey=mzv%2B5nKLrKuD%2BmQQsQNPL9WTK%2B%2Bv2TmZhLsfKQ94z9xgb1RpWBP17HLSPzxlwwYugsmNqEOJqSxKVAXxdImgXg%3D%3D&type=json HTTP/1.1" 200 483
DEBUG:urllib3.connectionpool:Starting new HTTP connection (1): apis.data.go.kr:80
DEBUG:urllib3.connectionpool:http://apis.data.go.kr:80 "GET /B553077/api/open/sdsc/storeListInDong?divId=signguCd&key=45720&ServiceKey=mzv%2B5nKLrKuD%2BmQQsQNPL9WTK%2B%2Bv2TmZhLsfKQ94z9xgb1RpWBP17HLSPzxlwwYugsmNqEOJqSxKVAXxdImgXg%3D%3D&type=json HTTP/1.1" 200 3787
DEBUG:urllib3.connectionpool:Starting new HTTP connection (1): apis.data.go.kr:80
DEBUG:urllib3.connectionpool:http://apis.data.go.kr:80 "GET /B553077/api/open/sdsc/baroApi?resId=dong&catId=cty&ctprvnCd=46&ServiceKey=mzv%2B5nKLrKuD%2BmQQsQNPL9WTK%2B%2Bv2TmZhLsfKQ94z9xgb1RpWBP17HLSPzxlwwYugsmNqEOJqSxKVAXxdImgXg%3D%3D&type=json HTTP/1.1" 200 544
DEBUG:urllib3.connectionpool:Starting new HTTP connection (1): apis.data.go.kr:80
DEBUG:urllib3.connectionpool:http://apis.data.go.kr:80 "GET /B553077/api/open/sdsc/storeListInDong?divId=signguCd&key=46790&ServiceKey=mzv%2B5nKLrKuD%2BmQQsQNPL9WTK%2B%2Bv2TmZhLsfKQ94z9xgb1RpWBP17HLSPzxlwwYugsmNqEOJqSxKVAXxdImgXg%3D%3D&type=json HTTP/1.1" 200 3552
DEBUG:urllib3.connectionpool:Starting new HTTP connection (1): apis.data.go.kr:80
DEBUG:urllib3.connectionpool:http://apis.data.go.kr:80 "GET /B553077/api/open/sdsc/baroApi?resId=dong&catId=cty&ctprvnCd=46&ServiceKey=mzv%2B5nKLrKuD%2BmQQsQNPL9WTK%2B%2Bv2TmZhLsfKQ94z9xgb1RpWBP17HLSPzxlwwYugsmNqEOJqSxKVAXxdImgXg%3D%3D&type=json HTTP/1.1" 200 544
DEBUG:urllib3.connectionpool:Starting new HTTP connection (1): apis.data.go.kr:80
DEBUG:urllib3.connectionpool:http://apis.data.go.kr:80 "GET /B553077/api/open/sdsc/storeListInDong?divId=signguCd&key=46790&ServiceKey=mzv%2B5nKLrKuD%2BmQQsQNPL9WTK%2B%2Bv2TmZhLsfKQ94z9xgb1RpWBP17HLSPzxlwwYugsmNqEOJqSxKVAXxdImgXg%3D%3D&type=json HTTP/1.1" 200 3552
INFO:werkzeug:127.0.0.1 - - [16/Dec/2019 03:34:59] "POST /menus/travel HTTP/1.1" 200 -
DEBUG:urllib3.connectionpool:Starting new HTTP connection (1): api.visitkorea.or.kr:80
DEBUG:urllib3.connectionpool:http://api.visitkorea.or.kr:80 "GET /openapi/service/rest/KorService/searchKeyword?ServiceKey=mzv%2B5nKLrKuD%2BmQQsQNPL9WTK%2B%2Bv2TmZhLsfKQ94z9xgb1RpWBP17HLSPzxlwwYugsmNqEOJqSxKVAXxdImgXg%3D%3D&keyword=%EA%B5%AD%EB%A6%BD%EA%B3%B5%EC%9B%90&listYN=Y&arrange=A&MobileOS=ETC&MobileApp=AppTest&_type=json HTTP/1.1" 200 4889
DEBUG:urllib3.connectionpool:Starting new HTTP connection (1): apis.data.go.kr:80
DEBUG:urllib3.connectionpool:http://apis.data.go.kr:80 "GET /B553077/api/open/sdsc/baroApi?resId=dong&catId=cty&ctprvnCd=47&ServiceKey=mzv%2B5nKLrKuD%2BmQQsQNPL9WTK%2B%2Bv2TmZhLsfKQ94z9xgb1RpWBP17HLSPzxlwwYugsmNqEOJqSxKVAXxdImgXg%3D%3D&type=json HTTP/1.1" 200 561
DEBUG:urllib3.connectionpool:Starting new HTTP connection (1): apis.data.go.kr:80
DEBUG:urllib3.connectionpool:http://apis.data.go.kr:80 "GET /B553077/api/open/sdsc/storeListInDong?divId=signguCd&key=47113&ServiceKey=mzv%2B5nKLrKuD%2BmQQsQNPL9WTK%2B%2Bv2TmZhLsfKQ94z9xgb1RpWBP17HLSPzxlwwYugsmNqEOJqSxKVAXxdImgXg%3D%3D&type=json HTTP/1.1" 200 4090
DEBUG:urllib3.connectionpool:Starting new HTTP connection (1): apis.data.go.kr:80
DEBUG:urllib3.connectionpool:http://apis.data.go.kr:80 "GET /B553077/api/open/sdsc/baroApi?resId=dong&catId=cty&ctprvnCd=48&ServiceKey=mzv%2B5nKLrKuD%2BmQQsQNPL9WTK%2B%2Bv2TmZhLsfKQ94z9xgb1RpWBP17HLSPzxlwwYugsmNqEOJqSxKVAXxdImgXg%3D%3D&type=json HTTP/1.1" 200 565
DEBUG:urllib3.connectionpool:Starting new HTTP connection (1): apis.data.go.kr:80
DEBUG:urllib3.connectionpool:http://apis.data.go.kr:80 "GET /B553077/api/open/sdsc/storeListInDong?divId=signguCd&key=48890&ServiceKey=mzv%2B5nKLrKuD%2BmQQsQNPL9WTK%2B%2Bv2TmZhLsfKQ94z9xgb1RpWBP17HLSPzxlwwYugsmNqEOJqSxKVAXxdImgXg%3D%3D&type=json HTTP/1.1" 200 3866
DEBUG:urllib3.connectionpool:Starting new HTTP connection (1): apis.data.go.kr:80
DEBUG:urllib3.connectionpool:http://apis.data.go.kr:80 "GET /B553077/api/open/sdsc/baroApi?resId=dong&catId=cty&ctprvnCd=47&ServiceKey=mzv%2B5nKLrKuD%2BmQQsQNPL9WTK%2B%2Bv2TmZhLsfKQ94z9xgb1RpWBP17HLSPzxlwwYugsmNqEOJqSxKVAXxdImgXg%3D%3D&type=json HTTP/1.1" 200 561
DEBUG:urllib3.connectionpool:Starting new HTTP connection (1): apis.data.go.kr:80
DEBUG:urllib3.connectionpool:http://apis.data.go.kr:80 "GET /B553077/api/open/sdsc/storeListInDong?divId=signguCd&key=47113&ServiceKey=mzv%2B5nKLrKuD%2BmQQsQNPL9WTK%2B%2Bv2TmZhLsfKQ94z9xgb1RpWBP17HLSPzxlwwYugsmNqEOJqSxKVAXxdImgXg%3D%3D&type=json HTTP/1.1" 200 4090
DEBUG:urllib3.connectionpool:Starting new HTTP connection (1): apis.data.go.kr:80
DEBUG:urllib3.connectionpool:http://apis.data.go.kr:80 "GET /B553077/api/open/sdsc/baroApi?resId=dong&catId=cty&ctprvnCd=44&ServiceKey=mzv%2B5nKLrKuD%2BmQQsQNPL9WTK%2B%2Bv2TmZhLsfKQ94z9xgb1RpWBP17HLSPzxlwwYugsmNqEOJqSxKVAXxdImgXg%3D%3D&type=json HTTP/1.1" 200 497
DEBUG:urllib3.connectionpool:Starting new HTTP connection (1): apis.data.go.kr:80
DEBUG:urllib3.connectionpool:http://apis.data.go.kr:80 "GET /B553077/api/open/sdsc/storeListInDong?divId=signguCd&key=44800&ServiceKey=mzv%2B5nKLrKuD%2BmQQsQNPL9WTK%2B%2Bv2TmZhLsfKQ94z9xgb1RpWBP17HLSPzxlwwYugsmNqEOJqSxKVAXxdImgXg%3D%3D&type=json HTTP/1.1" 200 3840
DEBUG:urllib3.connectionpool:Starting new HTTP connection (1): apis.data.go.kr:80
DEBUG:urllib3.connectionpool:http://apis.data.go.kr:80 "GET /B553077/api/open/sdsc/baroApi?resId=dong&catId=cty&ctprvnCd=11&ServiceKey=mzv%2B5nKLrKuD%2BmQQsQNPL9WTK%2B%2Bv2TmZhLsfKQ94z9xgb1RpWBP17HLSPzxlwwYugsmNqEOJqSxKVAXxdImgXg%3D%3D&type=json HTTP/1.1" 200 571
DEBUG:urllib3.connectionpool:Starting new HTTP connection (1): apis.data.go.kr:80
DEBUG:urllib3.connectionpool:http://apis.data.go.kr:80 "GET /B553077/api/open/sdsc/storeListInDong?divId=signguCd&key=11260&ServiceKey=mzv%2B5nKLrKuD%2BmQQsQNPL9WTK%2B%2Bv2TmZhLsfKQ94z9xgb1RpWBP17HLSPzxlwwYugsmNqEOJqSxKVAXxdImgXg%3D%3D&type=json HTTP/1.1" 200 3950
DEBUG:urllib3.connectionpool:Starting new HTTP connection (1): apis.data.go.kr:80
DEBUG:urllib3.connectionpool:http://apis.data.go.kr:80 "GET /B553077/api/open/sdsc/baroApi?resId=dong&catId=cty&ctprvnCd=46&ServiceKey=mzv%2B5nKLrKuD%2BmQQsQNPL9WTK%2B%2Bv2TmZhLsfKQ94z9xgb1RpWBP17HLSPzxlwwYugsmNqEOJqSxKVAXxdImgXg%3D%3D&type=json HTTP/1.1" 200 544
DEBUG:urllib3.connectionpool:Starting new HTTP connection (1): apis.data.go.kr:80
DEBUG:urllib3.connectionpool:http://apis.data.go.kr:80 "GET /B553077/api/open/sdsc/storeListInDong?divId=signguCd&key=46790&ServiceKey=mzv%2B5nKLrKuD%2BmQQsQNPL9WTK%2B%2Bv2TmZhLsfKQ94z9xgb1RpWBP17HLSPzxlwwYugsmNqEOJqSxKVAXxdImgXg%3D%3D&type=json HTTP/1.1" 200 3552
DEBUG:urllib3.connectionpool:Starting new HTTP connection (1): apis.data.go.kr:80
DEBUG:urllib3.connectionpool:http://apis.data.go.kr:80 "GET /B553077/api/open/sdsc/baroApi?resId=dong&catId=cty&ctprvnCd=11&ServiceKey=mzv%2B5nKLrKuD%2BmQQsQNPL9WTK%2B%2Bv2TmZhLsfKQ94z9xgb1RpWBP17HLSPzxlwwYugsmNqEOJqSxKVAXxdImgXg%3D%3D&type=json HTTP/1.1" 200 571
DEBUG:urllib3.connectionpool:Starting new HTTP connection (1): apis.data.go.kr:80
DEBUG:urllib3.connectionpool:http://apis.data.go.kr:80 "GET /B553077/api/open/sdsc/storeListInDong?divId=signguCd&key=11260&ServiceKey=mzv%2B5nKLrKuD%2BmQQsQNPL9WTK%2B%2Bv2TmZhLsfKQ94z9xgb1RpWBP17HLSPzxlwwYugsmNqEOJqSxKVAXxdImgXg%3D%3D&type=json HTTP/1.1" 200 3950
DEBUG:urllib3.connectionpool:Starting new HTTP connection (1): apis.data.go.kr:80
DEBUG:urllib3.connectionpool:http://apis.data.go.kr:80 "GET /B553077/api/open/sdsc/baroApi?resId=dong&catId=cty&ctprvnCd=45&ServiceKey=mzv%2B5nKLrKuD%2BmQQsQNPL9WTK%2B%2Bv2TmZhLsfKQ94z9xgb1RpWBP17HLSPzxlwwYugsmNqEOJqSxKVAXxdImgXg%3D%3D&type=json HTTP/1.1" 200 483
DEBUG:urllib3.connectionpool:Starting new HTTP connection (1): apis.data.go.kr:80
DEBUG:urllib3.connectionpool:http://apis.data.go.kr:80 "GET /B553077/api/open/sdsc/storeListInDong?divId=signguCd&key=45720&ServiceKey=mzv%2B5nKLrKuD%2BmQQsQNPL9WTK%2B%2Bv2TmZhLsfKQ94z9xgb1RpWBP17HLSPzxlwwYugsmNqEOJqSxKVAXxdImgXg%3D%3D&type=json HTTP/1.1" 200 3787
DEBUG:urllib3.connectionpool:Starting new HTTP connection (1): apis.data.go.kr:80
DEBUG:urllib3.connectionpool:http://apis.data.go.kr:80 "GET /B553077/api/open/sdsc/baroApi?resId=dong&catId=cty&ctprvnCd=46&ServiceKey=mzv%2B5nKLrKuD%2BmQQsQNPL9WTK%2B%2Bv2TmZhLsfKQ94z9xgb1RpWBP17HLSPzxlwwYugsmNqEOJqSxKVAXxdImgXg%3D%3D&type=json HTTP/1.1" 200 544
DEBUG:urllib3.connectionpool:Starting new HTTP connection (1): apis.data.go.kr:80
DEBUG:urllib3.connectionpool:http://apis.data.go.kr:80 "GET /B553077/api/open/sdsc/storeListInDong?divId=signguCd&key=46790&ServiceKey=mzv%2B5nKLrKuD%2BmQQsQNPL9WTK%2B%2Bv2TmZhLsfKQ94z9xgb1RpWBP17HLSPzxlwwYugsmNqEOJqSxKVAXxdImgXg%3D%3D&type=json HTTP/1.1" 200 3552
DEBUG:urllib3.connectionpool:Starting new HTTP connection (1): apis.data.go.kr:80
DEBUG:urllib3.connectionpool:http://apis.data.go.kr:80 "GET /B553077/api/open/sdsc/baroApi?resId=dong&catId=cty&ctprvnCd=46&ServiceKey=mzv%2B5nKLrKuD%2BmQQsQNPL9WTK%2B%2Bv2TmZhLsfKQ94z9xgb1RpWBP17HLSPzxlwwYugsmNqEOJqSxKVAXxdImgXg%3D%3D&type=json HTTP/1.1" 200 544
DEBUG:urllib3.connectionpool:Starting new HTTP connection (1): apis.data.go.kr:80
DEBUG:urllib3.connectionpool:http://apis.data.go.kr:80 "GET /B553077/api/open/sdsc/storeListInDong?divId=signguCd&key=46790&ServiceKey=mzv%2B5nKLrKuD%2BmQQsQNPL9WTK%2B%2Bv2TmZhLsfKQ94z9xgb1RpWBP17HLSPzxlwwYugsmNqEOJqSxKVAXxdImgXg%3D%3D&type=json HTTP/1.1" 200 3552
INFO:werkzeug:127.0.0.1 - - [16/Dec/2019 03:38:08] "POST /menus/travel HTTP/1.1" 200 -
INFO:werkzeug: * Detected change in 'C:\\Users\\Will\\PycharmProjects\\travel_service\\views\\menus.py', reloading
INFO:werkzeug: * Restarting with stat
INFO:root:Flask Web Server Started
WARNING:werkzeug: * Debugger is active!
INFO:werkzeug: * Debugger PIN: 312-095-692
INFO:werkzeug: * Running on http://0.0.0.0:8080/ (Press CTRL+C to quit)
DEBUG:urllib3.connectionpool:Starting new HTTP connection (1): api.visitkorea.or.kr:80
DEBUG:urllib3.connectionpool:http://api.visitkorea.or.kr:80 "GET /openapi/service/rest/KorService/searchKeyword?ServiceKey=mzv%2B5nKLrKuD%2BmQQsQNPL9WTK%2B%2Bv2TmZhLsfKQ94z9xgb1RpWBP17HLSPzxlwwYugsmNqEOJqSxKVAXxdImgXg%3D%3D&keyword=%EA%B5%AD%EB%A6%BD%EA%B3%B5%EC%9B%90&listYN=Y&arrange=A&MobileOS=ETC&MobileApp=AppTest&_type=json HTTP/1.1" 200 4889
DEBUG:urllib3.connectionpool:Starting new HTTP connection (1): apis.data.go.kr:80
DEBUG:urllib3.connectionpool:http://apis.data.go.kr:80 "GET /B553077/api/open/sdsc/baroApi?resId=dong&catId=cty&ctprvnCd=47&ServiceKey=mzv%2B5nKLrKuD%2BmQQsQNPL9WTK%2B%2Bv2TmZhLsfKQ94z9xgb1RpWBP17HLSPzxlwwYugsmNqEOJqSxKVAXxdImgXg%3D%3D&type=json HTTP/1.1" 200 561
DEBUG:urllib3.connectionpool:Starting new HTTP connection (1): apis.data.go.kr:80
DEBUG:urllib3.connectionpool:http://apis.data.go.kr:80 "GET /B553077/api/open/sdsc/storeListInDong?divId=signguCd&key=47113&ServiceKey=mzv%2B5nKLrKuD%2BmQQsQNPL9WTK%2B%2Bv2TmZhLsfKQ94z9xgb1RpWBP17HLSPzxlwwYugsmNqEOJqSxKVAXxdImgXg%3D%3D&type=json HTTP/1.1" 200 4090
DEBUG:urllib3.connectionpool:Starting new HTTP connection (1): apis.data.go.kr:80
DEBUG:urllib3.connectionpool:http://apis.data.go.kr:80 "GET /B553077/api/open/sdsc/baroApi?resId=dong&catId=cty&ctprvnCd=48&ServiceKey=mzv%2B5nKLrKuD%2BmQQsQNPL9WTK%2B%2Bv2TmZhLsfKQ94z9xgb1RpWBP17HLSPzxlwwYugsmNqEOJqSxKVAXxdImgXg%3D%3D&type=json HTTP/1.1" 200 565
DEBUG:urllib3.connectionpool:Starting new HTTP connection (1): apis.data.go.kr:80
DEBUG:urllib3.connectionpool:http://apis.data.go.kr:80 "GET /B553077/api/open/sdsc/storeListInDong?divId=signguCd&key=48890&ServiceKey=mzv%2B5nKLrKuD%2BmQQsQNPL9WTK%2B%2Bv2TmZhLsfKQ94z9xgb1RpWBP17HLSPzxlwwYugsmNqEOJqSxKVAXxdImgXg%3D%3D&type=json HTTP/1.1" 200 3866
DEBUG:urllib3.connectionpool:Starting new HTTP connection (1): apis.data.go.kr:80
DEBUG:urllib3.connectionpool:http://apis.data.go.kr:80 "GET /B553077/api/open/sdsc/baroApi?resId=dong&catId=cty&ctprvnCd=47&ServiceKey=mzv%2B5nKLrKuD%2BmQQsQNPL9WTK%2B%2Bv2TmZhLsfKQ94z9xgb1RpWBP17HLSPzxlwwYugsmNqEOJqSxKVAXxdImgXg%3D%3D&type=json HTTP/1.1" 200 561
DEBUG:urllib3.connectionpool:Starting new HTTP connection (1): apis.data.go.kr:80
DEBUG:urllib3.connectionpool:http://apis.data.go.kr:80 "GET /B553077/api/open/sdsc/storeListInDong?divId=signguCd&key=47113&ServiceKey=mzv%2B5nKLrKuD%2BmQQsQNPL9WTK%2B%2Bv2TmZhLsfKQ94z9xgb1RpWBP17HLSPzxlwwYugsmNqEOJqSxKVAXxdImgXg%3D%3D&type=json HTTP/1.1" 200 4090
DEBUG:urllib3.connectionpool:Starting new HTTP connection (1): apis.data.go.kr:80
DEBUG:urllib3.connectionpool:http://apis.data.go.kr:80 "GET /B553077/api/open/sdsc/baroApi?resId=dong&catId=cty&ctprvnCd=44&ServiceKey=mzv%2B5nKLrKuD%2BmQQsQNPL9WTK%2B%2Bv2TmZhLsfKQ94z9xgb1RpWBP17HLSPzxlwwYugsmNqEOJqSxKVAXxdImgXg%3D%3D&type=json HTTP/1.1" 200 497
DEBUG:urllib3.connectionpool:Starting new HTTP connection (1): apis.data.go.kr:80
DEBUG:urllib3.connectionpool:http://apis.data.go.kr:80 "GET /B553077/api/open/sdsc/storeListInDong?divId=signguCd&key=44800&ServiceKey=mzv%2B5nKLrKuD%2BmQQsQNPL9WTK%2B%2Bv2TmZhLsfKQ94z9xgb1RpWBP17HLSPzxlwwYugsmNqEOJqSxKVAXxdImgXg%3D%3D&type=json HTTP/1.1" 200 3840
DEBUG:urllib3.connectionpool:Starting new HTTP connection (1): apis.data.go.kr:80
DEBUG:urllib3.connectionpool:http://apis.data.go.kr:80 "GET /B553077/api/open/sdsc/baroApi?resId=dong&catId=cty&ctprvnCd=11&ServiceKey=mzv%2B5nKLrKuD%2BmQQsQNPL9WTK%2B%2Bv2TmZhLsfKQ94z9xgb1RpWBP17HLSPzxlwwYugsmNqEOJqSxKVAXxdImgXg%3D%3D&type=json HTTP/1.1" 200 571
DEBUG:urllib3.connectionpool:Starting new HTTP connection (1): apis.data.go.kr:80
DEBUG:urllib3.connectionpool:http://apis.data.go.kr:80 "GET /B553077/api/open/sdsc/storeListInDong?divId=signguCd&key=11260&ServiceKey=mzv%2B5nKLrKuD%2BmQQsQNPL9WTK%2B%2Bv2TmZhLsfKQ94z9xgb1RpWBP17HLSPzxlwwYugsmNqEOJqSxKVAXxdImgXg%3D%3D&type=json HTTP/1.1" 200 3950
DEBUG:urllib3.connectionpool:Starting new HTTP connection (1): apis.data.go.kr:80
DEBUG:urllib3.connectionpool:http://apis.data.go.kr:80 "GET /B553077/api/open/sdsc/baroApi?resId=dong&catId=cty&ctprvnCd=46&ServiceKey=mzv%2B5nKLrKuD%2BmQQsQNPL9WTK%2B%2Bv2TmZhLsfKQ94z9xgb1RpWBP17HLSPzxlwwYugsmNqEOJqSxKVAXxdImgXg%3D%3D&type=json HTTP/1.1" 200 544
DEBUG:urllib3.connectionpool:Starting new HTTP connection (1): apis.data.go.kr:80
DEBUG:urllib3.connectionpool:http://apis.data.go.kr:80 "GET /B553077/api/open/sdsc/storeListInDong?divId=signguCd&key=46790&ServiceKey=mzv%2B5nKLrKuD%2BmQQsQNPL9WTK%2B%2Bv2TmZhLsfKQ94z9xgb1RpWBP17HLSPzxlwwYugsmNqEOJqSxKVAXxdImgXg%3D%3D&type=json HTTP/1.1" 200 3552
DEBUG:urllib3.connectionpool:Starting new HTTP connection (1): apis.data.go.kr:80
DEBUG:urllib3.connectionpool:http://apis.data.go.kr:80 "GET /B553077/api/open/sdsc/baroApi?resId=dong&catId=cty&ctprvnCd=11&ServiceKey=mzv%2B5nKLrKuD%2BmQQsQNPL9WTK%2B%2Bv2TmZhLsfKQ94z9xgb1RpWBP17HLSPzxlwwYugsmNqEOJqSxKVAXxdImgXg%3D%3D&type=json HTTP/1.1" 200 571
DEBUG:urllib3.connectionpool:Starting new HTTP connection (1): apis.data.go.kr:80
DEBUG:urllib3.connectionpool:http://apis.data.go.kr:80 "GET /B553077/api/open/sdsc/storeListInDong?divId=signguCd&key=11260&ServiceKey=mzv%2B5nKLrKuD%2BmQQsQNPL9WTK%2B%2Bv2TmZhLsfKQ94z9xgb1RpWBP17HLSPzxlwwYugsmNqEOJqSxKVAXxdImgXg%3D%3D&type=json HTTP/1.1" 200 3950
DEBUG:urllib3.connectionpool:Starting new HTTP connection (1): apis.data.go.kr:80
DEBUG:urllib3.connectionpool:http://apis.data.go.kr:80 "GET /B553077/api/open/sdsc/baroApi?resId=dong&catId=cty&ctprvnCd=45&ServiceKey=mzv%2B5nKLrKuD%2BmQQsQNPL9WTK%2B%2Bv2TmZhLsfKQ94z9xgb1RpWBP17HLSPzxlwwYugsmNqEOJqSxKVAXxdImgXg%3D%3D&type=json HTTP/1.1" 200 483
DEBUG:urllib3.connectionpool:Starting new HTTP connection (1): apis.data.go.kr:80
DEBUG:urllib3.connectionpool:http://apis.data.go.kr:80 "GET /B553077/api/open/sdsc/storeListInDong?divId=signguCd&key=45720&ServiceKey=mzv%2B5nKLrKuD%2BmQQsQNPL9WTK%2B%2Bv2TmZhLsfKQ94z9xgb1RpWBP17HLSPzxlwwYugsmNqEOJqSxKVAXxdImgXg%3D%3D&type=json HTTP/1.1" 200 3787
DEBUG:urllib3.connectionpool:Starting new HTTP connection (1): apis.data.go.kr:80
DEBUG:urllib3.connectionpool:http://apis.data.go.kr:80 "GET /B553077/api/open/sdsc/baroApi?resId=dong&catId=cty&ctprvnCd=46&ServiceKey=mzv%2B5nKLrKuD%2BmQQsQNPL9WTK%2B%2Bv2TmZhLsfKQ94z9xgb1RpWBP17HLSPzxlwwYugsmNqEOJqSxKVAXxdImgXg%3D%3D&type=json HTTP/1.1" 200 544
DEBUG:urllib3.connectionpool:Starting new HTTP connection (1): apis.data.go.kr:80
DEBUG:urllib3.connectionpool:http://apis.data.go.kr:80 "GET /B553077/api/open/sdsc/storeListInDong?divId=signguCd&key=46790&ServiceKey=mzv%2B5nKLrKuD%2BmQQsQNPL9WTK%2B%2Bv2TmZhLsfKQ94z9xgb1RpWBP17HLSPzxlwwYugsmNqEOJqSxKVAXxdImgXg%3D%3D&type=json HTTP/1.1" 200 3552
DEBUG:urllib3.connectionpool:Starting new HTTP connection (1): apis.data.go.kr:80
DEBUG:urllib3.connectionpool:http://apis.data.go.kr:80 "GET /B553077/api/open/sdsc/baroApi?resId=dong&catId=cty&ctprvnCd=46&ServiceKey=mzv%2B5nKLrKuD%2BmQQsQNPL9WTK%2B%2Bv2TmZhLsfKQ94z9xgb1RpWBP17HLSPzxlwwYugsmNqEOJqSxKVAXxdImgXg%3D%3D&type=json HTTP/1.1" 200 544
DEBUG:urllib3.connectionpool:Starting new HTTP connection (1): apis.data.go.kr:80
DEBUG:urllib3.connectionpool:http://apis.data.go.kr:80 "GET /B553077/api/open/sdsc/storeListInDong?divId=signguCd&key=46790&ServiceKey=mzv%2B5nKLrKuD%2BmQQsQNPL9WTK%2B%2Bv2TmZhLsfKQ94z9xgb1RpWBP17HLSPzxlwwYugsmNqEOJqSxKVAXxdImgXg%3D%3D&type=json HTTP/1.1" 200 3552
INFO:werkzeug:127.0.0.1 - - [16/Dec/2019 03:39:00] "POST /menus/travel HTTP/1.1" 200 -
INFO:werkzeug: * Detected change in 'C:\\Users\\Will\\PycharmProjects\\travel_service\\views\\menus.py', reloading
INFO:werkzeug: * Restarting with stat
INFO:root:Flask Web Server Started
WARNING:werkzeug: * Debugger is active!
INFO:werkzeug: * Debugger PIN: 312-095-692
INFO:werkzeug: * Running on http://0.0.0.0:8080/ (Press CTRL+C to quit)
DEBUG:urllib3.connectionpool:Starting new HTTP connection (1): api.visitkorea.or.kr:80
DEBUG:urllib3.connectionpool:http://api.visitkorea.or.kr:80 "GET /openapi/service/rest/KorService/searchKeyword?ServiceKey=mzv%2B5nKLrKuD%2BmQQsQNPL9WTK%2B%2Bv2TmZhLsfKQ94z9xgb1RpWBP17HLSPzxlwwYugsmNqEOJqSxKVAXxdImgXg%3D%3D&keyword=%EA%B5%AD%EB%A6%BD%EA%B3%B5%EC%9B%90&listYN=Y&arrange=A&MobileOS=ETC&MobileApp=AppTest&_type=json HTTP/1.1" 200 4889
DEBUG:urllib3.connectionpool:Starting new HTTP connection (1): apis.data.go.kr:80
DEBUG:urllib3.connectionpool:http://apis.data.go.kr:80 "GET /B553077/api/open/sdsc/baroApi?resId=dong&catId=cty&ctprvnCd=47&ServiceKey=mzv%2B5nKLrKuD%2BmQQsQNPL9WTK%2B%2Bv2TmZhLsfKQ94z9xgb1RpWBP17HLSPzxlwwYugsmNqEOJqSxKVAXxdImgXg%3D%3D&type=json HTTP/1.1" 200 561
DEBUG:urllib3.connectionpool:Starting new HTTP connection (1): apis.data.go.kr:80
DEBUG:urllib3.connectionpool:http://apis.data.go.kr:80 "GET /B553077/api/open/sdsc/storeListInDong?divId=signguCd&key=47113&ServiceKey=mzv%2B5nKLrKuD%2BmQQsQNPL9WTK%2B%2Bv2TmZhLsfKQ94z9xgb1RpWBP17HLSPzxlwwYugsmNqEOJqSxKVAXxdImgXg%3D%3D&type=json HTTP/1.1" 200 4090
DEBUG:urllib3.connectionpool:Starting new HTTP connection (1): apis.data.go.kr:80
DEBUG:urllib3.connectionpool:http://apis.data.go.kr:80 "GET /B553077/api/open/sdsc/baroApi?resId=dong&catId=cty&ctprvnCd=48&ServiceKey=mzv%2B5nKLrKuD%2BmQQsQNPL9WTK%2B%2Bv2TmZhLsfKQ94z9xgb1RpWBP17HLSPzxlwwYugsmNqEOJqSxKVAXxdImgXg%3D%3D&type=json HTTP/1.1" 200 565
DEBUG:urllib3.connectionpool:Starting new HTTP connection (1): apis.data.go.kr:80
DEBUG:urllib3.connectionpool:http://apis.data.go.kr:80 "GET /B553077/api/open/sdsc/storeListInDong?divId=signguCd&key=48890&ServiceKey=mzv%2B5nKLrKuD%2BmQQsQNPL9WTK%2B%2Bv2TmZhLsfKQ94z9xgb1RpWBP17HLSPzxlwwYugsmNqEOJqSxKVAXxdImgXg%3D%3D&type=json HTTP/1.1" 200 3866
DEBUG:urllib3.connectionpool:Starting new HTTP connection (1): apis.data.go.kr:80
DEBUG:urllib3.connectionpool:http://apis.data.go.kr:80 "GET /B553077/api/open/sdsc/baroApi?resId=dong&catId=cty&ctprvnCd=47&ServiceKey=mzv%2B5nKLrKuD%2BmQQsQNPL9WTK%2B%2Bv2TmZhLsfKQ94z9xgb1RpWBP17HLSPzxlwwYugsmNqEOJqSxKVAXxdImgXg%3D%3D&type=json HTTP/1.1" 200 561
DEBUG:urllib3.connectionpool:Starting new HTTP connection (1): apis.data.go.kr:80
DEBUG:urllib3.connectionpool:http://apis.data.go.kr:80 "GET /B553077/api/open/sdsc/storeListInDong?divId=signguCd&key=47113&ServiceKey=mzv%2B5nKLrKuD%2BmQQsQNPL9WTK%2B%2Bv2TmZhLsfKQ94z9xgb1RpWBP17HLSPzxlwwYugsmNqEOJqSxKVAXxdImgXg%3D%3D&type=json HTTP/1.1" 200 4090
DEBUG:urllib3.connectionpool:Starting new HTTP connection (1): apis.data.go.kr:80
DEBUG:urllib3.connectionpool:http://apis.data.go.kr:80 "GET /B553077/api/open/sdsc/baroApi?resId=dong&catId=cty&ctprvnCd=44&ServiceKey=mzv%2B5nKLrKuD%2BmQQsQNPL9WTK%2B%2Bv2TmZhLsfKQ94z9xgb1RpWBP17HLSPzxlwwYugsmNqEOJqSxKVAXxdImgXg%3D%3D&type=json HTTP/1.1" 200 497
DEBUG:urllib3.connectionpool:Starting new HTTP connection (1): apis.data.go.kr:80
DEBUG:urllib3.connectionpool:http://apis.data.go.kr:80 "GET /B553077/api/open/sdsc/storeListInDong?divId=signguCd&key=44800&ServiceKey=mzv%2B5nKLrKuD%2BmQQsQNPL9WTK%2B%2Bv2TmZhLsfKQ94z9xgb1RpWBP17HLSPzxlwwYugsmNqEOJqSxKVAXxdImgXg%3D%3D&type=json HTTP/1.1" 200 3840
DEBUG:urllib3.connectionpool:Starting new HTTP connection (1): apis.data.go.kr:80
DEBUG:urllib3.connectionpool:http://apis.data.go.kr:80 "GET /B553077/api/open/sdsc/baroApi?resId=dong&catId=cty&ctprvnCd=11&ServiceKey=mzv%2B5nKLrKuD%2BmQQsQNPL9WTK%2B%2Bv2TmZhLsfKQ94z9xgb1RpWBP17HLSPzxlwwYugsmNqEOJqSxKVAXxdImgXg%3D%3D&type=json HTTP/1.1" 200 571
DEBUG:urllib3.connectionpool:Starting new HTTP connection (1): apis.data.go.kr:80
DEBUG:urllib3.connectionpool:http://apis.data.go.kr:80 "GET /B553077/api/open/sdsc/storeListInDong?divId=signguCd&key=11260&ServiceKey=mzv%2B5nKLrKuD%2BmQQsQNPL9WTK%2B%2Bv2TmZhLsfKQ94z9xgb1RpWBP17HLSPzxlwwYugsmNqEOJqSxKVAXxdImgXg%3D%3D&type=json HTTP/1.1" 200 3950
DEBUG:urllib3.connectionpool:Starting new HTTP connection (1): apis.data.go.kr:80
DEBUG:urllib3.connectionpool:http://apis.data.go.kr:80 "GET /B553077/api/open/sdsc/baroApi?resId=dong&catId=cty&ctprvnCd=46&ServiceKey=mzv%2B5nKLrKuD%2BmQQsQNPL9WTK%2B%2Bv2TmZhLsfKQ94z9xgb1RpWBP17HLSPzxlwwYugsmNqEOJqSxKVAXxdImgXg%3D%3D&type=json HTTP/1.1" 200 544
DEBUG:urllib3.connectionpool:Starting new HTTP connection (1): apis.data.go.kr:80
DEBUG:urllib3.connectionpool:http://apis.data.go.kr:80 "GET /B553077/api/open/sdsc/storeListInDong?divId=signguCd&key=46790&ServiceKey=mzv%2B5nKLrKuD%2BmQQsQNPL9WTK%2B%2Bv2TmZhLsfKQ94z9xgb1RpWBP17HLSPzxlwwYugsmNqEOJqSxKVAXxdImgXg%3D%3D&type=json HTTP/1.1" 200 3552
DEBUG:urllib3.connectionpool:Starting new HTTP connection (1): apis.data.go.kr:80
DEBUG:urllib3.connectionpool:http://apis.data.go.kr:80 "GET /B553077/api/open/sdsc/baroApi?resId=dong&catId=cty&ctprvnCd=11&ServiceKey=mzv%2B5nKLrKuD%2BmQQsQNPL9WTK%2B%2Bv2TmZhLsfKQ94z9xgb1RpWBP17HLSPzxlwwYugsmNqEOJqSxKVAXxdImgXg%3D%3D&type=json HTTP/1.1" 200 571
DEBUG:urllib3.connectionpool:Starting new HTTP connection (1): apis.data.go.kr:80
DEBUG:urllib3.connectionpool:http://apis.data.go.kr:80 "GET /B553077/api/open/sdsc/storeListInDong?divId=signguCd&key=11260&ServiceKey=mzv%2B5nKLrKuD%2BmQQsQNPL9WTK%2B%2Bv2TmZhLsfKQ94z9xgb1RpWBP17HLSPzxlwwYugsmNqEOJqSxKVAXxdImgXg%3D%3D&type=json HTTP/1.1" 200 3950
DEBUG:urllib3.connectionpool:Starting new HTTP connection (1): apis.data.go.kr:80
DEBUG:urllib3.connectionpool:http://apis.data.go.kr:80 "GET /B553077/api/open/sdsc/baroApi?resId=dong&catId=cty&ctprvnCd=45&ServiceKey=mzv%2B5nKLrKuD%2BmQQsQNPL9WTK%2B%2Bv2TmZhLsfKQ94z9xgb1RpWBP17HLSPzxlwwYugsmNqEOJqSxKVAXxdImgXg%3D%3D&type=json HTTP/1.1" 200 483
DEBUG:urllib3.connectionpool:Starting new HTTP connection (1): apis.data.go.kr:80
DEBUG:urllib3.connectionpool:http://apis.data.go.kr:80 "GET /B553077/api/open/sdsc/storeListInDong?divId=signguCd&key=45720&ServiceKey=mzv%2B5nKLrKuD%2BmQQsQNPL9WTK%2B%2Bv2TmZhLsfKQ94z9xgb1RpWBP17HLSPzxlwwYugsmNqEOJqSxKVAXxdImgXg%3D%3D&type=json HTTP/1.1" 200 3787
DEBUG:urllib3.connectionpool:Starting new HTTP connection (1): apis.data.go.kr:80
DEBUG:urllib3.connectionpool:http://apis.data.go.kr:80 "GET /B553077/api/open/sdsc/baroApi?resId=dong&catId=cty&ctprvnCd=46&ServiceKey=mzv%2B5nKLrKuD%2BmQQsQNPL9WTK%2B%2Bv2TmZhLsfKQ94z9xgb1RpWBP17HLSPzxlwwYugsmNqEOJqSxKVAXxdImgXg%3D%3D&type=json HTTP/1.1" 200 544
DEBUG:urllib3.connectionpool:Starting new HTTP connection (1): apis.data.go.kr:80
DEBUG:urllib3.connectionpool:http://apis.data.go.kr:80 "GET /B553077/api/open/sdsc/storeListInDong?divId=signguCd&key=46790&ServiceKey=mzv%2B5nKLrKuD%2BmQQsQNPL9WTK%2B%2Bv2TmZhLsfKQ94z9xgb1RpWBP17HLSPzxlwwYugsmNqEOJqSxKVAXxdImgXg%3D%3D&type=json HTTP/1.1" 200 3552
DEBUG:urllib3.connectionpool:Starting new HTTP connection (1): apis.data.go.kr:80
DEBUG:urllib3.connectionpool:http://apis.data.go.kr:80 "GET /B553077/api/open/sdsc/baroApi?resId=dong&catId=cty&ctprvnCd=46&ServiceKey=mzv%2B5nKLrKuD%2BmQQsQNPL9WTK%2B%2Bv2TmZhLsfKQ94z9xgb1RpWBP17HLSPzxlwwYugsmNqEOJqSxKVAXxdImgXg%3D%3D&type=json HTTP/1.1" 200 544
DEBUG:urllib3.connectionpool:Starting new HTTP connection (1): apis.data.go.kr:80
DEBUG:urllib3.connectionpool:http://apis.data.go.kr:80 "GET /B553077/api/open/sdsc/storeListInDong?divId=signguCd&key=46790&ServiceKey=mzv%2B5nKLrKuD%2BmQQsQNPL9WTK%2B%2Bv2TmZhLsfKQ94z9xgb1RpWBP17HLSPzxlwwYugsmNqEOJqSxKVAXxdImgXg%3D%3D&type=json HTTP/1.1" 200 3552
INFO:werkzeug:127.0.0.1 - - [16/Dec/2019 03:39:18] "POST /menus/travel HTTP/1.1" 200 -
INFO:werkzeug: * Detected change in 'C:\\Users\\Will\\PycharmProjects\\travel_service\\views\\menus.py', reloading
INFO:werkzeug: * Restarting with stat
INFO:root:Flask Web Server Started
WARNING:werkzeug: * Debugger is active!
INFO:werkzeug: * Debugger PIN: 312-095-692
INFO:werkzeug: * Running on http://0.0.0.0:8080/ (Press CTRL+C to quit)
DEBUG:urllib3.connectionpool:Starting new HTTP connection (1): api.visitkorea.or.kr:80
DEBUG:urllib3.connectionpool:http://api.visitkorea.or.kr:80 "GET /openapi/service/rest/KorService/searchKeyword?ServiceKey=mzv%2B5nKLrKuD%2BmQQsQNPL9WTK%2B%2Bv2TmZhLsfKQ94z9xgb1RpWBP17HLSPzxlwwYugsmNqEOJqSxKVAXxdImgXg%3D%3D&keyword=%EA%B5%AD%EB%A6%BD%EA%B3%B5%EC%9B%90&listYN=Y&arrange=A&MobileOS=ETC&MobileApp=AppTest&_type=json HTTP/1.1" 200 4889
DEBUG:urllib3.connectionpool:Starting new HTTP connection (1): apis.data.go.kr:80
DEBUG:urllib3.connectionpool:http://apis.data.go.kr:80 "GET /B553077/api/open/sdsc/baroApi?resId=dong&catId=cty&ctprvnCd=47&ServiceKey=mzv%2B5nKLrKuD%2BmQQsQNPL9WTK%2B%2Bv2TmZhLsfKQ94z9xgb1RpWBP17HLSPzxlwwYugsmNqEOJqSxKVAXxdImgXg%3D%3D&type=json HTTP/1.1" 200 561
DEBUG:urllib3.connectionpool:Starting new HTTP connection (1): apis.data.go.kr:80
DEBUG:urllib3.connectionpool:http://apis.data.go.kr:80 "GET /B553077/api/open/sdsc/storeListInDong?divId=signguCd&key=47113&ServiceKey=mzv%2B5nKLrKuD%2BmQQsQNPL9WTK%2B%2Bv2TmZhLsfKQ94z9xgb1RpWBP17HLSPzxlwwYugsmNqEOJqSxKVAXxdImgXg%3D%3D&type=json HTTP/1.1" 200 4090
INFO:werkzeug:127.0.0.1 - - [16/Dec/2019 03:40:13] "POST /menus/travel HTTP/1.1" 500 -
INFO:werkzeug:127.0.0.1 - - [16/Dec/2019 03:40:13] "GET /menus/travel?__debugger__=yes&cmd=resource&f=style.css HTTP/1.1" 200 -
INFO:werkzeug:127.0.0.1 - - [16/Dec/2019 03:40:13] "GET /menus/travel?__debugger__=yes&cmd=resource&f=jquery.js HTTP/1.1" 200 -
INFO:werkzeug:127.0.0.1 - - [16/Dec/2019 03:40:14] "GET /menus/travel?__debugger__=yes&cmd=resource&f=debugger.js HTTP/1.1" 200 -
INFO:werkzeug:127.0.0.1 - - [16/Dec/2019 03:40:14] "GET /menus/travel?__debugger__=yes&cmd=resource&f=ubuntu.ttf HTTP/1.1" 200 -
INFO:werkzeug:127.0.0.1 - - [16/Dec/2019 03:40:14] "GET /menus/travel?__debugger__=yes&cmd=resource&f=console.png HTTP/1.1" 200 -
INFO:werkzeug:127.0.0.1 - - [16/Dec/2019 03:40:14] "GET /menus/travel?__debugger__=yes&cmd=resource&f=console.png HTTP/1.1" 200 -
INFO:werkzeug: * Detected change in 'C:\\Users\\Will\\PycharmProjects\\travel_service\\views\\menus.py', reloading
INFO:werkzeug: * Restarting with stat
INFO:root:Flask Web Server Started
WARNING:werkzeug: * Debugger is active!
INFO:werkzeug: * Debugger PIN: 312-095-692
INFO:werkzeug: * Running on http://0.0.0.0:8080/ (Press CTRL+C to quit)
INFO:werkzeug: * Detected change in 'C:\\Users\\Will\\PycharmProjects\\travel_service\\views\\menus.py', reloading
INFO:werkzeug: * Restarting with stat
INFO:root:Flask Web Server Started
WARNING:werkzeug: * Debugger is active!
INFO:werkzeug: * Debugger PIN: 312-095-692
INFO:werkzeug: * Running on http://0.0.0.0:8080/ (Press CTRL+C to quit)
INFO:werkzeug: * Detected change in 'C:\\Users\\Will\\PycharmProjects\\travel_service\\views\\menus.py', reloading
INFO:werkzeug: * Restarting with stat
INFO:root:Flask Web Server Started
WARNING:werkzeug: * Debugger is active!
INFO:werkzeug: * Debugger PIN: 312-095-692
INFO:werkzeug: * Running on http://0.0.0.0:8080/ (Press CTRL+C to quit)
INFO:werkzeug: * Detected change in 'C:\\Users\\Will\\PycharmProjects\\travel_service\\views\\menus.py', reloading
INFO:werkzeug: * Restarting with stat
INFO:root:Flask Web Server Started
WARNING:werkzeug: * Debugger is active!
INFO:werkzeug: * Debugger PIN: 312-095-692
INFO:werkzeug: * Running on http://0.0.0.0:8080/ (Press CTRL+C to quit)
DEBUG:urllib3.connectionpool:Starting new HTTP connection (1): api.visitkorea.or.kr:80
DEBUG:urllib3.connectionpool:http://api.visitkorea.or.kr:80 "GET /openapi/service/rest/KorService/searchKeyword?ServiceKey=mzv%2B5nKLrKuD%2BmQQsQNPL9WTK%2B%2Bv2TmZhLsfKQ94z9xgb1RpWBP17HLSPzxlwwYugsmNqEOJqSxKVAXxdImgXg%3D%3D&keyword=%EA%B5%AD%EB%A6%BD%EA%B3%B5%EC%9B%90&listYN=Y&arrange=A&MobileOS=ETC&MobileApp=AppTest&_type=json HTTP/1.1" 200 4889
DEBUG:urllib3.connectionpool:Starting new HTTP connection (1): apis.data.go.kr:80
DEBUG:urllib3.connectionpool:http://apis.data.go.kr:80 "GET /B553077/api/open/sdsc/baroApi?resId=dong&catId=cty&ctprvnCd=47&ServiceKey=mzv%2B5nKLrKuD%2BmQQsQNPL9WTK%2B%2Bv2TmZhLsfKQ94z9xgb1RpWBP17HLSPzxlwwYugsmNqEOJqSxKVAXxdImgXg%3D%3D&type=json HTTP/1.1" 200 561
DEBUG:urllib3.connectionpool:Starting new HTTP connection (1): apis.data.go.kr:80
DEBUG:urllib3.connectionpool:http://apis.data.go.kr:80 "GET /B553077/api/open/sdsc/storeListInDong?divId=signguCd&key=47113&ServiceKey=mzv%2B5nKLrKuD%2BmQQsQNPL9WTK%2B%2Bv2TmZhLsfKQ94z9xgb1RpWBP17HLSPzxlwwYugsmNqEOJqSxKVAXxdImgXg%3D%3D&type=json HTTP/1.1" 200 4090
DEBUG:urllib3.connectionpool:Starting new HTTP connection (1): apis.data.go.kr:80
DEBUG:urllib3.connectionpool:http://apis.data.go.kr:80 "GET /B553077/api/open/sdsc/baroApi?resId=dong&catId=cty&ctprvnCd=48&ServiceKey=mzv%2B5nKLrKuD%2BmQQsQNPL9WTK%2B%2Bv2TmZhLsfKQ94z9xgb1RpWBP17HLSPzxlwwYugsmNqEOJqSxKVAXxdImgXg%3D%3D&type=json HTTP/1.1" 200 565
DEBUG:urllib3.connectionpool:Starting new HTTP connection (1): apis.data.go.kr:80
DEBUG:urllib3.connectionpool:http://apis.data.go.kr:80 "GET /B553077/api/open/sdsc/storeListInDong?divId=signguCd&key=48890&ServiceKey=mzv%2B5nKLrKuD%2BmQQsQNPL9WTK%2B%2Bv2TmZhLsfKQ94z9xgb1RpWBP17HLSPzxlwwYugsmNqEOJqSxKVAXxdImgXg%3D%3D&type=json HTTP/1.1" 200 3866
DEBUG:urllib3.connectionpool:Starting new HTTP connection (1): apis.data.go.kr:80
DEBUG:urllib3.connectionpool:http://apis.data.go.kr:80 "GET /B553077/api/open/sdsc/baroApi?resId=dong&catId=cty&ctprvnCd=47&ServiceKey=mzv%2B5nKLrKuD%2BmQQsQNPL9WTK%2B%2Bv2TmZhLsfKQ94z9xgb1RpWBP17HLSPzxlwwYugsmNqEOJqSxKVAXxdImgXg%3D%3D&type=json HTTP/1.1" 200 561
DEBUG:urllib3.connectionpool:Starting new HTTP connection (1): apis.data.go.kr:80
DEBUG:urllib3.connectionpool:http://apis.data.go.kr:80 "GET /B553077/api/open/sdsc/storeListInDong?divId=signguCd&key=47113&ServiceKey=mzv%2B5nKLrKuD%2BmQQsQNPL9WTK%2B%2Bv2TmZhLsfKQ94z9xgb1RpWBP17HLSPzxlwwYugsmNqEOJqSxKVAXxdImgXg%3D%3D&type=json HTTP/1.1" 200 4090
DEBUG:urllib3.connectionpool:Starting new HTTP connection (1): apis.data.go.kr:80
DEBUG:urllib3.connectionpool:http://apis.data.go.kr:80 "GET /B553077/api/open/sdsc/baroApi?resId=dong&catId=cty&ctprvnCd=44&ServiceKey=mzv%2B5nKLrKuD%2BmQQsQNPL9WTK%2B%2Bv2TmZhLsfKQ94z9xgb1RpWBP17HLSPzxlwwYugsmNqEOJqSxKVAXxdImgXg%3D%3D&type=json HTTP/1.1" 200 497
DEBUG:urllib3.connectionpool:Starting new HTTP connection (1): apis.data.go.kr:80
DEBUG:urllib3.connectionpool:http://apis.data.go.kr:80 "GET /B553077/api/open/sdsc/storeListInDong?divId=signguCd&key=44800&ServiceKey=mzv%2B5nKLrKuD%2BmQQsQNPL9WTK%2B%2Bv2TmZhLsfKQ94z9xgb1RpWBP17HLSPzxlwwYugsmNqEOJqSxKVAXxdImgXg%3D%3D&type=json HTTP/1.1" 200 3840
DEBUG:urllib3.connectionpool:Starting new HTTP connection (1): apis.data.go.kr:80
DEBUG:urllib3.connectionpool:http://apis.data.go.kr:80 "GET /B553077/api/open/sdsc/baroApi?resId=dong&catId=cty&ctprvnCd=11&ServiceKey=mzv%2B5nKLrKuD%2BmQQsQNPL9WTK%2B%2Bv2TmZhLsfKQ94z9xgb1RpWBP17HLSPzxlwwYugsmNqEOJqSxKVAXxdImgXg%3D%3D&type=json HTTP/1.1" 200 571
DEBUG:urllib3.connectionpool:Starting new HTTP connection (1): apis.data.go.kr:80
DEBUG:urllib3.connectionpool:http://apis.data.go.kr:80 "GET /B553077/api/open/sdsc/storeListInDong?divId=signguCd&key=11260&ServiceKey=mzv%2B5nKLrKuD%2BmQQsQNPL9WTK%2B%2Bv2TmZhLsfKQ94z9xgb1RpWBP17HLSPzxlwwYugsmNqEOJqSxKVAXxdImgXg%3D%3D&type=json HTTP/1.1" 200 3950
DEBUG:urllib3.connectionpool:Starting new HTTP connection (1): apis.data.go.kr:80
DEBUG:urllib3.connectionpool:http://apis.data.go.kr:80 "GET /B553077/api/open/sdsc/baroApi?resId=dong&catId=cty&ctprvnCd=46&ServiceKey=mzv%2B5nKLrKuD%2BmQQsQNPL9WTK%2B%2Bv2TmZhLsfKQ94z9xgb1RpWBP17HLSPzxlwwYugsmNqEOJqSxKVAXxdImgXg%3D%3D&type=json HTTP/1.1" 200 544
DEBUG:urllib3.connectionpool:Starting new HTTP connection (1): apis.data.go.kr:80
DEBUG:urllib3.connectionpool:http://apis.data.go.kr:80 "GET /B553077/api/open/sdsc/storeListInDong?divId=signguCd&key=46790&ServiceKey=mzv%2B5nKLrKuD%2BmQQsQNPL9WTK%2B%2Bv2TmZhLsfKQ94z9xgb1RpWBP17HLSPzxlwwYugsmNqEOJqSxKVAXxdImgXg%3D%3D&type=json HTTP/1.1" 200 3552
DEBUG:urllib3.connectionpool:Starting new HTTP connection (1): apis.data.go.kr:80
DEBUG:urllib3.connectionpool:http://apis.data.go.kr:80 "GET /B553077/api/open/sdsc/baroApi?resId=dong&catId=cty&ctprvnCd=11&ServiceKey=mzv%2B5nKLrKuD%2BmQQsQNPL9WTK%2B%2Bv2TmZhLsfKQ94z9xgb1RpWBP17HLSPzxlwwYugsmNqEOJqSxKVAXxdImgXg%3D%3D&type=json HTTP/1.1" 200 571
DEBUG:urllib3.connectionpool:Starting new HTTP connection (1): apis.data.go.kr:80
DEBUG:urllib3.connectionpool:http://apis.data.go.kr:80 "GET /B553077/api/open/sdsc/storeListInDong?divId=signguCd&key=11260&ServiceKey=mzv%2B5nKLrKuD%2BmQQsQNPL9WTK%2B%2Bv2TmZhLsfKQ94z9xgb1RpWBP17HLSPzxlwwYugsmNqEOJqSxKVAXxdImgXg%3D%3D&type=json HTTP/1.1" 200 3950
DEBUG:urllib3.connectionpool:Starting new HTTP connection (1): apis.data.go.kr:80
DEBUG:urllib3.connectionpool:http://apis.data.go.kr:80 "GET /B553077/api/open/sdsc/baroApi?resId=dong&catId=cty&ctprvnCd=45&ServiceKey=mzv%2B5nKLrKuD%2BmQQsQNPL9WTK%2B%2Bv2TmZhLsfKQ94z9xgb1RpWBP17HLSPzxlwwYugsmNqEOJqSxKVAXxdImgXg%3D%3D&type=json HTTP/1.1" 200 483
DEBUG:urllib3.connectionpool:Starting new HTTP connection (1): apis.data.go.kr:80
DEBUG:urllib3.connectionpool:http://apis.data.go.kr:80 "GET /B553077/api/open/sdsc/storeListInDong?divId=signguCd&key=45720&ServiceKey=mzv%2B5nKLrKuD%2BmQQsQNPL9WTK%2B%2Bv2TmZhLsfKQ94z9xgb1RpWBP17HLSPzxlwwYugsmNqEOJqSxKVAXxdImgXg%3D%3D&type=json HTTP/1.1" 200 3787
DEBUG:urllib3.connectionpool:Starting new HTTP connection (1): apis.data.go.kr:80
DEBUG:urllib3.connectionpool:http://apis.data.go.kr:80 "GET /B553077/api/open/sdsc/baroApi?resId=dong&catId=cty&ctprvnCd=46&ServiceKey=mzv%2B5nKLrKuD%2BmQQsQNPL9WTK%2B%2Bv2TmZhLsfKQ94z9xgb1RpWBP17HLSPzxlwwYugsmNqEOJqSxKVAXxdImgXg%3D%3D&type=json HTTP/1.1" 200 544
DEBUG:urllib3.connectionpool:Starting new HTTP connection (1): apis.data.go.kr:80
DEBUG:urllib3.connectionpool:http://apis.data.go.kr:80 "GET /B553077/api/open/sdsc/storeListInDong?divId=signguCd&key=46790&ServiceKey=mzv%2B5nKLrKuD%2BmQQsQNPL9WTK%2B%2Bv2TmZhLsfKQ94z9xgb1RpWBP17HLSPzxlwwYugsmNqEOJqSxKVAXxdImgXg%3D%3D&type=json HTTP/1.1" 200 3552
DEBUG:urllib3.connectionpool:Starting new HTTP connection (1): apis.data.go.kr:80
DEBUG:urllib3.connectionpool:http://apis.data.go.kr:80 "GET /B553077/api/open/sdsc/baroApi?resId=dong&catId=cty&ctprvnCd=46&ServiceKey=mzv%2B5nKLrKuD%2BmQQsQNPL9WTK%2B%2Bv2TmZhLsfKQ94z9xgb1RpWBP17HLSPzxlwwYugsmNqEOJqSxKVAXxdImgXg%3D%3D&type=json HTTP/1.1" 200 544
DEBUG:urllib3.connectionpool:Starting new HTTP connection (1): apis.data.go.kr:80
DEBUG:urllib3.connectionpool:http://apis.data.go.kr:80 "GET /B553077/api/open/sdsc/storeListInDong?divId=signguCd&key=46790&ServiceKey=mzv%2B5nKLrKuD%2BmQQsQNPL9WTK%2B%2Bv2TmZhLsfKQ94z9xgb1RpWBP17HLSPzxlwwYugsmNqEOJqSxKVAXxdImgXg%3D%3D&type=json HTTP/1.1" 200 3552
INFO:werkzeug:127.0.0.1 - - [16/Dec/2019 03:49:34] "POST /menus/travel HTTP/1.1" 200 -
INFO:werkzeug: * Detected change in 'C:\\Users\\Will\\PycharmProjects\\travel_service\\views\\menus.py', reloading
INFO:werkzeug: * Restarting with stat
INFO:root:Flask Web Server Started
WARNING:werkzeug: * Debugger is active!
INFO:werkzeug: * Debugger PIN: 312-095-692
INFO:werkzeug: * Running on http://0.0.0.0:8080/ (Press CTRL+C to quit)
DEBUG:urllib3.connectionpool:Starting new HTTP connection (1): api.visitkorea.or.kr:80
DEBUG:urllib3.connectionpool:http://api.visitkorea.or.kr:80 "GET /openapi/service/rest/KorService/searchKeyword?ServiceKey=mzv%2B5nKLrKuD%2BmQQsQNPL9WTK%2B%2Bv2TmZhLsfKQ94z9xgb1RpWBP17HLSPzxlwwYugsmNqEOJqSxKVAXxdImgXg%3D%3D&keyword=%EA%B5%AD%EB%A6%BD%EA%B3%B5%EC%9B%90&listYN=Y&arrange=A&MobileOS=ETC&MobileApp=AppTest&_type=json HTTP/1.1" 200 4889
DEBUG:urllib3.connectionpool:Starting new HTTP connection (1): apis.data.go.kr:80
DEBUG:urllib3.connectionpool:http://apis.data.go.kr:80 "GET /B553077/api/open/sdsc/baroApi?resId=dong&catId=cty&ctprvnCd=47&ServiceKey=mzv%2B5nKLrKuD%2BmQQsQNPL9WTK%2B%2Bv2TmZhLsfKQ94z9xgb1RpWBP17HLSPzxlwwYugsmNqEOJqSxKVAXxdImgXg%3D%3D&type=json HTTP/1.1" 200 561
DEBUG:urllib3.connectionpool:Starting new HTTP connection (1): apis.data.go.kr:80
DEBUG:urllib3.connectionpool:http://apis.data.go.kr:80 "GET /B553077/api/open/sdsc/storeListInDong?divId=signguCd&key=47113&ServiceKey=mzv%2B5nKLrKuD%2BmQQsQNPL9WTK%2B%2Bv2TmZhLsfKQ94z9xgb1RpWBP17HLSPzxlwwYugsmNqEOJqSxKVAXxdImgXg%3D%3D&type=json HTTP/1.1" 200 4090
DEBUG:urllib3.connectionpool:Starting new HTTP connection (1): apis.data.go.kr:80
DEBUG:urllib3.connectionpool:http://apis.data.go.kr:80 "GET /B553077/api/open/sdsc/baroApi?resId=dong&catId=cty&ctprvnCd=48&ServiceKey=mzv%2B5nKLrKuD%2BmQQsQNPL9WTK%2B%2Bv2TmZhLsfKQ94z9xgb1RpWBP17HLSPzxlwwYugsmNqEOJqSxKVAXxdImgXg%3D%3D&type=json HTTP/1.1" 200 565
DEBUG:urllib3.connectionpool:Starting new HTTP connection (1): apis.data.go.kr:80
DEBUG:urllib3.connectionpool:http://apis.data.go.kr:80 "GET /B553077/api/open/sdsc/storeListInDong?divId=signguCd&key=48890&ServiceKey=mzv%2B5nKLrKuD%2BmQQsQNPL9WTK%2B%2Bv2TmZhLsfKQ94z9xgb1RpWBP17HLSPzxlwwYugsmNqEOJqSxKVAXxdImgXg%3D%3D&type=json HTTP/1.1" 200 3866
DEBUG:urllib3.connectionpool:Starting new HTTP connection (1): apis.data.go.kr:80
DEBUG:urllib3.connectionpool:http://apis.data.go.kr:80 "GET /B553077/api/open/sdsc/baroApi?resId=dong&catId=cty&ctprvnCd=47&ServiceKey=mzv%2B5nKLrKuD%2BmQQsQNPL9WTK%2B%2Bv2TmZhLsfKQ94z9xgb1RpWBP17HLSPzxlwwYugsmNqEOJqSxKVAXxdImgXg%3D%3D&type=json HTTP/1.1" 200 561
DEBUG:urllib3.connectionpool:Starting new HTTP connection (1): apis.data.go.kr:80
DEBUG:urllib3.connectionpool:http://apis.data.go.kr:80 "GET /B553077/api/open/sdsc/storeListInDong?divId=signguCd&key=47113&ServiceKey=mzv%2B5nKLrKuD%2BmQQsQNPL9WTK%2B%2Bv2TmZhLsfKQ94z9xgb1RpWBP17HLSPzxlwwYugsmNqEOJqSxKVAXxdImgXg%3D%3D&type=json HTTP/1.1" 200 4090
DEBUG:urllib3.connectionpool:Starting new HTTP connection (1): apis.data.go.kr:80
DEBUG:urllib3.connectionpool:http://apis.data.go.kr:80 "GET /B553077/api/open/sdsc/baroApi?resId=dong&catId=cty&ctprvnCd=44&ServiceKey=mzv%2B5nKLrKuD%2BmQQsQNPL9WTK%2B%2Bv2TmZhLsfKQ94z9xgb1RpWBP17HLSPzxlwwYugsmNqEOJqSxKVAXxdImgXg%3D%3D&type=json HTTP/1.1" 200 497
DEBUG:urllib3.connectionpool:Starting new HTTP connection (1): apis.data.go.kr:80
DEBUG:urllib3.connectionpool:http://apis.data.go.kr:80 "GET /B553077/api/open/sdsc/storeListInDong?divId=signguCd&key=44800&ServiceKey=mzv%2B5nKLrKuD%2BmQQsQNPL9WTK%2B%2Bv2TmZhLsfKQ94z9xgb1RpWBP17HLSPzxlwwYugsmNqEOJqSxKVAXxdImgXg%3D%3D&type=json HTTP/1.1" 200 3840
DEBUG:urllib3.connectionpool:Starting new HTTP connection (1): apis.data.go.kr:80
DEBUG:urllib3.connectionpool:http://apis.data.go.kr:80 "GET /B553077/api/open/sdsc/baroApi?resId=dong&catId=cty&ctprvnCd=11&ServiceKey=mzv%2B5nKLrKuD%2BmQQsQNPL9WTK%2B%2Bv2TmZhLsfKQ94z9xgb1RpWBP17HLSPzxlwwYugsmNqEOJqSxKVAXxdImgXg%3D%3D&type=json HTTP/1.1" 200 571
DEBUG:urllib3.connectionpool:Starting new HTTP connection (1): apis.data.go.kr:80
DEBUG:urllib3.connectionpool:http://apis.data.go.kr:80 "GET /B553077/api/open/sdsc/storeListInDong?divId=signguCd&key=11260&ServiceKey=mzv%2B5nKLrKuD%2BmQQsQNPL9WTK%2B%2Bv2TmZhLsfKQ94z9xgb1RpWBP17HLSPzxlwwYugsmNqEOJqSxKVAXxdImgXg%3D%3D&type=json HTTP/1.1" 200 3950
DEBUG:urllib3.connectionpool:Starting new HTTP connection (1): apis.data.go.kr:80
DEBUG:urllib3.connectionpool:http://apis.data.go.kr:80 "GET /B553077/api/open/sdsc/baroApi?resId=dong&catId=cty&ctprvnCd=46&ServiceKey=mzv%2B5nKLrKuD%2BmQQsQNPL9WTK%2B%2Bv2TmZhLsfKQ94z9xgb1RpWBP17HLSPzxlwwYugsmNqEOJqSxKVAXxdImgXg%3D%3D&type=json HTTP/1.1" 200 544
DEBUG:urllib3.connectionpool:Starting new HTTP connection (1): apis.data.go.kr:80
DEBUG:urllib3.connectionpool:http://apis.data.go.kr:80 "GET /B553077/api/open/sdsc/storeListInDong?divId=signguCd&key=46790&ServiceKey=mzv%2B5nKLrKuD%2BmQQsQNPL9WTK%2B%2Bv2TmZhLsfKQ94z9xgb1RpWBP17HLSPzxlwwYugsmNqEOJqSxKVAXxdImgXg%3D%3D&type=json HTTP/1.1" 200 3552
DEBUG:urllib3.connectionpool:Starting new HTTP connection (1): apis.data.go.kr:80
DEBUG:urllib3.connectionpool:http://apis.data.go.kr:80 "GET /B553077/api/open/sdsc/baroApi?resId=dong&catId=cty&ctprvnCd=11&ServiceKey=mzv%2B5nKLrKuD%2BmQQsQNPL9WTK%2B%2Bv2TmZhLsfKQ94z9xgb1RpWBP17HLSPzxlwwYugsmNqEOJqSxKVAXxdImgXg%3D%3D&type=json HTTP/1.1" 200 571
DEBUG:urllib3.connectionpool:Starting new HTTP connection (1): apis.data.go.kr:80
DEBUG:urllib3.connectionpool:http://apis.data.go.kr:80 "GET /B553077/api/open/sdsc/storeListInDong?divId=signguCd&key=11260&ServiceKey=mzv%2B5nKLrKuD%2BmQQsQNPL9WTK%2B%2Bv2TmZhLsfKQ94z9xgb1RpWBP17HLSPzxlwwYugsmNqEOJqSxKVAXxdImgXg%3D%3D&type=json HTTP/1.1" 200 3950
DEBUG:urllib3.connectionpool:Starting new HTTP connection (1): apis.data.go.kr:80
DEBUG:urllib3.connectionpool:http://apis.data.go.kr:80 "GET /B553077/api/open/sdsc/baroApi?resId=dong&catId=cty&ctprvnCd=45&ServiceKey=mzv%2B5nKLrKuD%2BmQQsQNPL9WTK%2B%2Bv2TmZhLsfKQ94z9xgb1RpWBP17HLSPzxlwwYugsmNqEOJqSxKVAXxdImgXg%3D%3D&type=json HTTP/1.1" 200 483
DEBUG:urllib3.connectionpool:Starting new HTTP connection (1): apis.data.go.kr:80
DEBUG:urllib3.connectionpool:http://apis.data.go.kr:80 "GET /B553077/api/open/sdsc/storeListInDong?divId=signguCd&key=45720&ServiceKey=mzv%2B5nKLrKuD%2BmQQsQNPL9WTK%2B%2Bv2TmZhLsfKQ94z9xgb1RpWBP17HLSPzxlwwYugsmNqEOJqSxKVAXxdImgXg%3D%3D&type=json HTTP/1.1" 200 3787
DEBUG:urllib3.connectionpool:Starting new HTTP connection (1): apis.data.go.kr:80
DEBUG:urllib3.connectionpool:http://apis.data.go.kr:80 "GET /B553077/api/open/sdsc/baroApi?resId=dong&catId=cty&ctprvnCd=46&ServiceKey=mzv%2B5nKLrKuD%2BmQQsQNPL9WTK%2B%2Bv2TmZhLsfKQ94z9xgb1RpWBP17HLSPzxlwwYugsmNqEOJqSxKVAXxdImgXg%3D%3D&type=json HTTP/1.1" 200 544
DEBUG:urllib3.connectionpool:Starting new HTTP connection (1): apis.data.go.kr:80
DEBUG:urllib3.connectionpool:http://apis.data.go.kr:80 "GET /B553077/api/open/sdsc/storeListInDong?divId=signguCd&key=46790&ServiceKey=mzv%2B5nKLrKuD%2BmQQsQNPL9WTK%2B%2Bv2TmZhLsfKQ94z9xgb1RpWBP17HLSPzxlwwYugsmNqEOJqSxKVAXxdImgXg%3D%3D&type=json HTTP/1.1" 200 3552
DEBUG:urllib3.connectionpool:Starting new HTTP connection (1): apis.data.go.kr:80
DEBUG:urllib3.connectionpool:http://apis.data.go.kr:80 "GET /B553077/api/open/sdsc/baroApi?resId=dong&catId=cty&ctprvnCd=46&ServiceKey=mzv%2B5nKLrKuD%2BmQQsQNPL9WTK%2B%2Bv2TmZhLsfKQ94z9xgb1RpWBP17HLSPzxlwwYugsmNqEOJqSxKVAXxdImgXg%3D%3D&type=json HTTP/1.1" 200 544
DEBUG:urllib3.connectionpool:Starting new HTTP connection (1): apis.data.go.kr:80
DEBUG:urllib3.connectionpool:http://apis.data.go.kr:80 "GET /B553077/api/open/sdsc/storeListInDong?divId=signguCd&key=46790&ServiceKey=mzv%2B5nKLrKuD%2BmQQsQNPL9WTK%2B%2Bv2TmZhLsfKQ94z9xgb1RpWBP17HLSPzxlwwYugsmNqEOJqSxKVAXxdImgXg%3D%3D&type=json HTTP/1.1" 200 3552
INFO:werkzeug:127.0.0.1 - - [16/Dec/2019 03:50:06] "POST /menus/travel HTTP/1.1" 200 -
INFO:werkzeug: * Detected change in 'C:\\Users\\Will\\PycharmProjects\\travel_service\\views\\menus.py', reloading
INFO:werkzeug: * Restarting with stat
INFO:root:Flask Web Server Started
WARNING:werkzeug: * Debugger is active!
INFO:werkzeug: * Debugger PIN: 312-095-692
INFO:werkzeug: * Running on http://0.0.0.0:8080/ (Press CTRL+C to quit)
INFO:werkzeug: * Detected change in 'C:\\Users\\Will\\PycharmProjects\\travel_service\\views\\menus.py', reloading
INFO:werkzeug: * Restarting with stat
INFO:root:Flask Web Server Started
WARNING:werkzeug: * Debugger is active!
INFO:werkzeug: * Debugger PIN: 312-095-692
INFO:werkzeug: * Running on http://0.0.0.0:8080/ (Press CTRL+C to quit)
INFO:werkzeug: * Detected change in 'C:\\Users\\Will\\PycharmProjects\\travel_service\\views\\menus.py', reloading
INFO:werkzeug: * Restarting with stat
INFO:root:Flask Web Server Started
WARNING:werkzeug: * Debugger is active!
INFO:werkzeug: * Debugger PIN: 312-095-692
INFO:werkzeug: * Running on http://0.0.0.0:8080/ (Press CTRL+C to quit)
DEBUG:urllib3.connectionpool:Starting new HTTP connection (1): api.visitkorea.or.kr:80
DEBUG:urllib3.connectionpool:http://api.visitkorea.or.kr:80 "GET /openapi/service/rest/KorService/searchKeyword?ServiceKey=mzv%2B5nKLrKuD%2BmQQsQNPL9WTK%2B%2Bv2TmZhLsfKQ94z9xgb1RpWBP17HLSPzxlwwYugsmNqEOJqSxKVAXxdImgXg%3D%3D&keyword=%EA%B5%AD%EB%A6%BD%EA%B3%B5%EC%9B%90&listYN=Y&arrange=A&MobileOS=ETC&MobileApp=AppTest&_type=json HTTP/1.1" 200 4889
DEBUG:urllib3.connectionpool:Starting new HTTP connection (1): apis.data.go.kr:80
DEBUG:urllib3.connectionpool:http://apis.data.go.kr:80 "GET /B553077/api/open/sdsc/baroApi?resId=dong&catId=cty&ctprvnCd=47&ServiceKey=mzv%2B5nKLrKuD%2BmQQsQNPL9WTK%2B%2Bv2TmZhLsfKQ94z9xgb1RpWBP17HLSPzxlwwYugsmNqEOJqSxKVAXxdImgXg%3D%3D&type=json HTTP/1.1" 200 561
DEBUG:urllib3.connectionpool:Starting new HTTP connection (1): apis.data.go.kr:80
DEBUG:urllib3.connectionpool:http://apis.data.go.kr:80 "GET /B553077/api/open/sdsc/storeListInDong?divId=signguCd&key=47113&ServiceKey=mzv%2B5nKLrKuD%2BmQQsQNPL9WTK%2B%2Bv2TmZhLsfKQ94z9xgb1RpWBP17HLSPzxlwwYugsmNqEOJqSxKVAXxdImgXg%3D%3D&type=json HTTP/1.1" 200 4090
DEBUG:urllib3.connectionpool:Starting new HTTP connection (1): apis.data.go.kr:80
DEBUG:urllib3.connectionpool:http://apis.data.go.kr:80 "GET /B553077/api/open/sdsc/baroApi?resId=dong&catId=cty&ctprvnCd=48&ServiceKey=mzv%2B5nKLrKuD%2BmQQsQNPL9WTK%2B%2Bv2TmZhLsfKQ94z9xgb1RpWBP17HLSPzxlwwYugsmNqEOJqSxKVAXxdImgXg%3D%3D&type=json HTTP/1.1" 200 565
DEBUG:urllib3.connectionpool:Starting new HTTP connection (1): apis.data.go.kr:80
DEBUG:urllib3.connectionpool:http://apis.data.go.kr:80 "GET /B553077/api/open/sdsc/storeListInDong?divId=signguCd&key=48890&ServiceKey=mzv%2B5nKLrKuD%2BmQQsQNPL9WTK%2B%2Bv2TmZhLsfKQ94z9xgb1RpWBP17HLSPzxlwwYugsmNqEOJqSxKVAXxdImgXg%3D%3D&type=json HTTP/1.1" 200 3866
DEBUG:urllib3.connectionpool:Starting new HTTP connection (1): apis.data.go.kr:80
DEBUG:urllib3.connectionpool:http://apis.data.go.kr:80 "GET /B553077/api/open/sdsc/baroApi?resId=dong&catId=cty&ctprvnCd=47&ServiceKey=mzv%2B5nKLrKuD%2BmQQsQNPL9WTK%2B%2Bv2TmZhLsfKQ94z9xgb1RpWBP17HLSPzxlwwYugsmNqEOJqSxKVAXxdImgXg%3D%3D&type=json HTTP/1.1" 200 561
DEBUG:urllib3.connectionpool:Starting new HTTP connection (1): apis.data.go.kr:80
DEBUG:urllib3.connectionpool:http://apis.data.go.kr:80 "GET /B553077/api/open/sdsc/storeListInDong?divId=signguCd&key=47113&ServiceKey=mzv%2B5nKLrKuD%2BmQQsQNPL9WTK%2B%2Bv2TmZhLsfKQ94z9xgb1RpWBP17HLSPzxlwwYugsmNqEOJqSxKVAXxdImgXg%3D%3D&type=json HTTP/1.1" 200 4090
DEBUG:urllib3.connectionpool:Starting new HTTP connection (1): apis.data.go.kr:80
DEBUG:urllib3.connectionpool:http://apis.data.go.kr:80 "GET /B553077/api/open/sdsc/baroApi?resId=dong&catId=cty&ctprvnCd=44&ServiceKey=mzv%2B5nKLrKuD%2BmQQsQNPL9WTK%2B%2Bv2TmZhLsfKQ94z9xgb1RpWBP17HLSPzxlwwYugsmNqEOJqSxKVAXxdImgXg%3D%3D&type=json HTTP/1.1" 200 497
DEBUG:urllib3.connectionpool:Starting new HTTP connection (1): apis.data.go.kr:80
DEBUG:urllib3.connectionpool:http://apis.data.go.kr:80 "GET /B553077/api/open/sdsc/storeListInDong?divId=signguCd&key=44800&ServiceKey=mzv%2B5nKLrKuD%2BmQQsQNPL9WTK%2B%2Bv2TmZhLsfKQ94z9xgb1RpWBP17HLSPzxlwwYugsmNqEOJqSxKVAXxdImgXg%3D%3D&type=json HTTP/1.1" 200 3840
DEBUG:urllib3.connectionpool:Starting new HTTP connection (1): apis.data.go.kr:80
DEBUG:urllib3.connectionpool:http://apis.data.go.kr:80 "GET /B553077/api/open/sdsc/baroApi?resId=dong&catId=cty&ctprvnCd=11&ServiceKey=mzv%2B5nKLrKuD%2BmQQsQNPL9WTK%2B%2Bv2TmZhLsfKQ94z9xgb1RpWBP17HLSPzxlwwYugsmNqEOJqSxKVAXxdImgXg%3D%3D&type=json HTTP/1.1" 200 571
DEBUG:urllib3.connectionpool:Starting new HTTP connection (1): apis.data.go.kr:80
DEBUG:urllib3.connectionpool:http://apis.data.go.kr:80 "GET /B553077/api/open/sdsc/storeListInDong?divId=signguCd&key=11260&ServiceKey=mzv%2B5nKLrKuD%2BmQQsQNPL9WTK%2B%2Bv2TmZhLsfKQ94z9xgb1RpWBP17HLSPzxlwwYugsmNqEOJqSxKVAXxdImgXg%3D%3D&type=json HTTP/1.1" 200 3950
DEBUG:urllib3.connectionpool:Starting new HTTP connection (1): apis.data.go.kr:80
DEBUG:urllib3.connectionpool:http://apis.data.go.kr:80 "GET /B553077/api/open/sdsc/baroApi?resId=dong&catId=cty&ctprvnCd=46&ServiceKey=mzv%2B5nKLrKuD%2BmQQsQNPL9WTK%2B%2Bv2TmZhLsfKQ94z9xgb1RpWBP17HLSPzxlwwYugsmNqEOJqSxKVAXxdImgXg%3D%3D&type=json HTTP/1.1" 200 544
DEBUG:urllib3.connectionpool:Starting new HTTP connection (1): apis.data.go.kr:80
DEBUG:urllib3.connectionpool:http://apis.data.go.kr:80 "GET /B553077/api/open/sdsc/storeListInDong?divId=signguCd&key=46790&ServiceKey=mzv%2B5nKLrKuD%2BmQQsQNPL9WTK%2B%2Bv2TmZhLsfKQ94z9xgb1RpWBP17HLSPzxlwwYugsmNqEOJqSxKVAXxdImgXg%3D%3D&type=json HTTP/1.1" 200 3552
DEBUG:urllib3.connectionpool:Starting new HTTP connection (1): apis.data.go.kr:80
DEBUG:urllib3.connectionpool:http://apis.data.go.kr:80 "GET /B553077/api/open/sdsc/baroApi?resId=dong&catId=cty&ctprvnCd=11&ServiceKey=mzv%2B5nKLrKuD%2BmQQsQNPL9WTK%2B%2Bv2TmZhLsfKQ94z9xgb1RpWBP17HLSPzxlwwYugsmNqEOJqSxKVAXxdImgXg%3D%3D&type=json HTTP/1.1" 200 571
DEBUG:urllib3.connectionpool:Starting new HTTP connection (1): apis.data.go.kr:80
DEBUG:urllib3.connectionpool:http://apis.data.go.kr:80 "GET /B553077/api/open/sdsc/storeListInDong?divId=signguCd&key=11260&ServiceKey=mzv%2B5nKLrKuD%2BmQQsQNPL9WTK%2B%2Bv2TmZhLsfKQ94z9xgb1RpWBP17HLSPzxlwwYugsmNqEOJqSxKVAXxdImgXg%3D%3D&type=json HTTP/1.1" 200 3950
DEBUG:urllib3.connectionpool:Starting new HTTP connection (1): apis.data.go.kr:80
DEBUG:urllib3.connectionpool:http://apis.data.go.kr:80 "GET /B553077/api/open/sdsc/baroApi?resId=dong&catId=cty&ctprvnCd=45&ServiceKey=mzv%2B5nKLrKuD%2BmQQsQNPL9WTK%2B%2Bv2TmZhLsfKQ94z9xgb1RpWBP17HLSPzxlwwYugsmNqEOJqSxKVAXxdImgXg%3D%3D&type=json HTTP/1.1" 200 483
DEBUG:urllib3.connectionpool:Starting new HTTP connection (1): apis.data.go.kr:80
DEBUG:urllib3.connectionpool:http://apis.data.go.kr:80 "GET /B553077/api/open/sdsc/storeListInDong?divId=signguCd&key=45720&ServiceKey=mzv%2B5nKLrKuD%2BmQQsQNPL9WTK%2B%2Bv2TmZhLsfKQ94z9xgb1RpWBP17HLSPzxlwwYugsmNqEOJqSxKVAXxdImgXg%3D%3D&type=json HTTP/1.1" 200 3787
DEBUG:urllib3.connectionpool:Starting new HTTP connection (1): apis.data.go.kr:80
DEBUG:urllib3.connectionpool:http://apis.data.go.kr:80 "GET /B553077/api/open/sdsc/baroApi?resId=dong&catId=cty&ctprvnCd=46&ServiceKey=mzv%2B5nKLrKuD%2BmQQsQNPL9WTK%2B%2Bv2TmZhLsfKQ94z9xgb1RpWBP17HLSPzxlwwYugsmNqEOJqSxKVAXxdImgXg%3D%3D&type=json HTTP/1.1" 200 544
DEBUG:urllib3.connectionpool:Starting new HTTP connection (1): apis.data.go.kr:80
DEBUG:urllib3.connectionpool:http://apis.data.go.kr:80 "GET /B553077/api/open/sdsc/storeListInDong?divId=signguCd&key=46790&ServiceKey=mzv%2B5nKLrKuD%2BmQQsQNPL9WTK%2B%2Bv2TmZhLsfKQ94z9xgb1RpWBP17HLSPzxlwwYugsmNqEOJqSxKVAXxdImgXg%3D%3D&type=json HTTP/1.1" 200 3552
DEBUG:urllib3.connectionpool:Starting new HTTP connection (1): apis.data.go.kr:80
DEBUG:urllib3.connectionpool:http://apis.data.go.kr:80 "GET /B553077/api/open/sdsc/baroApi?resId=dong&catId=cty&ctprvnCd=46&ServiceKey=mzv%2B5nKLrKuD%2BmQQsQNPL9WTK%2B%2Bv2TmZhLsfKQ94z9xgb1RpWBP17HLSPzxlwwYugsmNqEOJqSxKVAXxdImgXg%3D%3D&type=json HTTP/1.1" 200 544
DEBUG:urllib3.connectionpool:Starting new HTTP connection (1): apis.data.go.kr:80
DEBUG:urllib3.connectionpool:http://apis.data.go.kr:80 "GET /B553077/api/open/sdsc/storeListInDong?divId=signguCd&key=46790&ServiceKey=mzv%2B5nKLrKuD%2BmQQsQNPL9WTK%2B%2Bv2TmZhLsfKQ94z9xgb1RpWBP17HLSPzxlwwYugsmNqEOJqSxKVAXxdImgXg%3D%3D&type=json HTTP/1.1" 200 3552
INFO:werkzeug:127.0.0.1 - - [16/Dec/2019 03:51:19] "POST /menus/travel HTTP/1.1" 200 -
INFO:werkzeug: * Detected change in 'C:\\Users\\Will\\PycharmProjects\\travel_service\\views\\menus.py', reloading
INFO:werkzeug: * Restarting with stat
INFO:root:Flask Web Server Started
WARNING:werkzeug: * Debugger is active!
INFO:werkzeug: * Debugger PIN: 312-095-692
INFO:werkzeug: * Running on http://0.0.0.0:8080/ (Press CTRL+C to quit)
DEBUG:urllib3.connectionpool:Starting new HTTP connection (1): api.visitkorea.or.kr:80
DEBUG:urllib3.connectionpool:http://api.visitkorea.or.kr:80 "GET /openapi/service/rest/KorService/searchKeyword?ServiceKey=mzv%2B5nKLrKuD%2BmQQsQNPL9WTK%2B%2Bv2TmZhLsfKQ94z9xgb1RpWBP17HLSPzxlwwYugsmNqEOJqSxKVAXxdImgXg%3D%3D&keyword=%EA%B5%AD%EB%A6%BD%EA%B3%B5%EC%9B%90&listYN=Y&arrange=A&MobileOS=ETC&MobileApp=AppTest&_type=json HTTP/1.1" 200 4889
DEBUG:urllib3.connectionpool:Starting new HTTP connection (1): apis.data.go.kr:80
DEBUG:urllib3.connectionpool:http://apis.data.go.kr:80 "GET /B553077/api/open/sdsc/baroApi?resId=dong&catId=cty&ctprvnCd=47&ServiceKey=mzv%2B5nKLrKuD%2BmQQsQNPL9WTK%2B%2Bv2TmZhLsfKQ94z9xgb1RpWBP17HLSPzxlwwYugsmNqEOJqSxKVAXxdImgXg%3D%3D&type=json HTTP/1.1" 200 561
DEBUG:urllib3.connectionpool:Starting new HTTP connection (1): apis.data.go.kr:80
DEBUG:urllib3.connectionpool:http://apis.data.go.kr:80 "GET /B553077/api/open/sdsc/storeListInDong?divId=signguCd&key=47113&ServiceKey=mzv%2B5nKLrKuD%2BmQQsQNPL9WTK%2B%2Bv2TmZhLsfKQ94z9xgb1RpWBP17HLSPzxlwwYugsmNqEOJqSxKVAXxdImgXg%3D%3D&type=json HTTP/1.1" 200 4090
DEBUG:urllib3.connectionpool:Starting new HTTP connection (1): apis.data.go.kr:80
DEBUG:urllib3.connectionpool:http://apis.data.go.kr:80 "GET /B553077/api/open/sdsc/baroApi?resId=dong&catId=cty&ctprvnCd=48&ServiceKey=mzv%2B5nKLrKuD%2BmQQsQNPL9WTK%2B%2Bv2TmZhLsfKQ94z9xgb1RpWBP17HLSPzxlwwYugsmNqEOJqSxKVAXxdImgXg%3D%3D&type=json HTTP/1.1" 200 565
DEBUG:urllib3.connectionpool:Starting new HTTP connection (1): apis.data.go.kr:80
DEBUG:urllib3.connectionpool:http://apis.data.go.kr:80 "GET /B553077/api/open/sdsc/storeListInDong?divId=signguCd&key=48890&ServiceKey=mzv%2B5nKLrKuD%2BmQQsQNPL9WTK%2B%2Bv2TmZhLsfKQ94z9xgb1RpWBP17HLSPzxlwwYugsmNqEOJqSxKVAXxdImgXg%3D%3D&type=json HTTP/1.1" 200 3866
DEBUG:urllib3.connectionpool:Starting new HTTP connection (1): apis.data.go.kr:80
DEBUG:urllib3.connectionpool:http://apis.data.go.kr:80 "GET /B553077/api/open/sdsc/baroApi?resId=dong&catId=cty&ctprvnCd=47&ServiceKey=mzv%2B5nKLrKuD%2BmQQsQNPL9WTK%2B%2Bv2TmZhLsfKQ94z9xgb1RpWBP17HLSPzxlwwYugsmNqEOJqSxKVAXxdImgXg%3D%3D&type=json HTTP/1.1" 200 561
DEBUG:urllib3.connectionpool:Starting new HTTP connection (1): apis.data.go.kr:80
DEBUG:urllib3.connectionpool:http://apis.data.go.kr:80 "GET /B553077/api/open/sdsc/storeListInDong?divId=signguCd&key=47113&ServiceKey=mzv%2B5nKLrKuD%2BmQQsQNPL9WTK%2B%2Bv2TmZhLsfKQ94z9xgb1RpWBP17HLSPzxlwwYugsmNqEOJqSxKVAXxdImgXg%3D%3D&type=json HTTP/1.1" 200 4090
DEBUG:urllib3.connectionpool:Starting new HTTP connection (1): apis.data.go.kr:80
DEBUG:urllib3.connectionpool:http://apis.data.go.kr:80 "GET /B553077/api/open/sdsc/baroApi?resId=dong&catId=cty&ctprvnCd=44&ServiceKey=mzv%2B5nKLrKuD%2BmQQsQNPL9WTK%2B%2Bv2TmZhLsfKQ94z9xgb1RpWBP17HLSPzxlwwYugsmNqEOJqSxKVAXxdImgXg%3D%3D&type=json HTTP/1.1" 200 497
DEBUG:urllib3.connectionpool:Starting new HTTP connection (1): apis.data.go.kr:80
DEBUG:urllib3.connectionpool:http://apis.data.go.kr:80 "GET /B553077/api/open/sdsc/storeListInDong?divId=signguCd&key=44800&ServiceKey=mzv%2B5nKLrKuD%2BmQQsQNPL9WTK%2B%2Bv2TmZhLsfKQ94z9xgb1RpWBP17HLSPzxlwwYugsmNqEOJqSxKVAXxdImgXg%3D%3D&type=json HTTP/1.1" 200 3840
DEBUG:urllib3.connectionpool:Starting new HTTP connection (1): apis.data.go.kr:80
DEBUG:urllib3.connectionpool:http://apis.data.go.kr:80 "GET /B553077/api/open/sdsc/baroApi?resId=dong&catId=cty&ctprvnCd=11&ServiceKey=mzv%2B5nKLrKuD%2BmQQsQNPL9WTK%2B%2Bv2TmZhLsfKQ94z9xgb1RpWBP17HLSPzxlwwYugsmNqEOJqSxKVAXxdImgXg%3D%3D&type=json HTTP/1.1" 200 571
DEBUG:urllib3.connectionpool:Starting new HTTP connection (1): apis.data.go.kr:80
DEBUG:urllib3.connectionpool:http://apis.data.go.kr:80 "GET /B553077/api/open/sdsc/storeListInDong?divId=signguCd&key=11260&ServiceKey=mzv%2B5nKLrKuD%2BmQQsQNPL9WTK%2B%2Bv2TmZhLsfKQ94z9xgb1RpWBP17HLSPzxlwwYugsmNqEOJqSxKVAXxdImgXg%3D%3D&type=json HTTP/1.1" 200 3950
DEBUG:urllib3.connectionpool:Starting new HTTP connection (1): apis.data.go.kr:80
DEBUG:urllib3.connectionpool:http://apis.data.go.kr:80 "GET /B553077/api/open/sdsc/baroApi?resId=dong&catId=cty&ctprvnCd=46&ServiceKey=mzv%2B5nKLrKuD%2BmQQsQNPL9WTK%2B%2Bv2TmZhLsfKQ94z9xgb1RpWBP17HLSPzxlwwYugsmNqEOJqSxKVAXxdImgXg%3D%3D&type=json HTTP/1.1" 200 544
DEBUG:urllib3.connectionpool:Starting new HTTP connection (1): apis.data.go.kr:80
DEBUG:urllib3.connectionpool:http://apis.data.go.kr:80 "GET /B553077/api/open/sdsc/storeListInDong?divId=signguCd&key=46790&ServiceKey=mzv%2B5nKLrKuD%2BmQQsQNPL9WTK%2B%2Bv2TmZhLsfKQ94z9xgb1RpWBP17HLSPzxlwwYugsmNqEOJqSxKVAXxdImgXg%3D%3D&type=json HTTP/1.1" 200 3552
DEBUG:urllib3.connectionpool:Starting new HTTP connection (1): apis.data.go.kr:80
DEBUG:urllib3.connectionpool:http://apis.data.go.kr:80 "GET /B553077/api/open/sdsc/baroApi?resId=dong&catId=cty&ctprvnCd=11&ServiceKey=mzv%2B5nKLrKuD%2BmQQsQNPL9WTK%2B%2Bv2TmZhLsfKQ94z9xgb1RpWBP17HLSPzxlwwYugsmNqEOJqSxKVAXxdImgXg%3D%3D&type=json HTTP/1.1" 200 571
DEBUG:urllib3.connectionpool:Starting new HTTP connection (1): apis.data.go.kr:80
DEBUG:urllib3.connectionpool:http://apis.data.go.kr:80 "GET /B553077/api/open/sdsc/storeListInDong?divId=signguCd&key=11260&ServiceKey=mzv%2B5nKLrKuD%2BmQQsQNPL9WTK%2B%2Bv2TmZhLsfKQ94z9xgb1RpWBP17HLSPzxlwwYugsmNqEOJqSxKVAXxdImgXg%3D%3D&type=json HTTP/1.1" 200 3950
DEBUG:urllib3.connectionpool:Starting new HTTP connection (1): apis.data.go.kr:80
DEBUG:urllib3.connectionpool:http://apis.data.go.kr:80 "GET /B553077/api/open/sdsc/baroApi?resId=dong&catId=cty&ctprvnCd=45&ServiceKey=mzv%2B5nKLrKuD%2BmQQsQNPL9WTK%2B%2Bv2TmZhLsfKQ94z9xgb1RpWBP17HLSPzxlwwYugsmNqEOJqSxKVAXxdImgXg%3D%3D&type=json HTTP/1.1" 200 483
DEBUG:urllib3.connectionpool:Starting new HTTP connection (1): apis.data.go.kr:80
DEBUG:urllib3.connectionpool:http://apis.data.go.kr:80 "GET /B553077/api/open/sdsc/storeListInDong?divId=signguCd&key=45720&ServiceKey=mzv%2B5nKLrKuD%2BmQQsQNPL9WTK%2B%2Bv2TmZhLsfKQ94z9xgb1RpWBP17HLSPzxlwwYugsmNqEOJqSxKVAXxdImgXg%3D%3D&type=json HTTP/1.1" 200 3787
DEBUG:urllib3.connectionpool:Starting new HTTP connection (1): apis.data.go.kr:80
DEBUG:urllib3.connectionpool:http://apis.data.go.kr:80 "GET /B553077/api/open/sdsc/baroApi?resId=dong&catId=cty&ctprvnCd=46&ServiceKey=mzv%2B5nKLrKuD%2BmQQsQNPL9WTK%2B%2Bv2TmZhLsfKQ94z9xgb1RpWBP17HLSPzxlwwYugsmNqEOJqSxKVAXxdImgXg%3D%3D&type=json HTTP/1.1" 200 544
DEBUG:urllib3.connectionpool:Starting new HTTP connection (1): apis.data.go.kr:80
DEBUG:urllib3.connectionpool:http://apis.data.go.kr:80 "GET /B553077/api/open/sdsc/storeListInDong?divId=signguCd&key=46790&ServiceKey=mzv%2B5nKLrKuD%2BmQQsQNPL9WTK%2B%2Bv2TmZhLsfKQ94z9xgb1RpWBP17HLSPzxlwwYugsmNqEOJqSxKVAXxdImgXg%3D%3D&type=json HTTP/1.1" 200 3552
DEBUG:urllib3.connectionpool:Starting new HTTP connection (1): apis.data.go.kr:80
DEBUG:urllib3.connectionpool:http://apis.data.go.kr:80 "GET /B553077/api/open/sdsc/baroApi?resId=dong&catId=cty&ctprvnCd=46&ServiceKey=mzv%2B5nKLrKuD%2BmQQsQNPL9WTK%2B%2Bv2TmZhLsfKQ94z9xgb1RpWBP17HLSPzxlwwYugsmNqEOJqSxKVAXxdImgXg%3D%3D&type=json HTTP/1.1" 200 544
DEBUG:urllib3.connectionpool:Starting new HTTP connection (1): apis.data.go.kr:80
DEBUG:urllib3.connectionpool:http://apis.data.go.kr:80 "GET /B553077/api/open/sdsc/storeListInDong?divId=signguCd&key=46790&ServiceKey=mzv%2B5nKLrKuD%2BmQQsQNPL9WTK%2B%2Bv2TmZhLsfKQ94z9xgb1RpWBP17HLSPzxlwwYugsmNqEOJqSxKVAXxdImgXg%3D%3D&type=json HTTP/1.1" 200 3552
INFO:werkzeug:127.0.0.1 - - [16/Dec/2019 03:51:44] "POST /menus/travel HTTP/1.1" 200 -
INFO:werkzeug: * Detected change in 'C:\\Users\\Will\\PycharmProjects\\travel_service\\views\\menus.py', reloading
INFO:werkzeug: * Restarting with stat
INFO:root:Flask Web Server Started
WARNING:werkzeug: * Debugger is active!
INFO:werkzeug: * Debugger PIN: 312-095-692
INFO:werkzeug: * Running on http://0.0.0.0:8080/ (Press CTRL+C to quit)
DEBUG:urllib3.connectionpool:Starting new HTTP connection (1): api.visitkorea.or.kr:80
DEBUG:urllib3.connectionpool:http://api.visitkorea.or.kr:80 "GET /openapi/service/rest/KorService/searchKeyword?ServiceKey=mzv%2B5nKLrKuD%2BmQQsQNPL9WTK%2B%2Bv2TmZhLsfKQ94z9xgb1RpWBP17HLSPzxlwwYugsmNqEOJqSxKVAXxdImgXg%3D%3D&keyword=%EA%B5%AD%EB%A6%BD%EA%B3%B5%EC%9B%90&listYN=Y&arrange=A&MobileOS=ETC&MobileApp=AppTest&_type=json HTTP/1.1" 200 4889
DEBUG:urllib3.connectionpool:Starting new HTTP connection (1): apis.data.go.kr:80
DEBUG:urllib3.connectionpool:http://apis.data.go.kr:80 "GET /B553077/api/open/sdsc/baroApi?resId=dong&catId=cty&ctprvnCd=47&ServiceKey=mzv%2B5nKLrKuD%2BmQQsQNPL9WTK%2B%2Bv2TmZhLsfKQ94z9xgb1RpWBP17HLSPzxlwwYugsmNqEOJqSxKVAXxdImgXg%3D%3D&type=json HTTP/1.1" 200 561
DEBUG:urllib3.connectionpool:Starting new HTTP connection (1): apis.data.go.kr:80
DEBUG:urllib3.connectionpool:http://apis.data.go.kr:80 "GET /B553077/api/open/sdsc/storeListInDong?divId=signguCd&key=47113&ServiceKey=mzv%2B5nKLrKuD%2BmQQsQNPL9WTK%2B%2Bv2TmZhLsfKQ94z9xgb1RpWBP17HLSPzxlwwYugsmNqEOJqSxKVAXxdImgXg%3D%3D&type=json HTTP/1.1" 200 4090
DEBUG:urllib3.connectionpool:Starting new HTTP connection (1): apis.data.go.kr:80
DEBUG:urllib3.connectionpool:http://apis.data.go.kr:80 "GET /B553077/api/open/sdsc/baroApi?resId=dong&catId=cty&ctprvnCd=48&ServiceKey=mzv%2B5nKLrKuD%2BmQQsQNPL9WTK%2B%2Bv2TmZhLsfKQ94z9xgb1RpWBP17HLSPzxlwwYugsmNqEOJqSxKVAXxdImgXg%3D%3D&type=json HTTP/1.1" 200 565
DEBUG:urllib3.connectionpool:Starting new HTTP connection (1): apis.data.go.kr:80
DEBUG:urllib3.connectionpool:http://apis.data.go.kr:80 "GET /B553077/api/open/sdsc/storeListInDong?divId=signguCd&key=48890&ServiceKey=mzv%2B5nKLrKuD%2BmQQsQNPL9WTK%2B%2Bv2TmZhLsfKQ94z9xgb1RpWBP17HLSPzxlwwYugsmNqEOJqSxKVAXxdImgXg%3D%3D&type=json HTTP/1.1" 200 3866
DEBUG:urllib3.connectionpool:Starting new HTTP connection (1): apis.data.go.kr:80
DEBUG:urllib3.connectionpool:http://apis.data.go.kr:80 "GET /B553077/api/open/sdsc/baroApi?resId=dong&catId=cty&ctprvnCd=47&ServiceKey=mzv%2B5nKLrKuD%2BmQQsQNPL9WTK%2B%2Bv2TmZhLsfKQ94z9xgb1RpWBP17HLSPzxlwwYugsmNqEOJqSxKVAXxdImgXg%3D%3D&type=json HTTP/1.1" 200 561
DEBUG:urllib3.connectionpool:Starting new HTTP connection (1): apis.data.go.kr:80
DEBUG:urllib3.connectionpool:http://apis.data.go.kr:80 "GET /B553077/api/open/sdsc/storeListInDong?divId=signguCd&key=47113&ServiceKey=mzv%2B5nKLrKuD%2BmQQsQNPL9WTK%2B%2Bv2TmZhLsfKQ94z9xgb1RpWBP17HLSPzxlwwYugsmNqEOJqSxKVAXxdImgXg%3D%3D&type=json HTTP/1.1" 200 4090
DEBUG:urllib3.connectionpool:Starting new HTTP connection (1): apis.data.go.kr:80
DEBUG:urllib3.connectionpool:http://apis.data.go.kr:80 "GET /B553077/api/open/sdsc/baroApi?resId=dong&catId=cty&ctprvnCd=44&ServiceKey=mzv%2B5nKLrKuD%2BmQQsQNPL9WTK%2B%2Bv2TmZhLsfKQ94z9xgb1RpWBP17HLSPzxlwwYugsmNqEOJqSxKVAXxdImgXg%3D%3D&type=json HTTP/1.1" 200 497
DEBUG:urllib3.connectionpool:Starting new HTTP connection (1): apis.data.go.kr:80
DEBUG:urllib3.connectionpool:http://apis.data.go.kr:80 "GET /B553077/api/open/sdsc/storeListInDong?divId=signguCd&key=44800&ServiceKey=mzv%2B5nKLrKuD%2BmQQsQNPL9WTK%2B%2Bv2TmZhLsfKQ94z9xgb1RpWBP17HLSPzxlwwYugsmNqEOJqSxKVAXxdImgXg%3D%3D&type=json HTTP/1.1" 200 3840
DEBUG:urllib3.connectionpool:Starting new HTTP connection (1): apis.data.go.kr:80
DEBUG:urllib3.connectionpool:http://apis.data.go.kr:80 "GET /B553077/api/open/sdsc/baroApi?resId=dong&catId=cty&ctprvnCd=11&ServiceKey=mzv%2B5nKLrKuD%2BmQQsQNPL9WTK%2B%2Bv2TmZhLsfKQ94z9xgb1RpWBP17HLSPzxlwwYugsmNqEOJqSxKVAXxdImgXg%3D%3D&type=json HTTP/1.1" 200 571
DEBUG:urllib3.connectionpool:Starting new HTTP connection (1): apis.data.go.kr:80
DEBUG:urllib3.connectionpool:http://apis.data.go.kr:80 "GET /B553077/api/open/sdsc/storeListInDong?divId=signguCd&key=11260&ServiceKey=mzv%2B5nKLrKuD%2BmQQsQNPL9WTK%2B%2Bv2TmZhLsfKQ94z9xgb1RpWBP17HLSPzxlwwYugsmNqEOJqSxKVAXxdImgXg%3D%3D&type=json HTTP/1.1" 200 3950
DEBUG:urllib3.connectionpool:Starting new HTTP connection (1): apis.data.go.kr:80
DEBUG:urllib3.connectionpool:http://apis.data.go.kr:80 "GET /B553077/api/open/sdsc/baroApi?resId=dong&catId=cty&ctprvnCd=46&ServiceKey=mzv%2B5nKLrKuD%2BmQQsQNPL9WTK%2B%2Bv2TmZhLsfKQ94z9xgb1RpWBP17HLSPzxlwwYugsmNqEOJqSxKVAXxdImgXg%3D%3D&type=json HTTP/1.1" 200 544
DEBUG:urllib3.connectionpool:Starting new HTTP connection (1): apis.data.go.kr:80
DEBUG:urllib3.connectionpool:http://apis.data.go.kr:80 "GET /B553077/api/open/sdsc/storeListInDong?divId=signguCd&key=46790&ServiceKey=mzv%2B5nKLrKuD%2BmQQsQNPL9WTK%2B%2Bv2TmZhLsfKQ94z9xgb1RpWBP17HLSPzxlwwYugsmNqEOJqSxKVAXxdImgXg%3D%3D&type=json HTTP/1.1" 200 3552
DEBUG:urllib3.connectionpool:Starting new HTTP connection (1): apis.data.go.kr:80
DEBUG:urllib3.connectionpool:http://apis.data.go.kr:80 "GET /B553077/api/open/sdsc/baroApi?resId=dong&catId=cty&ctprvnCd=11&ServiceKey=mzv%2B5nKLrKuD%2BmQQsQNPL9WTK%2B%2Bv2TmZhLsfKQ94z9xgb1RpWBP17HLSPzxlwwYugsmNqEOJqSxKVAXxdImgXg%3D%3D&type=json HTTP/1.1" 200 571
DEBUG:urllib3.connectionpool:Starting new HTTP connection (1): apis.data.go.kr:80
DEBUG:urllib3.connectionpool:http://apis.data.go.kr:80 "GET /B553077/api/open/sdsc/storeListInDong?divId=signguCd&key=11260&ServiceKey=mzv%2B5nKLrKuD%2BmQQsQNPL9WTK%2B%2Bv2TmZhLsfKQ94z9xgb1RpWBP17HLSPzxlwwYugsmNqEOJqSxKVAXxdImgXg%3D%3D&type=json HTTP/1.1" 200 3950
DEBUG:urllib3.connectionpool:Starting new HTTP connection (1): apis.data.go.kr:80
DEBUG:urllib3.connectionpool:http://apis.data.go.kr:80 "GET /B553077/api/open/sdsc/baroApi?resId=dong&catId=cty&ctprvnCd=45&ServiceKey=mzv%2B5nKLrKuD%2BmQQsQNPL9WTK%2B%2Bv2TmZhLsfKQ94z9xgb1RpWBP17HLSPzxlwwYugsmNqEOJqSxKVAXxdImgXg%3D%3D&type=json HTTP/1.1" 200 483
DEBUG:urllib3.connectionpool:Starting new HTTP connection (1): apis.data.go.kr:80
DEBUG:urllib3.connectionpool:http://apis.data.go.kr:80 "GET /B553077/api/open/sdsc/storeListInDong?divId=signguCd&key=45720&ServiceKey=mzv%2B5nKLrKuD%2BmQQsQNPL9WTK%2B%2Bv2TmZhLsfKQ94z9xgb1RpWBP17HLSPzxlwwYugsmNqEOJqSxKVAXxdImgXg%3D%3D&type=json HTTP/1.1" 200 3787
DEBUG:urllib3.connectionpool:Starting new HTTP connection (1): apis.data.go.kr:80
DEBUG:urllib3.connectionpool:http://apis.data.go.kr:80 "GET /B553077/api/open/sdsc/baroApi?resId=dong&catId=cty&ctprvnCd=46&ServiceKey=mzv%2B5nKLrKuD%2BmQQsQNPL9WTK%2B%2Bv2TmZhLsfKQ94z9xgb1RpWBP17HLSPzxlwwYugsmNqEOJqSxKVAXxdImgXg%3D%3D&type=json HTTP/1.1" 200 544
DEBUG:urllib3.connectionpool:Starting new HTTP connection (1): apis.data.go.kr:80
DEBUG:urllib3.connectionpool:http://apis.data.go.kr:80 "GET /B553077/api/open/sdsc/storeListInDong?divId=signguCd&key=46790&ServiceKey=mzv%2B5nKLrKuD%2BmQQsQNPL9WTK%2B%2Bv2TmZhLsfKQ94z9xgb1RpWBP17HLSPzxlwwYugsmNqEOJqSxKVAXxdImgXg%3D%3D&type=json HTTP/1.1" 200 3552
DEBUG:urllib3.connectionpool:Starting new HTTP connection (1): apis.data.go.kr:80
DEBUG:urllib3.connectionpool:http://apis.data.go.kr:80 "GET /B553077/api/open/sdsc/baroApi?resId=dong&catId=cty&ctprvnCd=46&ServiceKey=mzv%2B5nKLrKuD%2BmQQsQNPL9WTK%2B%2Bv2TmZhLsfKQ94z9xgb1RpWBP17HLSPzxlwwYugsmNqEOJqSxKVAXxdImgXg%3D%3D&type=json HTTP/1.1" 200 544
DEBUG:urllib3.connectionpool:Starting new HTTP connection (1): apis.data.go.kr:80
DEBUG:urllib3.connectionpool:http://apis.data.go.kr:80 "GET /B553077/api/open/sdsc/storeListInDong?divId=signguCd&key=46790&ServiceKey=mzv%2B5nKLrKuD%2BmQQsQNPL9WTK%2B%2Bv2TmZhLsfKQ94z9xgb1RpWBP17HLSPzxlwwYugsmNqEOJqSxKVAXxdImgXg%3D%3D&type=json HTTP/1.1" 200 3552
INFO:werkzeug:127.0.0.1 - - [16/Dec/2019 03:52:04] "POST /menus/travel HTTP/1.1" 200 -
INFO:werkzeug: * Detected change in 'C:\\Users\\Will\\PycharmProjects\\travel_service\\views\\menus.py', reloading
INFO:werkzeug: * Restarting with stat
INFO:root:Flask Web Server Started
INFO:werkzeug: * Restarting with stat
INFO:root:Flask Web Server Started
WARNING:werkzeug: * Debugger is active!
INFO:werkzeug: * Debugger PIN: 312-095-692
INFO:werkzeug: * Running on http://0.0.0.0:8080/ (Press CTRL+C to quit)
INFO:werkzeug:127.0.0.1 - - [16/Dec/2019 03:53:31] "GET /menus/travel HTTP/1.1" 200 -
DEBUG:urllib3.connectionpool:Starting new HTTP connection (1): api.visitkorea.or.kr:80
DEBUG:urllib3.connectionpool:http://api.visitkorea.or.kr:80 "GET /openapi/service/rest/KorService/searchKeyword?ServiceKey=mzv%2B5nKLrKuD%2BmQQsQNPL9WTK%2B%2Bv2TmZhLsfKQ94z9xgb1RpWBP17HLSPzxlwwYugsmNqEOJqSxKVAXxdImgXg%3D%3D&keyword=%EA%B5%AD%EB%A6%BD%EA%B3%B5%EC%9B%90&listYN=Y&arrange=A&MobileOS=ETC&MobileApp=AppTest&_type=json HTTP/1.1" 200 4889
DEBUG:urllib3.connectionpool:Starting new HTTP connection (1): apis.data.go.kr:80
DEBUG:urllib3.connectionpool:http://apis.data.go.kr:80 "GET /B553077/api/open/sdsc/baroApi?resId=dong&catId=cty&ctprvnCd=47&ServiceKey=mzv%2B5nKLrKuD%2BmQQsQNPL9WTK%2B%2Bv2TmZhLsfKQ94z9xgb1RpWBP17HLSPzxlwwYugsmNqEOJqSxKVAXxdImgXg%3D%3D&type=json HTTP/1.1" 200 561
DEBUG:urllib3.connectionpool:Starting new HTTP connection (1): apis.data.go.kr:80
DEBUG:urllib3.connectionpool:http://apis.data.go.kr:80 "GET /B553077/api/open/sdsc/storeListInDong?divId=signguCd&key=47113&ServiceKey=mzv%2B5nKLrKuD%2BmQQsQNPL9WTK%2B%2Bv2TmZhLsfKQ94z9xgb1RpWBP17HLSPzxlwwYugsmNqEOJqSxKVAXxdImgXg%3D%3D&type=json HTTP/1.1" 200 4090
DEBUG:urllib3.connectionpool:Starting new HTTP connection (1): apis.data.go.kr:80
DEBUG:urllib3.connectionpool:http://apis.data.go.kr:80 "GET /B553077/api/open/sdsc/baroApi?resId=dong&catId=cty&ctprvnCd=48&ServiceKey=mzv%2B5nKLrKuD%2BmQQsQNPL9WTK%2B%2Bv2TmZhLsfKQ94z9xgb1RpWBP17HLSPzxlwwYugsmNqEOJqSxKVAXxdImgXg%3D%3D&type=json HTTP/1.1" 200 565
DEBUG:urllib3.connectionpool:Starting new HTTP connection (1): apis.data.go.kr:80
DEBUG:urllib3.connectionpool:http://apis.data.go.kr:80 "GET /B553077/api/open/sdsc/storeListInDong?divId=signguCd&key=48890&ServiceKey=mzv%2B5nKLrKuD%2BmQQsQNPL9WTK%2B%2Bv2TmZhLsfKQ94z9xgb1RpWBP17HLSPzxlwwYugsmNqEOJqSxKVAXxdImgXg%3D%3D&type=json HTTP/1.1" 200 3866
DEBUG:urllib3.connectionpool:Starting new HTTP connection (1): apis.data.go.kr:80
DEBUG:urllib3.connectionpool:http://apis.data.go.kr:80 "GET /B553077/api/open/sdsc/baroApi?resId=dong&catId=cty&ctprvnCd=47&ServiceKey=mzv%2B5nKLrKuD%2BmQQsQNPL9WTK%2B%2Bv2TmZhLsfKQ94z9xgb1RpWBP17HLSPzxlwwYugsmNqEOJqSxKVAXxdImgXg%3D%3D&type=json HTTP/1.1" 200 561
DEBUG:urllib3.connectionpool:Starting new HTTP connection (1): apis.data.go.kr:80
DEBUG:urllib3.connectionpool:http://apis.data.go.kr:80 "GET /B553077/api/open/sdsc/storeListInDong?divId=signguCd&key=47113&ServiceKey=mzv%2B5nKLrKuD%2BmQQsQNPL9WTK%2B%2Bv2TmZhLsfKQ94z9xgb1RpWBP17HLSPzxlwwYugsmNqEOJqSxKVAXxdImgXg%3D%3D&type=json HTTP/1.1" 200 4090
DEBUG:urllib3.connectionpool:Starting new HTTP connection (1): apis.data.go.kr:80
DEBUG:urllib3.connectionpool:http://apis.data.go.kr:80 "GET /B553077/api/open/sdsc/baroApi?resId=dong&catId=cty&ctprvnCd=44&ServiceKey=mzv%2B5nKLrKuD%2BmQQsQNPL9WTK%2B%2Bv2TmZhLsfKQ94z9xgb1RpWBP17HLSPzxlwwYugsmNqEOJqSxKVAXxdImgXg%3D%3D&type=json HTTP/1.1" 200 497
DEBUG:urllib3.connectionpool:Starting new HTTP connection (1): apis.data.go.kr:80
DEBUG:urllib3.connectionpool:http://apis.data.go.kr:80 "GET /B553077/api/open/sdsc/storeListInDong?divId=signguCd&key=44800&ServiceKey=mzv%2B5nKLrKuD%2BmQQsQNPL9WTK%2B%2Bv2TmZhLsfKQ94z9xgb1RpWBP17HLSPzxlwwYugsmNqEOJqSxKVAXxdImgXg%3D%3D&type=json HTTP/1.1" 200 3840
DEBUG:urllib3.connectionpool:Starting new HTTP connection (1): apis.data.go.kr:80
DEBUG:urllib3.connectionpool:http://apis.data.go.kr:80 "GET /B553077/api/open/sdsc/baroApi?resId=dong&catId=cty&ctprvnCd=11&ServiceKey=mzv%2B5nKLrKuD%2BmQQsQNPL9WTK%2B%2Bv2TmZhLsfKQ94z9xgb1RpWBP17HLSPzxlwwYugsmNqEOJqSxKVAXxdImgXg%3D%3D&type=json HTTP/1.1" 200 571
DEBUG:urllib3.connectionpool:Starting new HTTP connection (1): apis.data.go.kr:80
DEBUG:urllib3.connectionpool:http://apis.data.go.kr:80 "GET /B553077/api/open/sdsc/storeListInDong?divId=signguCd&key=11260&ServiceKey=mzv%2B5nKLrKuD%2BmQQsQNPL9WTK%2B%2Bv2TmZhLsfKQ94z9xgb1RpWBP17HLSPzxlwwYugsmNqEOJqSxKVAXxdImgXg%3D%3D&type=json HTTP/1.1" 200 3950
DEBUG:urllib3.connectionpool:Starting new HTTP connection (1): apis.data.go.kr:80
DEBUG:urllib3.connectionpool:http://apis.data.go.kr:80 "GET /B553077/api/open/sdsc/baroApi?resId=dong&catId=cty&ctprvnCd=46&ServiceKey=mzv%2B5nKLrKuD%2BmQQsQNPL9WTK%2B%2Bv2TmZhLsfKQ94z9xgb1RpWBP17HLSPzxlwwYugsmNqEOJqSxKVAXxdImgXg%3D%3D&type=json HTTP/1.1" 200 544
DEBUG:urllib3.connectionpool:Starting new HTTP connection (1): apis.data.go.kr:80
DEBUG:urllib3.connectionpool:http://apis.data.go.kr:80 "GET /B553077/api/open/sdsc/storeListInDong?divId=signguCd&key=46790&ServiceKey=mzv%2B5nKLrKuD%2BmQQsQNPL9WTK%2B%2Bv2TmZhLsfKQ94z9xgb1RpWBP17HLSPzxlwwYugsmNqEOJqSxKVAXxdImgXg%3D%3D&type=json HTTP/1.1" 200 3552
DEBUG:urllib3.connectionpool:Starting new HTTP connection (1): apis.data.go.kr:80
DEBUG:urllib3.connectionpool:http://apis.data.go.kr:80 "GET /B553077/api/open/sdsc/baroApi?resId=dong&catId=cty&ctprvnCd=11&ServiceKey=mzv%2B5nKLrKuD%2BmQQsQNPL9WTK%2B%2Bv2TmZhLsfKQ94z9xgb1RpWBP17HLSPzxlwwYugsmNqEOJqSxKVAXxdImgXg%3D%3D&type=json HTTP/1.1" 200 571
DEBUG:urllib3.connectionpool:Starting new HTTP connection (1): apis.data.go.kr:80
DEBUG:urllib3.connectionpool:http://apis.data.go.kr:80 "GET /B553077/api/open/sdsc/storeListInDong?divId=signguCd&key=11260&ServiceKey=mzv%2B5nKLrKuD%2BmQQsQNPL9WTK%2B%2Bv2TmZhLsfKQ94z9xgb1RpWBP17HLSPzxlwwYugsmNqEOJqSxKVAXxdImgXg%3D%3D&type=json HTTP/1.1" 200 3950
DEBUG:urllib3.connectionpool:Starting new HTTP connection (1): apis.data.go.kr:80
DEBUG:urllib3.connectionpool:http://apis.data.go.kr:80 "GET /B553077/api/open/sdsc/baroApi?resId=dong&catId=cty&ctprvnCd=45&ServiceKey=mzv%2B5nKLrKuD%2BmQQsQNPL9WTK%2B%2Bv2TmZhLsfKQ94z9xgb1RpWBP17HLSPzxlwwYugsmNqEOJqSxKVAXxdImgXg%3D%3D&type=json HTTP/1.1" 200 483
DEBUG:urllib3.connectionpool:Starting new HTTP connection (1): apis.data.go.kr:80
DEBUG:urllib3.connectionpool:http://apis.data.go.kr:80 "GET /B553077/api/open/sdsc/storeListInDong?divId=signguCd&key=45720&ServiceKey=mzv%2B5nKLrKuD%2BmQQsQNPL9WTK%2B%2Bv2TmZhLsfKQ94z9xgb1RpWBP17HLSPzxlwwYugsmNqEOJqSxKVAXxdImgXg%3D%3D&type=json HTTP/1.1" 200 3787
DEBUG:urllib3.connectionpool:Starting new HTTP connection (1): apis.data.go.kr:80
DEBUG:urllib3.connectionpool:http://apis.data.go.kr:80 "GET /B553077/api/open/sdsc/baroApi?resId=dong&catId=cty&ctprvnCd=46&ServiceKey=mzv%2B5nKLrKuD%2BmQQsQNPL9WTK%2B%2Bv2TmZhLsfKQ94z9xgb1RpWBP17HLSPzxlwwYugsmNqEOJqSxKVAXxdImgXg%3D%3D&type=json HTTP/1.1" 200 544
DEBUG:urllib3.connectionpool:Starting new HTTP connection (1): apis.data.go.kr:80
DEBUG:urllib3.connectionpool:http://apis.data.go.kr:80 "GET /B553077/api/open/sdsc/storeListInDong?divId=signguCd&key=46790&ServiceKey=mzv%2B5nKLrKuD%2BmQQsQNPL9WTK%2B%2Bv2TmZhLsfKQ94z9xgb1RpWBP17HLSPzxlwwYugsmNqEOJqSxKVAXxdImgXg%3D%3D&type=json HTTP/1.1" 200 3552
DEBUG:urllib3.connectionpool:Starting new HTTP connection (1): apis.data.go.kr:80
DEBUG:urllib3.connectionpool:http://apis.data.go.kr:80 "GET /B553077/api/open/sdsc/baroApi?resId=dong&catId=cty&ctprvnCd=46&ServiceKey=mzv%2B5nKLrKuD%2BmQQsQNPL9WTK%2B%2Bv2TmZhLsfKQ94z9xgb1RpWBP17HLSPzxlwwYugsmNqEOJqSxKVAXxdImgXg%3D%3D&type=json HTTP/1.1" 200 544
DEBUG:urllib3.connectionpool:Starting new HTTP connection (1): apis.data.go.kr:80
DEBUG:urllib3.connectionpool:http://apis.data.go.kr:80 "GET /B553077/api/open/sdsc/storeListInDong?divId=signguCd&key=46790&ServiceKey=mzv%2B5nKLrKuD%2BmQQsQNPL9WTK%2B%2Bv2TmZhLsfKQ94z9xgb1RpWBP17HLSPzxlwwYugsmNqEOJqSxKVAXxdImgXg%3D%3D&type=json HTTP/1.1" 200 3552
INFO:werkzeug:127.0.0.1 - - [16/Dec/2019 03:53:39] "POST /menus/travel HTTP/1.1" 200 -
INFO:werkzeug: * Detected change in 'C:\\Users\\Will\\PycharmProjects\\travel_service\\views\\menus.py', reloading
INFO:werkzeug: * Restarting with stat
INFO:root:Flask Web Server Started
WARNING:werkzeug: * Debugger is active!
INFO:werkzeug: * Debugger PIN: 312-095-692
INFO:werkzeug: * Running on http://0.0.0.0:8080/ (Press CTRL+C to quit)
INFO:werkzeug: * Detected change in 'C:\\Users\\Will\\PycharmProjects\\travel_service\\views\\menus.py', reloading
INFO:werkzeug: * Restarting with stat
INFO:root:Flask Web Server Started
WARNING:werkzeug: * Debugger is active!
INFO:werkzeug: * Debugger PIN: 312-095-692
INFO:werkzeug: * Running on http://0.0.0.0:8080/ (Press CTRL+C to quit)
DEBUG:urllib3.connectionpool:Starting new HTTP connection (1): api.visitkorea.or.kr:80
DEBUG:urllib3.connectionpool:http://api.visitkorea.or.kr:80 "GET /openapi/service/rest/KorService/searchKeyword?ServiceKey=mzv%2B5nKLrKuD%2BmQQsQNPL9WTK%2B%2Bv2TmZhLsfKQ94z9xgb1RpWBP17HLSPzxlwwYugsmNqEOJqSxKVAXxdImgXg%3D%3D&keyword=%EA%B5%AD%EB%A6%BD%EA%B3%B5%EC%9B%90&listYN=Y&arrange=A&MobileOS=ETC&MobileApp=AppTest&_type=json HTTP/1.1" 200 4889
DEBUG:urllib3.connectionpool:Starting new HTTP connection (1): apis.data.go.kr:80
DEBUG:urllib3.connectionpool:http://apis.data.go.kr:80 "GET /B553077/api/open/sdsc/baroApi?resId=dong&catId=cty&ctprvnCd=47&ServiceKey=mzv%2B5nKLrKuD%2BmQQsQNPL9WTK%2B%2Bv2TmZhLsfKQ94z9xgb1RpWBP17HLSPzxlwwYugsmNqEOJqSxKVAXxdImgXg%3D%3D&type=json HTTP/1.1" 200 561
DEBUG:urllib3.connectionpool:Starting new HTTP connection (1): apis.data.go.kr:80
DEBUG:urllib3.connectionpool:http://apis.data.go.kr:80 "GET /B553077/api/open/sdsc/storeListInDong?divId=signguCd&key=47113&ServiceKey=mzv%2B5nKLrKuD%2BmQQsQNPL9WTK%2B%2Bv2TmZhLsfKQ94z9xgb1RpWBP17HLSPzxlwwYugsmNqEOJqSxKVAXxdImgXg%3D%3D&type=json HTTP/1.1" 200 4090
DEBUG:urllib3.connectionpool:Starting new HTTP connection (1): apis.data.go.kr:80
DEBUG:urllib3.connectionpool:http://apis.data.go.kr:80 "GET /B553077/api/open/sdsc/baroApi?resId=dong&catId=cty&ctprvnCd=48&ServiceKey=mzv%2B5nKLrKuD%2BmQQsQNPL9WTK%2B%2Bv2TmZhLsfKQ94z9xgb1RpWBP17HLSPzxlwwYugsmNqEOJqSxKVAXxdImgXg%3D%3D&type=json HTTP/1.1" 200 565
DEBUG:urllib3.connectionpool:Starting new HTTP connection (1): apis.data.go.kr:80
DEBUG:urllib3.connectionpool:http://apis.data.go.kr:80 "GET /B553077/api/open/sdsc/storeListInDong?divId=signguCd&key=48890&ServiceKey=mzv%2B5nKLrKuD%2BmQQsQNPL9WTK%2B%2Bv2TmZhLsfKQ94z9xgb1RpWBP17HLSPzxlwwYugsmNqEOJqSxKVAXxdImgXg%3D%3D&type=json HTTP/1.1" 200 3866
DEBUG:urllib3.connectionpool:Starting new HTTP connection (1): apis.data.go.kr:80
DEBUG:urllib3.connectionpool:http://apis.data.go.kr:80 "GET /B553077/api/open/sdsc/baroApi?resId=dong&catId=cty&ctprvnCd=47&ServiceKey=mzv%2B5nKLrKuD%2BmQQsQNPL9WTK%2B%2Bv2TmZhLsfKQ94z9xgb1RpWBP17HLSPzxlwwYugsmNqEOJqSxKVAXxdImgXg%3D%3D&type=json HTTP/1.1" 200 561
DEBUG:urllib3.connectionpool:Starting new HTTP connection (1): apis.data.go.kr:80
DEBUG:urllib3.connectionpool:http://apis.data.go.kr:80 "GET /B553077/api/open/sdsc/storeListInDong?divId=signguCd&key=47113&ServiceKey=mzv%2B5nKLrKuD%2BmQQsQNPL9WTK%2B%2Bv2TmZhLsfKQ94z9xgb1RpWBP17HLSPzxlwwYugsmNqEOJqSxKVAXxdImgXg%3D%3D&type=json HTTP/1.1" 200 4090
DEBUG:urllib3.connectionpool:Starting new HTTP connection (1): apis.data.go.kr:80
DEBUG:urllib3.connectionpool:http://apis.data.go.kr:80 "GET /B553077/api/open/sdsc/baroApi?resId=dong&catId=cty&ctprvnCd=44&ServiceKey=mzv%2B5nKLrKuD%2BmQQsQNPL9WTK%2B%2Bv2TmZhLsfKQ94z9xgb1RpWBP17HLSPzxlwwYugsmNqEOJqSxKVAXxdImgXg%3D%3D&type=json HTTP/1.1" 200 497
DEBUG:urllib3.connectionpool:Starting new HTTP connection (1): apis.data.go.kr:80
DEBUG:urllib3.connectionpool:http://apis.data.go.kr:80 "GET /B553077/api/open/sdsc/storeListInDong?divId=signguCd&key=44800&ServiceKey=mzv%2B5nKLrKuD%2BmQQsQNPL9WTK%2B%2Bv2TmZhLsfKQ94z9xgb1RpWBP17HLSPzxlwwYugsmNqEOJqSxKVAXxdImgXg%3D%3D&type=json HTTP/1.1" 200 3840
DEBUG:urllib3.connectionpool:Starting new HTTP connection (1): apis.data.go.kr:80
DEBUG:urllib3.connectionpool:http://apis.data.go.kr:80 "GET /B553077/api/open/sdsc/baroApi?resId=dong&catId=cty&ctprvnCd=11&ServiceKey=mzv%2B5nKLrKuD%2BmQQsQNPL9WTK%2B%2Bv2TmZhLsfKQ94z9xgb1RpWBP17HLSPzxlwwYugsmNqEOJqSxKVAXxdImgXg%3D%3D&type=json HTTP/1.1" 200 571
DEBUG:urllib3.connectionpool:Starting new HTTP connection (1): apis.data.go.kr:80
DEBUG:urllib3.connectionpool:http://apis.data.go.kr:80 "GET /B553077/api/open/sdsc/storeListInDong?divId=signguCd&key=11260&ServiceKey=mzv%2B5nKLrKuD%2BmQQsQNPL9WTK%2B%2Bv2TmZhLsfKQ94z9xgb1RpWBP17HLSPzxlwwYugsmNqEOJqSxKVAXxdImgXg%3D%3D&type=json HTTP/1.1" 200 3950
DEBUG:urllib3.connectionpool:Starting new HTTP connection (1): apis.data.go.kr:80
DEBUG:urllib3.connectionpool:http://apis.data.go.kr:80 "GET /B553077/api/open/sdsc/baroApi?resId=dong&catId=cty&ctprvnCd=46&ServiceKey=mzv%2B5nKLrKuD%2BmQQsQNPL9WTK%2B%2Bv2TmZhLsfKQ94z9xgb1RpWBP17HLSPzxlwwYugsmNqEOJqSxKVAXxdImgXg%3D%3D&type=json HTTP/1.1" 200 544
DEBUG:urllib3.connectionpool:Starting new HTTP connection (1): apis.data.go.kr:80
DEBUG:urllib3.connectionpool:http://apis.data.go.kr:80 "GET /B553077/api/open/sdsc/storeListInDong?divId=signguCd&key=46790&ServiceKey=mzv%2B5nKLrKuD%2BmQQsQNPL9WTK%2B%2Bv2TmZhLsfKQ94z9xgb1RpWBP17HLSPzxlwwYugsmNqEOJqSxKVAXxdImgXg%3D%3D&type=json HTTP/1.1" 200 3552
DEBUG:urllib3.connectionpool:Starting new HTTP connection (1): apis.data.go.kr:80
DEBUG:urllib3.connectionpool:http://apis.data.go.kr:80 "GET /B553077/api/open/sdsc/baroApi?resId=dong&catId=cty&ctprvnCd=11&ServiceKey=mzv%2B5nKLrKuD%2BmQQsQNPL9WTK%2B%2Bv2TmZhLsfKQ94z9xgb1RpWBP17HLSPzxlwwYugsmNqEOJqSxKVAXxdImgXg%3D%3D&type=json HTTP/1.1" 200 571
DEBUG:urllib3.connectionpool:Starting new HTTP connection (1): apis.data.go.kr:80
DEBUG:urllib3.connectionpool:http://apis.data.go.kr:80 "GET /B553077/api/open/sdsc/storeListInDong?divId=signguCd&key=11260&ServiceKey=mzv%2B5nKLrKuD%2BmQQsQNPL9WTK%2B%2Bv2TmZhLsfKQ94z9xgb1RpWBP17HLSPzxlwwYugsmNqEOJqSxKVAXxdImgXg%3D%3D&type=json HTTP/1.1" 200 3950
DEBUG:urllib3.connectionpool:Starting new HTTP connection (1): apis.data.go.kr:80
DEBUG:urllib3.connectionpool:http://apis.data.go.kr:80 "GET /B553077/api/open/sdsc/baroApi?resId=dong&catId=cty&ctprvnCd=45&ServiceKey=mzv%2B5nKLrKuD%2BmQQsQNPL9WTK%2B%2Bv2TmZhLsfKQ94z9xgb1RpWBP17HLSPzxlwwYugsmNqEOJqSxKVAXxdImgXg%3D%3D&type=json HTTP/1.1" 200 483
DEBUG:urllib3.connectionpool:Starting new HTTP connection (1): apis.data.go.kr:80
DEBUG:urllib3.connectionpool:http://apis.data.go.kr:80 "GET /B553077/api/open/sdsc/storeListInDong?divId=signguCd&key=45720&ServiceKey=mzv%2B5nKLrKuD%2BmQQsQNPL9WTK%2B%2Bv2TmZhLsfKQ94z9xgb1RpWBP17HLSPzxlwwYugsmNqEOJqSxKVAXxdImgXg%3D%3D&type=json HTTP/1.1" 200 3787
DEBUG:urllib3.connectionpool:Starting new HTTP connection (1): apis.data.go.kr:80
DEBUG:urllib3.connectionpool:http://apis.data.go.kr:80 "GET /B553077/api/open/sdsc/baroApi?resId=dong&catId=cty&ctprvnCd=46&ServiceKey=mzv%2B5nKLrKuD%2BmQQsQNPL9WTK%2B%2Bv2TmZhLsfKQ94z9xgb1RpWBP17HLSPzxlwwYugsmNqEOJqSxKVAXxdImgXg%3D%3D&type=json HTTP/1.1" 200 544
DEBUG:urllib3.connectionpool:Starting new HTTP connection (1): apis.data.go.kr:80
DEBUG:urllib3.connectionpool:http://apis.data.go.kr:80 "GET /B553077/api/open/sdsc/storeListInDong?divId=signguCd&key=46790&ServiceKey=mzv%2B5nKLrKuD%2BmQQsQNPL9WTK%2B%2Bv2TmZhLsfKQ94z9xgb1RpWBP17HLSPzxlwwYugsmNqEOJqSxKVAXxdImgXg%3D%3D&type=json HTTP/1.1" 200 3552
DEBUG:urllib3.connectionpool:Starting new HTTP connection (1): apis.data.go.kr:80
DEBUG:urllib3.connectionpool:http://apis.data.go.kr:80 "GET /B553077/api/open/sdsc/baroApi?resId=dong&catId=cty&ctprvnCd=46&ServiceKey=mzv%2B5nKLrKuD%2BmQQsQNPL9WTK%2B%2Bv2TmZhLsfKQ94z9xgb1RpWBP17HLSPzxlwwYugsmNqEOJqSxKVAXxdImgXg%3D%3D&type=json HTTP/1.1" 200 544
DEBUG:urllib3.connectionpool:Starting new HTTP connection (1): apis.data.go.kr:80
DEBUG:urllib3.connectionpool:http://apis.data.go.kr:80 "GET /B553077/api/open/sdsc/storeListInDong?divId=signguCd&key=46790&ServiceKey=mzv%2B5nKLrKuD%2BmQQsQNPL9WTK%2B%2Bv2TmZhLsfKQ94z9xgb1RpWBP17HLSPzxlwwYugsmNqEOJqSxKVAXxdImgXg%3D%3D&type=json HTTP/1.1" 200 3552
INFO:werkzeug:127.0.0.1 - - [16/Dec/2019 03:55:17] "POST /menus/travel HTTP/1.1" 200 -
INFO:werkzeug: * Detected change in 'C:\\Users\\Will\\PycharmProjects\\travel_service\\views\\menus.py', reloading
INFO:werkzeug: * Restarting with stat
INFO:root:Flask Web Server Started
WARNING:werkzeug: * Debugger is active!
INFO:werkzeug: * Debugger PIN: 312-095-692
INFO:werkzeug: * Running on http://0.0.0.0:8080/ (Press CTRL+C to quit)
DEBUG:urllib3.connectionpool:Starting new HTTP connection (1): api.visitkorea.or.kr:80
DEBUG:urllib3.connectionpool:http://api.visitkorea.or.kr:80 "GET /openapi/service/rest/KorService/searchKeyword?ServiceKey=mzv%2B5nKLrKuD%2BmQQsQNPL9WTK%2B%2Bv2TmZhLsfKQ94z9xgb1RpWBP17HLSPzxlwwYugsmNqEOJqSxKVAXxdImgXg%3D%3D&keyword=%EA%B5%AD%EB%A6%BD%EA%B3%B5%EC%9B%90&listYN=Y&arrange=A&MobileOS=ETC&MobileApp=AppTest&_type=json HTTP/1.1" 200 4889
DEBUG:urllib3.connectionpool:Starting new HTTP connection (1): apis.data.go.kr:80
DEBUG:urllib3.connectionpool:http://apis.data.go.kr:80 "GET /B553077/api/open/sdsc/baroApi?resId=dong&catId=cty&ctprvnCd=47&ServiceKey=mzv%2B5nKLrKuD%2BmQQsQNPL9WTK%2B%2Bv2TmZhLsfKQ94z9xgb1RpWBP17HLSPzxlwwYugsmNqEOJqSxKVAXxdImgXg%3D%3D&type=json HTTP/1.1" 200 561
DEBUG:urllib3.connectionpool:Starting new HTTP connection (1): apis.data.go.kr:80
DEBUG:urllib3.connectionpool:http://apis.data.go.kr:80 "GET /B553077/api/open/sdsc/storeListInDong?divId=signguCd&key=47113&ServiceKey=mzv%2B5nKLrKuD%2BmQQsQNPL9WTK%2B%2Bv2TmZhLsfKQ94z9xgb1RpWBP17HLSPzxlwwYugsmNqEOJqSxKVAXxdImgXg%3D%3D&type=json HTTP/1.1" 200 4090
DEBUG:urllib3.connectionpool:Starting new HTTP connection (1): apis.data.go.kr:80
DEBUG:urllib3.connectionpool:http://apis.data.go.kr:80 "GET /B553077/api/open/sdsc/baroApi?resId=dong&catId=cty&ctprvnCd=48&ServiceKey=mzv%2B5nKLrKuD%2BmQQsQNPL9WTK%2B%2Bv2TmZhLsfKQ94z9xgb1RpWBP17HLSPzxlwwYugsmNqEOJqSxKVAXxdImgXg%3D%3D&type=json HTTP/1.1" 200 565
DEBUG:urllib3.connectionpool:Starting new HTTP connection (1): apis.data.go.kr:80
DEBUG:urllib3.connectionpool:http://apis.data.go.kr:80 "GET /B553077/api/open/sdsc/storeListInDong?divId=signguCd&key=48890&ServiceKey=mzv%2B5nKLrKuD%2BmQQsQNPL9WTK%2B%2Bv2TmZhLsfKQ94z9xgb1RpWBP17HLSPzxlwwYugsmNqEOJqSxKVAXxdImgXg%3D%3D&type=json HTTP/1.1" 200 3866
DEBUG:urllib3.connectionpool:Starting new HTTP connection (1): apis.data.go.kr:80
DEBUG:urllib3.connectionpool:http://apis.data.go.kr:80 "GET /B553077/api/open/sdsc/baroApi?resId=dong&catId=cty&ctprvnCd=47&ServiceKey=mzv%2B5nKLrKuD%2BmQQsQNPL9WTK%2B%2Bv2TmZhLsfKQ94z9xgb1RpWBP17HLSPzxlwwYugsmNqEOJqSxKVAXxdImgXg%3D%3D&type=json HTTP/1.1" 200 561
DEBUG:urllib3.connectionpool:Starting new HTTP connection (1): apis.data.go.kr:80
DEBUG:urllib3.connectionpool:http://apis.data.go.kr:80 "GET /B553077/api/open/sdsc/storeListInDong?divId=signguCd&key=47113&ServiceKey=mzv%2B5nKLrKuD%2BmQQsQNPL9WTK%2B%2Bv2TmZhLsfKQ94z9xgb1RpWBP17HLSPzxlwwYugsmNqEOJqSxKVAXxdImgXg%3D%3D&type=json HTTP/1.1" 200 4090
DEBUG:urllib3.connectionpool:Starting new HTTP connection (1): apis.data.go.kr:80
DEBUG:urllib3.connectionpool:http://apis.data.go.kr:80 "GET /B553077/api/open/sdsc/baroApi?resId=dong&catId=cty&ctprvnCd=44&ServiceKey=mzv%2B5nKLrKuD%2BmQQsQNPL9WTK%2B%2Bv2TmZhLsfKQ94z9xgb1RpWBP17HLSPzxlwwYugsmNqEOJqSxKVAXxdImgXg%3D%3D&type=json HTTP/1.1" 200 497
DEBUG:urllib3.connectionpool:Starting new HTTP connection (1): apis.data.go.kr:80
DEBUG:urllib3.connectionpool:http://apis.data.go.kr:80 "GET /B553077/api/open/sdsc/storeListInDong?divId=signguCd&key=44800&ServiceKey=mzv%2B5nKLrKuD%2BmQQsQNPL9WTK%2B%2Bv2TmZhLsfKQ94z9xgb1RpWBP17HLSPzxlwwYugsmNqEOJqSxKVAXxdImgXg%3D%3D&type=json HTTP/1.1" 200 3840
DEBUG:urllib3.connectionpool:Starting new HTTP connection (1): apis.data.go.kr:80
DEBUG:urllib3.connectionpool:http://apis.data.go.kr:80 "GET /B553077/api/open/sdsc/baroApi?resId=dong&catId=cty&ctprvnCd=11&ServiceKey=mzv%2B5nKLrKuD%2BmQQsQNPL9WTK%2B%2Bv2TmZhLsfKQ94z9xgb1RpWBP17HLSPzxlwwYugsmNqEOJqSxKVAXxdImgXg%3D%3D&type=json HTTP/1.1" 200 571
DEBUG:urllib3.connectionpool:Starting new HTTP connection (1): apis.data.go.kr:80
DEBUG:urllib3.connectionpool:http://apis.data.go.kr:80 "GET /B553077/api/open/sdsc/storeListInDong?divId=signguCd&key=11260&ServiceKey=mzv%2B5nKLrKuD%2BmQQsQNPL9WTK%2B%2Bv2TmZhLsfKQ94z9xgb1RpWBP17HLSPzxlwwYugsmNqEOJqSxKVAXxdImgXg%3D%3D&type=json HTTP/1.1" 200 3950
DEBUG:urllib3.connectionpool:Starting new HTTP connection (1): apis.data.go.kr:80
DEBUG:urllib3.connectionpool:http://apis.data.go.kr:80 "GET /B553077/api/open/sdsc/baroApi?resId=dong&catId=cty&ctprvnCd=46&ServiceKey=mzv%2B5nKLrKuD%2BmQQsQNPL9WTK%2B%2Bv2TmZhLsfKQ94z9xgb1RpWBP17HLSPzxlwwYugsmNqEOJqSxKVAXxdImgXg%3D%3D&type=json HTTP/1.1" 200 544
DEBUG:urllib3.connectionpool:Starting new HTTP connection (1): apis.data.go.kr:80
DEBUG:urllib3.connectionpool:http://apis.data.go.kr:80 "GET /B553077/api/open/sdsc/storeListInDong?divId=signguCd&key=46790&ServiceKey=mzv%2B5nKLrKuD%2BmQQsQNPL9WTK%2B%2Bv2TmZhLsfKQ94z9xgb1RpWBP17HLSPzxlwwYugsmNqEOJqSxKVAXxdImgXg%3D%3D&type=json HTTP/1.1" 200 3552
DEBUG:urllib3.connectionpool:Starting new HTTP connection (1): apis.data.go.kr:80
DEBUG:urllib3.connectionpool:http://apis.data.go.kr:80 "GET /B553077/api/open/sdsc/baroApi?resId=dong&catId=cty&ctprvnCd=11&ServiceKey=mzv%2B5nKLrKuD%2BmQQsQNPL9WTK%2B%2Bv2TmZhLsfKQ94z9xgb1RpWBP17HLSPzxlwwYugsmNqEOJqSxKVAXxdImgXg%3D%3D&type=json HTTP/1.1" 200 571
DEBUG:urllib3.connectionpool:Starting new HTTP connection (1): apis.data.go.kr:80
DEBUG:urllib3.connectionpool:http://apis.data.go.kr:80 "GET /B553077/api/open/sdsc/storeListInDong?divId=signguCd&key=11260&ServiceKey=mzv%2B5nKLrKuD%2BmQQsQNPL9WTK%2B%2Bv2TmZhLsfKQ94z9xgb1RpWBP17HLSPzxlwwYugsmNqEOJqSxKVAXxdImgXg%3D%3D&type=json HTTP/1.1" 200 3950
DEBUG:urllib3.connectionpool:Starting new HTTP connection (1): apis.data.go.kr:80
DEBUG:urllib3.connectionpool:http://apis.data.go.kr:80 "GET /B553077/api/open/sdsc/baroApi?resId=dong&catId=cty&ctprvnCd=45&ServiceKey=mzv%2B5nKLrKuD%2BmQQsQNPL9WTK%2B%2Bv2TmZhLsfKQ94z9xgb1RpWBP17HLSPzxlwwYugsmNqEOJqSxKVAXxdImgXg%3D%3D&type=json HTTP/1.1" 200 483
DEBUG:urllib3.connectionpool:Starting new HTTP connection (1): apis.data.go.kr:80
DEBUG:urllib3.connectionpool:http://apis.data.go.kr:80 "GET /B553077/api/open/sdsc/storeListInDong?divId=signguCd&key=45720&ServiceKey=mzv%2B5nKLrKuD%2BmQQsQNPL9WTK%2B%2Bv2TmZhLsfKQ94z9xgb1RpWBP17HLSPzxlwwYugsmNqEOJqSxKVAXxdImgXg%3D%3D&type=json HTTP/1.1" 200 3787
DEBUG:urllib3.connectionpool:Starting new HTTP connection (1): apis.data.go.kr:80
DEBUG:urllib3.connectionpool:http://apis.data.go.kr:80 "GET /B553077/api/open/sdsc/baroApi?resId=dong&catId=cty&ctprvnCd=46&ServiceKey=mzv%2B5nKLrKuD%2BmQQsQNPL9WTK%2B%2Bv2TmZhLsfKQ94z9xgb1RpWBP17HLSPzxlwwYugsmNqEOJqSxKVAXxdImgXg%3D%3D&type=json HTTP/1.1" 200 544
DEBUG:urllib3.connectionpool:Starting new HTTP connection (1): apis.data.go.kr:80
DEBUG:urllib3.connectionpool:http://apis.data.go.kr:80 "GET /B553077/api/open/sdsc/storeListInDong?divId=signguCd&key=46790&ServiceKey=mzv%2B5nKLrKuD%2BmQQsQNPL9WTK%2B%2Bv2TmZhLsfKQ94z9xgb1RpWBP17HLSPzxlwwYugsmNqEOJqSxKVAXxdImgXg%3D%3D&type=json HTTP/1.1" 200 3552
DEBUG:urllib3.connectionpool:Starting new HTTP connection (1): apis.data.go.kr:80
DEBUG:urllib3.connectionpool:http://apis.data.go.kr:80 "GET /B553077/api/open/sdsc/baroApi?resId=dong&catId=cty&ctprvnCd=46&ServiceKey=mzv%2B5nKLrKuD%2BmQQsQNPL9WTK%2B%2Bv2TmZhLsfKQ94z9xgb1RpWBP17HLSPzxlwwYugsmNqEOJqSxKVAXxdImgXg%3D%3D&type=json HTTP/1.1" 200 544
DEBUG:urllib3.connectionpool:Starting new HTTP connection (1): apis.data.go.kr:80
DEBUG:urllib3.connectionpool:http://apis.data.go.kr:80 "GET /B553077/api/open/sdsc/storeListInDong?divId=signguCd&key=46790&ServiceKey=mzv%2B5nKLrKuD%2BmQQsQNPL9WTK%2B%2Bv2TmZhLsfKQ94z9xgb1RpWBP17HLSPzxlwwYugsmNqEOJqSxKVAXxdImgXg%3D%3D&type=json HTTP/1.1" 200 3552
INFO:werkzeug:127.0.0.1 - - [16/Dec/2019 03:58:35] "POST /menus/travel HTTP/1.1" 200 -
INFO:werkzeug: * Detected change in 'C:\\Users\\Will\\PycharmProjects\\travel_service\\views\\menus.py', reloading
INFO:werkzeug: * Restarting with stat
INFO:root:Flask Web Server Started
WARNING:werkzeug: * Debugger is active!
INFO:werkzeug: * Debugger PIN: 312-095-692
INFO:werkzeug: * Running on http://0.0.0.0:8080/ (Press CTRL+C to quit)
INFO:werkzeug: * Detected change in 'C:\\Users\\Will\\PycharmProjects\\travel_service\\views\\menus.py', reloading
INFO:werkzeug: * Restarting with stat
INFO:root:Flask Web Server Started
WARNING:werkzeug: * Debugger is active!
INFO:werkzeug: * Debugger PIN: 312-095-692
INFO:werkzeug: * Running on http://0.0.0.0:8080/ (Press CTRL+C to quit)
DEBUG:urllib3.connectionpool:Starting new HTTP connection (1): api.visitkorea.or.kr:80
DEBUG:urllib3.connectionpool:http://api.visitkorea.or.kr:80 "GET /openapi/service/rest/KorService/searchKeyword?ServiceKey=mzv%2B5nKLrKuD%2BmQQsQNPL9WTK%2B%2Bv2TmZhLsfKQ94z9xgb1RpWBP17HLSPzxlwwYugsmNqEOJqSxKVAXxdImgXg%3D%3D&keyword=%EA%B5%AD%EB%A6%BD%EA%B3%B5%EC%9B%90&listYN=Y&arrange=A&MobileOS=ETC&MobileApp=AppTest&_type=json HTTP/1.1" 200 4889
DEBUG:urllib3.connectionpool:Starting new HTTP connection (1): apis.data.go.kr:80
DEBUG:urllib3.connectionpool:http://apis.data.go.kr:80 "GET /B553077/api/open/sdsc/baroApi?resId=dong&catId=cty&ctprvnCd=47&ServiceKey=mzv%2B5nKLrKuD%2BmQQsQNPL9WTK%2B%2Bv2TmZhLsfKQ94z9xgb1RpWBP17HLSPzxlwwYugsmNqEOJqSxKVAXxdImgXg%3D%3D&type=json HTTP/1.1" 200 561
DEBUG:urllib3.connectionpool:Starting new HTTP connection (1): apis.data.go.kr:80
DEBUG:urllib3.connectionpool:http://apis.data.go.kr:80 "GET /B553077/api/open/sdsc/storeListInDong?divId=signguCd&key=47113&ServiceKey=mzv%2B5nKLrKuD%2BmQQsQNPL9WTK%2B%2Bv2TmZhLsfKQ94z9xgb1RpWBP17HLSPzxlwwYugsmNqEOJqSxKVAXxdImgXg%3D%3D&type=json HTTP/1.1" 200 4090
DEBUG:urllib3.connectionpool:Starting new HTTP connection (1): apis.data.go.kr:80
DEBUG:urllib3.connectionpool:http://apis.data.go.kr:80 "GET /B553077/api/open/sdsc/baroApi?resId=dong&catId=cty&ctprvnCd=48&ServiceKey=mzv%2B5nKLrKuD%2BmQQsQNPL9WTK%2B%2Bv2TmZhLsfKQ94z9xgb1RpWBP17HLSPzxlwwYugsmNqEOJqSxKVAXxdImgXg%3D%3D&type=json HTTP/1.1" 200 565
DEBUG:urllib3.connectionpool:Starting new HTTP connection (1): apis.data.go.kr:80
DEBUG:urllib3.connectionpool:http://apis.data.go.kr:80 "GET /B553077/api/open/sdsc/storeListInDong?divId=signguCd&key=48890&ServiceKey=mzv%2B5nKLrKuD%2BmQQsQNPL9WTK%2B%2Bv2TmZhLsfKQ94z9xgb1RpWBP17HLSPzxlwwYugsmNqEOJqSxKVAXxdImgXg%3D%3D&type=json HTTP/1.1" 200 3866
DEBUG:urllib3.connectionpool:Starting new HTTP connection (1): apis.data.go.kr:80
DEBUG:urllib3.connectionpool:http://apis.data.go.kr:80 "GET /B553077/api/open/sdsc/baroApi?resId=dong&catId=cty&ctprvnCd=47&ServiceKey=mzv%2B5nKLrKuD%2BmQQsQNPL9WTK%2B%2Bv2TmZhLsfKQ94z9xgb1RpWBP17HLSPzxlwwYugsmNqEOJqSxKVAXxdImgXg%3D%3D&type=json HTTP/1.1" 200 561
DEBUG:urllib3.connectionpool:Starting new HTTP connection (1): apis.data.go.kr:80
DEBUG:urllib3.connectionpool:http://apis.data.go.kr:80 "GET /B553077/api/open/sdsc/storeListInDong?divId=signguCd&key=47113&ServiceKey=mzv%2B5nKLrKuD%2BmQQsQNPL9WTK%2B%2Bv2TmZhLsfKQ94z9xgb1RpWBP17HLSPzxlwwYugsmNqEOJqSxKVAXxdImgXg%3D%3D&type=json HTTP/1.1" 200 4090
DEBUG:urllib3.connectionpool:Starting new HTTP connection (1): apis.data.go.kr:80
DEBUG:urllib3.connectionpool:http://apis.data.go.kr:80 "GET /B553077/api/open/sdsc/baroApi?resId=dong&catId=cty&ctprvnCd=44&ServiceKey=mzv%2B5nKLrKuD%2BmQQsQNPL9WTK%2B%2Bv2TmZhLsfKQ94z9xgb1RpWBP17HLSPzxlwwYugsmNqEOJqSxKVAXxdImgXg%3D%3D&type=json HTTP/1.1" 200 497
DEBUG:urllib3.connectionpool:Starting new HTTP connection (1): apis.data.go.kr:80
DEBUG:urllib3.connectionpool:http://apis.data.go.kr:80 "GET /B553077/api/open/sdsc/storeListInDong?divId=signguCd&key=44800&ServiceKey=mzv%2B5nKLrKuD%2BmQQsQNPL9WTK%2B%2Bv2TmZhLsfKQ94z9xgb1RpWBP17HLSPzxlwwYugsmNqEOJqSxKVAXxdImgXg%3D%3D&type=json HTTP/1.1" 200 3840
DEBUG:urllib3.connectionpool:Starting new HTTP connection (1): apis.data.go.kr:80
DEBUG:urllib3.connectionpool:http://apis.data.go.kr:80 "GET /B553077/api/open/sdsc/baroApi?resId=dong&catId=cty&ctprvnCd=11&ServiceKey=mzv%2B5nKLrKuD%2BmQQsQNPL9WTK%2B%2Bv2TmZhLsfKQ94z9xgb1RpWBP17HLSPzxlwwYugsmNqEOJqSxKVAXxdImgXg%3D%3D&type=json HTTP/1.1" 200 571
DEBUG:urllib3.connectionpool:Starting new HTTP connection (1): apis.data.go.kr:80
DEBUG:urllib3.connectionpool:http://apis.data.go.kr:80 "GET /B553077/api/open/sdsc/storeListInDong?divId=signguCd&key=11260&ServiceKey=mzv%2B5nKLrKuD%2BmQQsQNPL9WTK%2B%2Bv2TmZhLsfKQ94z9xgb1RpWBP17HLSPzxlwwYugsmNqEOJqSxKVAXxdImgXg%3D%3D&type=json HTTP/1.1" 200 3950
DEBUG:urllib3.connectionpool:Starting new HTTP connection (1): apis.data.go.kr:80
DEBUG:urllib3.connectionpool:http://apis.data.go.kr:80 "GET /B553077/api/open/sdsc/baroApi?resId=dong&catId=cty&ctprvnCd=46&ServiceKey=mzv%2B5nKLrKuD%2BmQQsQNPL9WTK%2B%2Bv2TmZhLsfKQ94z9xgb1RpWBP17HLSPzxlwwYugsmNqEOJqSxKVAXxdImgXg%3D%3D&type=json HTTP/1.1" 200 544
DEBUG:urllib3.connectionpool:Starting new HTTP connection (1): apis.data.go.kr:80
DEBUG:urllib3.connectionpool:http://apis.data.go.kr:80 "GET /B553077/api/open/sdsc/storeListInDong?divId=signguCd&key=46790&ServiceKey=mzv%2B5nKLrKuD%2BmQQsQNPL9WTK%2B%2Bv2TmZhLsfKQ94z9xgb1RpWBP17HLSPzxlwwYugsmNqEOJqSxKVAXxdImgXg%3D%3D&type=json HTTP/1.1" 200 3552
DEBUG:urllib3.connectionpool:Starting new HTTP connection (1): apis.data.go.kr:80
DEBUG:urllib3.connectionpool:http://apis.data.go.kr:80 "GET /B553077/api/open/sdsc/baroApi?resId=dong&catId=cty&ctprvnCd=11&ServiceKey=mzv%2B5nKLrKuD%2BmQQsQNPL9WTK%2B%2Bv2TmZhLsfKQ94z9xgb1RpWBP17HLSPzxlwwYugsmNqEOJqSxKVAXxdImgXg%3D%3D&type=json HTTP/1.1" 200 571
DEBUG:urllib3.connectionpool:Starting new HTTP connection (1): apis.data.go.kr:80
DEBUG:urllib3.connectionpool:http://apis.data.go.kr:80 "GET /B553077/api/open/sdsc/storeListInDong?divId=signguCd&key=11260&ServiceKey=mzv%2B5nKLrKuD%2BmQQsQNPL9WTK%2B%2Bv2TmZhLsfKQ94z9xgb1RpWBP17HLSPzxlwwYugsmNqEOJqSxKVAXxdImgXg%3D%3D&type=json HTTP/1.1" 200 3950
DEBUG:urllib3.connectionpool:Starting new HTTP connection (1): apis.data.go.kr:80
DEBUG:urllib3.connectionpool:http://apis.data.go.kr:80 "GET /B553077/api/open/sdsc/baroApi?resId=dong&catId=cty&ctprvnCd=45&ServiceKey=mzv%2B5nKLrKuD%2BmQQsQNPL9WTK%2B%2Bv2TmZhLsfKQ94z9xgb1RpWBP17HLSPzxlwwYugsmNqEOJqSxKVAXxdImgXg%3D%3D&type=json HTTP/1.1" 200 483
DEBUG:urllib3.connectionpool:Starting new HTTP connection (1): apis.data.go.kr:80
DEBUG:urllib3.connectionpool:http://apis.data.go.kr:80 "GET /B553077/api/open/sdsc/storeListInDong?divId=signguCd&key=45720&ServiceKey=mzv%2B5nKLrKuD%2BmQQsQNPL9WTK%2B%2Bv2TmZhLsfKQ94z9xgb1RpWBP17HLSPzxlwwYugsmNqEOJqSxKVAXxdImgXg%3D%3D&type=json HTTP/1.1" 200 3787
DEBUG:urllib3.connectionpool:Starting new HTTP connection (1): apis.data.go.kr:80
DEBUG:urllib3.connectionpool:http://apis.data.go.kr:80 "GET /B553077/api/open/sdsc/baroApi?resId=dong&catId=cty&ctprvnCd=46&ServiceKey=mzv%2B5nKLrKuD%2BmQQsQNPL9WTK%2B%2Bv2TmZhLsfKQ94z9xgb1RpWBP17HLSPzxlwwYugsmNqEOJqSxKVAXxdImgXg%3D%3D&type=json HTTP/1.1" 200 544
DEBUG:urllib3.connectionpool:Starting new HTTP connection (1): apis.data.go.kr:80
DEBUG:urllib3.connectionpool:http://apis.data.go.kr:80 "GET /B553077/api/open/sdsc/storeListInDong?divId=signguCd&key=46790&ServiceKey=mzv%2B5nKLrKuD%2BmQQsQNPL9WTK%2B%2Bv2TmZhLsfKQ94z9xgb1RpWBP17HLSPzxlwwYugsmNqEOJqSxKVAXxdImgXg%3D%3D&type=json HTTP/1.1" 200 3552
DEBUG:urllib3.connectionpool:Starting new HTTP connection (1): apis.data.go.kr:80
DEBUG:urllib3.connectionpool:http://apis.data.go.kr:80 "GET /B553077/api/open/sdsc/baroApi?resId=dong&catId=cty&ctprvnCd=46&ServiceKey=mzv%2B5nKLrKuD%2BmQQsQNPL9WTK%2B%2Bv2TmZhLsfKQ94z9xgb1RpWBP17HLSPzxlwwYugsmNqEOJqSxKVAXxdImgXg%3D%3D&type=json HTTP/1.1" 200 544
DEBUG:urllib3.connectionpool:Starting new HTTP connection (1): apis.data.go.kr:80
DEBUG:urllib3.connectionpool:http://apis.data.go.kr:80 "GET /B553077/api/open/sdsc/storeListInDong?divId=signguCd&key=46790&ServiceKey=mzv%2B5nKLrKuD%2BmQQsQNPL9WTK%2B%2Bv2TmZhLsfKQ94z9xgb1RpWBP17HLSPzxlwwYugsmNqEOJqSxKVAXxdImgXg%3D%3D&type=json HTTP/1.1" 200 3552
INFO:werkzeug:127.0.0.1 - - [16/Dec/2019 04:00:20] "POST /menus/travel HTTP/1.1" 200 -
INFO:werkzeug: * Detected change in 'C:\\Users\\Will\\PycharmProjects\\travel_service\\views\\menus.py', reloading
INFO:werkzeug: * Restarting with stat
INFO:root:Flask Web Server Started
WARNING:werkzeug: * Debugger is active!
INFO:werkzeug: * Debugger PIN: 312-095-692
INFO:werkzeug: * Running on http://0.0.0.0:8080/ (Press CTRL+C to quit)
DEBUG:urllib3.connectionpool:Starting new HTTP connection (1): api.visitkorea.or.kr:80
DEBUG:urllib3.connectionpool:http://api.visitkorea.or.kr:80 "GET /openapi/service/rest/KorService/searchKeyword?ServiceKey=mzv%2B5nKLrKuD%2BmQQsQNPL9WTK%2B%2Bv2TmZhLsfKQ94z9xgb1RpWBP17HLSPzxlwwYugsmNqEOJqSxKVAXxdImgXg%3D%3D&keyword=%EA%B5%AD%EB%A6%BD%EA%B3%B5%EC%9B%90&listYN=Y&arrange=A&MobileOS=ETC&MobileApp=AppTest&_type=json HTTP/1.1" 200 4889
DEBUG:urllib3.connectionpool:Starting new HTTP connection (1): apis.data.go.kr:80
DEBUG:urllib3.connectionpool:http://apis.data.go.kr:80 "GET /B553077/api/open/sdsc/baroApi?resId=dong&catId=cty&ctprvnCd=47&ServiceKey=mzv%2B5nKLrKuD%2BmQQsQNPL9WTK%2B%2Bv2TmZhLsfKQ94z9xgb1RpWBP17HLSPzxlwwYugsmNqEOJqSxKVAXxdImgXg%3D%3D&type=json HTTP/1.1" 200 561
DEBUG:urllib3.connectionpool:Starting new HTTP connection (1): apis.data.go.kr:80
DEBUG:urllib3.connectionpool:http://apis.data.go.kr:80 "GET /B553077/api/open/sdsc/storeListInDong?divId=signguCd&key=47113&ServiceKey=mzv%2B5nKLrKuD%2BmQQsQNPL9WTK%2B%2Bv2TmZhLsfKQ94z9xgb1RpWBP17HLSPzxlwwYugsmNqEOJqSxKVAXxdImgXg%3D%3D&type=json HTTP/1.1" 200 4090
DEBUG:urllib3.connectionpool:Starting new HTTP connection (1): apis.data.go.kr:80
DEBUG:urllib3.connectionpool:http://apis.data.go.kr:80 "GET /B553077/api/open/sdsc/baroApi?resId=dong&catId=cty&ctprvnCd=48&ServiceKey=mzv%2B5nKLrKuD%2BmQQsQNPL9WTK%2B%2Bv2TmZhLsfKQ94z9xgb1RpWBP17HLSPzxlwwYugsmNqEOJqSxKVAXxdImgXg%3D%3D&type=json HTTP/1.1" 200 565
DEBUG:urllib3.connectionpool:Starting new HTTP connection (1): apis.data.go.kr:80
DEBUG:urllib3.connectionpool:http://apis.data.go.kr:80 "GET /B553077/api/open/sdsc/storeListInDong?divId=signguCd&key=48890&ServiceKey=mzv%2B5nKLrKuD%2BmQQsQNPL9WTK%2B%2Bv2TmZhLsfKQ94z9xgb1RpWBP17HLSPzxlwwYugsmNqEOJqSxKVAXxdImgXg%3D%3D&type=json HTTP/1.1" 200 3866
INFO:werkzeug:127.0.0.1 - - [16/Dec/2019 04:00:34] "POST /menus/travel HTTP/1.1" 500 -
INFO:werkzeug:127.0.0.1 - - [16/Dec/2019 04:00:34] "GET /menus/travel?__debugger__=yes&cmd=resource&f=style.css HTTP/1.1" 200 -
INFO:werkzeug:127.0.0.1 - - [16/Dec/2019 04:00:34] "GET /menus/travel?__debugger__=yes&cmd=resource&f=jquery.js HTTP/1.1" 200 -
INFO:werkzeug:127.0.0.1 - - [16/Dec/2019 04:00:35] "GET /menus/travel?__debugger__=yes&cmd=resource&f=debugger.js HTTP/1.1" 200 -
INFO:werkzeug:127.0.0.1 - - [16/Dec/2019 04:00:35] "GET /menus/travel?__debugger__=yes&cmd=resource&f=ubuntu.ttf HTTP/1.1" 200 -
INFO:werkzeug:127.0.0.1 - - [16/Dec/2019 04:00:35] "GET /menus/travel?__debugger__=yes&cmd=resource&f=console.png HTTP/1.1" 200 -
INFO:werkzeug:127.0.0.1 - - [16/Dec/2019 04:00:35] "GET /menus/travel?__debugger__=yes&cmd=resource&f=console.png HTTP/1.1" 200 -
INFO:werkzeug: * Detected change in 'C:\\Users\\Will\\PycharmProjects\\travel_service\\views\\menus.py', reloading
INFO:werkzeug: * Restarting with stat
INFO:root:Flask Web Server Started
WARNING:werkzeug: * Debugger is active!
INFO:werkzeug: * Debugger PIN: 312-095-692
INFO:werkzeug: * Running on http://0.0.0.0:8080/ (Press CTRL+C to quit)
DEBUG:urllib3.connectionpool:Starting new HTTP connection (1): api.visitkorea.or.kr:80
DEBUG:urllib3.connectionpool:http://api.visitkorea.or.kr:80 "GET /openapi/service/rest/KorService/searchKeyword?ServiceKey=mzv%2B5nKLrKuD%2BmQQsQNPL9WTK%2B%2Bv2TmZhLsfKQ94z9xgb1RpWBP17HLSPzxlwwYugsmNqEOJqSxKVAXxdImgXg%3D%3D&keyword=%EA%B5%AD%EB%A6%BD%EA%B3%B5%EC%9B%90&listYN=Y&arrange=A&MobileOS=ETC&MobileApp=AppTest&_type=json HTTP/1.1" 200 4889
DEBUG:urllib3.connectionpool:Starting new HTTP connection (1): apis.data.go.kr:80
DEBUG:urllib3.connectionpool:http://apis.data.go.kr:80 "GET /B553077/api/open/sdsc/baroApi?resId=dong&catId=cty&ctprvnCd=47&ServiceKey=mzv%2B5nKLrKuD%2BmQQsQNPL9WTK%2B%2Bv2TmZhLsfKQ94z9xgb1RpWBP17HLSPzxlwwYugsmNqEOJqSxKVAXxdImgXg%3D%3D&type=json HTTP/1.1" 200 561
DEBUG:urllib3.connectionpool:Starting new HTTP connection (1): apis.data.go.kr:80
DEBUG:urllib3.connectionpool:http://apis.data.go.kr:80 "GET /B553077/api/open/sdsc/storeListInDong?divId=signguCd&key=47113&ServiceKey=mzv%2B5nKLrKuD%2BmQQsQNPL9WTK%2B%2Bv2TmZhLsfKQ94z9xgb1RpWBP17HLSPzxlwwYugsmNqEOJqSxKVAXxdImgXg%3D%3D&type=json HTTP/1.1" 200 4090
DEBUG:urllib3.connectionpool:Starting new HTTP connection (1): apis.data.go.kr:80
DEBUG:urllib3.connectionpool:http://apis.data.go.kr:80 "GET /B553077/api/open/sdsc/baroApi?resId=dong&catId=cty&ctprvnCd=48&ServiceKey=mzv%2B5nKLrKuD%2BmQQsQNPL9WTK%2B%2Bv2TmZhLsfKQ94z9xgb1RpWBP17HLSPzxlwwYugsmNqEOJqSxKVAXxdImgXg%3D%3D&type=json HTTP/1.1" 200 565
DEBUG:urllib3.connectionpool:Starting new HTTP connection (1): apis.data.go.kr:80
DEBUG:urllib3.connectionpool:http://apis.data.go.kr:80 "GET /B553077/api/open/sdsc/storeListInDong?divId=signguCd&key=48890&ServiceKey=mzv%2B5nKLrKuD%2BmQQsQNPL9WTK%2B%2Bv2TmZhLsfKQ94z9xgb1RpWBP17HLSPzxlwwYugsmNqEOJqSxKVAXxdImgXg%3D%3D&type=json HTTP/1.1" 200 3866
DEBUG:urllib3.connectionpool:Starting new HTTP connection (1): apis.data.go.kr:80
DEBUG:urllib3.connectionpool:http://apis.data.go.kr:80 "GET /B553077/api/open/sdsc/baroApi?resId=dong&catId=cty&ctprvnCd=47&ServiceKey=mzv%2B5nKLrKuD%2BmQQsQNPL9WTK%2B%2Bv2TmZhLsfKQ94z9xgb1RpWBP17HLSPzxlwwYugsmNqEOJqSxKVAXxdImgXg%3D%3D&type=json HTTP/1.1" 200 561
DEBUG:urllib3.connectionpool:Starting new HTTP connection (1): apis.data.go.kr:80
DEBUG:urllib3.connectionpool:http://apis.data.go.kr:80 "GET /B553077/api/open/sdsc/storeListInDong?divId=signguCd&key=47113&ServiceKey=mzv%2B5nKLrKuD%2BmQQsQNPL9WTK%2B%2Bv2TmZhLsfKQ94z9xgb1RpWBP17HLSPzxlwwYugsmNqEOJqSxKVAXxdImgXg%3D%3D&type=json HTTP/1.1" 200 4090
DEBUG:urllib3.connectionpool:Starting new HTTP connection (1): apis.data.go.kr:80
DEBUG:urllib3.connectionpool:http://apis.data.go.kr:80 "GET /B553077/api/open/sdsc/baroApi?resId=dong&catId=cty&ctprvnCd=44&ServiceKey=mzv%2B5nKLrKuD%2BmQQsQNPL9WTK%2B%2Bv2TmZhLsfKQ94z9xgb1RpWBP17HLSPzxlwwYugsmNqEOJqSxKVAXxdImgXg%3D%3D&type=json HTTP/1.1" 200 497
DEBUG:urllib3.connectionpool:Starting new HTTP connection (1): apis.data.go.kr:80
DEBUG:urllib3.connectionpool:http://apis.data.go.kr:80 "GET /B553077/api/open/sdsc/storeListInDong?divId=signguCd&key=44800&ServiceKey=mzv%2B5nKLrKuD%2BmQQsQNPL9WTK%2B%2Bv2TmZhLsfKQ94z9xgb1RpWBP17HLSPzxlwwYugsmNqEOJqSxKVAXxdImgXg%3D%3D&type=json HTTP/1.1" 200 3840
DEBUG:urllib3.connectionpool:Starting new HTTP connection (1): apis.data.go.kr:80
DEBUG:urllib3.connectionpool:http://apis.data.go.kr:80 "GET /B553077/api/open/sdsc/baroApi?resId=dong&catId=cty&ctprvnCd=11&ServiceKey=mzv%2B5nKLrKuD%2BmQQsQNPL9WTK%2B%2Bv2TmZhLsfKQ94z9xgb1RpWBP17HLSPzxlwwYugsmNqEOJqSxKVAXxdImgXg%3D%3D&type=json HTTP/1.1" 200 571
DEBUG:urllib3.connectionpool:Starting new HTTP connection (1): apis.data.go.kr:80
DEBUG:urllib3.connectionpool:http://apis.data.go.kr:80 "GET /B553077/api/open/sdsc/storeListInDong?divId=signguCd&key=11260&ServiceKey=mzv%2B5nKLrKuD%2BmQQsQNPL9WTK%2B%2Bv2TmZhLsfKQ94z9xgb1RpWBP17HLSPzxlwwYugsmNqEOJqSxKVAXxdImgXg%3D%3D&type=json HTTP/1.1" 200 3950
DEBUG:urllib3.connectionpool:Starting new HTTP connection (1): apis.data.go.kr:80
DEBUG:urllib3.connectionpool:http://apis.data.go.kr:80 "GET /B553077/api/open/sdsc/baroApi?resId=dong&catId=cty&ctprvnCd=46&ServiceKey=mzv%2B5nKLrKuD%2BmQQsQNPL9WTK%2B%2Bv2TmZhLsfKQ94z9xgb1RpWBP17HLSPzxlwwYugsmNqEOJqSxKVAXxdImgXg%3D%3D&type=json HTTP/1.1" 200 544
DEBUG:urllib3.connectionpool:Starting new HTTP connection (1): apis.data.go.kr:80
DEBUG:urllib3.connectionpool:http://apis.data.go.kr:80 "GET /B553077/api/open/sdsc/storeListInDong?divId=signguCd&key=46790&ServiceKey=mzv%2B5nKLrKuD%2BmQQsQNPL9WTK%2B%2Bv2TmZhLsfKQ94z9xgb1RpWBP17HLSPzxlwwYugsmNqEOJqSxKVAXxdImgXg%3D%3D&type=json HTTP/1.1" 200 3552
DEBUG:urllib3.connectionpool:Starting new HTTP connection (1): apis.data.go.kr:80
DEBUG:urllib3.connectionpool:http://apis.data.go.kr:80 "GET /B553077/api/open/sdsc/baroApi?resId=dong&catId=cty&ctprvnCd=11&ServiceKey=mzv%2B5nKLrKuD%2BmQQsQNPL9WTK%2B%2Bv2TmZhLsfKQ94z9xgb1RpWBP17HLSPzxlwwYugsmNqEOJqSxKVAXxdImgXg%3D%3D&type=json HTTP/1.1" 200 571
DEBUG:urllib3.connectionpool:Starting new HTTP connection (1): apis.data.go.kr:80
DEBUG:urllib3.connectionpool:http://apis.data.go.kr:80 "GET /B553077/api/open/sdsc/storeListInDong?divId=signguCd&key=11260&ServiceKey=mzv%2B5nKLrKuD%2BmQQsQNPL9WTK%2B%2Bv2TmZhLsfKQ94z9xgb1RpWBP17HLSPzxlwwYugsmNqEOJqSxKVAXxdImgXg%3D%3D&type=json HTTP/1.1" 200 3950
DEBUG:urllib3.connectionpool:Starting new HTTP connection (1): apis.data.go.kr:80
DEBUG:urllib3.connectionpool:http://apis.data.go.kr:80 "GET /B553077/api/open/sdsc/baroApi?resId=dong&catId=cty&ctprvnCd=45&ServiceKey=mzv%2B5nKLrKuD%2BmQQsQNPL9WTK%2B%2Bv2TmZhLsfKQ94z9xgb1RpWBP17HLSPzxlwwYugsmNqEOJqSxKVAXxdImgXg%3D%3D&type=json HTTP/1.1" 200 483
DEBUG:urllib3.connectionpool:Starting new HTTP connection (1): apis.data.go.kr:80
DEBUG:urllib3.connectionpool:http://apis.data.go.kr:80 "GET /B553077/api/open/sdsc/storeListInDong?divId=signguCd&key=45720&ServiceKey=mzv%2B5nKLrKuD%2BmQQsQNPL9WTK%2B%2Bv2TmZhLsfKQ94z9xgb1RpWBP17HLSPzxlwwYugsmNqEOJqSxKVAXxdImgXg%3D%3D&type=json HTTP/1.1" 200 3787
DEBUG:urllib3.connectionpool:Starting new HTTP connection (1): apis.data.go.kr:80
DEBUG:urllib3.connectionpool:http://apis.data.go.kr:80 "GET /B553077/api/open/sdsc/baroApi?resId=dong&catId=cty&ctprvnCd=46&ServiceKey=mzv%2B5nKLrKuD%2BmQQsQNPL9WTK%2B%2Bv2TmZhLsfKQ94z9xgb1RpWBP17HLSPzxlwwYugsmNqEOJqSxKVAXxdImgXg%3D%3D&type=json HTTP/1.1" 200 544
DEBUG:urllib3.connectionpool:Starting new HTTP connection (1): apis.data.go.kr:80
DEBUG:urllib3.connectionpool:http://apis.data.go.kr:80 "GET /B553077/api/open/sdsc/storeListInDong?divId=signguCd&key=46790&ServiceKey=mzv%2B5nKLrKuD%2BmQQsQNPL9WTK%2B%2Bv2TmZhLsfKQ94z9xgb1RpWBP17HLSPzxlwwYugsmNqEOJqSxKVAXxdImgXg%3D%3D&type=json HTTP/1.1" 200 3552
DEBUG:urllib3.connectionpool:Starting new HTTP connection (1): apis.data.go.kr:80
DEBUG:urllib3.connectionpool:http://apis.data.go.kr:80 "GET /B553077/api/open/sdsc/baroApi?resId=dong&catId=cty&ctprvnCd=46&ServiceKey=mzv%2B5nKLrKuD%2BmQQsQNPL9WTK%2B%2Bv2TmZhLsfKQ94z9xgb1RpWBP17HLSPzxlwwYugsmNqEOJqSxKVAXxdImgXg%3D%3D&type=json HTTP/1.1" 200 544
DEBUG:urllib3.connectionpool:Starting new HTTP connection (1): apis.data.go.kr:80
DEBUG:urllib3.connectionpool:http://apis.data.go.kr:80 "GET /B553077/api/open/sdsc/storeListInDong?divId=signguCd&key=46790&ServiceKey=mzv%2B5nKLrKuD%2BmQQsQNPL9WTK%2B%2Bv2TmZhLsfKQ94z9xgb1RpWBP17HLSPzxlwwYugsmNqEOJqSxKVAXxdImgXg%3D%3D&type=json HTTP/1.1" 200 3552
INFO:werkzeug:127.0.0.1 - - [16/Dec/2019 04:01:08] "POST /menus/travel HTTP/1.1" 500 -
INFO:werkzeug:127.0.0.1 - - [16/Dec/2019 04:01:08] "GET /menus/travel?__debugger__=yes&cmd=resource&f=style.css HTTP/1.1" 200 -
INFO:werkzeug:127.0.0.1 - - [16/Dec/2019 04:01:08] "GET /menus/travel?__debugger__=yes&cmd=resource&f=jquery.js HTTP/1.1" 200 -
INFO:werkzeug:127.0.0.1 - - [16/Dec/2019 04:01:08] "GET /menus/travel?__debugger__=yes&cmd=resource&f=debugger.js HTTP/1.1" 200 -
INFO:werkzeug:127.0.0.1 - - [16/Dec/2019 04:01:08] "GET /menus/travel?__debugger__=yes&cmd=resource&f=ubuntu.ttf HTTP/1.1" 200 -
INFO:werkzeug:127.0.0.1 - - [16/Dec/2019 04:01:08] "GET /menus/travel?__debugger__=yes&cmd=resource&f=console.png HTTP/1.1" 200 -
INFO:werkzeug:127.0.0.1 - - [16/Dec/2019 04:01:09] "GET /menus/travel?__debugger__=yes&cmd=resource&f=console.png HTTP/1.1" 200 -
INFO:werkzeug: * Detected change in 'C:\\Users\\Will\\PycharmProjects\\travel_service\\views\\menus.py', reloading
INFO:werkzeug: * Restarting with stat
INFO:root:Flask Web Server Started
WARNING:werkzeug: * Debugger is active!
INFO:werkzeug: * Debugger PIN: 312-095-692
INFO:werkzeug: * Running on http://0.0.0.0:8080/ (Press CTRL+C to quit)
DEBUG:urllib3.connectionpool:Starting new HTTP connection (1): api.visitkorea.or.kr:80
DEBUG:urllib3.connectionpool:http://api.visitkorea.or.kr:80 "GET /openapi/service/rest/KorService/searchKeyword?ServiceKey=mzv%2B5nKLrKuD%2BmQQsQNPL9WTK%2B%2Bv2TmZhLsfKQ94z9xgb1RpWBP17HLSPzxlwwYugsmNqEOJqSxKVAXxdImgXg%3D%3D&keyword=%EA%B5%AD%EB%A6%BD%EA%B3%B5%EC%9B%90&listYN=Y&arrange=A&MobileOS=ETC&MobileApp=AppTest&_type=json HTTP/1.1" 200 4889
DEBUG:urllib3.connectionpool:Starting new HTTP connection (1): apis.data.go.kr:80
DEBUG:urllib3.connectionpool:http://apis.data.go.kr:80 "GET /B553077/api/open/sdsc/baroApi?resId=dong&catId=cty&ctprvnCd=47&ServiceKey=mzv%2B5nKLrKuD%2BmQQsQNPL9WTK%2B%2Bv2TmZhLsfKQ94z9xgb1RpWBP17HLSPzxlwwYugsmNqEOJqSxKVAXxdImgXg%3D%3D&type=json HTTP/1.1" 200 561
DEBUG:urllib3.connectionpool:Starting new HTTP connection (1): apis.data.go.kr:80
DEBUG:urllib3.connectionpool:http://apis.data.go.kr:80 "GET /B553077/api/open/sdsc/storeListInDong?divId=signguCd&key=47113&ServiceKey=mzv%2B5nKLrKuD%2BmQQsQNPL9WTK%2B%2Bv2TmZhLsfKQ94z9xgb1RpWBP17HLSPzxlwwYugsmNqEOJqSxKVAXxdImgXg%3D%3D&type=json HTTP/1.1" 200 4090
DEBUG:urllib3.connectionpool:Starting new HTTP connection (1): apis.data.go.kr:80
DEBUG:urllib3.connectionpool:http://apis.data.go.kr:80 "GET /B553077/api/open/sdsc/baroApi?resId=dong&catId=cty&ctprvnCd=48&ServiceKey=mzv%2B5nKLrKuD%2BmQQsQNPL9WTK%2B%2Bv2TmZhLsfKQ94z9xgb1RpWBP17HLSPzxlwwYugsmNqEOJqSxKVAXxdImgXg%3D%3D&type=json HTTP/1.1" 200 565
DEBUG:urllib3.connectionpool:Starting new HTTP connection (1): apis.data.go.kr:80
DEBUG:urllib3.connectionpool:http://apis.data.go.kr:80 "GET /B553077/api/open/sdsc/storeListInDong?divId=signguCd&key=48890&ServiceKey=mzv%2B5nKLrKuD%2BmQQsQNPL9WTK%2B%2Bv2TmZhLsfKQ94z9xgb1RpWBP17HLSPzxlwwYugsmNqEOJqSxKVAXxdImgXg%3D%3D&type=json HTTP/1.1" 200 3866
DEBUG:urllib3.connectionpool:Starting new HTTP connection (1): apis.data.go.kr:80
DEBUG:urllib3.connectionpool:http://apis.data.go.kr:80 "GET /B553077/api/open/sdsc/baroApi?resId=dong&catId=cty&ctprvnCd=47&ServiceKey=mzv%2B5nKLrKuD%2BmQQsQNPL9WTK%2B%2Bv2TmZhLsfKQ94z9xgb1RpWBP17HLSPzxlwwYugsmNqEOJqSxKVAXxdImgXg%3D%3D&type=json HTTP/1.1" 200 561
DEBUG:urllib3.connectionpool:Starting new HTTP connection (1): apis.data.go.kr:80
DEBUG:urllib3.connectionpool:http://apis.data.go.kr:80 "GET /B553077/api/open/sdsc/storeListInDong?divId=signguCd&key=47113&ServiceKey=mzv%2B5nKLrKuD%2BmQQsQNPL9WTK%2B%2Bv2TmZhLsfKQ94z9xgb1RpWBP17HLSPzxlwwYugsmNqEOJqSxKVAXxdImgXg%3D%3D&type=json HTTP/1.1" 200 4090
DEBUG:urllib3.connectionpool:Starting new HTTP connection (1): apis.data.go.kr:80
DEBUG:urllib3.connectionpool:http://apis.data.go.kr:80 "GET /B553077/api/open/sdsc/baroApi?resId=dong&catId=cty&ctprvnCd=44&ServiceKey=mzv%2B5nKLrKuD%2BmQQsQNPL9WTK%2B%2Bv2TmZhLsfKQ94z9xgb1RpWBP17HLSPzxlwwYugsmNqEOJqSxKVAXxdImgXg%3D%3D&type=json HTTP/1.1" 200 497
DEBUG:urllib3.connectionpool:Starting new HTTP connection (1): apis.data.go.kr:80
DEBUG:urllib3.connectionpool:http://apis.data.go.kr:80 "GET /B553077/api/open/sdsc/storeListInDong?divId=signguCd&key=44800&ServiceKey=mzv%2B5nKLrKuD%2BmQQsQNPL9WTK%2B%2Bv2TmZhLsfKQ94z9xgb1RpWBP17HLSPzxlwwYugsmNqEOJqSxKVAXxdImgXg%3D%3D&type=json HTTP/1.1" 200 3840
DEBUG:urllib3.connectionpool:Starting new HTTP connection (1): apis.data.go.kr:80
DEBUG:urllib3.connectionpool:http://apis.data.go.kr:80 "GET /B553077/api/open/sdsc/baroApi?resId=dong&catId=cty&ctprvnCd=11&ServiceKey=mzv%2B5nKLrKuD%2BmQQsQNPL9WTK%2B%2Bv2TmZhLsfKQ94z9xgb1RpWBP17HLSPzxlwwYugsmNqEOJqSxKVAXxdImgXg%3D%3D&type=json HTTP/1.1" 200 571
DEBUG:urllib3.connectionpool:Starting new HTTP connection (1): apis.data.go.kr:80
DEBUG:urllib3.connectionpool:http://apis.data.go.kr:80 "GET /B553077/api/open/sdsc/storeListInDong?divId=signguCd&key=11260&ServiceKey=mzv%2B5nKLrKuD%2BmQQsQNPL9WTK%2B%2Bv2TmZhLsfKQ94z9xgb1RpWBP17HLSPzxlwwYugsmNqEOJqSxKVAXxdImgXg%3D%3D&type=json HTTP/1.1" 200 3950
DEBUG:urllib3.connectionpool:Starting new HTTP connection (1): apis.data.go.kr:80
DEBUG:urllib3.connectionpool:http://apis.data.go.kr:80 "GET /B553077/api/open/sdsc/baroApi?resId=dong&catId=cty&ctprvnCd=46&ServiceKey=mzv%2B5nKLrKuD%2BmQQsQNPL9WTK%2B%2Bv2TmZhLsfKQ94z9xgb1RpWBP17HLSPzxlwwYugsmNqEOJqSxKVAXxdImgXg%3D%3D&type=json HTTP/1.1" 200 544
DEBUG:urllib3.connectionpool:Starting new HTTP connection (1): apis.data.go.kr:80
DEBUG:urllib3.connectionpool:http://apis.data.go.kr:80 "GET /B553077/api/open/sdsc/storeListInDong?divId=signguCd&key=46790&ServiceKey=mzv%2B5nKLrKuD%2BmQQsQNPL9WTK%2B%2Bv2TmZhLsfKQ94z9xgb1RpWBP17HLSPzxlwwYugsmNqEOJqSxKVAXxdImgXg%3D%3D&type=json HTTP/1.1" 200 3552
DEBUG:urllib3.connectionpool:Starting new HTTP connection (1): apis.data.go.kr:80
DEBUG:urllib3.connectionpool:http://apis.data.go.kr:80 "GET /B553077/api/open/sdsc/baroApi?resId=dong&catId=cty&ctprvnCd=11&ServiceKey=mzv%2B5nKLrKuD%2BmQQsQNPL9WTK%2B%2Bv2TmZhLsfKQ94z9xgb1RpWBP17HLSPzxlwwYugsmNqEOJqSxKVAXxdImgXg%3D%3D&type=json HTTP/1.1" 200 571
DEBUG:urllib3.connectionpool:Starting new HTTP connection (1): apis.data.go.kr:80
DEBUG:urllib3.connectionpool:http://apis.data.go.kr:80 "GET /B553077/api/open/sdsc/storeListInDong?divId=signguCd&key=11260&ServiceKey=mzv%2B5nKLrKuD%2BmQQsQNPL9WTK%2B%2Bv2TmZhLsfKQ94z9xgb1RpWBP17HLSPzxlwwYugsmNqEOJqSxKVAXxdImgXg%3D%3D&type=json HTTP/1.1" 200 3950
DEBUG:urllib3.connectionpool:Starting new HTTP connection (1): apis.data.go.kr:80
DEBUG:urllib3.connectionpool:http://apis.data.go.kr:80 "GET /B553077/api/open/sdsc/baroApi?resId=dong&catId=cty&ctprvnCd=45&ServiceKey=mzv%2B5nKLrKuD%2BmQQsQNPL9WTK%2B%2Bv2TmZhLsfKQ94z9xgb1RpWBP17HLSPzxlwwYugsmNqEOJqSxKVAXxdImgXg%3D%3D&type=json HTTP/1.1" 200 483
DEBUG:urllib3.connectionpool:Starting new HTTP connection (1): apis.data.go.kr:80
DEBUG:urllib3.connectionpool:http://apis.data.go.kr:80 "GET /B553077/api/open/sdsc/storeListInDong?divId=signguCd&key=45720&ServiceKey=mzv%2B5nKLrKuD%2BmQQsQNPL9WTK%2B%2Bv2TmZhLsfKQ94z9xgb1RpWBP17HLSPzxlwwYugsmNqEOJqSxKVAXxdImgXg%3D%3D&type=json HTTP/1.1" 200 3787
DEBUG:urllib3.connectionpool:Starting new HTTP connection (1): apis.data.go.kr:80
DEBUG:urllib3.connectionpool:http://apis.data.go.kr:80 "GET /B553077/api/open/sdsc/baroApi?resId=dong&catId=cty&ctprvnCd=46&ServiceKey=mzv%2B5nKLrKuD%2BmQQsQNPL9WTK%2B%2Bv2TmZhLsfKQ94z9xgb1RpWBP17HLSPzxlwwYugsmNqEOJqSxKVAXxdImgXg%3D%3D&type=json HTTP/1.1" 200 544
DEBUG:urllib3.connectionpool:Starting new HTTP connection (1): apis.data.go.kr:80
DEBUG:urllib3.connectionpool:http://apis.data.go.kr:80 "GET /B553077/api/open/sdsc/storeListInDong?divId=signguCd&key=46790&ServiceKey=mzv%2B5nKLrKuD%2BmQQsQNPL9WTK%2B%2Bv2TmZhLsfKQ94z9xgb1RpWBP17HLSPzxlwwYugsmNqEOJqSxKVAXxdImgXg%3D%3D&type=json HTTP/1.1" 200 3552
DEBUG:urllib3.connectionpool:Starting new HTTP connection (1): apis.data.go.kr:80
DEBUG:urllib3.connectionpool:http://apis.data.go.kr:80 "GET /B553077/api/open/sdsc/baroApi?resId=dong&catId=cty&ctprvnCd=46&ServiceKey=mzv%2B5nKLrKuD%2BmQQsQNPL9WTK%2B%2Bv2TmZhLsfKQ94z9xgb1RpWBP17HLSPzxlwwYugsmNqEOJqSxKVAXxdImgXg%3D%3D&type=json HTTP/1.1" 200 544
DEBUG:urllib3.connectionpool:Starting new HTTP connection (1): apis.data.go.kr:80
DEBUG:urllib3.connectionpool:http://apis.data.go.kr:80 "GET /B553077/api/open/sdsc/storeListInDong?divId=signguCd&key=46790&ServiceKey=mzv%2B5nKLrKuD%2BmQQsQNPL9WTK%2B%2Bv2TmZhLsfKQ94z9xgb1RpWBP17HLSPzxlwwYugsmNqEOJqSxKVAXxdImgXg%3D%3D&type=json HTTP/1.1" 200 3552
INFO:werkzeug:127.0.0.1 - - [16/Dec/2019 04:01:52] "POST /menus/travel HTTP/1.1" 500 -
INFO:werkzeug:127.0.0.1 - - [16/Dec/2019 04:01:52] "GET /menus/travel?__debugger__=yes&cmd=resource&f=style.css HTTP/1.1" 200 -
INFO:werkzeug:127.0.0.1 - - [16/Dec/2019 04:01:52] "GET /menus/travel?__debugger__=yes&cmd=resource&f=jquery.js HTTP/1.1" 200 -
INFO:werkzeug:127.0.0.1 - - [16/Dec/2019 04:01:52] "GET /menus/travel?__debugger__=yes&cmd=resource&f=debugger.js HTTP/1.1" 200 -
INFO:werkzeug:127.0.0.1 - - [16/Dec/2019 04:01:52] "GET /menus/travel?__debugger__=yes&cmd=resource&f=ubuntu.ttf HTTP/1.1" 200 -
INFO:werkzeug:127.0.0.1 - - [16/Dec/2019 04:01:52] "GET /menus/travel?__debugger__=yes&cmd=resource&f=console.png HTTP/1.1" 200 -
INFO:werkzeug:127.0.0.1 - - [16/Dec/2019 04:01:53] "GET /menus/travel?__debugger__=yes&cmd=resource&f=console.png HTTP/1.1" 200 -
INFO:werkzeug: * Detected change in 'C:\\Users\\Will\\PycharmProjects\\travel_service\\views\\menus.py', reloading
INFO:werkzeug: * Restarting with stat
INFO:root:Flask Web Server Started
WARNING:werkzeug: * Debugger is active!
INFO:werkzeug: * Debugger PIN: 312-095-692
INFO:werkzeug: * Running on http://0.0.0.0:8080/ (Press CTRL+C to quit)
DEBUG:urllib3.connectionpool:Starting new HTTP connection (1): api.visitkorea.or.kr:80
DEBUG:urllib3.connectionpool:http://api.visitkorea.or.kr:80 "GET /openapi/service/rest/KorService/searchKeyword?ServiceKey=mzv%2B5nKLrKuD%2BmQQsQNPL9WTK%2B%2Bv2TmZhLsfKQ94z9xgb1RpWBP17HLSPzxlwwYugsmNqEOJqSxKVAXxdImgXg%3D%3D&keyword=%EA%B5%AD%EB%A6%BD%EA%B3%B5%EC%9B%90&listYN=Y&arrange=A&MobileOS=ETC&MobileApp=AppTest&_type=json HTTP/1.1" 200 4889
DEBUG:urllib3.connectionpool:Starting new HTTP connection (1): apis.data.go.kr:80
DEBUG:urllib3.connectionpool:http://apis.data.go.kr:80 "GET /B553077/api/open/sdsc/baroApi?resId=dong&catId=cty&ctprvnCd=47&ServiceKey=mzv%2B5nKLrKuD%2BmQQsQNPL9WTK%2B%2Bv2TmZhLsfKQ94z9xgb1RpWBP17HLSPzxlwwYugsmNqEOJqSxKVAXxdImgXg%3D%3D&type=json HTTP/1.1" 200 561
DEBUG:urllib3.connectionpool:Starting new HTTP connection (1): apis.data.go.kr:80
DEBUG:urllib3.connectionpool:http://apis.data.go.kr:80 "GET /B553077/api/open/sdsc/storeListInDong?divId=signguCd&key=47113&ServiceKey=mzv%2B5nKLrKuD%2BmQQsQNPL9WTK%2B%2Bv2TmZhLsfKQ94z9xgb1RpWBP17HLSPzxlwwYugsmNqEOJqSxKVAXxdImgXg%3D%3D&type=json HTTP/1.1" 200 4090
DEBUG:urllib3.connectionpool:Starting new HTTP connection (1): apis.data.go.kr:80
DEBUG:urllib3.connectionpool:http://apis.data.go.kr:80 "GET /B553077/api/open/sdsc/baroApi?resId=dong&catId=cty&ctprvnCd=48&ServiceKey=mzv%2B5nKLrKuD%2BmQQsQNPL9WTK%2B%2Bv2TmZhLsfKQ94z9xgb1RpWBP17HLSPzxlwwYugsmNqEOJqSxKVAXxdImgXg%3D%3D&type=json HTTP/1.1" 200 565
DEBUG:urllib3.connectionpool:Starting new HTTP connection (1): apis.data.go.kr:80
DEBUG:urllib3.connectionpool:http://apis.data.go.kr:80 "GET /B553077/api/open/sdsc/storeListInDong?divId=signguCd&key=48890&ServiceKey=mzv%2B5nKLrKuD%2BmQQsQNPL9WTK%2B%2Bv2TmZhLsfKQ94z9xgb1RpWBP17HLSPzxlwwYugsmNqEOJqSxKVAXxdImgXg%3D%3D&type=json HTTP/1.1" 200 3866
DEBUG:urllib3.connectionpool:Starting new HTTP connection (1): apis.data.go.kr:80
DEBUG:urllib3.connectionpool:http://apis.data.go.kr:80 "GET /B553077/api/open/sdsc/baroApi?resId=dong&catId=cty&ctprvnCd=47&ServiceKey=mzv%2B5nKLrKuD%2BmQQsQNPL9WTK%2B%2Bv2TmZhLsfKQ94z9xgb1RpWBP17HLSPzxlwwYugsmNqEOJqSxKVAXxdImgXg%3D%3D&type=json HTTP/1.1" 200 561
DEBUG:urllib3.connectionpool:Starting new HTTP connection (1): apis.data.go.kr:80
DEBUG:urllib3.connectionpool:http://apis.data.go.kr:80 "GET /B553077/api/open/sdsc/storeListInDong?divId=signguCd&key=47113&ServiceKey=mzv%2B5nKLrKuD%2BmQQsQNPL9WTK%2B%2Bv2TmZhLsfKQ94z9xgb1RpWBP17HLSPzxlwwYugsmNqEOJqSxKVAXxdImgXg%3D%3D&type=json HTTP/1.1" 200 4090
DEBUG:urllib3.connectionpool:Starting new HTTP connection (1): apis.data.go.kr:80
DEBUG:urllib3.connectionpool:http://apis.data.go.kr:80 "GET /B553077/api/open/sdsc/baroApi?resId=dong&catId=cty&ctprvnCd=44&ServiceKey=mzv%2B5nKLrKuD%2BmQQsQNPL9WTK%2B%2Bv2TmZhLsfKQ94z9xgb1RpWBP17HLSPzxlwwYugsmNqEOJqSxKVAXxdImgXg%3D%3D&type=json HTTP/1.1" 200 497
DEBUG:urllib3.connectionpool:Starting new HTTP connection (1): apis.data.go.kr:80
DEBUG:urllib3.connectionpool:http://apis.data.go.kr:80 "GET /B553077/api/open/sdsc/storeListInDong?divId=signguCd&key=44800&ServiceKey=mzv%2B5nKLrKuD%2BmQQsQNPL9WTK%2B%2Bv2TmZhLsfKQ94z9xgb1RpWBP17HLSPzxlwwYugsmNqEOJqSxKVAXxdImgXg%3D%3D&type=json HTTP/1.1" 200 3840
DEBUG:urllib3.connectionpool:Starting new HTTP connection (1): apis.data.go.kr:80
DEBUG:urllib3.connectionpool:http://apis.data.go.kr:80 "GET /B553077/api/open/sdsc/baroApi?resId=dong&catId=cty&ctprvnCd=11&ServiceKey=mzv%2B5nKLrKuD%2BmQQsQNPL9WTK%2B%2Bv2TmZhLsfKQ94z9xgb1RpWBP17HLSPzxlwwYugsmNqEOJqSxKVAXxdImgXg%3D%3D&type=json HTTP/1.1" 200 571
DEBUG:urllib3.connectionpool:Starting new HTTP connection (1): apis.data.go.kr:80
DEBUG:urllib3.connectionpool:http://apis.data.go.kr:80 "GET /B553077/api/open/sdsc/storeListInDong?divId=signguCd&key=11260&ServiceKey=mzv%2B5nKLrKuD%2BmQQsQNPL9WTK%2B%2Bv2TmZhLsfKQ94z9xgb1RpWBP17HLSPzxlwwYugsmNqEOJqSxKVAXxdImgXg%3D%3D&type=json HTTP/1.1" 200 3950
DEBUG:urllib3.connectionpool:Starting new HTTP connection (1): apis.data.go.kr:80
DEBUG:urllib3.connectionpool:http://apis.data.go.kr:80 "GET /B553077/api/open/sdsc/baroApi?resId=dong&catId=cty&ctprvnCd=46&ServiceKey=mzv%2B5nKLrKuD%2BmQQsQNPL9WTK%2B%2Bv2TmZhLsfKQ94z9xgb1RpWBP17HLSPzxlwwYugsmNqEOJqSxKVAXxdImgXg%3D%3D&type=json HTTP/1.1" 200 544
DEBUG:urllib3.connectionpool:Starting new HTTP connection (1): apis.data.go.kr:80
DEBUG:urllib3.connectionpool:http://apis.data.go.kr:80 "GET /B553077/api/open/sdsc/storeListInDong?divId=signguCd&key=46790&ServiceKey=mzv%2B5nKLrKuD%2BmQQsQNPL9WTK%2B%2Bv2TmZhLsfKQ94z9xgb1RpWBP17HLSPzxlwwYugsmNqEOJqSxKVAXxdImgXg%3D%3D&type=json HTTP/1.1" 200 3552
DEBUG:urllib3.connectionpool:Starting new HTTP connection (1): apis.data.go.kr:80
DEBUG:urllib3.connectionpool:http://apis.data.go.kr:80 "GET /B553077/api/open/sdsc/baroApi?resId=dong&catId=cty&ctprvnCd=11&ServiceKey=mzv%2B5nKLrKuD%2BmQQsQNPL9WTK%2B%2Bv2TmZhLsfKQ94z9xgb1RpWBP17HLSPzxlwwYugsmNqEOJqSxKVAXxdImgXg%3D%3D&type=json HTTP/1.1" 200 571
DEBUG:urllib3.connectionpool:Starting new HTTP connection (1): apis.data.go.kr:80
DEBUG:urllib3.connectionpool:http://apis.data.go.kr:80 "GET /B553077/api/open/sdsc/storeListInDong?divId=signguCd&key=11260&ServiceKey=mzv%2B5nKLrKuD%2BmQQsQNPL9WTK%2B%2Bv2TmZhLsfKQ94z9xgb1RpWBP17HLSPzxlwwYugsmNqEOJqSxKVAXxdImgXg%3D%3D&type=json HTTP/1.1" 200 3950
DEBUG:urllib3.connectionpool:Starting new HTTP connection (1): apis.data.go.kr:80
DEBUG:urllib3.connectionpool:http://apis.data.go.kr:80 "GET /B553077/api/open/sdsc/baroApi?resId=dong&catId=cty&ctprvnCd=45&ServiceKey=mzv%2B5nKLrKuD%2BmQQsQNPL9WTK%2B%2Bv2TmZhLsfKQ94z9xgb1RpWBP17HLSPzxlwwYugsmNqEOJqSxKVAXxdImgXg%3D%3D&type=json HTTP/1.1" 200 483
DEBUG:urllib3.connectionpool:Starting new HTTP connection (1): apis.data.go.kr:80
DEBUG:urllib3.connectionpool:http://apis.data.go.kr:80 "GET /B553077/api/open/sdsc/storeListInDong?divId=signguCd&key=45720&ServiceKey=mzv%2B5nKLrKuD%2BmQQsQNPL9WTK%2B%2Bv2TmZhLsfKQ94z9xgb1RpWBP17HLSPzxlwwYugsmNqEOJqSxKVAXxdImgXg%3D%3D&type=json HTTP/1.1" 200 3787
DEBUG:urllib3.connectionpool:Starting new HTTP connection (1): apis.data.go.kr:80
DEBUG:urllib3.connectionpool:http://apis.data.go.kr:80 "GET /B553077/api/open/sdsc/baroApi?resId=dong&catId=cty&ctprvnCd=46&ServiceKey=mzv%2B5nKLrKuD%2BmQQsQNPL9WTK%2B%2Bv2TmZhLsfKQ94z9xgb1RpWBP17HLSPzxlwwYugsmNqEOJqSxKVAXxdImgXg%3D%3D&type=json HTTP/1.1" 200 544
DEBUG:urllib3.connectionpool:Starting new HTTP connection (1): apis.data.go.kr:80
DEBUG:urllib3.connectionpool:http://apis.data.go.kr:80 "GET /B553077/api/open/sdsc/storeListInDong?divId=signguCd&key=46790&ServiceKey=mzv%2B5nKLrKuD%2BmQQsQNPL9WTK%2B%2Bv2TmZhLsfKQ94z9xgb1RpWBP17HLSPzxlwwYugsmNqEOJqSxKVAXxdImgXg%3D%3D&type=json HTTP/1.1" 200 3552
DEBUG:urllib3.connectionpool:Starting new HTTP connection (1): apis.data.go.kr:80
DEBUG:urllib3.connectionpool:http://apis.data.go.kr:80 "GET /B553077/api/open/sdsc/baroApi?resId=dong&catId=cty&ctprvnCd=46&ServiceKey=mzv%2B5nKLrKuD%2BmQQsQNPL9WTK%2B%2Bv2TmZhLsfKQ94z9xgb1RpWBP17HLSPzxlwwYugsmNqEOJqSxKVAXxdImgXg%3D%3D&type=json HTTP/1.1" 200 544
DEBUG:urllib3.connectionpool:Starting new HTTP connection (1): apis.data.go.kr:80
DEBUG:urllib3.connectionpool:http://apis.data.go.kr:80 "GET /B553077/api/open/sdsc/storeListInDong?divId=signguCd&key=46790&ServiceKey=mzv%2B5nKLrKuD%2BmQQsQNPL9WTK%2B%2Bv2TmZhLsfKQ94z9xgb1RpWBP17HLSPzxlwwYugsmNqEOJqSxKVAXxdImgXg%3D%3D&type=json HTTP/1.1" 200 3552
INFO:werkzeug:127.0.0.1 - - [16/Dec/2019 04:03:06] "POST /menus/travel HTTP/1.1" 500 -
INFO:werkzeug:127.0.0.1 - - [16/Dec/2019 04:03:06] "GET /menus/travel?__debugger__=yes&cmd=resource&f=style.css HTTP/1.1" 200 -
INFO:werkzeug:127.0.0.1 - - [16/Dec/2019 04:03:06] "GET /menus/travel?__debugger__=yes&cmd=resource&f=jquery.js HTTP/1.1" 200 -
INFO:werkzeug:127.0.0.1 - - [16/Dec/2019 04:03:06] "GET /menus/travel?__debugger__=yes&cmd=resource&f=debugger.js HTTP/1.1" 200 -
INFO:werkzeug:127.0.0.1 - - [16/Dec/2019 04:03:07] "GET /menus/travel?__debugger__=yes&cmd=resource&f=ubuntu.ttf HTTP/1.1" 200 -
INFO:werkzeug:127.0.0.1 - - [16/Dec/2019 04:03:07] "GET /menus/travel?__debugger__=yes&cmd=resource&f=console.png HTTP/1.1" 200 -
INFO:werkzeug:127.0.0.1 - - [16/Dec/2019 04:03:07] "GET /menus/travel?__debugger__=yes&cmd=resource&f=console.png HTTP/1.1" 200 -
INFO:werkzeug: * Detected change in 'C:\\Users\\Will\\PycharmProjects\\travel_service\\views\\menus.py', reloading
INFO:werkzeug: * Restarting with stat
INFO:root:Flask Web Server Started
WARNING:werkzeug: * Debugger is active!
INFO:werkzeug: * Debugger PIN: 312-095-692
INFO:werkzeug: * Running on http://0.0.0.0:8080/ (Press CTRL+C to quit)
DEBUG:urllib3.connectionpool:Starting new HTTP connection (1): api.visitkorea.or.kr:80
DEBUG:urllib3.connectionpool:http://api.visitkorea.or.kr:80 "GET /openapi/service/rest/KorService/searchKeyword?ServiceKey=mzv%2B5nKLrKuD%2BmQQsQNPL9WTK%2B%2Bv2TmZhLsfKQ94z9xgb1RpWBP17HLSPzxlwwYugsmNqEOJqSxKVAXxdImgXg%3D%3D&keyword=%EA%B5%AD%EB%A6%BD%EA%B3%B5%EC%9B%90&listYN=Y&arrange=A&MobileOS=ETC&MobileApp=AppTest&_type=json HTTP/1.1" 200 4889
DEBUG:urllib3.connectionpool:Starting new HTTP connection (1): apis.data.go.kr:80
DEBUG:urllib3.connectionpool:http://apis.data.go.kr:80 "GET /B553077/api/open/sdsc/baroApi?resId=dong&catId=cty&ctprvnCd=47&ServiceKey=mzv%2B5nKLrKuD%2BmQQsQNPL9WTK%2B%2Bv2TmZhLsfKQ94z9xgb1RpWBP17HLSPzxlwwYugsmNqEOJqSxKVAXxdImgXg%3D%3D&type=json HTTP/1.1" 200 561
DEBUG:urllib3.connectionpool:Starting new HTTP connection (1): apis.data.go.kr:80
DEBUG:urllib3.connectionpool:http://apis.data.go.kr:80 "GET /B553077/api/open/sdsc/storeListInDong?divId=signguCd&key=47113&ServiceKey=mzv%2B5nKLrKuD%2BmQQsQNPL9WTK%2B%2Bv2TmZhLsfKQ94z9xgb1RpWBP17HLSPzxlwwYugsmNqEOJqSxKVAXxdImgXg%3D%3D&type=json HTTP/1.1" 200 4090
DEBUG:urllib3.connectionpool:Starting new HTTP connection (1): apis.data.go.kr:80
DEBUG:urllib3.connectionpool:http://apis.data.go.kr:80 "GET /B553077/api/open/sdsc/baroApi?resId=dong&catId=cty&ctprvnCd=48&ServiceKey=mzv%2B5nKLrKuD%2BmQQsQNPL9WTK%2B%2Bv2TmZhLsfKQ94z9xgb1RpWBP17HLSPzxlwwYugsmNqEOJqSxKVAXxdImgXg%3D%3D&type=json HTTP/1.1" 200 565
DEBUG:urllib3.connectionpool:Starting new HTTP connection (1): apis.data.go.kr:80
DEBUG:urllib3.connectionpool:http://apis.data.go.kr:80 "GET /B553077/api/open/sdsc/storeListInDong?divId=signguCd&key=48890&ServiceKey=mzv%2B5nKLrKuD%2BmQQsQNPL9WTK%2B%2Bv2TmZhLsfKQ94z9xgb1RpWBP17HLSPzxlwwYugsmNqEOJqSxKVAXxdImgXg%3D%3D&type=json HTTP/1.1" 200 3866
DEBUG:urllib3.connectionpool:Starting new HTTP connection (1): apis.data.go.kr:80
DEBUG:urllib3.connectionpool:http://apis.data.go.kr:80 "GET /B553077/api/open/sdsc/baroApi?resId=dong&catId=cty&ctprvnCd=47&ServiceKey=mzv%2B5nKLrKuD%2BmQQsQNPL9WTK%2B%2Bv2TmZhLsfKQ94z9xgb1RpWBP17HLSPzxlwwYugsmNqEOJqSxKVAXxdImgXg%3D%3D&type=json HTTP/1.1" 200 561
DEBUG:urllib3.connectionpool:Starting new HTTP connection (1): apis.data.go.kr:80
DEBUG:urllib3.connectionpool:http://apis.data.go.kr:80 "GET /B553077/api/open/sdsc/storeListInDong?divId=signguCd&key=47113&ServiceKey=mzv%2B5nKLrKuD%2BmQQsQNPL9WTK%2B%2Bv2TmZhLsfKQ94z9xgb1RpWBP17HLSPzxlwwYugsmNqEOJqSxKVAXxdImgXg%3D%3D&type=json HTTP/1.1" 200 4090
DEBUG:urllib3.connectionpool:Starting new HTTP connection (1): apis.data.go.kr:80
DEBUG:urllib3.connectionpool:http://apis.data.go.kr:80 "GET /B553077/api/open/sdsc/baroApi?resId=dong&catId=cty&ctprvnCd=44&ServiceKey=mzv%2B5nKLrKuD%2BmQQsQNPL9WTK%2B%2Bv2TmZhLsfKQ94z9xgb1RpWBP17HLSPzxlwwYugsmNqEOJqSxKVAXxdImgXg%3D%3D&type=json HTTP/1.1" 200 497
DEBUG:urllib3.connectionpool:Starting new HTTP connection (1): apis.data.go.kr:80
DEBUG:urllib3.connectionpool:http://apis.data.go.kr:80 "GET /B553077/api/open/sdsc/storeListInDong?divId=signguCd&key=44800&ServiceKey=mzv%2B5nKLrKuD%2BmQQsQNPL9WTK%2B%2Bv2TmZhLsfKQ94z9xgb1RpWBP17HLSPzxlwwYugsmNqEOJqSxKVAXxdImgXg%3D%3D&type=json HTTP/1.1" 200 3840
DEBUG:urllib3.connectionpool:Starting new HTTP connection (1): apis.data.go.kr:80
DEBUG:urllib3.connectionpool:http://apis.data.go.kr:80 "GET /B553077/api/open/sdsc/baroApi?resId=dong&catId=cty&ctprvnCd=11&ServiceKey=mzv%2B5nKLrKuD%2BmQQsQNPL9WTK%2B%2Bv2TmZhLsfKQ94z9xgb1RpWBP17HLSPzxlwwYugsmNqEOJqSxKVAXxdImgXg%3D%3D&type=json HTTP/1.1" 200 571
DEBUG:urllib3.connectionpool:Starting new HTTP connection (1): apis.data.go.kr:80
DEBUG:urllib3.connectionpool:http://apis.data.go.kr:80 "GET /B553077/api/open/sdsc/storeListInDong?divId=signguCd&key=11260&ServiceKey=mzv%2B5nKLrKuD%2BmQQsQNPL9WTK%2B%2Bv2TmZhLsfKQ94z9xgb1RpWBP17HLSPzxlwwYugsmNqEOJqSxKVAXxdImgXg%3D%3D&type=json HTTP/1.1" 200 3950
DEBUG:urllib3.connectionpool:Starting new HTTP connection (1): apis.data.go.kr:80
DEBUG:urllib3.connectionpool:http://apis.data.go.kr:80 "GET /B553077/api/open/sdsc/baroApi?resId=dong&catId=cty&ctprvnCd=46&ServiceKey=mzv%2B5nKLrKuD%2BmQQsQNPL9WTK%2B%2Bv2TmZhLsfKQ94z9xgb1RpWBP17HLSPzxlwwYugsmNqEOJqSxKVAXxdImgXg%3D%3D&type=json HTTP/1.1" 200 544
DEBUG:urllib3.connectionpool:Starting new HTTP connection (1): apis.data.go.kr:80
DEBUG:urllib3.connectionpool:http://apis.data.go.kr:80 "GET /B553077/api/open/sdsc/storeListInDong?divId=signguCd&key=46790&ServiceKey=mzv%2B5nKLrKuD%2BmQQsQNPL9WTK%2B%2Bv2TmZhLsfKQ94z9xgb1RpWBP17HLSPzxlwwYugsmNqEOJqSxKVAXxdImgXg%3D%3D&type=json HTTP/1.1" 200 3552
DEBUG:urllib3.connectionpool:Starting new HTTP connection (1): apis.data.go.kr:80
DEBUG:urllib3.connectionpool:http://apis.data.go.kr:80 "GET /B553077/api/open/sdsc/baroApi?resId=dong&catId=cty&ctprvnCd=11&ServiceKey=mzv%2B5nKLrKuD%2BmQQsQNPL9WTK%2B%2Bv2TmZhLsfKQ94z9xgb1RpWBP17HLSPzxlwwYugsmNqEOJqSxKVAXxdImgXg%3D%3D&type=json HTTP/1.1" 200 571
DEBUG:urllib3.connectionpool:Starting new HTTP connection (1): apis.data.go.kr:80
DEBUG:urllib3.connectionpool:http://apis.data.go.kr:80 "GET /B553077/api/open/sdsc/storeListInDong?divId=signguCd&key=11260&ServiceKey=mzv%2B5nKLrKuD%2BmQQsQNPL9WTK%2B%2Bv2TmZhLsfKQ94z9xgb1RpWBP17HLSPzxlwwYugsmNqEOJqSxKVAXxdImgXg%3D%3D&type=json HTTP/1.1" 200 3950
DEBUG:urllib3.connectionpool:Starting new HTTP connection (1): apis.data.go.kr:80
DEBUG:urllib3.connectionpool:http://apis.data.go.kr:80 "GET /B553077/api/open/sdsc/baroApi?resId=dong&catId=cty&ctprvnCd=45&ServiceKey=mzv%2B5nKLrKuD%2BmQQsQNPL9WTK%2B%2Bv2TmZhLsfKQ94z9xgb1RpWBP17HLSPzxlwwYugsmNqEOJqSxKVAXxdImgXg%3D%3D&type=json HTTP/1.1" 200 483
DEBUG:urllib3.connectionpool:Starting new HTTP connection (1): apis.data.go.kr:80
DEBUG:urllib3.connectionpool:http://apis.data.go.kr:80 "GET /B553077/api/open/sdsc/storeListInDong?divId=signguCd&key=45720&ServiceKey=mzv%2B5nKLrKuD%2BmQQsQNPL9WTK%2B%2Bv2TmZhLsfKQ94z9xgb1RpWBP17HLSPzxlwwYugsmNqEOJqSxKVAXxdImgXg%3D%3D&type=json HTTP/1.1" 200 3787
DEBUG:urllib3.connectionpool:Starting new HTTP connection (1): apis.data.go.kr:80
DEBUG:urllib3.connectionpool:http://apis.data.go.kr:80 "GET /B553077/api/open/sdsc/baroApi?resId=dong&catId=cty&ctprvnCd=46&ServiceKey=mzv%2B5nKLrKuD%2BmQQsQNPL9WTK%2B%2Bv2TmZhLsfKQ94z9xgb1RpWBP17HLSPzxlwwYugsmNqEOJqSxKVAXxdImgXg%3D%3D&type=json HTTP/1.1" 200 544
DEBUG:urllib3.connectionpool:Starting new HTTP connection (1): apis.data.go.kr:80
DEBUG:urllib3.connectionpool:http://apis.data.go.kr:80 "GET /B553077/api/open/sdsc/storeListInDong?divId=signguCd&key=46790&ServiceKey=mzv%2B5nKLrKuD%2BmQQsQNPL9WTK%2B%2Bv2TmZhLsfKQ94z9xgb1RpWBP17HLSPzxlwwYugsmNqEOJqSxKVAXxdImgXg%3D%3D&type=json HTTP/1.1" 200 3552
DEBUG:urllib3.connectionpool:Starting new HTTP connection (1): apis.data.go.kr:80
DEBUG:urllib3.connectionpool:http://apis.data.go.kr:80 "GET /B553077/api/open/sdsc/baroApi?resId=dong&catId=cty&ctprvnCd=46&ServiceKey=mzv%2B5nKLrKuD%2BmQQsQNPL9WTK%2B%2Bv2TmZhLsfKQ94z9xgb1RpWBP17HLSPzxlwwYugsmNqEOJqSxKVAXxdImgXg%3D%3D&type=json HTTP/1.1" 200 544
DEBUG:urllib3.connectionpool:Starting new HTTP connection (1): apis.data.go.kr:80
DEBUG:urllib3.connectionpool:http://apis.data.go.kr:80 "GET /B553077/api/open/sdsc/storeListInDong?divId=signguCd&key=46790&ServiceKey=mzv%2B5nKLrKuD%2BmQQsQNPL9WTK%2B%2Bv2TmZhLsfKQ94z9xgb1RpWBP17HLSPzxlwwYugsmNqEOJqSxKVAXxdImgXg%3D%3D&type=json HTTP/1.1" 200 3552
INFO:werkzeug:127.0.0.1 - - [16/Dec/2019 04:03:52] "POST /menus/travel HTTP/1.1" 500 -
INFO:werkzeug:127.0.0.1 - - [16/Dec/2019 04:03:52] "GET /menus/travel?__debugger__=yes&cmd=resource&f=style.css HTTP/1.1" 200 -
INFO:werkzeug:127.0.0.1 - - [16/Dec/2019 04:03:52] "GET /menus/travel?__debugger__=yes&cmd=resource&f=jquery.js HTTP/1.1" 200 -
INFO:werkzeug:127.0.0.1 - - [16/Dec/2019 04:03:52] "GET /menus/travel?__debugger__=yes&cmd=resource&f=debugger.js HTTP/1.1" 200 -
INFO:werkzeug:127.0.0.1 - - [16/Dec/2019 04:03:52] "GET /menus/travel?__debugger__=yes&cmd=resource&f=ubuntu.ttf HTTP/1.1" 200 -
INFO:werkzeug:127.0.0.1 - - [16/Dec/2019 04:03:52] "GET /menus/travel?__debugger__=yes&cmd=resource&f=console.png HTTP/1.1" 200 -
INFO:werkzeug:127.0.0.1 - - [16/Dec/2019 04:03:53] "GET /menus/travel?__debugger__=yes&cmd=resource&f=console.png HTTP/1.1" 200 -
INFO:werkzeug: * Detected change in 'C:\\Users\\Will\\PycharmProjects\\travel_service\\views\\menus.py', reloading
INFO:werkzeug: * Restarting with stat
INFO:root:Flask Web Server Started
WARNING:werkzeug: * Debugger is active!
INFO:werkzeug: * Debugger PIN: 312-095-692
INFO:werkzeug: * Running on http://0.0.0.0:8080/ (Press CTRL+C to quit)
DEBUG:urllib3.connectionpool:Starting new HTTP connection (1): api.visitkorea.or.kr:80
DEBUG:urllib3.connectionpool:http://api.visitkorea.or.kr:80 "GET /openapi/service/rest/KorService/searchKeyword?ServiceKey=mzv%2B5nKLrKuD%2BmQQsQNPL9WTK%2B%2Bv2TmZhLsfKQ94z9xgb1RpWBP17HLSPzxlwwYugsmNqEOJqSxKVAXxdImgXg%3D%3D&keyword=%EA%B5%AD%EB%A6%BD%EA%B3%B5%EC%9B%90&listYN=Y&arrange=A&MobileOS=ETC&MobileApp=AppTest&_type=json HTTP/1.1" 200 4889
DEBUG:urllib3.connectionpool:Starting new HTTP connection (1): apis.data.go.kr:80
DEBUG:urllib3.connectionpool:http://apis.data.go.kr:80 "GET /B553077/api/open/sdsc/baroApi?resId=dong&catId=cty&ctprvnCd=47&ServiceKey=mzv%2B5nKLrKuD%2BmQQsQNPL9WTK%2B%2Bv2TmZhLsfKQ94z9xgb1RpWBP17HLSPzxlwwYugsmNqEOJqSxKVAXxdImgXg%3D%3D&type=json HTTP/1.1" 200 561
DEBUG:urllib3.connectionpool:Starting new HTTP connection (1): apis.data.go.kr:80
DEBUG:urllib3.connectionpool:http://apis.data.go.kr:80 "GET /B553077/api/open/sdsc/storeListInDong?divId=signguCd&key=47113&ServiceKey=mzv%2B5nKLrKuD%2BmQQsQNPL9WTK%2B%2Bv2TmZhLsfKQ94z9xgb1RpWBP17HLSPzxlwwYugsmNqEOJqSxKVAXxdImgXg%3D%3D&type=json HTTP/1.1" 200 4090
DEBUG:urllib3.connectionpool:Starting new HTTP connection (1): apis.data.go.kr:80
DEBUG:urllib3.connectionpool:http://apis.data.go.kr:80 "GET /B553077/api/open/sdsc/baroApi?resId=dong&catId=cty&ctprvnCd=48&ServiceKey=mzv%2B5nKLrKuD%2BmQQsQNPL9WTK%2B%2Bv2TmZhLsfKQ94z9xgb1RpWBP17HLSPzxlwwYugsmNqEOJqSxKVAXxdImgXg%3D%3D&type=json HTTP/1.1" 200 565
DEBUG:urllib3.connectionpool:Starting new HTTP connection (1): apis.data.go.kr:80
DEBUG:urllib3.connectionpool:http://apis.data.go.kr:80 "GET /B553077/api/open/sdsc/storeListInDong?divId=signguCd&key=48890&ServiceKey=mzv%2B5nKLrKuD%2BmQQsQNPL9WTK%2B%2Bv2TmZhLsfKQ94z9xgb1RpWBP17HLSPzxlwwYugsmNqEOJqSxKVAXxdImgXg%3D%3D&type=json HTTP/1.1" 200 3866
DEBUG:urllib3.connectionpool:Starting new HTTP connection (1): apis.data.go.kr:80
DEBUG:urllib3.connectionpool:http://apis.data.go.kr:80 "GET /B553077/api/open/sdsc/baroApi?resId=dong&catId=cty&ctprvnCd=47&ServiceKey=mzv%2B5nKLrKuD%2BmQQsQNPL9WTK%2B%2Bv2TmZhLsfKQ94z9xgb1RpWBP17HLSPzxlwwYugsmNqEOJqSxKVAXxdImgXg%3D%3D&type=json HTTP/1.1" 200 561
DEBUG:urllib3.connectionpool:Starting new HTTP connection (1): apis.data.go.kr:80
DEBUG:urllib3.connectionpool:http://apis.data.go.kr:80 "GET /B553077/api/open/sdsc/storeListInDong?divId=signguCd&key=47113&ServiceKey=mzv%2B5nKLrKuD%2BmQQsQNPL9WTK%2B%2Bv2TmZhLsfKQ94z9xgb1RpWBP17HLSPzxlwwYugsmNqEOJqSxKVAXxdImgXg%3D%3D&type=json HTTP/1.1" 200 4090
DEBUG:urllib3.connectionpool:Starting new HTTP connection (1): apis.data.go.kr:80
DEBUG:urllib3.connectionpool:http://apis.data.go.kr:80 "GET /B553077/api/open/sdsc/baroApi?resId=dong&catId=cty&ctprvnCd=44&ServiceKey=mzv%2B5nKLrKuD%2BmQQsQNPL9WTK%2B%2Bv2TmZhLsfKQ94z9xgb1RpWBP17HLSPzxlwwYugsmNqEOJqSxKVAXxdImgXg%3D%3D&type=json HTTP/1.1" 200 497
DEBUG:urllib3.connectionpool:Starting new HTTP connection (1): apis.data.go.kr:80
DEBUG:urllib3.connectionpool:http://apis.data.go.kr:80 "GET /B553077/api/open/sdsc/storeListInDong?divId=signguCd&key=44800&ServiceKey=mzv%2B5nKLrKuD%2BmQQsQNPL9WTK%2B%2Bv2TmZhLsfKQ94z9xgb1RpWBP17HLSPzxlwwYugsmNqEOJqSxKVAXxdImgXg%3D%3D&type=json HTTP/1.1" 200 3840
DEBUG:urllib3.connectionpool:Starting new HTTP connection (1): apis.data.go.kr:80
DEBUG:urllib3.connectionpool:http://apis.data.go.kr:80 "GET /B553077/api/open/sdsc/baroApi?resId=dong&catId=cty&ctprvnCd=11&ServiceKey=mzv%2B5nKLrKuD%2BmQQsQNPL9WTK%2B%2Bv2TmZhLsfKQ94z9xgb1RpWBP17HLSPzxlwwYugsmNqEOJqSxKVAXxdImgXg%3D%3D&type=json HTTP/1.1" 200 571
DEBUG:urllib3.connectionpool:Starting new HTTP connection (1): apis.data.go.kr:80
DEBUG:urllib3.connectionpool:http://apis.data.go.kr:80 "GET /B553077/api/open/sdsc/storeListInDong?divId=signguCd&key=11260&ServiceKey=mzv%2B5nKLrKuD%2BmQQsQNPL9WTK%2B%2Bv2TmZhLsfKQ94z9xgb1RpWBP17HLSPzxlwwYugsmNqEOJqSxKVAXxdImgXg%3D%3D&type=json HTTP/1.1" 200 3950
DEBUG:urllib3.connectionpool:Starting new HTTP connection (1): apis.data.go.kr:80
DEBUG:urllib3.connectionpool:http://apis.data.go.kr:80 "GET /B553077/api/open/sdsc/baroApi?resId=dong&catId=cty&ctprvnCd=46&ServiceKey=mzv%2B5nKLrKuD%2BmQQsQNPL9WTK%2B%2Bv2TmZhLsfKQ94z9xgb1RpWBP17HLSPzxlwwYugsmNqEOJqSxKVAXxdImgXg%3D%3D&type=json HTTP/1.1" 200 544
DEBUG:urllib3.connectionpool:Starting new HTTP connection (1): apis.data.go.kr:80
DEBUG:urllib3.connectionpool:http://apis.data.go.kr:80 "GET /B553077/api/open/sdsc/storeListInDong?divId=signguCd&key=46790&ServiceKey=mzv%2B5nKLrKuD%2BmQQsQNPL9WTK%2B%2Bv2TmZhLsfKQ94z9xgb1RpWBP17HLSPzxlwwYugsmNqEOJqSxKVAXxdImgXg%3D%3D&type=json HTTP/1.1" 200 3552
DEBUG:urllib3.connectionpool:Starting new HTTP connection (1): apis.data.go.kr:80
DEBUG:urllib3.connectionpool:http://apis.data.go.kr:80 "GET /B553077/api/open/sdsc/baroApi?resId=dong&catId=cty&ctprvnCd=11&ServiceKey=mzv%2B5nKLrKuD%2BmQQsQNPL9WTK%2B%2Bv2TmZhLsfKQ94z9xgb1RpWBP17HLSPzxlwwYugsmNqEOJqSxKVAXxdImgXg%3D%3D&type=json HTTP/1.1" 200 571
DEBUG:urllib3.connectionpool:Starting new HTTP connection (1): apis.data.go.kr:80
DEBUG:urllib3.connectionpool:http://apis.data.go.kr:80 "GET /B553077/api/open/sdsc/storeListInDong?divId=signguCd&key=11260&ServiceKey=mzv%2B5nKLrKuD%2BmQQsQNPL9WTK%2B%2Bv2TmZhLsfKQ94z9xgb1RpWBP17HLSPzxlwwYugsmNqEOJqSxKVAXxdImgXg%3D%3D&type=json HTTP/1.1" 200 3950
DEBUG:urllib3.connectionpool:Starting new HTTP connection (1): apis.data.go.kr:80
DEBUG:urllib3.connectionpool:http://apis.data.go.kr:80 "GET /B553077/api/open/sdsc/baroApi?resId=dong&catId=cty&ctprvnCd=45&ServiceKey=mzv%2B5nKLrKuD%2BmQQsQNPL9WTK%2B%2Bv2TmZhLsfKQ94z9xgb1RpWBP17HLSPzxlwwYugsmNqEOJqSxKVAXxdImgXg%3D%3D&type=json HTTP/1.1" 200 483
DEBUG:urllib3.connectionpool:Starting new HTTP connection (1): apis.data.go.kr:80
DEBUG:urllib3.connectionpool:http://apis.data.go.kr:80 "GET /B553077/api/open/sdsc/storeListInDong?divId=signguCd&key=45720&ServiceKey=mzv%2B5nKLrKuD%2BmQQsQNPL9WTK%2B%2Bv2TmZhLsfKQ94z9xgb1RpWBP17HLSPzxlwwYugsmNqEOJqSxKVAXxdImgXg%3D%3D&type=json HTTP/1.1" 200 3787
DEBUG:urllib3.connectionpool:Starting new HTTP connection (1): apis.data.go.kr:80
DEBUG:urllib3.connectionpool:http://apis.data.go.kr:80 "GET /B553077/api/open/sdsc/baroApi?resId=dong&catId=cty&ctprvnCd=46&ServiceKey=mzv%2B5nKLrKuD%2BmQQsQNPL9WTK%2B%2Bv2TmZhLsfKQ94z9xgb1RpWBP17HLSPzxlwwYugsmNqEOJqSxKVAXxdImgXg%3D%3D&type=json HTTP/1.1" 200 544
DEBUG:urllib3.connectionpool:Starting new HTTP connection (1): apis.data.go.kr:80
DEBUG:urllib3.connectionpool:http://apis.data.go.kr:80 "GET /B553077/api/open/sdsc/storeListInDong?divId=signguCd&key=46790&ServiceKey=mzv%2B5nKLrKuD%2BmQQsQNPL9WTK%2B%2Bv2TmZhLsfKQ94z9xgb1RpWBP17HLSPzxlwwYugsmNqEOJqSxKVAXxdImgXg%3D%3D&type=json HTTP/1.1" 200 3552
DEBUG:urllib3.connectionpool:Starting new HTTP connection (1): apis.data.go.kr:80
DEBUG:urllib3.connectionpool:http://apis.data.go.kr:80 "GET /B553077/api/open/sdsc/baroApi?resId=dong&catId=cty&ctprvnCd=46&ServiceKey=mzv%2B5nKLrKuD%2BmQQsQNPL9WTK%2B%2Bv2TmZhLsfKQ94z9xgb1RpWBP17HLSPzxlwwYugsmNqEOJqSxKVAXxdImgXg%3D%3D&type=json HTTP/1.1" 200 544
DEBUG:urllib3.connectionpool:Starting new HTTP connection (1): apis.data.go.kr:80
DEBUG:urllib3.connectionpool:http://apis.data.go.kr:80 "GET /B553077/api/open/sdsc/storeListInDong?divId=signguCd&key=46790&ServiceKey=mzv%2B5nKLrKuD%2BmQQsQNPL9WTK%2B%2Bv2TmZhLsfKQ94z9xgb1RpWBP17HLSPzxlwwYugsmNqEOJqSxKVAXxdImgXg%3D%3D&type=json HTTP/1.1" 200 3552
INFO:werkzeug:127.0.0.1 - - [16/Dec/2019 04:04:14] "POST /menus/travel HTTP/1.1" 500 -
INFO:werkzeug:127.0.0.1 - - [16/Dec/2019 04:04:14] "GET /menus/travel?__debugger__=yes&cmd=resource&f=style.css HTTP/1.1" 200 -
INFO:werkzeug:127.0.0.1 - - [16/Dec/2019 04:04:14] "GET /menus/travel?__debugger__=yes&cmd=resource&f=jquery.js HTTP/1.1" 200 -
INFO:werkzeug:127.0.0.1 - - [16/Dec/2019 04:04:15] "GET /menus/travel?__debugger__=yes&cmd=resource&f=debugger.js HTTP/1.1" 200 -
INFO:werkzeug:127.0.0.1 - - [16/Dec/2019 04:04:15] "GET /menus/travel?__debugger__=yes&cmd=resource&f=ubuntu.ttf HTTP/1.1" 200 -
INFO:werkzeug:127.0.0.1 - - [16/Dec/2019 04:04:15] "GET /menus/travel?__debugger__=yes&cmd=resource&f=console.png HTTP/1.1" 200 -
INFO:werkzeug:127.0.0.1 - - [16/Dec/2019 04:04:15] "GET /menus/travel?__debugger__=yes&cmd=resource&f=console.png HTTP/1.1" 200 -
INFO:werkzeug: * Detected change in 'C:\\Users\\Will\\PycharmProjects\\travel_service\\views\\menus.py', reloading
INFO:werkzeug: * Restarting with stat
INFO:root:Flask Web Server Started
WARNING:werkzeug: * Debugger is active!
INFO:werkzeug: * Debugger PIN: 312-095-692
INFO:werkzeug: * Running on http://0.0.0.0:8080/ (Press CTRL+C to quit)
DEBUG:urllib3.connectionpool:Starting new HTTP connection (1): api.visitkorea.or.kr:80
DEBUG:urllib3.connectionpool:http://api.visitkorea.or.kr:80 "GET /openapi/service/rest/KorService/searchKeyword?ServiceKey=mzv%2B5nKLrKuD%2BmQQsQNPL9WTK%2B%2Bv2TmZhLsfKQ94z9xgb1RpWBP17HLSPzxlwwYugsmNqEOJqSxKVAXxdImgXg%3D%3D&keyword=%EA%B5%AD%EB%A6%BD%EA%B3%B5%EC%9B%90&listYN=Y&arrange=A&MobileOS=ETC&MobileApp=AppTest&_type=json HTTP/1.1" 200 4889
DEBUG:urllib3.connectionpool:Starting new HTTP connection (1): apis.data.go.kr:80
DEBUG:urllib3.connectionpool:http://apis.data.go.kr:80 "GET /B553077/api/open/sdsc/baroApi?resId=dong&catId=cty&ctprvnCd=47&ServiceKey=mzv%2B5nKLrKuD%2BmQQsQNPL9WTK%2B%2Bv2TmZhLsfKQ94z9xgb1RpWBP17HLSPzxlwwYugsmNqEOJqSxKVAXxdImgXg%3D%3D&type=json HTTP/1.1" 200 561
DEBUG:urllib3.connectionpool:Starting new HTTP connection (1): apis.data.go.kr:80
DEBUG:urllib3.connectionpool:http://apis.data.go.kr:80 "GET /B553077/api/open/sdsc/storeListInDong?divId=signguCd&key=47113&ServiceKey=mzv%2B5nKLrKuD%2BmQQsQNPL9WTK%2B%2Bv2TmZhLsfKQ94z9xgb1RpWBP17HLSPzxlwwYugsmNqEOJqSxKVAXxdImgXg%3D%3D&type=json HTTP/1.1" 200 4090
DEBUG:urllib3.connectionpool:Starting new HTTP connection (1): apis.data.go.kr:80
DEBUG:urllib3.connectionpool:http://apis.data.go.kr:80 "GET /B553077/api/open/sdsc/baroApi?resId=dong&catId=cty&ctprvnCd=48&ServiceKey=mzv%2B5nKLrKuD%2BmQQsQNPL9WTK%2B%2Bv2TmZhLsfKQ94z9xgb1RpWBP17HLSPzxlwwYugsmNqEOJqSxKVAXxdImgXg%3D%3D&type=json HTTP/1.1" 200 565
DEBUG:urllib3.connectionpool:Starting new HTTP connection (1): apis.data.go.kr:80
DEBUG:urllib3.connectionpool:http://apis.data.go.kr:80 "GET /B553077/api/open/sdsc/storeListInDong?divId=signguCd&key=48890&ServiceKey=mzv%2B5nKLrKuD%2BmQQsQNPL9WTK%2B%2Bv2TmZhLsfKQ94z9xgb1RpWBP17HLSPzxlwwYugsmNqEOJqSxKVAXxdImgXg%3D%3D&type=json HTTP/1.1" 200 3866
DEBUG:urllib3.connectionpool:Starting new HTTP connection (1): apis.data.go.kr:80
DEBUG:urllib3.connectionpool:http://apis.data.go.kr:80 "GET /B553077/api/open/sdsc/baroApi?resId=dong&catId=cty&ctprvnCd=47&ServiceKey=mzv%2B5nKLrKuD%2BmQQsQNPL9WTK%2B%2Bv2TmZhLsfKQ94z9xgb1RpWBP17HLSPzxlwwYugsmNqEOJqSxKVAXxdImgXg%3D%3D&type=json HTTP/1.1" 200 561
DEBUG:urllib3.connectionpool:Starting new HTTP connection (1): apis.data.go.kr:80
DEBUG:urllib3.connectionpool:http://apis.data.go.kr:80 "GET /B553077/api/open/sdsc/storeListInDong?divId=signguCd&key=47113&ServiceKey=mzv%2B5nKLrKuD%2BmQQsQNPL9WTK%2B%2Bv2TmZhLsfKQ94z9xgb1RpWBP17HLSPzxlwwYugsmNqEOJqSxKVAXxdImgXg%3D%3D&type=json HTTP/1.1" 200 4090
DEBUG:urllib3.connectionpool:Starting new HTTP connection (1): apis.data.go.kr:80
DEBUG:urllib3.connectionpool:http://apis.data.go.kr:80 "GET /B553077/api/open/sdsc/baroApi?resId=dong&catId=cty&ctprvnCd=44&ServiceKey=mzv%2B5nKLrKuD%2BmQQsQNPL9WTK%2B%2Bv2TmZhLsfKQ94z9xgb1RpWBP17HLSPzxlwwYugsmNqEOJqSxKVAXxdImgXg%3D%3D&type=json HTTP/1.1" 200 497
DEBUG:urllib3.connectionpool:Starting new HTTP connection (1): apis.data.go.kr:80
DEBUG:urllib3.connectionpool:http://apis.data.go.kr:80 "GET /B553077/api/open/sdsc/storeListInDong?divId=signguCd&key=44800&ServiceKey=mzv%2B5nKLrKuD%2BmQQsQNPL9WTK%2B%2Bv2TmZhLsfKQ94z9xgb1RpWBP17HLSPzxlwwYugsmNqEOJqSxKVAXxdImgXg%3D%3D&type=json HTTP/1.1" 200 3840
DEBUG:urllib3.connectionpool:Starting new HTTP connection (1): apis.data.go.kr:80
DEBUG:urllib3.connectionpool:http://apis.data.go.kr:80 "GET /B553077/api/open/sdsc/baroApi?resId=dong&catId=cty&ctprvnCd=11&ServiceKey=mzv%2B5nKLrKuD%2BmQQsQNPL9WTK%2B%2Bv2TmZhLsfKQ94z9xgb1RpWBP17HLSPzxlwwYugsmNqEOJqSxKVAXxdImgXg%3D%3D&type=json HTTP/1.1" 200 571
DEBUG:urllib3.connectionpool:Starting new HTTP connection (1): apis.data.go.kr:80
DEBUG:urllib3.connectionpool:http://apis.data.go.kr:80 "GET /B553077/api/open/sdsc/storeListInDong?divId=signguCd&key=11260&ServiceKey=mzv%2B5nKLrKuD%2BmQQsQNPL9WTK%2B%2Bv2TmZhLsfKQ94z9xgb1RpWBP17HLSPzxlwwYugsmNqEOJqSxKVAXxdImgXg%3D%3D&type=json HTTP/1.1" 200 3950
DEBUG:urllib3.connectionpool:Starting new HTTP connection (1): apis.data.go.kr:80
DEBUG:urllib3.connectionpool:http://apis.data.go.kr:80 "GET /B553077/api/open/sdsc/baroApi?resId=dong&catId=cty&ctprvnCd=46&ServiceKey=mzv%2B5nKLrKuD%2BmQQsQNPL9WTK%2B%2Bv2TmZhLsfKQ94z9xgb1RpWBP17HLSPzxlwwYugsmNqEOJqSxKVAXxdImgXg%3D%3D&type=json HTTP/1.1" 200 544
DEBUG:urllib3.connectionpool:Starting new HTTP connection (1): apis.data.go.kr:80
DEBUG:urllib3.connectionpool:http://apis.data.go.kr:80 "GET /B553077/api/open/sdsc/storeListInDong?divId=signguCd&key=46790&ServiceKey=mzv%2B5nKLrKuD%2BmQQsQNPL9WTK%2B%2Bv2TmZhLsfKQ94z9xgb1RpWBP17HLSPzxlwwYugsmNqEOJqSxKVAXxdImgXg%3D%3D&type=json HTTP/1.1" 200 3552
DEBUG:urllib3.connectionpool:Starting new HTTP connection (1): apis.data.go.kr:80
DEBUG:urllib3.connectionpool:http://apis.data.go.kr:80 "GET /B553077/api/open/sdsc/baroApi?resId=dong&catId=cty&ctprvnCd=11&ServiceKey=mzv%2B5nKLrKuD%2BmQQsQNPL9WTK%2B%2Bv2TmZhLsfKQ94z9xgb1RpWBP17HLSPzxlwwYugsmNqEOJqSxKVAXxdImgXg%3D%3D&type=json HTTP/1.1" 200 571
DEBUG:urllib3.connectionpool:Starting new HTTP connection (1): apis.data.go.kr:80
DEBUG:urllib3.connectionpool:http://apis.data.go.kr:80 "GET /B553077/api/open/sdsc/storeListInDong?divId=signguCd&key=11260&ServiceKey=mzv%2B5nKLrKuD%2BmQQsQNPL9WTK%2B%2Bv2TmZhLsfKQ94z9xgb1RpWBP17HLSPzxlwwYugsmNqEOJqSxKVAXxdImgXg%3D%3D&type=json HTTP/1.1" 200 3950
DEBUG:urllib3.connectionpool:Starting new HTTP connection (1): apis.data.go.kr:80
DEBUG:urllib3.connectionpool:http://apis.data.go.kr:80 "GET /B553077/api/open/sdsc/baroApi?resId=dong&catId=cty&ctprvnCd=45&ServiceKey=mzv%2B5nKLrKuD%2BmQQsQNPL9WTK%2B%2Bv2TmZhLsfKQ94z9xgb1RpWBP17HLSPzxlwwYugsmNqEOJqSxKVAXxdImgXg%3D%3D&type=json HTTP/1.1" 200 483
DEBUG:urllib3.connectionpool:Starting new HTTP connection (1): apis.data.go.kr:80
DEBUG:urllib3.connectionpool:http://apis.data.go.kr:80 "GET /B553077/api/open/sdsc/storeListInDong?divId=signguCd&key=45720&ServiceKey=mzv%2B5nKLrKuD%2BmQQsQNPL9WTK%2B%2Bv2TmZhLsfKQ94z9xgb1RpWBP17HLSPzxlwwYugsmNqEOJqSxKVAXxdImgXg%3D%3D&type=json HTTP/1.1" 200 3787
DEBUG:urllib3.connectionpool:Starting new HTTP connection (1): apis.data.go.kr:80
DEBUG:urllib3.connectionpool:http://apis.data.go.kr:80 "GET /B553077/api/open/sdsc/baroApi?resId=dong&catId=cty&ctprvnCd=46&ServiceKey=mzv%2B5nKLrKuD%2BmQQsQNPL9WTK%2B%2Bv2TmZhLsfKQ94z9xgb1RpWBP17HLSPzxlwwYugsmNqEOJqSxKVAXxdImgXg%3D%3D&type=json HTTP/1.1" 200 544
DEBUG:urllib3.connectionpool:Starting new HTTP connection (1): apis.data.go.kr:80
DEBUG:urllib3.connectionpool:http://apis.data.go.kr:80 "GET /B553077/api/open/sdsc/storeListInDong?divId=signguCd&key=46790&ServiceKey=mzv%2B5nKLrKuD%2BmQQsQNPL9WTK%2B%2Bv2TmZhLsfKQ94z9xgb1RpWBP17HLSPzxlwwYugsmNqEOJqSxKVAXxdImgXg%3D%3D&type=json HTTP/1.1" 200 3552
DEBUG:urllib3.connectionpool:Starting new HTTP connection (1): apis.data.go.kr:80
DEBUG:urllib3.connectionpool:http://apis.data.go.kr:80 "GET /B553077/api/open/sdsc/baroApi?resId=dong&catId=cty&ctprvnCd=46&ServiceKey=mzv%2B5nKLrKuD%2BmQQsQNPL9WTK%2B%2Bv2TmZhLsfKQ94z9xgb1RpWBP17HLSPzxlwwYugsmNqEOJqSxKVAXxdImgXg%3D%3D&type=json HTTP/1.1" 200 544
DEBUG:urllib3.connectionpool:Starting new HTTP connection (1): apis.data.go.kr:80
DEBUG:urllib3.connectionpool:http://apis.data.go.kr:80 "GET /B553077/api/open/sdsc/storeListInDong?divId=signguCd&key=46790&ServiceKey=mzv%2B5nKLrKuD%2BmQQsQNPL9WTK%2B%2Bv2TmZhLsfKQ94z9xgb1RpWBP17HLSPzxlwwYugsmNqEOJqSxKVAXxdImgXg%3D%3D&type=json HTTP/1.1" 200 3552
INFO:werkzeug:127.0.0.1 - - [16/Dec/2019 04:04:51] "POST /menus/travel HTTP/1.1" 500 -
INFO:werkzeug:127.0.0.1 - - [16/Dec/2019 04:04:51] "GET /menus/travel?__debugger__=yes&cmd=resource&f=style.css HTTP/1.1" 200 -
INFO:werkzeug:127.0.0.1 - - [16/Dec/2019 04:04:51] "GET /menus/travel?__debugger__=yes&cmd=resource&f=jquery.js HTTP/1.1" 200 -
INFO:werkzeug:127.0.0.1 - - [16/Dec/2019 04:04:51] "GET /menus/travel?__debugger__=yes&cmd=resource&f=debugger.js HTTP/1.1" 200 -
INFO:werkzeug:127.0.0.1 - - [16/Dec/2019 04:04:52] "GET /menus/travel?__debugger__=yes&cmd=resource&f=ubuntu.ttf HTTP/1.1" 200 -
INFO:werkzeug:127.0.0.1 - - [16/Dec/2019 04:04:52] "GET /menus/travel?__debugger__=yes&cmd=resource&f=console.png HTTP/1.1" 200 -
INFO:werkzeug:127.0.0.1 - - [16/Dec/2019 04:04:52] "GET /menus/travel?__debugger__=yes&cmd=resource&f=console.png HTTP/1.1" 200 -
DEBUG:urllib3.connectionpool:Starting new HTTP connection (1): api.visitkorea.or.kr:80
DEBUG:urllib3.connectionpool:http://api.visitkorea.or.kr:80 "GET /openapi/service/rest/KorService/searchKeyword?ServiceKey=mzv%2B5nKLrKuD%2BmQQsQNPL9WTK%2B%2Bv2TmZhLsfKQ94z9xgb1RpWBP17HLSPzxlwwYugsmNqEOJqSxKVAXxdImgXg%3D%3D&keyword=%EA%B5%AD%EB%A6%BD%EA%B3%B5%EC%9B%90&listYN=Y&arrange=A&MobileOS=ETC&MobileApp=AppTest&_type=json HTTP/1.1" 200 4889
DEBUG:urllib3.connectionpool:Starting new HTTP connection (1): apis.data.go.kr:80
DEBUG:urllib3.connectionpool:http://apis.data.go.kr:80 "GET /B553077/api/open/sdsc/baroApi?resId=dong&catId=cty&ctprvnCd=47&ServiceKey=mzv%2B5nKLrKuD%2BmQQsQNPL9WTK%2B%2Bv2TmZhLsfKQ94z9xgb1RpWBP17HLSPzxlwwYugsmNqEOJqSxKVAXxdImgXg%3D%3D&type=json HTTP/1.1" 200 561
DEBUG:urllib3.connectionpool:Starting new HTTP connection (1): apis.data.go.kr:80
DEBUG:urllib3.connectionpool:http://apis.data.go.kr:80 "GET /B553077/api/open/sdsc/storeListInDong?divId=signguCd&key=47113&ServiceKey=mzv%2B5nKLrKuD%2BmQQsQNPL9WTK%2B%2Bv2TmZhLsfKQ94z9xgb1RpWBP17HLSPzxlwwYugsmNqEOJqSxKVAXxdImgXg%3D%3D&type=json HTTP/1.1" 200 4090
DEBUG:urllib3.connectionpool:Starting new HTTP connection (1): apis.data.go.kr:80
DEBUG:urllib3.connectionpool:http://apis.data.go.kr:80 "GET /B553077/api/open/sdsc/baroApi?resId=dong&catId=cty&ctprvnCd=48&ServiceKey=mzv%2B5nKLrKuD%2BmQQsQNPL9WTK%2B%2Bv2TmZhLsfKQ94z9xgb1RpWBP17HLSPzxlwwYugsmNqEOJqSxKVAXxdImgXg%3D%3D&type=json HTTP/1.1" 200 565
DEBUG:urllib3.connectionpool:Starting new HTTP connection (1): apis.data.go.kr:80
DEBUG:urllib3.connectionpool:http://apis.data.go.kr:80 "GET /B553077/api/open/sdsc/storeListInDong?divId=signguCd&key=48890&ServiceKey=mzv%2B5nKLrKuD%2BmQQsQNPL9WTK%2B%2Bv2TmZhLsfKQ94z9xgb1RpWBP17HLSPzxlwwYugsmNqEOJqSxKVAXxdImgXg%3D%3D&type=json HTTP/1.1" 200 3866
DEBUG:urllib3.connectionpool:Starting new HTTP connection (1): apis.data.go.kr:80
DEBUG:urllib3.connectionpool:http://apis.data.go.kr:80 "GET /B553077/api/open/sdsc/baroApi?resId=dong&catId=cty&ctprvnCd=47&ServiceKey=mzv%2B5nKLrKuD%2BmQQsQNPL9WTK%2B%2Bv2TmZhLsfKQ94z9xgb1RpWBP17HLSPzxlwwYugsmNqEOJqSxKVAXxdImgXg%3D%3D&type=json HTTP/1.1" 200 561
DEBUG:urllib3.connectionpool:Starting new HTTP connection (1): apis.data.go.kr:80
DEBUG:urllib3.connectionpool:http://apis.data.go.kr:80 "GET /B553077/api/open/sdsc/storeListInDong?divId=signguCd&key=47113&ServiceKey=mzv%2B5nKLrKuD%2BmQQsQNPL9WTK%2B%2Bv2TmZhLsfKQ94z9xgb1RpWBP17HLSPzxlwwYugsmNqEOJqSxKVAXxdImgXg%3D%3D&type=json HTTP/1.1" 200 4090
DEBUG:urllib3.connectionpool:Starting new HTTP connection (1): apis.data.go.kr:80
DEBUG:urllib3.connectionpool:http://apis.data.go.kr:80 "GET /B553077/api/open/sdsc/baroApi?resId=dong&catId=cty&ctprvnCd=44&ServiceKey=mzv%2B5nKLrKuD%2BmQQsQNPL9WTK%2B%2Bv2TmZhLsfKQ94z9xgb1RpWBP17HLSPzxlwwYugsmNqEOJqSxKVAXxdImgXg%3D%3D&type=json HTTP/1.1" 200 497
DEBUG:urllib3.connectionpool:Starting new HTTP connection (1): apis.data.go.kr:80
DEBUG:urllib3.connectionpool:http://apis.data.go.kr:80 "GET /B553077/api/open/sdsc/storeListInDong?divId=signguCd&key=44800&ServiceKey=mzv%2B5nKLrKuD%2BmQQsQNPL9WTK%2B%2Bv2TmZhLsfKQ94z9xgb1RpWBP17HLSPzxlwwYugsmNqEOJqSxKVAXxdImgXg%3D%3D&type=json HTTP/1.1" 200 3840
DEBUG:urllib3.connectionpool:Starting new HTTP connection (1): apis.data.go.kr:80
DEBUG:urllib3.connectionpool:http://apis.data.go.kr:80 "GET /B553077/api/open/sdsc/baroApi?resId=dong&catId=cty&ctprvnCd=11&ServiceKey=mzv%2B5nKLrKuD%2BmQQsQNPL9WTK%2B%2Bv2TmZhLsfKQ94z9xgb1RpWBP17HLSPzxlwwYugsmNqEOJqSxKVAXxdImgXg%3D%3D&type=json HTTP/1.1" 200 571
DEBUG:urllib3.connectionpool:Starting new HTTP connection (1): apis.data.go.kr:80
DEBUG:urllib3.connectionpool:http://apis.data.go.kr:80 "GET /B553077/api/open/sdsc/storeListInDong?divId=signguCd&key=11260&ServiceKey=mzv%2B5nKLrKuD%2BmQQsQNPL9WTK%2B%2Bv2TmZhLsfKQ94z9xgb1RpWBP17HLSPzxlwwYugsmNqEOJqSxKVAXxdImgXg%3D%3D&type=json HTTP/1.1" 200 3950
DEBUG:urllib3.connectionpool:Starting new HTTP connection (1): apis.data.go.kr:80
DEBUG:urllib3.connectionpool:http://apis.data.go.kr:80 "GET /B553077/api/open/sdsc/baroApi?resId=dong&catId=cty&ctprvnCd=46&ServiceKey=mzv%2B5nKLrKuD%2BmQQsQNPL9WTK%2B%2Bv2TmZhLsfKQ94z9xgb1RpWBP17HLSPzxlwwYugsmNqEOJqSxKVAXxdImgXg%3D%3D&type=json HTTP/1.1" 200 544
DEBUG:urllib3.connectionpool:Starting new HTTP connection (1): apis.data.go.kr:80
DEBUG:urllib3.connectionpool:http://apis.data.go.kr:80 "GET /B553077/api/open/sdsc/storeListInDong?divId=signguCd&key=46790&ServiceKey=mzv%2B5nKLrKuD%2BmQQsQNPL9WTK%2B%2Bv2TmZhLsfKQ94z9xgb1RpWBP17HLSPzxlwwYugsmNqEOJqSxKVAXxdImgXg%3D%3D&type=json HTTP/1.1" 200 3552
DEBUG:urllib3.connectionpool:Starting new HTTP connection (1): apis.data.go.kr:80
DEBUG:urllib3.connectionpool:http://apis.data.go.kr:80 "GET /B553077/api/open/sdsc/baroApi?resId=dong&catId=cty&ctprvnCd=11&ServiceKey=mzv%2B5nKLrKuD%2BmQQsQNPL9WTK%2B%2Bv2TmZhLsfKQ94z9xgb1RpWBP17HLSPzxlwwYugsmNqEOJqSxKVAXxdImgXg%3D%3D&type=json HTTP/1.1" 200 571
DEBUG:urllib3.connectionpool:Starting new HTTP connection (1): apis.data.go.kr:80
DEBUG:urllib3.connectionpool:http://apis.data.go.kr:80 "GET /B553077/api/open/sdsc/storeListInDong?divId=signguCd&key=11260&ServiceKey=mzv%2B5nKLrKuD%2BmQQsQNPL9WTK%2B%2Bv2TmZhLsfKQ94z9xgb1RpWBP17HLSPzxlwwYugsmNqEOJqSxKVAXxdImgXg%3D%3D&type=json HTTP/1.1" 200 3950
DEBUG:urllib3.connectionpool:Starting new HTTP connection (1): apis.data.go.kr:80
DEBUG:urllib3.connectionpool:http://apis.data.go.kr:80 "GET /B553077/api/open/sdsc/baroApi?resId=dong&catId=cty&ctprvnCd=45&ServiceKey=mzv%2B5nKLrKuD%2BmQQsQNPL9WTK%2B%2Bv2TmZhLsfKQ94z9xgb1RpWBP17HLSPzxlwwYugsmNqEOJqSxKVAXxdImgXg%3D%3D&type=json HTTP/1.1" 200 483
DEBUG:urllib3.connectionpool:Starting new HTTP connection (1): apis.data.go.kr:80
DEBUG:urllib3.connectionpool:http://apis.data.go.kr:80 "GET /B553077/api/open/sdsc/storeListInDong?divId=signguCd&key=45720&ServiceKey=mzv%2B5nKLrKuD%2BmQQsQNPL9WTK%2B%2Bv2TmZhLsfKQ94z9xgb1RpWBP17HLSPzxlwwYugsmNqEOJqSxKVAXxdImgXg%3D%3D&type=json HTTP/1.1" 200 3787
DEBUG:urllib3.connectionpool:Starting new HTTP connection (1): apis.data.go.kr:80
DEBUG:urllib3.connectionpool:http://apis.data.go.kr:80 "GET /B553077/api/open/sdsc/baroApi?resId=dong&catId=cty&ctprvnCd=46&ServiceKey=mzv%2B5nKLrKuD%2BmQQsQNPL9WTK%2B%2Bv2TmZhLsfKQ94z9xgb1RpWBP17HLSPzxlwwYugsmNqEOJqSxKVAXxdImgXg%3D%3D&type=json HTTP/1.1" 200 544
DEBUG:urllib3.connectionpool:Starting new HTTP connection (1): apis.data.go.kr:80
DEBUG:urllib3.connectionpool:http://apis.data.go.kr:80 "GET /B553077/api/open/sdsc/storeListInDong?divId=signguCd&key=46790&ServiceKey=mzv%2B5nKLrKuD%2BmQQsQNPL9WTK%2B%2Bv2TmZhLsfKQ94z9xgb1RpWBP17HLSPzxlwwYugsmNqEOJqSxKVAXxdImgXg%3D%3D&type=json HTTP/1.1" 200 3552
DEBUG:urllib3.connectionpool:Starting new HTTP connection (1): apis.data.go.kr:80
DEBUG:urllib3.connectionpool:http://apis.data.go.kr:80 "GET /B553077/api/open/sdsc/baroApi?resId=dong&catId=cty&ctprvnCd=46&ServiceKey=mzv%2B5nKLrKuD%2BmQQsQNPL9WTK%2B%2Bv2TmZhLsfKQ94z9xgb1RpWBP17HLSPzxlwwYugsmNqEOJqSxKVAXxdImgXg%3D%3D&type=json HTTP/1.1" 200 544
DEBUG:urllib3.connectionpool:Starting new HTTP connection (1): apis.data.go.kr:80
DEBUG:urllib3.connectionpool:http://apis.data.go.kr:80 "GET /B553077/api/open/sdsc/storeListInDong?divId=signguCd&key=46790&ServiceKey=mzv%2B5nKLrKuD%2BmQQsQNPL9WTK%2B%2Bv2TmZhLsfKQ94z9xgb1RpWBP17HLSPzxlwwYugsmNqEOJqSxKVAXxdImgXg%3D%3D&type=json HTTP/1.1" 200 3552
INFO:werkzeug:127.0.0.1 - - [16/Dec/2019 04:06:42] "POST /menus/travel HTTP/1.1" 200 -
INFO:werkzeug: * Detected change in 'C:\\Users\\Will\\PycharmProjects\\travel_service\\views\\menus.py', reloading
INFO:werkzeug: * Restarting with stat
INFO:root:Flask Web Server Started
WARNING:werkzeug: * Debugger is active!
INFO:werkzeug: * Debugger PIN: 312-095-692
INFO:werkzeug: * Running on http://0.0.0.0:8080/ (Press CTRL+C to quit)
DEBUG:urllib3.connectionpool:Starting new HTTP connection (1): api.visitkorea.or.kr:80
DEBUG:urllib3.connectionpool:http://api.visitkorea.or.kr:80 "GET /openapi/service/rest/KorService/searchKeyword?ServiceKey=mzv%2B5nKLrKuD%2BmQQsQNPL9WTK%2B%2Bv2TmZhLsfKQ94z9xgb1RpWBP17HLSPzxlwwYugsmNqEOJqSxKVAXxdImgXg%3D%3D&keyword=%EA%B5%AD%EB%A6%BD%EA%B3%B5%EC%9B%90&listYN=Y&arrange=A&MobileOS=ETC&MobileApp=AppTest&_type=json HTTP/1.1" 200 4889
DEBUG:urllib3.connectionpool:Starting new HTTP connection (1): apis.data.go.kr:80
DEBUG:urllib3.connectionpool:http://apis.data.go.kr:80 "GET /B553077/api/open/sdsc/baroApi?resId=dong&catId=cty&ctprvnCd=47&ServiceKey=mzv%2B5nKLrKuD%2BmQQsQNPL9WTK%2B%2Bv2TmZhLsfKQ94z9xgb1RpWBP17HLSPzxlwwYugsmNqEOJqSxKVAXxdImgXg%3D%3D&type=json HTTP/1.1" 200 561
DEBUG:urllib3.connectionpool:Starting new HTTP connection (1): apis.data.go.kr:80
DEBUG:urllib3.connectionpool:http://apis.data.go.kr:80 "GET /B553077/api/open/sdsc/storeListInDong?divId=signguCd&key=47113&ServiceKey=mzv%2B5nKLrKuD%2BmQQsQNPL9WTK%2B%2Bv2TmZhLsfKQ94z9xgb1RpWBP17HLSPzxlwwYugsmNqEOJqSxKVAXxdImgXg%3D%3D&type=json HTTP/1.1" 200 4090
DEBUG:urllib3.connectionpool:Starting new HTTP connection (1): apis.data.go.kr:80
DEBUG:urllib3.connectionpool:http://apis.data.go.kr:80 "GET /B553077/api/open/sdsc/baroApi?resId=dong&catId=cty&ctprvnCd=48&ServiceKey=mzv%2B5nKLrKuD%2BmQQsQNPL9WTK%2B%2Bv2TmZhLsfKQ94z9xgb1RpWBP17HLSPzxlwwYugsmNqEOJqSxKVAXxdImgXg%3D%3D&type=json HTTP/1.1" 200 565
DEBUG:urllib3.connectionpool:Starting new HTTP connection (1): apis.data.go.kr:80
DEBUG:urllib3.connectionpool:http://apis.data.go.kr:80 "GET /B553077/api/open/sdsc/storeListInDong?divId=signguCd&key=48890&ServiceKey=mzv%2B5nKLrKuD%2BmQQsQNPL9WTK%2B%2Bv2TmZhLsfKQ94z9xgb1RpWBP17HLSPzxlwwYugsmNqEOJqSxKVAXxdImgXg%3D%3D&type=json HTTP/1.1" 200 3866
DEBUG:urllib3.connectionpool:Starting new HTTP connection (1): apis.data.go.kr:80
DEBUG:urllib3.connectionpool:http://apis.data.go.kr:80 "GET /B553077/api/open/sdsc/baroApi?resId=dong&catId=cty&ctprvnCd=47&ServiceKey=mzv%2B5nKLrKuD%2BmQQsQNPL9WTK%2B%2Bv2TmZhLsfKQ94z9xgb1RpWBP17HLSPzxlwwYugsmNqEOJqSxKVAXxdImgXg%3D%3D&type=json HTTP/1.1" 200 561
DEBUG:urllib3.connectionpool:Starting new HTTP connection (1): apis.data.go.kr:80
DEBUG:urllib3.connectionpool:http://apis.data.go.kr:80 "GET /B553077/api/open/sdsc/storeListInDong?divId=signguCd&key=47113&ServiceKey=mzv%2B5nKLrKuD%2BmQQsQNPL9WTK%2B%2Bv2TmZhLsfKQ94z9xgb1RpWBP17HLSPzxlwwYugsmNqEOJqSxKVAXxdImgXg%3D%3D&type=json HTTP/1.1" 200 4090
DEBUG:urllib3.connectionpool:Starting new HTTP connection (1): apis.data.go.kr:80
DEBUG:urllib3.connectionpool:http://apis.data.go.kr:80 "GET /B553077/api/open/sdsc/baroApi?resId=dong&catId=cty&ctprvnCd=44&ServiceKey=mzv%2B5nKLrKuD%2BmQQsQNPL9WTK%2B%2Bv2TmZhLsfKQ94z9xgb1RpWBP17HLSPzxlwwYugsmNqEOJqSxKVAXxdImgXg%3D%3D&type=json HTTP/1.1" 200 497
DEBUG:urllib3.connectionpool:Starting new HTTP connection (1): apis.data.go.kr:80
DEBUG:urllib3.connectionpool:http://apis.data.go.kr:80 "GET /B553077/api/open/sdsc/storeListInDong?divId=signguCd&key=44800&ServiceKey=mzv%2B5nKLrKuD%2BmQQsQNPL9WTK%2B%2Bv2TmZhLsfKQ94z9xgb1RpWBP17HLSPzxlwwYugsmNqEOJqSxKVAXxdImgXg%3D%3D&type=json HTTP/1.1" 200 3840
DEBUG:urllib3.connectionpool:Starting new HTTP connection (1): apis.data.go.kr:80
DEBUG:urllib3.connectionpool:http://apis.data.go.kr:80 "GET /B553077/api/open/sdsc/baroApi?resId=dong&catId=cty&ctprvnCd=11&ServiceKey=mzv%2B5nKLrKuD%2BmQQsQNPL9WTK%2B%2Bv2TmZhLsfKQ94z9xgb1RpWBP17HLSPzxlwwYugsmNqEOJqSxKVAXxdImgXg%3D%3D&type=json HTTP/1.1" 200 571
DEBUG:urllib3.connectionpool:Starting new HTTP connection (1): apis.data.go.kr:80
DEBUG:urllib3.connectionpool:http://apis.data.go.kr:80 "GET /B553077/api/open/sdsc/storeListInDong?divId=signguCd&key=11260&ServiceKey=mzv%2B5nKLrKuD%2BmQQsQNPL9WTK%2B%2Bv2TmZhLsfKQ94z9xgb1RpWBP17HLSPzxlwwYugsmNqEOJqSxKVAXxdImgXg%3D%3D&type=json HTTP/1.1" 200 3950
DEBUG:urllib3.connectionpool:Starting new HTTP connection (1): apis.data.go.kr:80
DEBUG:urllib3.connectionpool:http://apis.data.go.kr:80 "GET /B553077/api/open/sdsc/baroApi?resId=dong&catId=cty&ctprvnCd=46&ServiceKey=mzv%2B5nKLrKuD%2BmQQsQNPL9WTK%2B%2Bv2TmZhLsfKQ94z9xgb1RpWBP17HLSPzxlwwYugsmNqEOJqSxKVAXxdImgXg%3D%3D&type=json HTTP/1.1" 200 544
DEBUG:urllib3.connectionpool:Starting new HTTP connection (1): apis.data.go.kr:80
DEBUG:urllib3.connectionpool:http://apis.data.go.kr:80 "GET /B553077/api/open/sdsc/storeListInDong?divId=signguCd&key=46790&ServiceKey=mzv%2B5nKLrKuD%2BmQQsQNPL9WTK%2B%2Bv2TmZhLsfKQ94z9xgb1RpWBP17HLSPzxlwwYugsmNqEOJqSxKVAXxdImgXg%3D%3D&type=json HTTP/1.1" 200 3552
DEBUG:urllib3.connectionpool:Starting new HTTP connection (1): apis.data.go.kr:80
DEBUG:urllib3.connectionpool:http://apis.data.go.kr:80 "GET /B553077/api/open/sdsc/baroApi?resId=dong&catId=cty&ctprvnCd=11&ServiceKey=mzv%2B5nKLrKuD%2BmQQsQNPL9WTK%2B%2Bv2TmZhLsfKQ94z9xgb1RpWBP17HLSPzxlwwYugsmNqEOJqSxKVAXxdImgXg%3D%3D&type=json HTTP/1.1" 200 571
DEBUG:urllib3.connectionpool:Starting new HTTP connection (1): apis.data.go.kr:80
DEBUG:urllib3.connectionpool:http://apis.data.go.kr:80 "GET /B553077/api/open/sdsc/storeListInDong?divId=signguCd&key=11260&ServiceKey=mzv%2B5nKLrKuD%2BmQQsQNPL9WTK%2B%2Bv2TmZhLsfKQ94z9xgb1RpWBP17HLSPzxlwwYugsmNqEOJqSxKVAXxdImgXg%3D%3D&type=json HTTP/1.1" 200 3950
DEBUG:urllib3.connectionpool:Starting new HTTP connection (1): apis.data.go.kr:80
DEBUG:urllib3.connectionpool:http://apis.data.go.kr:80 "GET /B553077/api/open/sdsc/baroApi?resId=dong&catId=cty&ctprvnCd=45&ServiceKey=mzv%2B5nKLrKuD%2BmQQsQNPL9WTK%2B%2Bv2TmZhLsfKQ94z9xgb1RpWBP17HLSPzxlwwYugsmNqEOJqSxKVAXxdImgXg%3D%3D&type=json HTTP/1.1" 200 483
DEBUG:urllib3.connectionpool:Starting new HTTP connection (1): apis.data.go.kr:80
DEBUG:urllib3.connectionpool:http://apis.data.go.kr:80 "GET /B553077/api/open/sdsc/storeListInDong?divId=signguCd&key=45720&ServiceKey=mzv%2B5nKLrKuD%2BmQQsQNPL9WTK%2B%2Bv2TmZhLsfKQ94z9xgb1RpWBP17HLSPzxlwwYugsmNqEOJqSxKVAXxdImgXg%3D%3D&type=json HTTP/1.1" 200 3787
DEBUG:urllib3.connectionpool:Starting new HTTP connection (1): apis.data.go.kr:80
DEBUG:urllib3.connectionpool:http://apis.data.go.kr:80 "GET /B553077/api/open/sdsc/baroApi?resId=dong&catId=cty&ctprvnCd=46&ServiceKey=mzv%2B5nKLrKuD%2BmQQsQNPL9WTK%2B%2Bv2TmZhLsfKQ94z9xgb1RpWBP17HLSPzxlwwYugsmNqEOJqSxKVAXxdImgXg%3D%3D&type=json HTTP/1.1" 200 544
DEBUG:urllib3.connectionpool:Starting new HTTP connection (1): apis.data.go.kr:80
DEBUG:urllib3.connectionpool:http://apis.data.go.kr:80 "GET /B553077/api/open/sdsc/storeListInDong?divId=signguCd&key=46790&ServiceKey=mzv%2B5nKLrKuD%2BmQQsQNPL9WTK%2B%2Bv2TmZhLsfKQ94z9xgb1RpWBP17HLSPzxlwwYugsmNqEOJqSxKVAXxdImgXg%3D%3D&type=json HTTP/1.1" 200 3552
DEBUG:urllib3.connectionpool:Starting new HTTP connection (1): apis.data.go.kr:80
DEBUG:urllib3.connectionpool:http://apis.data.go.kr:80 "GET /B553077/api/open/sdsc/baroApi?resId=dong&catId=cty&ctprvnCd=46&ServiceKey=mzv%2B5nKLrKuD%2BmQQsQNPL9WTK%2B%2Bv2TmZhLsfKQ94z9xgb1RpWBP17HLSPzxlwwYugsmNqEOJqSxKVAXxdImgXg%3D%3D&type=json HTTP/1.1" 200 544
DEBUG:urllib3.connectionpool:Starting new HTTP connection (1): apis.data.go.kr:80
DEBUG:urllib3.connectionpool:http://apis.data.go.kr:80 "GET /B553077/api/open/sdsc/storeListInDong?divId=signguCd&key=46790&ServiceKey=mzv%2B5nKLrKuD%2BmQQsQNPL9WTK%2B%2Bv2TmZhLsfKQ94z9xgb1RpWBP17HLSPzxlwwYugsmNqEOJqSxKVAXxdImgXg%3D%3D&type=json HTTP/1.1" 200 3552
INFO:werkzeug:127.0.0.1 - - [16/Dec/2019 04:08:37] "POST /menus/travel HTTP/1.1" 200 -
INFO:werkzeug: * Detected change in 'C:\\Users\\Will\\PycharmProjects\\travel_service\\views\\menus.py', reloading
INFO:werkzeug: * Restarting with stat
INFO:root:Flask Web Server Started
WARNING:werkzeug: * Debugger is active!
INFO:werkzeug: * Debugger PIN: 312-095-692
INFO:werkzeug: * Running on http://0.0.0.0:8080/ (Press CTRL+C to quit)
DEBUG:urllib3.connectionpool:Starting new HTTP connection (1): api.visitkorea.or.kr:80
DEBUG:urllib3.connectionpool:http://api.visitkorea.or.kr:80 "GET /openapi/service/rest/KorService/searchKeyword?ServiceKey=mzv%2B5nKLrKuD%2BmQQsQNPL9WTK%2B%2Bv2TmZhLsfKQ94z9xgb1RpWBP17HLSPzxlwwYugsmNqEOJqSxKVAXxdImgXg%3D%3D&keyword=%EA%B5%AD%EB%A6%BD%EA%B3%B5%EC%9B%90&listYN=Y&arrange=A&MobileOS=ETC&MobileApp=AppTest&_type=json HTTP/1.1" 200 4889
DEBUG:urllib3.connectionpool:Starting new HTTP connection (1): apis.data.go.kr:80
DEBUG:urllib3.connectionpool:http://apis.data.go.kr:80 "GET /B553077/api/open/sdsc/baroApi?resId=dong&catId=cty&ctprvnCd=47&ServiceKey=mzv%2B5nKLrKuD%2BmQQsQNPL9WTK%2B%2Bv2TmZhLsfKQ94z9xgb1RpWBP17HLSPzxlwwYugsmNqEOJqSxKVAXxdImgXg%3D%3D&type=json HTTP/1.1" 200 561
DEBUG:urllib3.connectionpool:Starting new HTTP connection (1): apis.data.go.kr:80
DEBUG:urllib3.connectionpool:http://apis.data.go.kr:80 "GET /B553077/api/open/sdsc/storeListInDong?divId=signguCd&key=47113&ServiceKey=mzv%2B5nKLrKuD%2BmQQsQNPL9WTK%2B%2Bv2TmZhLsfKQ94z9xgb1RpWBP17HLSPzxlwwYugsmNqEOJqSxKVAXxdImgXg%3D%3D&type=json HTTP/1.1" 200 4090
DEBUG:urllib3.connectionpool:Starting new HTTP connection (1): apis.data.go.kr:80
DEBUG:urllib3.connectionpool:http://apis.data.go.kr:80 "GET /B553077/api/open/sdsc/baroApi?resId=dong&catId=cty&ctprvnCd=48&ServiceKey=mzv%2B5nKLrKuD%2BmQQsQNPL9WTK%2B%2Bv2TmZhLsfKQ94z9xgb1RpWBP17HLSPzxlwwYugsmNqEOJqSxKVAXxdImgXg%3D%3D&type=json HTTP/1.1" 200 565
DEBUG:urllib3.connectionpool:Starting new HTTP connection (1): apis.data.go.kr:80
DEBUG:urllib3.connectionpool:http://apis.data.go.kr:80 "GET /B553077/api/open/sdsc/storeListInDong?divId=signguCd&key=48890&ServiceKey=mzv%2B5nKLrKuD%2BmQQsQNPL9WTK%2B%2Bv2TmZhLsfKQ94z9xgb1RpWBP17HLSPzxlwwYugsmNqEOJqSxKVAXxdImgXg%3D%3D&type=json HTTP/1.1" 200 3866
DEBUG:urllib3.connectionpool:Starting new HTTP connection (1): apis.data.go.kr:80
DEBUG:urllib3.connectionpool:http://apis.data.go.kr:80 "GET /B553077/api/open/sdsc/baroApi?resId=dong&catId=cty&ctprvnCd=47&ServiceKey=mzv%2B5nKLrKuD%2BmQQsQNPL9WTK%2B%2Bv2TmZhLsfKQ94z9xgb1RpWBP17HLSPzxlwwYugsmNqEOJqSxKVAXxdImgXg%3D%3D&type=json HTTP/1.1" 200 561
DEBUG:urllib3.connectionpool:Starting new HTTP connection (1): apis.data.go.kr:80
DEBUG:urllib3.connectionpool:http://apis.data.go.kr:80 "GET /B553077/api/open/sdsc/storeListInDong?divId=signguCd&key=47113&ServiceKey=mzv%2B5nKLrKuD%2BmQQsQNPL9WTK%2B%2Bv2TmZhLsfKQ94z9xgb1RpWBP17HLSPzxlwwYugsmNqEOJqSxKVAXxdImgXg%3D%3D&type=json HTTP/1.1" 200 4090
DEBUG:urllib3.connectionpool:Starting new HTTP connection (1): apis.data.go.kr:80
DEBUG:urllib3.connectionpool:http://apis.data.go.kr:80 "GET /B553077/api/open/sdsc/baroApi?resId=dong&catId=cty&ctprvnCd=44&ServiceKey=mzv%2B5nKLrKuD%2BmQQsQNPL9WTK%2B%2Bv2TmZhLsfKQ94z9xgb1RpWBP17HLSPzxlwwYugsmNqEOJqSxKVAXxdImgXg%3D%3D&type=json HTTP/1.1" 200 497
DEBUG:urllib3.connectionpool:Starting new HTTP connection (1): apis.data.go.kr:80
DEBUG:urllib3.connectionpool:http://apis.data.go.kr:80 "GET /B553077/api/open/sdsc/storeListInDong?divId=signguCd&key=44800&ServiceKey=mzv%2B5nKLrKuD%2BmQQsQNPL9WTK%2B%2Bv2TmZhLsfKQ94z9xgb1RpWBP17HLSPzxlwwYugsmNqEOJqSxKVAXxdImgXg%3D%3D&type=json HTTP/1.1" 200 3840
DEBUG:urllib3.connectionpool:Starting new HTTP connection (1): apis.data.go.kr:80
DEBUG:urllib3.connectionpool:http://apis.data.go.kr:80 "GET /B553077/api/open/sdsc/baroApi?resId=dong&catId=cty&ctprvnCd=11&ServiceKey=mzv%2B5nKLrKuD%2BmQQsQNPL9WTK%2B%2Bv2TmZhLsfKQ94z9xgb1RpWBP17HLSPzxlwwYugsmNqEOJqSxKVAXxdImgXg%3D%3D&type=json HTTP/1.1" 200 571
DEBUG:urllib3.connectionpool:Starting new HTTP connection (1): apis.data.go.kr:80
DEBUG:urllib3.connectionpool:http://apis.data.go.kr:80 "GET /B553077/api/open/sdsc/storeListInDong?divId=signguCd&key=11260&ServiceKey=mzv%2B5nKLrKuD%2BmQQsQNPL9WTK%2B%2Bv2TmZhLsfKQ94z9xgb1RpWBP17HLSPzxlwwYugsmNqEOJqSxKVAXxdImgXg%3D%3D&type=json HTTP/1.1" 200 3950
DEBUG:urllib3.connectionpool:Starting new HTTP connection (1): apis.data.go.kr:80
DEBUG:urllib3.connectionpool:http://apis.data.go.kr:80 "GET /B553077/api/open/sdsc/baroApi?resId=dong&catId=cty&ctprvnCd=46&ServiceKey=mzv%2B5nKLrKuD%2BmQQsQNPL9WTK%2B%2Bv2TmZhLsfKQ94z9xgb1RpWBP17HLSPzxlwwYugsmNqEOJqSxKVAXxdImgXg%3D%3D&type=json HTTP/1.1" 200 544
DEBUG:urllib3.connectionpool:Starting new HTTP connection (1): apis.data.go.kr:80
DEBUG:urllib3.connectionpool:http://apis.data.go.kr:80 "GET /B553077/api/open/sdsc/storeListInDong?divId=signguCd&key=46790&ServiceKey=mzv%2B5nKLrKuD%2BmQQsQNPL9WTK%2B%2Bv2TmZhLsfKQ94z9xgb1RpWBP17HLSPzxlwwYugsmNqEOJqSxKVAXxdImgXg%3D%3D&type=json HTTP/1.1" 200 3552
DEBUG:urllib3.connectionpool:Starting new HTTP connection (1): apis.data.go.kr:80
DEBUG:urllib3.connectionpool:http://apis.data.go.kr:80 "GET /B553077/api/open/sdsc/baroApi?resId=dong&catId=cty&ctprvnCd=11&ServiceKey=mzv%2B5nKLrKuD%2BmQQsQNPL9WTK%2B%2Bv2TmZhLsfKQ94z9xgb1RpWBP17HLSPzxlwwYugsmNqEOJqSxKVAXxdImgXg%3D%3D&type=json HTTP/1.1" 200 571
DEBUG:urllib3.connectionpool:Starting new HTTP connection (1): apis.data.go.kr:80
DEBUG:urllib3.connectionpool:http://apis.data.go.kr:80 "GET /B553077/api/open/sdsc/storeListInDong?divId=signguCd&key=11260&ServiceKey=mzv%2B5nKLrKuD%2BmQQsQNPL9WTK%2B%2Bv2TmZhLsfKQ94z9xgb1RpWBP17HLSPzxlwwYugsmNqEOJqSxKVAXxdImgXg%3D%3D&type=json HTTP/1.1" 200 3950
DEBUG:urllib3.connectionpool:Starting new HTTP connection (1): apis.data.go.kr:80
DEBUG:urllib3.connectionpool:http://apis.data.go.kr:80 "GET /B553077/api/open/sdsc/baroApi?resId=dong&catId=cty&ctprvnCd=45&ServiceKey=mzv%2B5nKLrKuD%2BmQQsQNPL9WTK%2B%2Bv2TmZhLsfKQ94z9xgb1RpWBP17HLSPzxlwwYugsmNqEOJqSxKVAXxdImgXg%3D%3D&type=json HTTP/1.1" 200 483
DEBUG:urllib3.connectionpool:Starting new HTTP connection (1): apis.data.go.kr:80
DEBUG:urllib3.connectionpool:http://apis.data.go.kr:80 "GET /B553077/api/open/sdsc/storeListInDong?divId=signguCd&key=45720&ServiceKey=mzv%2B5nKLrKuD%2BmQQsQNPL9WTK%2B%2Bv2TmZhLsfKQ94z9xgb1RpWBP17HLSPzxlwwYugsmNqEOJqSxKVAXxdImgXg%3D%3D&type=json HTTP/1.1" 200 3787
DEBUG:urllib3.connectionpool:Starting new HTTP connection (1): apis.data.go.kr:80
DEBUG:urllib3.connectionpool:http://apis.data.go.kr:80 "GET /B553077/api/open/sdsc/baroApi?resId=dong&catId=cty&ctprvnCd=46&ServiceKey=mzv%2B5nKLrKuD%2BmQQsQNPL9WTK%2B%2Bv2TmZhLsfKQ94z9xgb1RpWBP17HLSPzxlwwYugsmNqEOJqSxKVAXxdImgXg%3D%3D&type=json HTTP/1.1" 200 544
DEBUG:urllib3.connectionpool:Starting new HTTP connection (1): apis.data.go.kr:80
DEBUG:urllib3.connectionpool:http://apis.data.go.kr:80 "GET /B553077/api/open/sdsc/storeListInDong?divId=signguCd&key=46790&ServiceKey=mzv%2B5nKLrKuD%2BmQQsQNPL9WTK%2B%2Bv2TmZhLsfKQ94z9xgb1RpWBP17HLSPzxlwwYugsmNqEOJqSxKVAXxdImgXg%3D%3D&type=json HTTP/1.1" 200 3552
DEBUG:urllib3.connectionpool:Starting new HTTP connection (1): apis.data.go.kr:80
DEBUG:urllib3.connectionpool:http://apis.data.go.kr:80 "GET /B553077/api/open/sdsc/baroApi?resId=dong&catId=cty&ctprvnCd=46&ServiceKey=mzv%2B5nKLrKuD%2BmQQsQNPL9WTK%2B%2Bv2TmZhLsfKQ94z9xgb1RpWBP17HLSPzxlwwYugsmNqEOJqSxKVAXxdImgXg%3D%3D&type=json HTTP/1.1" 200 544
DEBUG:urllib3.connectionpool:Starting new HTTP connection (1): apis.data.go.kr:80
DEBUG:urllib3.connectionpool:http://apis.data.go.kr:80 "GET /B553077/api/open/sdsc/storeListInDong?divId=signguCd&key=46790&ServiceKey=mzv%2B5nKLrKuD%2BmQQsQNPL9WTK%2B%2Bv2TmZhLsfKQ94z9xgb1RpWBP17HLSPzxlwwYugsmNqEOJqSxKVAXxdImgXg%3D%3D&type=json HTTP/1.1" 200 3552
INFO:werkzeug:127.0.0.1 - - [16/Dec/2019 04:09:55] "POST /menus/travel HTTP/1.1" 200 -
DEBUG:urllib3.connectionpool:Starting new HTTP connection (1): api.visitkorea.or.kr:80
DEBUG:urllib3.connectionpool:http://api.visitkorea.or.kr:80 "GET /openapi/service/rest/KorService/searchKeyword?ServiceKey=mzv%2B5nKLrKuD%2BmQQsQNPL9WTK%2B%2Bv2TmZhLsfKQ94z9xgb1RpWBP17HLSPzxlwwYugsmNqEOJqSxKVAXxdImgXg%3D%3D&keyword=%EA%B5%AD%EB%A6%BD%EA%B3%B5%EC%9B%90&listYN=Y&arrange=A&MobileOS=ETC&MobileApp=AppTest&_type=json HTTP/1.1" 200 4889
DEBUG:urllib3.connectionpool:Starting new HTTP connection (1): apis.data.go.kr:80
DEBUG:urllib3.connectionpool:http://apis.data.go.kr:80 "GET /B553077/api/open/sdsc/baroApi?resId=dong&catId=cty&ctprvnCd=47&ServiceKey=mzv%2B5nKLrKuD%2BmQQsQNPL9WTK%2B%2Bv2TmZhLsfKQ94z9xgb1RpWBP17HLSPzxlwwYugsmNqEOJqSxKVAXxdImgXg%3D%3D&type=json HTTP/1.1" 200 561
DEBUG:urllib3.connectionpool:Starting new HTTP connection (1): apis.data.go.kr:80
DEBUG:urllib3.connectionpool:http://apis.data.go.kr:80 "GET /B553077/api/open/sdsc/storeListInDong?divId=signguCd&key=47113&ServiceKey=mzv%2B5nKLrKuD%2BmQQsQNPL9WTK%2B%2Bv2TmZhLsfKQ94z9xgb1RpWBP17HLSPzxlwwYugsmNqEOJqSxKVAXxdImgXg%3D%3D&type=json HTTP/1.1" 200 4090
DEBUG:urllib3.connectionpool:Starting new HTTP connection (1): apis.data.go.kr:80
DEBUG:urllib3.connectionpool:http://apis.data.go.kr:80 "GET /B553077/api/open/sdsc/baroApi?resId=dong&catId=cty&ctprvnCd=48&ServiceKey=mzv%2B5nKLrKuD%2BmQQsQNPL9WTK%2B%2Bv2TmZhLsfKQ94z9xgb1RpWBP17HLSPzxlwwYugsmNqEOJqSxKVAXxdImgXg%3D%3D&type=json HTTP/1.1" 200 565
DEBUG:urllib3.connectionpool:Starting new HTTP connection (1): apis.data.go.kr:80
DEBUG:urllib3.connectionpool:http://apis.data.go.kr:80 "GET /B553077/api/open/sdsc/storeListInDong?divId=signguCd&key=48890&ServiceKey=mzv%2B5nKLrKuD%2BmQQsQNPL9WTK%2B%2Bv2TmZhLsfKQ94z9xgb1RpWBP17HLSPzxlwwYugsmNqEOJqSxKVAXxdImgXg%3D%3D&type=json HTTP/1.1" 200 3866
DEBUG:urllib3.connectionpool:Starting new HTTP connection (1): apis.data.go.kr:80
DEBUG:urllib3.connectionpool:http://apis.data.go.kr:80 "GET /B553077/api/open/sdsc/baroApi?resId=dong&catId=cty&ctprvnCd=47&ServiceKey=mzv%2B5nKLrKuD%2BmQQsQNPL9WTK%2B%2Bv2TmZhLsfKQ94z9xgb1RpWBP17HLSPzxlwwYugsmNqEOJqSxKVAXxdImgXg%3D%3D&type=json HTTP/1.1" 200 561
DEBUG:urllib3.connectionpool:Starting new HTTP connection (1): apis.data.go.kr:80
DEBUG:urllib3.connectionpool:http://apis.data.go.kr:80 "GET /B553077/api/open/sdsc/storeListInDong?divId=signguCd&key=47113&ServiceKey=mzv%2B5nKLrKuD%2BmQQsQNPL9WTK%2B%2Bv2TmZhLsfKQ94z9xgb1RpWBP17HLSPzxlwwYugsmNqEOJqSxKVAXxdImgXg%3D%3D&type=json HTTP/1.1" 200 4090
DEBUG:urllib3.connectionpool:Starting new HTTP connection (1): apis.data.go.kr:80
DEBUG:urllib3.connectionpool:http://apis.data.go.kr:80 "GET /B553077/api/open/sdsc/baroApi?resId=dong&catId=cty&ctprvnCd=44&ServiceKey=mzv%2B5nKLrKuD%2BmQQsQNPL9WTK%2B%2Bv2TmZhLsfKQ94z9xgb1RpWBP17HLSPzxlwwYugsmNqEOJqSxKVAXxdImgXg%3D%3D&type=json HTTP/1.1" 200 497
DEBUG:urllib3.connectionpool:Starting new HTTP connection (1): apis.data.go.kr:80
DEBUG:urllib3.connectionpool:http://apis.data.go.kr:80 "GET /B553077/api/open/sdsc/storeListInDong?divId=signguCd&key=44800&ServiceKey=mzv%2B5nKLrKuD%2BmQQsQNPL9WTK%2B%2Bv2TmZhLsfKQ94z9xgb1RpWBP17HLSPzxlwwYugsmNqEOJqSxKVAXxdImgXg%3D%3D&type=json HTTP/1.1" 200 3840
DEBUG:urllib3.connectionpool:Starting new HTTP connection (1): apis.data.go.kr:80
DEBUG:urllib3.connectionpool:http://apis.data.go.kr:80 "GET /B553077/api/open/sdsc/baroApi?resId=dong&catId=cty&ctprvnCd=11&ServiceKey=mzv%2B5nKLrKuD%2BmQQsQNPL9WTK%2B%2Bv2TmZhLsfKQ94z9xgb1RpWBP17HLSPzxlwwYugsmNqEOJqSxKVAXxdImgXg%3D%3D&type=json HTTP/1.1" 200 571
DEBUG:urllib3.connectionpool:Starting new HTTP connection (1): apis.data.go.kr:80
DEBUG:urllib3.connectionpool:http://apis.data.go.kr:80 "GET /B553077/api/open/sdsc/storeListInDong?divId=signguCd&key=11260&ServiceKey=mzv%2B5nKLrKuD%2BmQQsQNPL9WTK%2B%2Bv2TmZhLsfKQ94z9xgb1RpWBP17HLSPzxlwwYugsmNqEOJqSxKVAXxdImgXg%3D%3D&type=json HTTP/1.1" 200 3950
DEBUG:urllib3.connectionpool:Starting new HTTP connection (1): apis.data.go.kr:80
DEBUG:urllib3.connectionpool:http://apis.data.go.kr:80 "GET /B553077/api/open/sdsc/baroApi?resId=dong&catId=cty&ctprvnCd=46&ServiceKey=mzv%2B5nKLrKuD%2BmQQsQNPL9WTK%2B%2Bv2TmZhLsfKQ94z9xgb1RpWBP17HLSPzxlwwYugsmNqEOJqSxKVAXxdImgXg%3D%3D&type=json HTTP/1.1" 200 544
DEBUG:urllib3.connectionpool:Starting new HTTP connection (1): apis.data.go.kr:80
DEBUG:urllib3.connectionpool:http://apis.data.go.kr:80 "GET /B553077/api/open/sdsc/storeListInDong?divId=signguCd&key=46790&ServiceKey=mzv%2B5nKLrKuD%2BmQQsQNPL9WTK%2B%2Bv2TmZhLsfKQ94z9xgb1RpWBP17HLSPzxlwwYugsmNqEOJqSxKVAXxdImgXg%3D%3D&type=json HTTP/1.1" 200 3552
DEBUG:urllib3.connectionpool:Starting new HTTP connection (1): apis.data.go.kr:80
DEBUG:urllib3.connectionpool:http://apis.data.go.kr:80 "GET /B553077/api/open/sdsc/baroApi?resId=dong&catId=cty&ctprvnCd=11&ServiceKey=mzv%2B5nKLrKuD%2BmQQsQNPL9WTK%2B%2Bv2TmZhLsfKQ94z9xgb1RpWBP17HLSPzxlwwYugsmNqEOJqSxKVAXxdImgXg%3D%3D&type=json HTTP/1.1" 200 571
DEBUG:urllib3.connectionpool:Starting new HTTP connection (1): apis.data.go.kr:80
DEBUG:urllib3.connectionpool:http://apis.data.go.kr:80 "GET /B553077/api/open/sdsc/storeListInDong?divId=signguCd&key=11260&ServiceKey=mzv%2B5nKLrKuD%2BmQQsQNPL9WTK%2B%2Bv2TmZhLsfKQ94z9xgb1RpWBP17HLSPzxlwwYugsmNqEOJqSxKVAXxdImgXg%3D%3D&type=json HTTP/1.1" 200 3950
DEBUG:urllib3.connectionpool:Starting new HTTP connection (1): apis.data.go.kr:80
DEBUG:urllib3.connectionpool:http://apis.data.go.kr:80 "GET /B553077/api/open/sdsc/baroApi?resId=dong&catId=cty&ctprvnCd=45&ServiceKey=mzv%2B5nKLrKuD%2BmQQsQNPL9WTK%2B%2Bv2TmZhLsfKQ94z9xgb1RpWBP17HLSPzxlwwYugsmNqEOJqSxKVAXxdImgXg%3D%3D&type=json HTTP/1.1" 200 483
DEBUG:urllib3.connectionpool:Starting new HTTP connection (1): apis.data.go.kr:80
DEBUG:urllib3.connectionpool:http://apis.data.go.kr:80 "GET /B553077/api/open/sdsc/storeListInDong?divId=signguCd&key=45720&ServiceKey=mzv%2B5nKLrKuD%2BmQQsQNPL9WTK%2B%2Bv2TmZhLsfKQ94z9xgb1RpWBP17HLSPzxlwwYugsmNqEOJqSxKVAXxdImgXg%3D%3D&type=json HTTP/1.1" 200 3787
DEBUG:urllib3.connectionpool:Starting new HTTP connection (1): apis.data.go.kr:80
DEBUG:urllib3.connectionpool:http://apis.data.go.kr:80 "GET /B553077/api/open/sdsc/baroApi?resId=dong&catId=cty&ctprvnCd=46&ServiceKey=mzv%2B5nKLrKuD%2BmQQsQNPL9WTK%2B%2Bv2TmZhLsfKQ94z9xgb1RpWBP17HLSPzxlwwYugsmNqEOJqSxKVAXxdImgXg%3D%3D&type=json HTTP/1.1" 200 544
DEBUG:urllib3.connectionpool:Starting new HTTP connection (1): apis.data.go.kr:80
DEBUG:urllib3.connectionpool:http://apis.data.go.kr:80 "GET /B553077/api/open/sdsc/storeListInDong?divId=signguCd&key=46790&ServiceKey=mzv%2B5nKLrKuD%2BmQQsQNPL9WTK%2B%2Bv2TmZhLsfKQ94z9xgb1RpWBP17HLSPzxlwwYugsmNqEOJqSxKVAXxdImgXg%3D%3D&type=json HTTP/1.1" 200 3552
DEBUG:urllib3.connectionpool:Starting new HTTP connection (1): apis.data.go.kr:80
DEBUG:urllib3.connectionpool:http://apis.data.go.kr:80 "GET /B553077/api/open/sdsc/baroApi?resId=dong&catId=cty&ctprvnCd=46&ServiceKey=mzv%2B5nKLrKuD%2BmQQsQNPL9WTK%2B%2Bv2TmZhLsfKQ94z9xgb1RpWBP17HLSPzxlwwYugsmNqEOJqSxKVAXxdImgXg%3D%3D&type=json HTTP/1.1" 200 544
DEBUG:urllib3.connectionpool:Starting new HTTP connection (1): apis.data.go.kr:80
DEBUG:urllib3.connectionpool:http://apis.data.go.kr:80 "GET /B553077/api/open/sdsc/storeListInDong?divId=signguCd&key=46790&ServiceKey=mzv%2B5nKLrKuD%2BmQQsQNPL9WTK%2B%2Bv2TmZhLsfKQ94z9xgb1RpWBP17HLSPzxlwwYugsmNqEOJqSxKVAXxdImgXg%3D%3D&type=json HTTP/1.1" 200 3552
INFO:werkzeug:127.0.0.1 - - [16/Dec/2019 04:10:31] "POST /menus/travel HTTP/1.1" 200 -
DEBUG:urllib3.connectionpool:Starting new HTTP connection (1): api.visitkorea.or.kr:80
DEBUG:urllib3.connectionpool:http://api.visitkorea.or.kr:80 "GET /openapi/service/rest/KorService/searchKeyword?ServiceKey=mzv%2B5nKLrKuD%2BmQQsQNPL9WTK%2B%2Bv2TmZhLsfKQ94z9xgb1RpWBP17HLSPzxlwwYugsmNqEOJqSxKVAXxdImgXg%3D%3D&keyword=%EA%B5%AD%EB%A6%BD%EA%B3%B5%EC%9B%90&listYN=Y&arrange=A&MobileOS=ETC&MobileApp=AppTest&_type=json HTTP/1.1" 200 4889
DEBUG:urllib3.connectionpool:Starting new HTTP connection (1): apis.data.go.kr:80
DEBUG:urllib3.connectionpool:http://apis.data.go.kr:80 "GET /B553077/api/open/sdsc/baroApi?resId=dong&catId=cty&ctprvnCd=47&ServiceKey=mzv%2B5nKLrKuD%2BmQQsQNPL9WTK%2B%2Bv2TmZhLsfKQ94z9xgb1RpWBP17HLSPzxlwwYugsmNqEOJqSxKVAXxdImgXg%3D%3D&type=json HTTP/1.1" 200 561
DEBUG:urllib3.connectionpool:Starting new HTTP connection (1): apis.data.go.kr:80
DEBUG:urllib3.connectionpool:http://apis.data.go.kr:80 "GET /B553077/api/open/sdsc/storeListInDong?divId=signguCd&key=47113&ServiceKey=mzv%2B5nKLrKuD%2BmQQsQNPL9WTK%2B%2Bv2TmZhLsfKQ94z9xgb1RpWBP17HLSPzxlwwYugsmNqEOJqSxKVAXxdImgXg%3D%3D&type=json HTTP/1.1" 200 4090
DEBUG:urllib3.connectionpool:Starting new HTTP connection (1): apis.data.go.kr:80
DEBUG:urllib3.connectionpool:http://apis.data.go.kr:80 "GET /B553077/api/open/sdsc/baroApi?resId=dong&catId=cty&ctprvnCd=48&ServiceKey=mzv%2B5nKLrKuD%2BmQQsQNPL9WTK%2B%2Bv2TmZhLsfKQ94z9xgb1RpWBP17HLSPzxlwwYugsmNqEOJqSxKVAXxdImgXg%3D%3D&type=json HTTP/1.1" 200 565
DEBUG:urllib3.connectionpool:Starting new HTTP connection (1): apis.data.go.kr:80
DEBUG:urllib3.connectionpool:http://apis.data.go.kr:80 "GET /B553077/api/open/sdsc/storeListInDong?divId=signguCd&key=48890&ServiceKey=mzv%2B5nKLrKuD%2BmQQsQNPL9WTK%2B%2Bv2TmZhLsfKQ94z9xgb1RpWBP17HLSPzxlwwYugsmNqEOJqSxKVAXxdImgXg%3D%3D&type=json HTTP/1.1" 200 3866
DEBUG:urllib3.connectionpool:Starting new HTTP connection (1): apis.data.go.kr:80
DEBUG:urllib3.connectionpool:http://apis.data.go.kr:80 "GET /B553077/api/open/sdsc/baroApi?resId=dong&catId=cty&ctprvnCd=47&ServiceKey=mzv%2B5nKLrKuD%2BmQQsQNPL9WTK%2B%2Bv2TmZhLsfKQ94z9xgb1RpWBP17HLSPzxlwwYugsmNqEOJqSxKVAXxdImgXg%3D%3D&type=json HTTP/1.1" 200 561
DEBUG:urllib3.connectionpool:Starting new HTTP connection (1): apis.data.go.kr:80
DEBUG:urllib3.connectionpool:http://apis.data.go.kr:80 "GET /B553077/api/open/sdsc/storeListInDong?divId=signguCd&key=47113&ServiceKey=mzv%2B5nKLrKuD%2BmQQsQNPL9WTK%2B%2Bv2TmZhLsfKQ94z9xgb1RpWBP17HLSPzxlwwYugsmNqEOJqSxKVAXxdImgXg%3D%3D&type=json HTTP/1.1" 200 4090
DEBUG:urllib3.connectionpool:Starting new HTTP connection (1): apis.data.go.kr:80
DEBUG:urllib3.connectionpool:http://apis.data.go.kr:80 "GET /B553077/api/open/sdsc/baroApi?resId=dong&catId=cty&ctprvnCd=44&ServiceKey=mzv%2B5nKLrKuD%2BmQQsQNPL9WTK%2B%2Bv2TmZhLsfKQ94z9xgb1RpWBP17HLSPzxlwwYugsmNqEOJqSxKVAXxdImgXg%3D%3D&type=json HTTP/1.1" 200 497
DEBUG:urllib3.connectionpool:Starting new HTTP connection (1): apis.data.go.kr:80
DEBUG:urllib3.connectionpool:http://apis.data.go.kr:80 "GET /B553077/api/open/sdsc/storeListInDong?divId=signguCd&key=44800&ServiceKey=mzv%2B5nKLrKuD%2BmQQsQNPL9WTK%2B%2Bv2TmZhLsfKQ94z9xgb1RpWBP17HLSPzxlwwYugsmNqEOJqSxKVAXxdImgXg%3D%3D&type=json HTTP/1.1" 200 3840
DEBUG:urllib3.connectionpool:Starting new HTTP connection (1): apis.data.go.kr:80
DEBUG:urllib3.connectionpool:http://apis.data.go.kr:80 "GET /B553077/api/open/sdsc/baroApi?resId=dong&catId=cty&ctprvnCd=11&ServiceKey=mzv%2B5nKLrKuD%2BmQQsQNPL9WTK%2B%2Bv2TmZhLsfKQ94z9xgb1RpWBP17HLSPzxlwwYugsmNqEOJqSxKVAXxdImgXg%3D%3D&type=json HTTP/1.1" 200 571
DEBUG:urllib3.connectionpool:Starting new HTTP connection (1): apis.data.go.kr:80
DEBUG:urllib3.connectionpool:http://apis.data.go.kr:80 "GET /B553077/api/open/sdsc/storeListInDong?divId=signguCd&key=11260&ServiceKey=mzv%2B5nKLrKuD%2BmQQsQNPL9WTK%2B%2Bv2TmZhLsfKQ94z9xgb1RpWBP17HLSPzxlwwYugsmNqEOJqSxKVAXxdImgXg%3D%3D&type=json HTTP/1.1" 200 3950
DEBUG:urllib3.connectionpool:Starting new HTTP connection (1): apis.data.go.kr:80
DEBUG:urllib3.connectionpool:http://apis.data.go.kr:80 "GET /B553077/api/open/sdsc/baroApi?resId=dong&catId=cty&ctprvnCd=46&ServiceKey=mzv%2B5nKLrKuD%2BmQQsQNPL9WTK%2B%2Bv2TmZhLsfKQ94z9xgb1RpWBP17HLSPzxlwwYugsmNqEOJqSxKVAXxdImgXg%3D%3D&type=json HTTP/1.1" 200 544
DEBUG:urllib3.connectionpool:Starting new HTTP connection (1): apis.data.go.kr:80
DEBUG:urllib3.connectionpool:http://apis.data.go.kr:80 "GET /B553077/api/open/sdsc/storeListInDong?divId=signguCd&key=46790&ServiceKey=mzv%2B5nKLrKuD%2BmQQsQNPL9WTK%2B%2Bv2TmZhLsfKQ94z9xgb1RpWBP17HLSPzxlwwYugsmNqEOJqSxKVAXxdImgXg%3D%3D&type=json HTTP/1.1" 200 3552
DEBUG:urllib3.connectionpool:Starting new HTTP connection (1): apis.data.go.kr:80
DEBUG:urllib3.connectionpool:http://apis.data.go.kr:80 "GET /B553077/api/open/sdsc/baroApi?resId=dong&catId=cty&ctprvnCd=11&ServiceKey=mzv%2B5nKLrKuD%2BmQQsQNPL9WTK%2B%2Bv2TmZhLsfKQ94z9xgb1RpWBP17HLSPzxlwwYugsmNqEOJqSxKVAXxdImgXg%3D%3D&type=json HTTP/1.1" 200 571
DEBUG:urllib3.connectionpool:Starting new HTTP connection (1): apis.data.go.kr:80
DEBUG:urllib3.connectionpool:http://apis.data.go.kr:80 "GET /B553077/api/open/sdsc/storeListInDong?divId=signguCd&key=11260&ServiceKey=mzv%2B5nKLrKuD%2BmQQsQNPL9WTK%2B%2Bv2TmZhLsfKQ94z9xgb1RpWBP17HLSPzxlwwYugsmNqEOJqSxKVAXxdImgXg%3D%3D&type=json HTTP/1.1" 200 3950
DEBUG:urllib3.connectionpool:Starting new HTTP connection (1): apis.data.go.kr:80
DEBUG:urllib3.connectionpool:http://apis.data.go.kr:80 "GET /B553077/api/open/sdsc/baroApi?resId=dong&catId=cty&ctprvnCd=45&ServiceKey=mzv%2B5nKLrKuD%2BmQQsQNPL9WTK%2B%2Bv2TmZhLsfKQ94z9xgb1RpWBP17HLSPzxlwwYugsmNqEOJqSxKVAXxdImgXg%3D%3D&type=json HTTP/1.1" 200 483
DEBUG:urllib3.connectionpool:Starting new HTTP connection (1): apis.data.go.kr:80
DEBUG:urllib3.connectionpool:http://apis.data.go.kr:80 "GET /B553077/api/open/sdsc/storeListInDong?divId=signguCd&key=45720&ServiceKey=mzv%2B5nKLrKuD%2BmQQsQNPL9WTK%2B%2Bv2TmZhLsfKQ94z9xgb1RpWBP17HLSPzxlwwYugsmNqEOJqSxKVAXxdImgXg%3D%3D&type=json HTTP/1.1" 200 3787
DEBUG:urllib3.connectionpool:Starting new HTTP connection (1): apis.data.go.kr:80
DEBUG:urllib3.connectionpool:http://apis.data.go.kr:80 "GET /B553077/api/open/sdsc/baroApi?resId=dong&catId=cty&ctprvnCd=46&ServiceKey=mzv%2B5nKLrKuD%2BmQQsQNPL9WTK%2B%2Bv2TmZhLsfKQ94z9xgb1RpWBP17HLSPzxlwwYugsmNqEOJqSxKVAXxdImgXg%3D%3D&type=json HTTP/1.1" 200 544
DEBUG:urllib3.connectionpool:Starting new HTTP connection (1): apis.data.go.kr:80
DEBUG:urllib3.connectionpool:http://apis.data.go.kr:80 "GET /B553077/api/open/sdsc/storeListInDong?divId=signguCd&key=46790&ServiceKey=mzv%2B5nKLrKuD%2BmQQsQNPL9WTK%2B%2Bv2TmZhLsfKQ94z9xgb1RpWBP17HLSPzxlwwYugsmNqEOJqSxKVAXxdImgXg%3D%3D&type=json HTTP/1.1" 200 3552
DEBUG:urllib3.connectionpool:Starting new HTTP connection (1): apis.data.go.kr:80
DEBUG:urllib3.connectionpool:http://apis.data.go.kr:80 "GET /B553077/api/open/sdsc/baroApi?resId=dong&catId=cty&ctprvnCd=46&ServiceKey=mzv%2B5nKLrKuD%2BmQQsQNPL9WTK%2B%2Bv2TmZhLsfKQ94z9xgb1RpWBP17HLSPzxlwwYugsmNqEOJqSxKVAXxdImgXg%3D%3D&type=json HTTP/1.1" 200 544
DEBUG:urllib3.connectionpool:Starting new HTTP connection (1): apis.data.go.kr:80
DEBUG:urllib3.connectionpool:http://apis.data.go.kr:80 "GET /B553077/api/open/sdsc/storeListInDong?divId=signguCd&key=46790&ServiceKey=mzv%2B5nKLrKuD%2BmQQsQNPL9WTK%2B%2Bv2TmZhLsfKQ94z9xgb1RpWBP17HLSPzxlwwYugsmNqEOJqSxKVAXxdImgXg%3D%3D&type=json HTTP/1.1" 200 3552
INFO:werkzeug:127.0.0.1 - - [16/Dec/2019 04:10:59] "POST /menus/travel HTTP/1.1" 200 -
DEBUG:urllib3.connectionpool:Starting new HTTP connection (1): api.visitkorea.or.kr:80
DEBUG:urllib3.connectionpool:http://api.visitkorea.or.kr:80 "GET /openapi/service/rest/KorService/searchKeyword?ServiceKey=mzv%2B5nKLrKuD%2BmQQsQNPL9WTK%2B%2Bv2TmZhLsfKQ94z9xgb1RpWBP17HLSPzxlwwYugsmNqEOJqSxKVAXxdImgXg%3D%3D&keyword=%EA%B5%AD%EB%A6%BD%EA%B3%B5%EC%9B%90&listYN=Y&arrange=A&MobileOS=ETC&MobileApp=AppTest&_type=json HTTP/1.1" 200 4889
DEBUG:urllib3.connectionpool:Starting new HTTP connection (1): apis.data.go.kr:80
DEBUG:urllib3.connectionpool:http://apis.data.go.kr:80 "GET /B553077/api/open/sdsc/baroApi?resId=dong&catId=cty&ctprvnCd=47&ServiceKey=mzv%2B5nKLrKuD%2BmQQsQNPL9WTK%2B%2Bv2TmZhLsfKQ94z9xgb1RpWBP17HLSPzxlwwYugsmNqEOJqSxKVAXxdImgXg%3D%3D&type=json HTTP/1.1" 200 561
DEBUG:urllib3.connectionpool:Starting new HTTP connection (1): apis.data.go.kr:80
DEBUG:urllib3.connectionpool:http://apis.data.go.kr:80 "GET /B553077/api/open/sdsc/storeListInDong?divId=signguCd&key=47113&ServiceKey=mzv%2B5nKLrKuD%2BmQQsQNPL9WTK%2B%2Bv2TmZhLsfKQ94z9xgb1RpWBP17HLSPzxlwwYugsmNqEOJqSxKVAXxdImgXg%3D%3D&type=json HTTP/1.1" 200 4090
DEBUG:urllib3.connectionpool:Starting new HTTP connection (1): apis.data.go.kr:80
DEBUG:urllib3.connectionpool:http://apis.data.go.kr:80 "GET /B553077/api/open/sdsc/baroApi?resId=dong&catId=cty&ctprvnCd=48&ServiceKey=mzv%2B5nKLrKuD%2BmQQsQNPL9WTK%2B%2Bv2TmZhLsfKQ94z9xgb1RpWBP17HLSPzxlwwYugsmNqEOJqSxKVAXxdImgXg%3D%3D&type=json HTTP/1.1" 200 565
DEBUG:urllib3.connectionpool:Starting new HTTP connection (1): apis.data.go.kr:80
DEBUG:urllib3.connectionpool:http://apis.data.go.kr:80 "GET /B553077/api/open/sdsc/storeListInDong?divId=signguCd&key=48890&ServiceKey=mzv%2B5nKLrKuD%2BmQQsQNPL9WTK%2B%2Bv2TmZhLsfKQ94z9xgb1RpWBP17HLSPzxlwwYugsmNqEOJqSxKVAXxdImgXg%3D%3D&type=json HTTP/1.1" 200 3866
DEBUG:urllib3.connectionpool:Starting new HTTP connection (1): apis.data.go.kr:80
DEBUG:urllib3.connectionpool:http://apis.data.go.kr:80 "GET /B553077/api/open/sdsc/baroApi?resId=dong&catId=cty&ctprvnCd=47&ServiceKey=mzv%2B5nKLrKuD%2BmQQsQNPL9WTK%2B%2Bv2TmZhLsfKQ94z9xgb1RpWBP17HLSPzxlwwYugsmNqEOJqSxKVAXxdImgXg%3D%3D&type=json HTTP/1.1" 200 561
DEBUG:urllib3.connectionpool:Starting new HTTP connection (1): apis.data.go.kr:80
DEBUG:urllib3.connectionpool:http://apis.data.go.kr:80 "GET /B553077/api/open/sdsc/storeListInDong?divId=signguCd&key=47113&ServiceKey=mzv%2B5nKLrKuD%2BmQQsQNPL9WTK%2B%2Bv2TmZhLsfKQ94z9xgb1RpWBP17HLSPzxlwwYugsmNqEOJqSxKVAXxdImgXg%3D%3D&type=json HTTP/1.1" 200 4090
DEBUG:urllib3.connectionpool:Starting new HTTP connection (1): apis.data.go.kr:80
DEBUG:urllib3.connectionpool:http://apis.data.go.kr:80 "GET /B553077/api/open/sdsc/baroApi?resId=dong&catId=cty&ctprvnCd=44&ServiceKey=mzv%2B5nKLrKuD%2BmQQsQNPL9WTK%2B%2Bv2TmZhLsfKQ94z9xgb1RpWBP17HLSPzxlwwYugsmNqEOJqSxKVAXxdImgXg%3D%3D&type=json HTTP/1.1" 200 497
DEBUG:urllib3.connectionpool:Starting new HTTP connection (1): apis.data.go.kr:80
DEBUG:urllib3.connectionpool:http://apis.data.go.kr:80 "GET /B553077/api/open/sdsc/storeListInDong?divId=signguCd&key=44800&ServiceKey=mzv%2B5nKLrKuD%2BmQQsQNPL9WTK%2B%2Bv2TmZhLsfKQ94z9xgb1RpWBP17HLSPzxlwwYugsmNqEOJqSxKVAXxdImgXg%3D%3D&type=json HTTP/1.1" 200 3840
DEBUG:urllib3.connectionpool:Starting new HTTP connection (1): apis.data.go.kr:80
DEBUG:urllib3.connectionpool:http://apis.data.go.kr:80 "GET /B553077/api/open/sdsc/baroApi?resId=dong&catId=cty&ctprvnCd=11&ServiceKey=mzv%2B5nKLrKuD%2BmQQsQNPL9WTK%2B%2Bv2TmZhLsfKQ94z9xgb1RpWBP17HLSPzxlwwYugsmNqEOJqSxKVAXxdImgXg%3D%3D&type=json HTTP/1.1" 200 571
DEBUG:urllib3.connectionpool:Starting new HTTP connection (1): apis.data.go.kr:80
DEBUG:urllib3.connectionpool:http://apis.data.go.kr:80 "GET /B553077/api/open/sdsc/storeListInDong?divId=signguCd&key=11260&ServiceKey=mzv%2B5nKLrKuD%2BmQQsQNPL9WTK%2B%2Bv2TmZhLsfKQ94z9xgb1RpWBP17HLSPzxlwwYugsmNqEOJqSxKVAXxdImgXg%3D%3D&type=json HTTP/1.1" 200 3950
DEBUG:urllib3.connectionpool:Starting new HTTP connection (1): apis.data.go.kr:80
DEBUG:urllib3.connectionpool:http://apis.data.go.kr:80 "GET /B553077/api/open/sdsc/baroApi?resId=dong&catId=cty&ctprvnCd=46&ServiceKey=mzv%2B5nKLrKuD%2BmQQsQNPL9WTK%2B%2Bv2TmZhLsfKQ94z9xgb1RpWBP17HLSPzxlwwYugsmNqEOJqSxKVAXxdImgXg%3D%3D&type=json HTTP/1.1" 200 544
DEBUG:urllib3.connectionpool:Starting new HTTP connection (1): apis.data.go.kr:80
DEBUG:urllib3.connectionpool:http://apis.data.go.kr:80 "GET /B553077/api/open/sdsc/storeListInDong?divId=signguCd&key=46790&ServiceKey=mzv%2B5nKLrKuD%2BmQQsQNPL9WTK%2B%2Bv2TmZhLsfKQ94z9xgb1RpWBP17HLSPzxlwwYugsmNqEOJqSxKVAXxdImgXg%3D%3D&type=json HTTP/1.1" 200 3552
DEBUG:urllib3.connectionpool:Starting new HTTP connection (1): apis.data.go.kr:80
DEBUG:urllib3.connectionpool:http://apis.data.go.kr:80 "GET /B553077/api/open/sdsc/baroApi?resId=dong&catId=cty&ctprvnCd=11&ServiceKey=mzv%2B5nKLrKuD%2BmQQsQNPL9WTK%2B%2Bv2TmZhLsfKQ94z9xgb1RpWBP17HLSPzxlwwYugsmNqEOJqSxKVAXxdImgXg%3D%3D&type=json HTTP/1.1" 200 571
DEBUG:urllib3.connectionpool:Starting new HTTP connection (1): apis.data.go.kr:80
DEBUG:urllib3.connectionpool:http://apis.data.go.kr:80 "GET /B553077/api/open/sdsc/storeListInDong?divId=signguCd&key=11260&ServiceKey=mzv%2B5nKLrKuD%2BmQQsQNPL9WTK%2B%2Bv2TmZhLsfKQ94z9xgb1RpWBP17HLSPzxlwwYugsmNqEOJqSxKVAXxdImgXg%3D%3D&type=json HTTP/1.1" 200 3950
DEBUG:urllib3.connectionpool:Starting new HTTP connection (1): apis.data.go.kr:80
DEBUG:urllib3.connectionpool:http://apis.data.go.kr:80 "GET /B553077/api/open/sdsc/baroApi?resId=dong&catId=cty&ctprvnCd=45&ServiceKey=mzv%2B5nKLrKuD%2BmQQsQNPL9WTK%2B%2Bv2TmZhLsfKQ94z9xgb1RpWBP17HLSPzxlwwYugsmNqEOJqSxKVAXxdImgXg%3D%3D&type=json HTTP/1.1" 200 483
DEBUG:urllib3.connectionpool:Starting new HTTP connection (1): apis.data.go.kr:80
DEBUG:urllib3.connectionpool:http://apis.data.go.kr:80 "GET /B553077/api/open/sdsc/storeListInDong?divId=signguCd&key=45720&ServiceKey=mzv%2B5nKLrKuD%2BmQQsQNPL9WTK%2B%2Bv2TmZhLsfKQ94z9xgb1RpWBP17HLSPzxlwwYugsmNqEOJqSxKVAXxdImgXg%3D%3D&type=json HTTP/1.1" 200 3787
DEBUG:urllib3.connectionpool:Starting new HTTP connection (1): apis.data.go.kr:80
DEBUG:urllib3.connectionpool:http://apis.data.go.kr:80 "GET /B553077/api/open/sdsc/baroApi?resId=dong&catId=cty&ctprvnCd=46&ServiceKey=mzv%2B5nKLrKuD%2BmQQsQNPL9WTK%2B%2Bv2TmZhLsfKQ94z9xgb1RpWBP17HLSPzxlwwYugsmNqEOJqSxKVAXxdImgXg%3D%3D&type=json HTTP/1.1" 200 544
DEBUG:urllib3.connectionpool:Starting new HTTP connection (1): apis.data.go.kr:80
DEBUG:urllib3.connectionpool:http://apis.data.go.kr:80 "GET /B553077/api/open/sdsc/storeListInDong?divId=signguCd&key=46790&ServiceKey=mzv%2B5nKLrKuD%2BmQQsQNPL9WTK%2B%2Bv2TmZhLsfKQ94z9xgb1RpWBP17HLSPzxlwwYugsmNqEOJqSxKVAXxdImgXg%3D%3D&type=json HTTP/1.1" 200 3552
DEBUG:urllib3.connectionpool:Starting new HTTP connection (1): apis.data.go.kr:80
DEBUG:urllib3.connectionpool:http://apis.data.go.kr:80 "GET /B553077/api/open/sdsc/baroApi?resId=dong&catId=cty&ctprvnCd=46&ServiceKey=mzv%2B5nKLrKuD%2BmQQsQNPL9WTK%2B%2Bv2TmZhLsfKQ94z9xgb1RpWBP17HLSPzxlwwYugsmNqEOJqSxKVAXxdImgXg%3D%3D&type=json HTTP/1.1" 200 544
DEBUG:urllib3.connectionpool:Starting new HTTP connection (1): apis.data.go.kr:80
DEBUG:urllib3.connectionpool:http://apis.data.go.kr:80 "GET /B553077/api/open/sdsc/storeListInDong?divId=signguCd&key=46790&ServiceKey=mzv%2B5nKLrKuD%2BmQQsQNPL9WTK%2B%2Bv2TmZhLsfKQ94z9xgb1RpWBP17HLSPzxlwwYugsmNqEOJqSxKVAXxdImgXg%3D%3D&type=json HTTP/1.1" 200 3552
INFO:werkzeug:127.0.0.1 - - [16/Dec/2019 04:11:59] "POST /menus/travel HTTP/1.1" 200 -
DEBUG:urllib3.connectionpool:Starting new HTTP connection (1): api.visitkorea.or.kr:80
DEBUG:urllib3.connectionpool:http://api.visitkorea.or.kr:80 "GET /openapi/service/rest/KorService/searchKeyword?ServiceKey=mzv%2B5nKLrKuD%2BmQQsQNPL9WTK%2B%2Bv2TmZhLsfKQ94z9xgb1RpWBP17HLSPzxlwwYugsmNqEOJqSxKVAXxdImgXg%3D%3D&keyword=%EA%B5%AD%EB%A6%BD%EA%B3%B5%EC%9B%90&listYN=Y&arrange=A&MobileOS=ETC&MobileApp=AppTest&_type=json HTTP/1.1" 200 4889
DEBUG:urllib3.connectionpool:Starting new HTTP connection (1): apis.data.go.kr:80
DEBUG:urllib3.connectionpool:http://apis.data.go.kr:80 "GET /B553077/api/open/sdsc/baroApi?resId=dong&catId=cty&ctprvnCd=47&ServiceKey=mzv%2B5nKLrKuD%2BmQQsQNPL9WTK%2B%2Bv2TmZhLsfKQ94z9xgb1RpWBP17HLSPzxlwwYugsmNqEOJqSxKVAXxdImgXg%3D%3D&type=json HTTP/1.1" 200 561
DEBUG:urllib3.connectionpool:Starting new HTTP connection (1): apis.data.go.kr:80
DEBUG:urllib3.connectionpool:http://apis.data.go.kr:80 "GET /B553077/api/open/sdsc/storeListInDong?divId=signguCd&key=47113&ServiceKey=mzv%2B5nKLrKuD%2BmQQsQNPL9WTK%2B%2Bv2TmZhLsfKQ94z9xgb1RpWBP17HLSPzxlwwYugsmNqEOJqSxKVAXxdImgXg%3D%3D&type=json HTTP/1.1" 200 4090
DEBUG:urllib3.connectionpool:Starting new HTTP connection (1): apis.data.go.kr:80
DEBUG:urllib3.connectionpool:http://apis.data.go.kr:80 "GET /B553077/api/open/sdsc/baroApi?resId=dong&catId=cty&ctprvnCd=48&ServiceKey=mzv%2B5nKLrKuD%2BmQQsQNPL9WTK%2B%2Bv2TmZhLsfKQ94z9xgb1RpWBP17HLSPzxlwwYugsmNqEOJqSxKVAXxdImgXg%3D%3D&type=json HTTP/1.1" 200 565
DEBUG:urllib3.connectionpool:Starting new HTTP connection (1): apis.data.go.kr:80
DEBUG:urllib3.connectionpool:http://apis.data.go.kr:80 "GET /B553077/api/open/sdsc/storeListInDong?divId=signguCd&key=48890&ServiceKey=mzv%2B5nKLrKuD%2BmQQsQNPL9WTK%2B%2Bv2TmZhLsfKQ94z9xgb1RpWBP17HLSPzxlwwYugsmNqEOJqSxKVAXxdImgXg%3D%3D&type=json HTTP/1.1" 200 3866
DEBUG:urllib3.connectionpool:Starting new HTTP connection (1): apis.data.go.kr:80
DEBUG:urllib3.connectionpool:http://apis.data.go.kr:80 "GET /B553077/api/open/sdsc/baroApi?resId=dong&catId=cty&ctprvnCd=47&ServiceKey=mzv%2B5nKLrKuD%2BmQQsQNPL9WTK%2B%2Bv2TmZhLsfKQ94z9xgb1RpWBP17HLSPzxlwwYugsmNqEOJqSxKVAXxdImgXg%3D%3D&type=json HTTP/1.1" 200 561
DEBUG:urllib3.connectionpool:Starting new HTTP connection (1): apis.data.go.kr:80
DEBUG:urllib3.connectionpool:http://apis.data.go.kr:80 "GET /B553077/api/open/sdsc/storeListInDong?divId=signguCd&key=47113&ServiceKey=mzv%2B5nKLrKuD%2BmQQsQNPL9WTK%2B%2Bv2TmZhLsfKQ94z9xgb1RpWBP17HLSPzxlwwYugsmNqEOJqSxKVAXxdImgXg%3D%3D&type=json HTTP/1.1" 200 4090
DEBUG:urllib3.connectionpool:Starting new HTTP connection (1): apis.data.go.kr:80
DEBUG:urllib3.connectionpool:http://apis.data.go.kr:80 "GET /B553077/api/open/sdsc/baroApi?resId=dong&catId=cty&ctprvnCd=44&ServiceKey=mzv%2B5nKLrKuD%2BmQQsQNPL9WTK%2B%2Bv2TmZhLsfKQ94z9xgb1RpWBP17HLSPzxlwwYugsmNqEOJqSxKVAXxdImgXg%3D%3D&type=json HTTP/1.1" 200 497
DEBUG:urllib3.connectionpool:Starting new HTTP connection (1): apis.data.go.kr:80
DEBUG:urllib3.connectionpool:http://apis.data.go.kr:80 "GET /B553077/api/open/sdsc/storeListInDong?divId=signguCd&key=44800&ServiceKey=mzv%2B5nKLrKuD%2BmQQsQNPL9WTK%2B%2Bv2TmZhLsfKQ94z9xgb1RpWBP17HLSPzxlwwYugsmNqEOJqSxKVAXxdImgXg%3D%3D&type=json HTTP/1.1" 200 3840
DEBUG:urllib3.connectionpool:Starting new HTTP connection (1): apis.data.go.kr:80
DEBUG:urllib3.connectionpool:http://apis.data.go.kr:80 "GET /B553077/api/open/sdsc/baroApi?resId=dong&catId=cty&ctprvnCd=11&ServiceKey=mzv%2B5nKLrKuD%2BmQQsQNPL9WTK%2B%2Bv2TmZhLsfKQ94z9xgb1RpWBP17HLSPzxlwwYugsmNqEOJqSxKVAXxdImgXg%3D%3D&type=json HTTP/1.1" 200 571
DEBUG:urllib3.connectionpool:Starting new HTTP connection (1): apis.data.go.kr:80
DEBUG:urllib3.connectionpool:http://apis.data.go.kr:80 "GET /B553077/api/open/sdsc/storeListInDong?divId=signguCd&key=11260&ServiceKey=mzv%2B5nKLrKuD%2BmQQsQNPL9WTK%2B%2Bv2TmZhLsfKQ94z9xgb1RpWBP17HLSPzxlwwYugsmNqEOJqSxKVAXxdImgXg%3D%3D&type=json HTTP/1.1" 200 3950
DEBUG:urllib3.connectionpool:Starting new HTTP connection (1): apis.data.go.kr:80
DEBUG:urllib3.connectionpool:http://apis.data.go.kr:80 "GET /B553077/api/open/sdsc/baroApi?resId=dong&catId=cty&ctprvnCd=46&ServiceKey=mzv%2B5nKLrKuD%2BmQQsQNPL9WTK%2B%2Bv2TmZhLsfKQ94z9xgb1RpWBP17HLSPzxlwwYugsmNqEOJqSxKVAXxdImgXg%3D%3D&type=json HTTP/1.1" 200 544
DEBUG:urllib3.connectionpool:Starting new HTTP connection (1): apis.data.go.kr:80
DEBUG:urllib3.connectionpool:http://apis.data.go.kr:80 "GET /B553077/api/open/sdsc/storeListInDong?divId=signguCd&key=46790&ServiceKey=mzv%2B5nKLrKuD%2BmQQsQNPL9WTK%2B%2Bv2TmZhLsfKQ94z9xgb1RpWBP17HLSPzxlwwYugsmNqEOJqSxKVAXxdImgXg%3D%3D&type=json HTTP/1.1" 200 3552
DEBUG:urllib3.connectionpool:Starting new HTTP connection (1): apis.data.go.kr:80
DEBUG:urllib3.connectionpool:http://apis.data.go.kr:80 "GET /B553077/api/open/sdsc/baroApi?resId=dong&catId=cty&ctprvnCd=11&ServiceKey=mzv%2B5nKLrKuD%2BmQQsQNPL9WTK%2B%2Bv2TmZhLsfKQ94z9xgb1RpWBP17HLSPzxlwwYugsmNqEOJqSxKVAXxdImgXg%3D%3D&type=json HTTP/1.1" 200 571
DEBUG:urllib3.connectionpool:Starting new HTTP connection (1): apis.data.go.kr:80
DEBUG:urllib3.connectionpool:http://apis.data.go.kr:80 "GET /B553077/api/open/sdsc/storeListInDong?divId=signguCd&key=11260&ServiceKey=mzv%2B5nKLrKuD%2BmQQsQNPL9WTK%2B%2Bv2TmZhLsfKQ94z9xgb1RpWBP17HLSPzxlwwYugsmNqEOJqSxKVAXxdImgXg%3D%3D&type=json HTTP/1.1" 200 3950
DEBUG:urllib3.connectionpool:Starting new HTTP connection (1): apis.data.go.kr:80
DEBUG:urllib3.connectionpool:http://apis.data.go.kr:80 "GET /B553077/api/open/sdsc/baroApi?resId=dong&catId=cty&ctprvnCd=45&ServiceKey=mzv%2B5nKLrKuD%2BmQQsQNPL9WTK%2B%2Bv2TmZhLsfKQ94z9xgb1RpWBP17HLSPzxlwwYugsmNqEOJqSxKVAXxdImgXg%3D%3D&type=json HTTP/1.1" 200 483
DEBUG:urllib3.connectionpool:Starting new HTTP connection (1): apis.data.go.kr:80
DEBUG:urllib3.connectionpool:http://apis.data.go.kr:80 "GET /B553077/api/open/sdsc/storeListInDong?divId=signguCd&key=45720&ServiceKey=mzv%2B5nKLrKuD%2BmQQsQNPL9WTK%2B%2Bv2TmZhLsfKQ94z9xgb1RpWBP17HLSPzxlwwYugsmNqEOJqSxKVAXxdImgXg%3D%3D&type=json HTTP/1.1" 200 3787
DEBUG:urllib3.connectionpool:Starting new HTTP connection (1): apis.data.go.kr:80
DEBUG:urllib3.connectionpool:http://apis.data.go.kr:80 "GET /B553077/api/open/sdsc/baroApi?resId=dong&catId=cty&ctprvnCd=46&ServiceKey=mzv%2B5nKLrKuD%2BmQQsQNPL9WTK%2B%2Bv2TmZhLsfKQ94z9xgb1RpWBP17HLSPzxlwwYugsmNqEOJqSxKVAXxdImgXg%3D%3D&type=json HTTP/1.1" 200 544
DEBUG:urllib3.connectionpool:Starting new HTTP connection (1): apis.data.go.kr:80
DEBUG:urllib3.connectionpool:http://apis.data.go.kr:80 "GET /B553077/api/open/sdsc/storeListInDong?divId=signguCd&key=46790&ServiceKey=mzv%2B5nKLrKuD%2BmQQsQNPL9WTK%2B%2Bv2TmZhLsfKQ94z9xgb1RpWBP17HLSPzxlwwYugsmNqEOJqSxKVAXxdImgXg%3D%3D&type=json HTTP/1.1" 200 3552
DEBUG:urllib3.connectionpool:Starting new HTTP connection (1): apis.data.go.kr:80
DEBUG:urllib3.connectionpool:http://apis.data.go.kr:80 "GET /B553077/api/open/sdsc/baroApi?resId=dong&catId=cty&ctprvnCd=46&ServiceKey=mzv%2B5nKLrKuD%2BmQQsQNPL9WTK%2B%2Bv2TmZhLsfKQ94z9xgb1RpWBP17HLSPzxlwwYugsmNqEOJqSxKVAXxdImgXg%3D%3D&type=json HTTP/1.1" 200 544
DEBUG:urllib3.connectionpool:Starting new HTTP connection (1): apis.data.go.kr:80
DEBUG:urllib3.connectionpool:http://apis.data.go.kr:80 "GET /B553077/api/open/sdsc/storeListInDong?divId=signguCd&key=46790&ServiceKey=mzv%2B5nKLrKuD%2BmQQsQNPL9WTK%2B%2Bv2TmZhLsfKQ94z9xgb1RpWBP17HLSPzxlwwYugsmNqEOJqSxKVAXxdImgXg%3D%3D&type=json HTTP/1.1" 200 3552
INFO:werkzeug:127.0.0.1 - - [16/Dec/2019 04:12:28] "POST /menus/travel HTTP/1.1" 500 -
INFO:werkzeug:127.0.0.1 - - [16/Dec/2019 04:12:28] "GET /menus/travel?__debugger__=yes&cmd=resource&f=style.css HTTP/1.1" 200 -
INFO:werkzeug:127.0.0.1 - - [16/Dec/2019 04:12:28] "GET /menus/travel?__debugger__=yes&cmd=resource&f=jquery.js HTTP/1.1" 200 -
INFO:werkzeug:127.0.0.1 - - [16/Dec/2019 04:12:28] "GET /menus/travel?__debugger__=yes&cmd=resource&f=debugger.js HTTP/1.1" 200 -
INFO:werkzeug:127.0.0.1 - - [16/Dec/2019 04:12:28] "GET /menus/travel?__debugger__=yes&cmd=resource&f=ubuntu.ttf HTTP/1.1" 200 -
INFO:werkzeug:127.0.0.1 - - [16/Dec/2019 04:12:28] "GET /menus/travel?__debugger__=yes&cmd=resource&f=console.png HTTP/1.1" 200 -
INFO:werkzeug:127.0.0.1 - - [16/Dec/2019 04:12:28] "GET /menus/travel?__debugger__=yes&cmd=resource&f=console.png HTTP/1.1" 200 -
INFO:werkzeug:127.0.0.1 - - [16/Dec/2019 04:12:45] "GET /menus/travel HTTP/1.1" 200 -
DEBUG:urllib3.connectionpool:Starting new HTTP connection (1): api.visitkorea.or.kr:80
DEBUG:urllib3.connectionpool:http://api.visitkorea.or.kr:80 "GET /openapi/service/rest/KorService/searchKeyword?ServiceKey=mzv%2B5nKLrKuD%2BmQQsQNPL9WTK%2B%2Bv2TmZhLsfKQ94z9xgb1RpWBP17HLSPzxlwwYugsmNqEOJqSxKVAXxdImgXg%3D%3D&keyword=%EA%B5%AD%EB%A6%BD%EA%B3%B5%EC%9B%90&listYN=Y&arrange=A&MobileOS=ETC&MobileApp=AppTest&_type=json HTTP/1.1" 200 4889
DEBUG:urllib3.connectionpool:Starting new HTTP connection (1): apis.data.go.kr:80
DEBUG:urllib3.connectionpool:http://apis.data.go.kr:80 "GET /B553077/api/open/sdsc/baroApi?resId=dong&catId=cty&ctprvnCd=47&ServiceKey=mzv%2B5nKLrKuD%2BmQQsQNPL9WTK%2B%2Bv2TmZhLsfKQ94z9xgb1RpWBP17HLSPzxlwwYugsmNqEOJqSxKVAXxdImgXg%3D%3D&type=json HTTP/1.1" 200 561
DEBUG:urllib3.connectionpool:Starting new HTTP connection (1): apis.data.go.kr:80
DEBUG:urllib3.connectionpool:http://apis.data.go.kr:80 "GET /B553077/api/open/sdsc/storeListInDong?divId=signguCd&key=47113&ServiceKey=mzv%2B5nKLrKuD%2BmQQsQNPL9WTK%2B%2Bv2TmZhLsfKQ94z9xgb1RpWBP17HLSPzxlwwYugsmNqEOJqSxKVAXxdImgXg%3D%3D&type=json HTTP/1.1" 200 4090
DEBUG:urllib3.connectionpool:Starting new HTTP connection (1): apis.data.go.kr:80
DEBUG:urllib3.connectionpool:http://apis.data.go.kr:80 "GET /B553077/api/open/sdsc/baroApi?resId=dong&catId=cty&ctprvnCd=48&ServiceKey=mzv%2B5nKLrKuD%2BmQQsQNPL9WTK%2B%2Bv2TmZhLsfKQ94z9xgb1RpWBP17HLSPzxlwwYugsmNqEOJqSxKVAXxdImgXg%3D%3D&type=json HTTP/1.1" 200 565
DEBUG:urllib3.connectionpool:Starting new HTTP connection (1): apis.data.go.kr:80
DEBUG:urllib3.connectionpool:http://apis.data.go.kr:80 "GET /B553077/api/open/sdsc/storeListInDong?divId=signguCd&key=48890&ServiceKey=mzv%2B5nKLrKuD%2BmQQsQNPL9WTK%2B%2Bv2TmZhLsfKQ94z9xgb1RpWBP17HLSPzxlwwYugsmNqEOJqSxKVAXxdImgXg%3D%3D&type=json HTTP/1.1" 200 3866
DEBUG:urllib3.connectionpool:Starting new HTTP connection (1): apis.data.go.kr:80
DEBUG:urllib3.connectionpool:http://apis.data.go.kr:80 "GET /B553077/api/open/sdsc/baroApi?resId=dong&catId=cty&ctprvnCd=47&ServiceKey=mzv%2B5nKLrKuD%2BmQQsQNPL9WTK%2B%2Bv2TmZhLsfKQ94z9xgb1RpWBP17HLSPzxlwwYugsmNqEOJqSxKVAXxdImgXg%3D%3D&type=json HTTP/1.1" 200 561
DEBUG:urllib3.connectionpool:Starting new HTTP connection (1): apis.data.go.kr:80
DEBUG:urllib3.connectionpool:http://apis.data.go.kr:80 "GET /B553077/api/open/sdsc/storeListInDong?divId=signguCd&key=47113&ServiceKey=mzv%2B5nKLrKuD%2BmQQsQNPL9WTK%2B%2Bv2TmZhLsfKQ94z9xgb1RpWBP17HLSPzxlwwYugsmNqEOJqSxKVAXxdImgXg%3D%3D&type=json HTTP/1.1" 200 4090
DEBUG:urllib3.connectionpool:Starting new HTTP connection (1): apis.data.go.kr:80
DEBUG:urllib3.connectionpool:http://apis.data.go.kr:80 "GET /B553077/api/open/sdsc/baroApi?resId=dong&catId=cty&ctprvnCd=44&ServiceKey=mzv%2B5nKLrKuD%2BmQQsQNPL9WTK%2B%2Bv2TmZhLsfKQ94z9xgb1RpWBP17HLSPzxlwwYugsmNqEOJqSxKVAXxdImgXg%3D%3D&type=json HTTP/1.1" 200 497
DEBUG:urllib3.connectionpool:Starting new HTTP connection (1): apis.data.go.kr:80
DEBUG:urllib3.connectionpool:http://apis.data.go.kr:80 "GET /B553077/api/open/sdsc/storeListInDong?divId=signguCd&key=44800&ServiceKey=mzv%2B5nKLrKuD%2BmQQsQNPL9WTK%2B%2Bv2TmZhLsfKQ94z9xgb1RpWBP17HLSPzxlwwYugsmNqEOJqSxKVAXxdImgXg%3D%3D&type=json HTTP/1.1" 200 3840
DEBUG:urllib3.connectionpool:Starting new HTTP connection (1): apis.data.go.kr:80
DEBUG:urllib3.connectionpool:http://apis.data.go.kr:80 "GET /B553077/api/open/sdsc/baroApi?resId=dong&catId=cty&ctprvnCd=11&ServiceKey=mzv%2B5nKLrKuD%2BmQQsQNPL9WTK%2B%2Bv2TmZhLsfKQ94z9xgb1RpWBP17HLSPzxlwwYugsmNqEOJqSxKVAXxdImgXg%3D%3D&type=json HTTP/1.1" 200 571
DEBUG:urllib3.connectionpool:Starting new HTTP connection (1): apis.data.go.kr:80
DEBUG:urllib3.connectionpool:http://apis.data.go.kr:80 "GET /B553077/api/open/sdsc/storeListInDong?divId=signguCd&key=11260&ServiceKey=mzv%2B5nKLrKuD%2BmQQsQNPL9WTK%2B%2Bv2TmZhLsfKQ94z9xgb1RpWBP17HLSPzxlwwYugsmNqEOJqSxKVAXxdImgXg%3D%3D&type=json HTTP/1.1" 200 3950
DEBUG:urllib3.connectionpool:Starting new HTTP connection (1): apis.data.go.kr:80
DEBUG:urllib3.connectionpool:http://apis.data.go.kr:80 "GET /B553077/api/open/sdsc/baroApi?resId=dong&catId=cty&ctprvnCd=46&ServiceKey=mzv%2B5nKLrKuD%2BmQQsQNPL9WTK%2B%2Bv2TmZhLsfKQ94z9xgb1RpWBP17HLSPzxlwwYugsmNqEOJqSxKVAXxdImgXg%3D%3D&type=json HTTP/1.1" 200 544
DEBUG:urllib3.connectionpool:Starting new HTTP connection (1): apis.data.go.kr:80
DEBUG:urllib3.connectionpool:http://apis.data.go.kr:80 "GET /B553077/api/open/sdsc/storeListInDong?divId=signguCd&key=46790&ServiceKey=mzv%2B5nKLrKuD%2BmQQsQNPL9WTK%2B%2Bv2TmZhLsfKQ94z9xgb1RpWBP17HLSPzxlwwYugsmNqEOJqSxKVAXxdImgXg%3D%3D&type=json HTTP/1.1" 200 3552
DEBUG:urllib3.connectionpool:Starting new HTTP connection (1): apis.data.go.kr:80
DEBUG:urllib3.connectionpool:http://apis.data.go.kr:80 "GET /B553077/api/open/sdsc/baroApi?resId=dong&catId=cty&ctprvnCd=11&ServiceKey=mzv%2B5nKLrKuD%2BmQQsQNPL9WTK%2B%2Bv2TmZhLsfKQ94z9xgb1RpWBP17HLSPzxlwwYugsmNqEOJqSxKVAXxdImgXg%3D%3D&type=json HTTP/1.1" 200 571
DEBUG:urllib3.connectionpool:Starting new HTTP connection (1): apis.data.go.kr:80
DEBUG:urllib3.connectionpool:http://apis.data.go.kr:80 "GET /B553077/api/open/sdsc/storeListInDong?divId=signguCd&key=11260&ServiceKey=mzv%2B5nKLrKuD%2BmQQsQNPL9WTK%2B%2Bv2TmZhLsfKQ94z9xgb1RpWBP17HLSPzxlwwYugsmNqEOJqSxKVAXxdImgXg%3D%3D&type=json HTTP/1.1" 200 3950
DEBUG:urllib3.connectionpool:Starting new HTTP connection (1): apis.data.go.kr:80
DEBUG:urllib3.connectionpool:http://apis.data.go.kr:80 "GET /B553077/api/open/sdsc/baroApi?resId=dong&catId=cty&ctprvnCd=45&ServiceKey=mzv%2B5nKLrKuD%2BmQQsQNPL9WTK%2B%2Bv2TmZhLsfKQ94z9xgb1RpWBP17HLSPzxlwwYugsmNqEOJqSxKVAXxdImgXg%3D%3D&type=json HTTP/1.1" 200 483
DEBUG:urllib3.connectionpool:Starting new HTTP connection (1): apis.data.go.kr:80
DEBUG:urllib3.connectionpool:http://apis.data.go.kr:80 "GET /B553077/api/open/sdsc/storeListInDong?divId=signguCd&key=45720&ServiceKey=mzv%2B5nKLrKuD%2BmQQsQNPL9WTK%2B%2Bv2TmZhLsfKQ94z9xgb1RpWBP17HLSPzxlwwYugsmNqEOJqSxKVAXxdImgXg%3D%3D&type=json HTTP/1.1" 200 3787
DEBUG:urllib3.connectionpool:Starting new HTTP connection (1): apis.data.go.kr:80
DEBUG:urllib3.connectionpool:http://apis.data.go.kr:80 "GET /B553077/api/open/sdsc/baroApi?resId=dong&catId=cty&ctprvnCd=46&ServiceKey=mzv%2B5nKLrKuD%2BmQQsQNPL9WTK%2B%2Bv2TmZhLsfKQ94z9xgb1RpWBP17HLSPzxlwwYugsmNqEOJqSxKVAXxdImgXg%3D%3D&type=json HTTP/1.1" 200 544
DEBUG:urllib3.connectionpool:Starting new HTTP connection (1): apis.data.go.kr:80
DEBUG:urllib3.connectionpool:http://apis.data.go.kr:80 "GET /B553077/api/open/sdsc/storeListInDong?divId=signguCd&key=46790&ServiceKey=mzv%2B5nKLrKuD%2BmQQsQNPL9WTK%2B%2Bv2TmZhLsfKQ94z9xgb1RpWBP17HLSPzxlwwYugsmNqEOJqSxKVAXxdImgXg%3D%3D&type=json HTTP/1.1" 200 3552
DEBUG:urllib3.connectionpool:Starting new HTTP connection (1): apis.data.go.kr:80
DEBUG:urllib3.connectionpool:http://apis.data.go.kr:80 "GET /B553077/api/open/sdsc/baroApi?resId=dong&catId=cty&ctprvnCd=46&ServiceKey=mzv%2B5nKLrKuD%2BmQQsQNPL9WTK%2B%2Bv2TmZhLsfKQ94z9xgb1RpWBP17HLSPzxlwwYugsmNqEOJqSxKVAXxdImgXg%3D%3D&type=json HTTP/1.1" 200 544
DEBUG:urllib3.connectionpool:Starting new HTTP connection (1): apis.data.go.kr:80
DEBUG:urllib3.connectionpool:http://apis.data.go.kr:80 "GET /B553077/api/open/sdsc/storeListInDong?divId=signguCd&key=46790&ServiceKey=mzv%2B5nKLrKuD%2BmQQsQNPL9WTK%2B%2Bv2TmZhLsfKQ94z9xgb1RpWBP17HLSPzxlwwYugsmNqEOJqSxKVAXxdImgXg%3D%3D&type=json HTTP/1.1" 200 3552
INFO:werkzeug:127.0.0.1 - - [16/Dec/2019 04:12:54] "POST /menus/travel HTTP/1.1" 200 -
DEBUG:urllib3.connectionpool:Starting new HTTP connection (1): api.visitkorea.or.kr:80
DEBUG:urllib3.connectionpool:http://api.visitkorea.or.kr:80 "GET /openapi/service/rest/KorService/searchKeyword?ServiceKey=mzv%2B5nKLrKuD%2BmQQsQNPL9WTK%2B%2Bv2TmZhLsfKQ94z9xgb1RpWBP17HLSPzxlwwYugsmNqEOJqSxKVAXxdImgXg%3D%3D&keyword=%EA%B5%AD%EB%A6%BD%EA%B3%B5%EC%9B%90&listYN=Y&arrange=A&MobileOS=ETC&MobileApp=AppTest&_type=json HTTP/1.1" 200 4889
DEBUG:urllib3.connectionpool:Starting new HTTP connection (1): apis.data.go.kr:80
DEBUG:urllib3.connectionpool:http://apis.data.go.kr:80 "GET /B553077/api/open/sdsc/baroApi?resId=dong&catId=cty&ctprvnCd=47&ServiceKey=mzv%2B5nKLrKuD%2BmQQsQNPL9WTK%2B%2Bv2TmZhLsfKQ94z9xgb1RpWBP17HLSPzxlwwYugsmNqEOJqSxKVAXxdImgXg%3D%3D&type=json HTTP/1.1" 200 561
DEBUG:urllib3.connectionpool:Starting new HTTP connection (1): apis.data.go.kr:80
DEBUG:urllib3.connectionpool:http://apis.data.go.kr:80 "GET /B553077/api/open/sdsc/storeListInDong?divId=signguCd&key=47113&ServiceKey=mzv%2B5nKLrKuD%2BmQQsQNPL9WTK%2B%2Bv2TmZhLsfKQ94z9xgb1RpWBP17HLSPzxlwwYugsmNqEOJqSxKVAXxdImgXg%3D%3D&type=json HTTP/1.1" 200 4090
DEBUG:urllib3.connectionpool:Starting new HTTP connection (1): apis.data.go.kr:80
DEBUG:urllib3.connectionpool:http://apis.data.go.kr:80 "GET /B553077/api/open/sdsc/baroApi?resId=dong&catId=cty&ctprvnCd=48&ServiceKey=mzv%2B5nKLrKuD%2BmQQsQNPL9WTK%2B%2Bv2TmZhLsfKQ94z9xgb1RpWBP17HLSPzxlwwYugsmNqEOJqSxKVAXxdImgXg%3D%3D&type=json HTTP/1.1" 200 565
DEBUG:urllib3.connectionpool:Starting new HTTP connection (1): apis.data.go.kr:80
DEBUG:urllib3.connectionpool:http://apis.data.go.kr:80 "GET /B553077/api/open/sdsc/storeListInDong?divId=signguCd&key=48890&ServiceKey=mzv%2B5nKLrKuD%2BmQQsQNPL9WTK%2B%2Bv2TmZhLsfKQ94z9xgb1RpWBP17HLSPzxlwwYugsmNqEOJqSxKVAXxdImgXg%3D%3D&type=json HTTP/1.1" 200 3866
DEBUG:urllib3.connectionpool:Starting new HTTP connection (1): apis.data.go.kr:80
DEBUG:urllib3.connectionpool:http://apis.data.go.kr:80 "GET /B553077/api/open/sdsc/baroApi?resId=dong&catId=cty&ctprvnCd=47&ServiceKey=mzv%2B5nKLrKuD%2BmQQsQNPL9WTK%2B%2Bv2TmZhLsfKQ94z9xgb1RpWBP17HLSPzxlwwYugsmNqEOJqSxKVAXxdImgXg%3D%3D&type=json HTTP/1.1" 200 561
DEBUG:urllib3.connectionpool:Starting new HTTP connection (1): apis.data.go.kr:80
DEBUG:urllib3.connectionpool:http://apis.data.go.kr:80 "GET /B553077/api/open/sdsc/storeListInDong?divId=signguCd&key=47113&ServiceKey=mzv%2B5nKLrKuD%2BmQQsQNPL9WTK%2B%2Bv2TmZhLsfKQ94z9xgb1RpWBP17HLSPzxlwwYugsmNqEOJqSxKVAXxdImgXg%3D%3D&type=json HTTP/1.1" 200 4090
DEBUG:urllib3.connectionpool:Starting new HTTP connection (1): apis.data.go.kr:80
DEBUG:urllib3.connectionpool:http://apis.data.go.kr:80 "GET /B553077/api/open/sdsc/baroApi?resId=dong&catId=cty&ctprvnCd=44&ServiceKey=mzv%2B5nKLrKuD%2BmQQsQNPL9WTK%2B%2Bv2TmZhLsfKQ94z9xgb1RpWBP17HLSPzxlwwYugsmNqEOJqSxKVAXxdImgXg%3D%3D&type=json HTTP/1.1" 200 497
DEBUG:urllib3.connectionpool:Starting new HTTP connection (1): apis.data.go.kr:80
DEBUG:urllib3.connectionpool:http://apis.data.go.kr:80 "GET /B553077/api/open/sdsc/storeListInDong?divId=signguCd&key=44800&ServiceKey=mzv%2B5nKLrKuD%2BmQQsQNPL9WTK%2B%2Bv2TmZhLsfKQ94z9xgb1RpWBP17HLSPzxlwwYugsmNqEOJqSxKVAXxdImgXg%3D%3D&type=json HTTP/1.1" 200 3840
DEBUG:urllib3.connectionpool:Starting new HTTP connection (1): apis.data.go.kr:80
DEBUG:urllib3.connectionpool:http://apis.data.go.kr:80 "GET /B553077/api/open/sdsc/baroApi?resId=dong&catId=cty&ctprvnCd=11&ServiceKey=mzv%2B5nKLrKuD%2BmQQsQNPL9WTK%2B%2Bv2TmZhLsfKQ94z9xgb1RpWBP17HLSPzxlwwYugsmNqEOJqSxKVAXxdImgXg%3D%3D&type=json HTTP/1.1" 200 571
DEBUG:urllib3.connectionpool:Starting new HTTP connection (1): apis.data.go.kr:80
DEBUG:urllib3.connectionpool:http://apis.data.go.kr:80 "GET /B553077/api/open/sdsc/storeListInDong?divId=signguCd&key=11260&ServiceKey=mzv%2B5nKLrKuD%2BmQQsQNPL9WTK%2B%2Bv2TmZhLsfKQ94z9xgb1RpWBP17HLSPzxlwwYugsmNqEOJqSxKVAXxdImgXg%3D%3D&type=json HTTP/1.1" 200 3950
DEBUG:urllib3.connectionpool:Starting new HTTP connection (1): apis.data.go.kr:80
DEBUG:urllib3.connectionpool:http://apis.data.go.kr:80 "GET /B553077/api/open/sdsc/baroApi?resId=dong&catId=cty&ctprvnCd=46&ServiceKey=mzv%2B5nKLrKuD%2BmQQsQNPL9WTK%2B%2Bv2TmZhLsfKQ94z9xgb1RpWBP17HLSPzxlwwYugsmNqEOJqSxKVAXxdImgXg%3D%3D&type=json HTTP/1.1" 200 544
DEBUG:urllib3.connectionpool:Starting new HTTP connection (1): apis.data.go.kr:80
DEBUG:urllib3.connectionpool:http://apis.data.go.kr:80 "GET /B553077/api/open/sdsc/storeListInDong?divId=signguCd&key=46790&ServiceKey=mzv%2B5nKLrKuD%2BmQQsQNPL9WTK%2B%2Bv2TmZhLsfKQ94z9xgb1RpWBP17HLSPzxlwwYugsmNqEOJqSxKVAXxdImgXg%3D%3D&type=json HTTP/1.1" 200 3552
DEBUG:urllib3.connectionpool:Starting new HTTP connection (1): apis.data.go.kr:80
DEBUG:urllib3.connectionpool:http://apis.data.go.kr:80 "GET /B553077/api/open/sdsc/baroApi?resId=dong&catId=cty&ctprvnCd=11&ServiceKey=mzv%2B5nKLrKuD%2BmQQsQNPL9WTK%2B%2Bv2TmZhLsfKQ94z9xgb1RpWBP17HLSPzxlwwYugsmNqEOJqSxKVAXxdImgXg%3D%3D&type=json HTTP/1.1" 200 571
DEBUG:urllib3.connectionpool:Starting new HTTP connection (1): apis.data.go.kr:80
DEBUG:urllib3.connectionpool:http://apis.data.go.kr:80 "GET /B553077/api/open/sdsc/storeListInDong?divId=signguCd&key=11260&ServiceKey=mzv%2B5nKLrKuD%2BmQQsQNPL9WTK%2B%2Bv2TmZhLsfKQ94z9xgb1RpWBP17HLSPzxlwwYugsmNqEOJqSxKVAXxdImgXg%3D%3D&type=json HTTP/1.1" 200 3950
DEBUG:urllib3.connectionpool:Starting new HTTP connection (1): apis.data.go.kr:80
DEBUG:urllib3.connectionpool:http://apis.data.go.kr:80 "GET /B553077/api/open/sdsc/baroApi?resId=dong&catId=cty&ctprvnCd=45&ServiceKey=mzv%2B5nKLrKuD%2BmQQsQNPL9WTK%2B%2Bv2TmZhLsfKQ94z9xgb1RpWBP17HLSPzxlwwYugsmNqEOJqSxKVAXxdImgXg%3D%3D&type=json HTTP/1.1" 200 483
DEBUG:urllib3.connectionpool:Starting new HTTP connection (1): apis.data.go.kr:80
DEBUG:urllib3.connectionpool:http://apis.data.go.kr:80 "GET /B553077/api/open/sdsc/storeListInDong?divId=signguCd&key=45720&ServiceKey=mzv%2B5nKLrKuD%2BmQQsQNPL9WTK%2B%2Bv2TmZhLsfKQ94z9xgb1RpWBP17HLSPzxlwwYugsmNqEOJqSxKVAXxdImgXg%3D%3D&type=json HTTP/1.1" 200 3787
DEBUG:urllib3.connectionpool:Starting new HTTP connection (1): apis.data.go.kr:80
DEBUG:urllib3.connectionpool:http://apis.data.go.kr:80 "GET /B553077/api/open/sdsc/baroApi?resId=dong&catId=cty&ctprvnCd=46&ServiceKey=mzv%2B5nKLrKuD%2BmQQsQNPL9WTK%2B%2Bv2TmZhLsfKQ94z9xgb1RpWBP17HLSPzxlwwYugsmNqEOJqSxKVAXxdImgXg%3D%3D&type=json HTTP/1.1" 200 544
DEBUG:urllib3.connectionpool:Starting new HTTP connection (1): apis.data.go.kr:80
DEBUG:urllib3.connectionpool:http://apis.data.go.kr:80 "GET /B553077/api/open/sdsc/storeListInDong?divId=signguCd&key=46790&ServiceKey=mzv%2B5nKLrKuD%2BmQQsQNPL9WTK%2B%2Bv2TmZhLsfKQ94z9xgb1RpWBP17HLSPzxlwwYugsmNqEOJqSxKVAXxdImgXg%3D%3D&type=json HTTP/1.1" 200 3552
DEBUG:urllib3.connectionpool:Starting new HTTP connection (1): apis.data.go.kr:80
DEBUG:urllib3.connectionpool:http://apis.data.go.kr:80 "GET /B553077/api/open/sdsc/baroApi?resId=dong&catId=cty&ctprvnCd=46&ServiceKey=mzv%2B5nKLrKuD%2BmQQsQNPL9WTK%2B%2Bv2TmZhLsfKQ94z9xgb1RpWBP17HLSPzxlwwYugsmNqEOJqSxKVAXxdImgXg%3D%3D&type=json HTTP/1.1" 200 544
DEBUG:urllib3.connectionpool:Starting new HTTP connection (1): apis.data.go.kr:80
DEBUG:urllib3.connectionpool:http://apis.data.go.kr:80 "GET /B553077/api/open/sdsc/storeListInDong?divId=signguCd&key=46790&ServiceKey=mzv%2B5nKLrKuD%2BmQQsQNPL9WTK%2B%2Bv2TmZhLsfKQ94z9xgb1RpWBP17HLSPzxlwwYugsmNqEOJqSxKVAXxdImgXg%3D%3D&type=json HTTP/1.1" 200 3552
INFO:werkzeug:127.0.0.1 - - [16/Dec/2019 04:13:10] "POST /menus/travel HTTP/1.1" 200 -
DEBUG:urllib3.connectionpool:Starting new HTTP connection (1): api.visitkorea.or.kr:80
DEBUG:urllib3.connectionpool:http://api.visitkorea.or.kr:80 "GET /openapi/service/rest/KorService/searchKeyword?ServiceKey=mzv%2B5nKLrKuD%2BmQQsQNPL9WTK%2B%2Bv2TmZhLsfKQ94z9xgb1RpWBP17HLSPzxlwwYugsmNqEOJqSxKVAXxdImgXg%3D%3D&keyword=%EA%B5%AD%EB%A6%BD%EA%B3%B5%EC%9B%90&listYN=Y&arrange=A&MobileOS=ETC&MobileApp=AppTest&_type=json HTTP/1.1" 200 4889
DEBUG:urllib3.connectionpool:Starting new HTTP connection (1): apis.data.go.kr:80
DEBUG:urllib3.connectionpool:http://apis.data.go.kr:80 "GET /B553077/api/open/sdsc/baroApi?resId=dong&catId=cty&ctprvnCd=47&ServiceKey=mzv%2B5nKLrKuD%2BmQQsQNPL9WTK%2B%2Bv2TmZhLsfKQ94z9xgb1RpWBP17HLSPzxlwwYugsmNqEOJqSxKVAXxdImgXg%3D%3D&type=json HTTP/1.1" 200 561
DEBUG:urllib3.connectionpool:Starting new HTTP connection (1): apis.data.go.kr:80
DEBUG:urllib3.connectionpool:http://apis.data.go.kr:80 "GET /B553077/api/open/sdsc/storeListInDong?divId=signguCd&key=47113&ServiceKey=mzv%2B5nKLrKuD%2BmQQsQNPL9WTK%2B%2Bv2TmZhLsfKQ94z9xgb1RpWBP17HLSPzxlwwYugsmNqEOJqSxKVAXxdImgXg%3D%3D&type=json HTTP/1.1" 200 4090
DEBUG:urllib3.connectionpool:Starting new HTTP connection (1): apis.data.go.kr:80
DEBUG:urllib3.connectionpool:http://apis.data.go.kr:80 "GET /B553077/api/open/sdsc/baroApi?resId=dong&catId=cty&ctprvnCd=48&ServiceKey=mzv%2B5nKLrKuD%2BmQQsQNPL9WTK%2B%2Bv2TmZhLsfKQ94z9xgb1RpWBP17HLSPzxlwwYugsmNqEOJqSxKVAXxdImgXg%3D%3D&type=json HTTP/1.1" 200 565
DEBUG:urllib3.connectionpool:Starting new HTTP connection (1): apis.data.go.kr:80
DEBUG:urllib3.connectionpool:http://apis.data.go.kr:80 "GET /B553077/api/open/sdsc/storeListInDong?divId=signguCd&key=48890&ServiceKey=mzv%2B5nKLrKuD%2BmQQsQNPL9WTK%2B%2Bv2TmZhLsfKQ94z9xgb1RpWBP17HLSPzxlwwYugsmNqEOJqSxKVAXxdImgXg%3D%3D&type=json HTTP/1.1" 200 3866
DEBUG:urllib3.connectionpool:Starting new HTTP connection (1): apis.data.go.kr:80
DEBUG:urllib3.connectionpool:http://apis.data.go.kr:80 "GET /B553077/api/open/sdsc/baroApi?resId=dong&catId=cty&ctprvnCd=47&ServiceKey=mzv%2B5nKLrKuD%2BmQQsQNPL9WTK%2B%2Bv2TmZhLsfKQ94z9xgb1RpWBP17HLSPzxlwwYugsmNqEOJqSxKVAXxdImgXg%3D%3D&type=json HTTP/1.1" 200 561
DEBUG:urllib3.connectionpool:Starting new HTTP connection (1): apis.data.go.kr:80
DEBUG:urllib3.connectionpool:http://apis.data.go.kr:80 "GET /B553077/api/open/sdsc/storeListInDong?divId=signguCd&key=47113&ServiceKey=mzv%2B5nKLrKuD%2BmQQsQNPL9WTK%2B%2Bv2TmZhLsfKQ94z9xgb1RpWBP17HLSPzxlwwYugsmNqEOJqSxKVAXxdImgXg%3D%3D&type=json HTTP/1.1" 200 4090
DEBUG:urllib3.connectionpool:Starting new HTTP connection (1): apis.data.go.kr:80
DEBUG:urllib3.connectionpool:http://apis.data.go.kr:80 "GET /B553077/api/open/sdsc/baroApi?resId=dong&catId=cty&ctprvnCd=44&ServiceKey=mzv%2B5nKLrKuD%2BmQQsQNPL9WTK%2B%2Bv2TmZhLsfKQ94z9xgb1RpWBP17HLSPzxlwwYugsmNqEOJqSxKVAXxdImgXg%3D%3D&type=json HTTP/1.1" 200 497
DEBUG:urllib3.connectionpool:Starting new HTTP connection (1): apis.data.go.kr:80
DEBUG:urllib3.connectionpool:http://apis.data.go.kr:80 "GET /B553077/api/open/sdsc/storeListInDong?divId=signguCd&key=44800&ServiceKey=mzv%2B5nKLrKuD%2BmQQsQNPL9WTK%2B%2Bv2TmZhLsfKQ94z9xgb1RpWBP17HLSPzxlwwYugsmNqEOJqSxKVAXxdImgXg%3D%3D&type=json HTTP/1.1" 200 3840
DEBUG:urllib3.connectionpool:Starting new HTTP connection (1): apis.data.go.kr:80
DEBUG:urllib3.connectionpool:http://apis.data.go.kr:80 "GET /B553077/api/open/sdsc/baroApi?resId=dong&catId=cty&ctprvnCd=11&ServiceKey=mzv%2B5nKLrKuD%2BmQQsQNPL9WTK%2B%2Bv2TmZhLsfKQ94z9xgb1RpWBP17HLSPzxlwwYugsmNqEOJqSxKVAXxdImgXg%3D%3D&type=json HTTP/1.1" 200 571
DEBUG:urllib3.connectionpool:Starting new HTTP connection (1): apis.data.go.kr:80
DEBUG:urllib3.connectionpool:http://apis.data.go.kr:80 "GET /B553077/api/open/sdsc/storeListInDong?divId=signguCd&key=11260&ServiceKey=mzv%2B5nKLrKuD%2BmQQsQNPL9WTK%2B%2Bv2TmZhLsfKQ94z9xgb1RpWBP17HLSPzxlwwYugsmNqEOJqSxKVAXxdImgXg%3D%3D&type=json HTTP/1.1" 200 3950
DEBUG:urllib3.connectionpool:Starting new HTTP connection (1): apis.data.go.kr:80
DEBUG:urllib3.connectionpool:http://apis.data.go.kr:80 "GET /B553077/api/open/sdsc/baroApi?resId=dong&catId=cty&ctprvnCd=46&ServiceKey=mzv%2B5nKLrKuD%2BmQQsQNPL9WTK%2B%2Bv2TmZhLsfKQ94z9xgb1RpWBP17HLSPzxlwwYugsmNqEOJqSxKVAXxdImgXg%3D%3D&type=json HTTP/1.1" 200 544
DEBUG:urllib3.connectionpool:Starting new HTTP connection (1): apis.data.go.kr:80
DEBUG:urllib3.connectionpool:http://apis.data.go.kr:80 "GET /B553077/api/open/sdsc/storeListInDong?divId=signguCd&key=46790&ServiceKey=mzv%2B5nKLrKuD%2BmQQsQNPL9WTK%2B%2Bv2TmZhLsfKQ94z9xgb1RpWBP17HLSPzxlwwYugsmNqEOJqSxKVAXxdImgXg%3D%3D&type=json HTTP/1.1" 200 3552
DEBUG:urllib3.connectionpool:Starting new HTTP connection (1): apis.data.go.kr:80
DEBUG:urllib3.connectionpool:http://apis.data.go.kr:80 "GET /B553077/api/open/sdsc/baroApi?resId=dong&catId=cty&ctprvnCd=11&ServiceKey=mzv%2B5nKLrKuD%2BmQQsQNPL9WTK%2B%2Bv2TmZhLsfKQ94z9xgb1RpWBP17HLSPzxlwwYugsmNqEOJqSxKVAXxdImgXg%3D%3D&type=json HTTP/1.1" 200 571
DEBUG:urllib3.connectionpool:Starting new HTTP connection (1): apis.data.go.kr:80
DEBUG:urllib3.connectionpool:http://apis.data.go.kr:80 "GET /B553077/api/open/sdsc/storeListInDong?divId=signguCd&key=11260&ServiceKey=mzv%2B5nKLrKuD%2BmQQsQNPL9WTK%2B%2Bv2TmZhLsfKQ94z9xgb1RpWBP17HLSPzxlwwYugsmNqEOJqSxKVAXxdImgXg%3D%3D&type=json HTTP/1.1" 200 3950
DEBUG:urllib3.connectionpool:Starting new HTTP connection (1): apis.data.go.kr:80
DEBUG:urllib3.connectionpool:http://apis.data.go.kr:80 "GET /B553077/api/open/sdsc/baroApi?resId=dong&catId=cty&ctprvnCd=45&ServiceKey=mzv%2B5nKLrKuD%2BmQQsQNPL9WTK%2B%2Bv2TmZhLsfKQ94z9xgb1RpWBP17HLSPzxlwwYugsmNqEOJqSxKVAXxdImgXg%3D%3D&type=json HTTP/1.1" 200 483
DEBUG:urllib3.connectionpool:Starting new HTTP connection (1): apis.data.go.kr:80
DEBUG:urllib3.connectionpool:http://apis.data.go.kr:80 "GET /B553077/api/open/sdsc/storeListInDong?divId=signguCd&key=45720&ServiceKey=mzv%2B5nKLrKuD%2BmQQsQNPL9WTK%2B%2Bv2TmZhLsfKQ94z9xgb1RpWBP17HLSPzxlwwYugsmNqEOJqSxKVAXxdImgXg%3D%3D&type=json HTTP/1.1" 200 3787
DEBUG:urllib3.connectionpool:Starting new HTTP connection (1): apis.data.go.kr:80
DEBUG:urllib3.connectionpool:http://apis.data.go.kr:80 "GET /B553077/api/open/sdsc/baroApi?resId=dong&catId=cty&ctprvnCd=46&ServiceKey=mzv%2B5nKLrKuD%2BmQQsQNPL9WTK%2B%2Bv2TmZhLsfKQ94z9xgb1RpWBP17HLSPzxlwwYugsmNqEOJqSxKVAXxdImgXg%3D%3D&type=json HTTP/1.1" 200 544
DEBUG:urllib3.connectionpool:Starting new HTTP connection (1): apis.data.go.kr:80
DEBUG:urllib3.connectionpool:http://apis.data.go.kr:80 "GET /B553077/api/open/sdsc/storeListInDong?divId=signguCd&key=46790&ServiceKey=mzv%2B5nKLrKuD%2BmQQsQNPL9WTK%2B%2Bv2TmZhLsfKQ94z9xgb1RpWBP17HLSPzxlwwYugsmNqEOJqSxKVAXxdImgXg%3D%3D&type=json HTTP/1.1" 200 3552
DEBUG:urllib3.connectionpool:Starting new HTTP connection (1): apis.data.go.kr:80
DEBUG:urllib3.connectionpool:http://apis.data.go.kr:80 "GET /B553077/api/open/sdsc/baroApi?resId=dong&catId=cty&ctprvnCd=46&ServiceKey=mzv%2B5nKLrKuD%2BmQQsQNPL9WTK%2B%2Bv2TmZhLsfKQ94z9xgb1RpWBP17HLSPzxlwwYugsmNqEOJqSxKVAXxdImgXg%3D%3D&type=json HTTP/1.1" 200 544
DEBUG:urllib3.connectionpool:Starting new HTTP connection (1): apis.data.go.kr:80
DEBUG:urllib3.connectionpool:http://apis.data.go.kr:80 "GET /B553077/api/open/sdsc/storeListInDong?divId=signguCd&key=46790&ServiceKey=mzv%2B5nKLrKuD%2BmQQsQNPL9WTK%2B%2Bv2TmZhLsfKQ94z9xgb1RpWBP17HLSPzxlwwYugsmNqEOJqSxKVAXxdImgXg%3D%3D&type=json HTTP/1.1" 200 3552
INFO:werkzeug:127.0.0.1 - - [16/Dec/2019 04:18:21] "POST /menus/travel HTTP/1.1" 500 -
INFO:werkzeug:127.0.0.1 - - [16/Dec/2019 04:18:21] "GET /menus/travel?__debugger__=yes&cmd=resource&f=style.css HTTP/1.1" 200 -
INFO:werkzeug:127.0.0.1 - - [16/Dec/2019 04:18:21] "GET /menus/travel?__debugger__=yes&cmd=resource&f=jquery.js HTTP/1.1" 200 -
INFO:werkzeug:127.0.0.1 - - [16/Dec/2019 04:18:21] "GET /menus/travel?__debugger__=yes&cmd=resource&f=debugger.js HTTP/1.1" 200 -
INFO:werkzeug:127.0.0.1 - - [16/Dec/2019 04:18:22] "GET /menus/travel?__debugger__=yes&cmd=resource&f=ubuntu.ttf HTTP/1.1" 200 -
INFO:werkzeug:127.0.0.1 - - [16/Dec/2019 04:18:22] "GET /menus/travel?__debugger__=yes&cmd=resource&f=console.png HTTP/1.1" 200 -
INFO:werkzeug:127.0.0.1 - - [16/Dec/2019 04:18:22] "GET /menus/travel?__debugger__=yes&cmd=resource&f=console.png HTTP/1.1" 200 -
DEBUG:urllib3.connectionpool:Starting new HTTP connection (1): api.visitkorea.or.kr:80
DEBUG:urllib3.connectionpool:http://api.visitkorea.or.kr:80 "GET /openapi/service/rest/KorService/searchKeyword?ServiceKey=mzv%2B5nKLrKuD%2BmQQsQNPL9WTK%2B%2Bv2TmZhLsfKQ94z9xgb1RpWBP17HLSPzxlwwYugsmNqEOJqSxKVAXxdImgXg%3D%3D&keyword=%EA%B5%AD%EB%A6%BD%EA%B3%B5%EC%9B%90&listYN=Y&arrange=A&MobileOS=ETC&MobileApp=AppTest&_type=json HTTP/1.1" 200 4889
DEBUG:urllib3.connectionpool:Starting new HTTP connection (1): apis.data.go.kr:80
DEBUG:urllib3.connectionpool:http://apis.data.go.kr:80 "GET /B553077/api/open/sdsc/baroApi?resId=dong&catId=cty&ctprvnCd=47&ServiceKey=mzv%2B5nKLrKuD%2BmQQsQNPL9WTK%2B%2Bv2TmZhLsfKQ94z9xgb1RpWBP17HLSPzxlwwYugsmNqEOJqSxKVAXxdImgXg%3D%3D&type=json HTTP/1.1" 200 561
DEBUG:urllib3.connectionpool:Starting new HTTP connection (1): apis.data.go.kr:80
DEBUG:urllib3.connectionpool:http://apis.data.go.kr:80 "GET /B553077/api/open/sdsc/storeListInDong?divId=signguCd&key=47113&ServiceKey=mzv%2B5nKLrKuD%2BmQQsQNPL9WTK%2B%2Bv2TmZhLsfKQ94z9xgb1RpWBP17HLSPzxlwwYugsmNqEOJqSxKVAXxdImgXg%3D%3D&type=json HTTP/1.1" 200 4090
DEBUG:urllib3.connectionpool:Starting new HTTP connection (1): apis.data.go.kr:80
DEBUG:urllib3.connectionpool:http://apis.data.go.kr:80 "GET /B553077/api/open/sdsc/baroApi?resId=dong&catId=cty&ctprvnCd=48&ServiceKey=mzv%2B5nKLrKuD%2BmQQsQNPL9WTK%2B%2Bv2TmZhLsfKQ94z9xgb1RpWBP17HLSPzxlwwYugsmNqEOJqSxKVAXxdImgXg%3D%3D&type=json HTTP/1.1" 200 565
DEBUG:urllib3.connectionpool:Starting new HTTP connection (1): apis.data.go.kr:80
DEBUG:urllib3.connectionpool:http://apis.data.go.kr:80 "GET /B553077/api/open/sdsc/storeListInDong?divId=signguCd&key=48890&ServiceKey=mzv%2B5nKLrKuD%2BmQQsQNPL9WTK%2B%2Bv2TmZhLsfKQ94z9xgb1RpWBP17HLSPzxlwwYugsmNqEOJqSxKVAXxdImgXg%3D%3D&type=json HTTP/1.1" 200 3866
DEBUG:urllib3.connectionpool:Starting new HTTP connection (1): apis.data.go.kr:80
DEBUG:urllib3.connectionpool:http://apis.data.go.kr:80 "GET /B553077/api/open/sdsc/baroApi?resId=dong&catId=cty&ctprvnCd=47&ServiceKey=mzv%2B5nKLrKuD%2BmQQsQNPL9WTK%2B%2Bv2TmZhLsfKQ94z9xgb1RpWBP17HLSPzxlwwYugsmNqEOJqSxKVAXxdImgXg%3D%3D&type=json HTTP/1.1" 200 561
DEBUG:urllib3.connectionpool:Starting new HTTP connection (1): apis.data.go.kr:80
DEBUG:urllib3.connectionpool:http://apis.data.go.kr:80 "GET /B553077/api/open/sdsc/storeListInDong?divId=signguCd&key=47113&ServiceKey=mzv%2B5nKLrKuD%2BmQQsQNPL9WTK%2B%2Bv2TmZhLsfKQ94z9xgb1RpWBP17HLSPzxlwwYugsmNqEOJqSxKVAXxdImgXg%3D%3D&type=json HTTP/1.1" 200 4090
DEBUG:urllib3.connectionpool:Starting new HTTP connection (1): apis.data.go.kr:80
DEBUG:urllib3.connectionpool:http://apis.data.go.kr:80 "GET /B553077/api/open/sdsc/baroApi?resId=dong&catId=cty&ctprvnCd=44&ServiceKey=mzv%2B5nKLrKuD%2BmQQsQNPL9WTK%2B%2Bv2TmZhLsfKQ94z9xgb1RpWBP17HLSPzxlwwYugsmNqEOJqSxKVAXxdImgXg%3D%3D&type=json HTTP/1.1" 200 497
DEBUG:urllib3.connectionpool:Starting new HTTP connection (1): apis.data.go.kr:80
DEBUG:urllib3.connectionpool:http://apis.data.go.kr:80 "GET /B553077/api/open/sdsc/storeListInDong?divId=signguCd&key=44800&ServiceKey=mzv%2B5nKLrKuD%2BmQQsQNPL9WTK%2B%2Bv2TmZhLsfKQ94z9xgb1RpWBP17HLSPzxlwwYugsmNqEOJqSxKVAXxdImgXg%3D%3D&type=json HTTP/1.1" 200 3840
DEBUG:urllib3.connectionpool:Starting new HTTP connection (1): apis.data.go.kr:80
DEBUG:urllib3.connectionpool:http://apis.data.go.kr:80 "GET /B553077/api/open/sdsc/baroApi?resId=dong&catId=cty&ctprvnCd=11&ServiceKey=mzv%2B5nKLrKuD%2BmQQsQNPL9WTK%2B%2Bv2TmZhLsfKQ94z9xgb1RpWBP17HLSPzxlwwYugsmNqEOJqSxKVAXxdImgXg%3D%3D&type=json HTTP/1.1" 200 571
DEBUG:urllib3.connectionpool:Starting new HTTP connection (1): apis.data.go.kr:80
DEBUG:urllib3.connectionpool:http://apis.data.go.kr:80 "GET /B553077/api/open/sdsc/storeListInDong?divId=signguCd&key=11260&ServiceKey=mzv%2B5nKLrKuD%2BmQQsQNPL9WTK%2B%2Bv2TmZhLsfKQ94z9xgb1RpWBP17HLSPzxlwwYugsmNqEOJqSxKVAXxdImgXg%3D%3D&type=json HTTP/1.1" 200 3950
DEBUG:urllib3.connectionpool:Starting new HTTP connection (1): apis.data.go.kr:80
DEBUG:urllib3.connectionpool:http://apis.data.go.kr:80 "GET /B553077/api/open/sdsc/baroApi?resId=dong&catId=cty&ctprvnCd=46&ServiceKey=mzv%2B5nKLrKuD%2BmQQsQNPL9WTK%2B%2Bv2TmZhLsfKQ94z9xgb1RpWBP17HLSPzxlwwYugsmNqEOJqSxKVAXxdImgXg%3D%3D&type=json HTTP/1.1" 200 544
DEBUG:urllib3.connectionpool:Starting new HTTP connection (1): apis.data.go.kr:80
DEBUG:urllib3.connectionpool:http://apis.data.go.kr:80 "GET /B553077/api/open/sdsc/storeListInDong?divId=signguCd&key=46790&ServiceKey=mzv%2B5nKLrKuD%2BmQQsQNPL9WTK%2B%2Bv2TmZhLsfKQ94z9xgb1RpWBP17HLSPzxlwwYugsmNqEOJqSxKVAXxdImgXg%3D%3D&type=json HTTP/1.1" 200 3552
DEBUG:urllib3.connectionpool:Starting new HTTP connection (1): apis.data.go.kr:80
DEBUG:urllib3.connectionpool:http://apis.data.go.kr:80 "GET /B553077/api/open/sdsc/baroApi?resId=dong&catId=cty&ctprvnCd=11&ServiceKey=mzv%2B5nKLrKuD%2BmQQsQNPL9WTK%2B%2Bv2TmZhLsfKQ94z9xgb1RpWBP17HLSPzxlwwYugsmNqEOJqSxKVAXxdImgXg%3D%3D&type=json HTTP/1.1" 200 571
DEBUG:urllib3.connectionpool:Starting new HTTP connection (1): apis.data.go.kr:80
DEBUG:urllib3.connectionpool:http://apis.data.go.kr:80 "GET /B553077/api/open/sdsc/storeListInDong?divId=signguCd&key=11260&ServiceKey=mzv%2B5nKLrKuD%2BmQQsQNPL9WTK%2B%2Bv2TmZhLsfKQ94z9xgb1RpWBP17HLSPzxlwwYugsmNqEOJqSxKVAXxdImgXg%3D%3D&type=json HTTP/1.1" 200 3950
DEBUG:urllib3.connectionpool:Starting new HTTP connection (1): apis.data.go.kr:80
DEBUG:urllib3.connectionpool:http://apis.data.go.kr:80 "GET /B553077/api/open/sdsc/baroApi?resId=dong&catId=cty&ctprvnCd=45&ServiceKey=mzv%2B5nKLrKuD%2BmQQsQNPL9WTK%2B%2Bv2TmZhLsfKQ94z9xgb1RpWBP17HLSPzxlwwYugsmNqEOJqSxKVAXxdImgXg%3D%3D&type=json HTTP/1.1" 200 483
DEBUG:urllib3.connectionpool:Starting new HTTP connection (1): apis.data.go.kr:80
DEBUG:urllib3.connectionpool:http://apis.data.go.kr:80 "GET /B553077/api/open/sdsc/storeListInDong?divId=signguCd&key=45720&ServiceKey=mzv%2B5nKLrKuD%2BmQQsQNPL9WTK%2B%2Bv2TmZhLsfKQ94z9xgb1RpWBP17HLSPzxlwwYugsmNqEOJqSxKVAXxdImgXg%3D%3D&type=json HTTP/1.1" 200 3787
DEBUG:urllib3.connectionpool:Starting new HTTP connection (1): apis.data.go.kr:80
DEBUG:urllib3.connectionpool:http://apis.data.go.kr:80 "GET /B553077/api/open/sdsc/baroApi?resId=dong&catId=cty&ctprvnCd=46&ServiceKey=mzv%2B5nKLrKuD%2BmQQsQNPL9WTK%2B%2Bv2TmZhLsfKQ94z9xgb1RpWBP17HLSPzxlwwYugsmNqEOJqSxKVAXxdImgXg%3D%3D&type=json HTTP/1.1" 200 544
DEBUG:urllib3.connectionpool:Starting new HTTP connection (1): apis.data.go.kr:80
DEBUG:urllib3.connectionpool:http://apis.data.go.kr:80 "GET /B553077/api/open/sdsc/storeListInDong?divId=signguCd&key=46790&ServiceKey=mzv%2B5nKLrKuD%2BmQQsQNPL9WTK%2B%2Bv2TmZhLsfKQ94z9xgb1RpWBP17HLSPzxlwwYugsmNqEOJqSxKVAXxdImgXg%3D%3D&type=json HTTP/1.1" 200 3552
DEBUG:urllib3.connectionpool:Starting new HTTP connection (1): apis.data.go.kr:80
DEBUG:urllib3.connectionpool:http://apis.data.go.kr:80 "GET /B553077/api/open/sdsc/baroApi?resId=dong&catId=cty&ctprvnCd=46&ServiceKey=mzv%2B5nKLrKuD%2BmQQsQNPL9WTK%2B%2Bv2TmZhLsfKQ94z9xgb1RpWBP17HLSPzxlwwYugsmNqEOJqSxKVAXxdImgXg%3D%3D&type=json HTTP/1.1" 200 544
DEBUG:urllib3.connectionpool:Starting new HTTP connection (1): apis.data.go.kr:80
DEBUG:urllib3.connectionpool:http://apis.data.go.kr:80 "GET /B553077/api/open/sdsc/storeListInDong?divId=signguCd&key=46790&ServiceKey=mzv%2B5nKLrKuD%2BmQQsQNPL9WTK%2B%2Bv2TmZhLsfKQ94z9xgb1RpWBP17HLSPzxlwwYugsmNqEOJqSxKVAXxdImgXg%3D%3D&type=json HTTP/1.1" 200 3552
INFO:werkzeug:127.0.0.1 - - [16/Dec/2019 04:18:41] "POST /menus/travel HTTP/1.1" 200 -
DEBUG:urllib3.connectionpool:Starting new HTTP connection (1): api.visitkorea.or.kr:80
DEBUG:urllib3.connectionpool:http://api.visitkorea.or.kr:80 "GET /openapi/service/rest/KorService/searchKeyword?ServiceKey=mzv%2B5nKLrKuD%2BmQQsQNPL9WTK%2B%2Bv2TmZhLsfKQ94z9xgb1RpWBP17HLSPzxlwwYugsmNqEOJqSxKVAXxdImgXg%3D%3D&keyword=%EA%B5%AD%EB%A6%BD%EA%B3%B5%EC%9B%90&listYN=Y&arrange=A&MobileOS=ETC&MobileApp=AppTest&_type=json HTTP/1.1" 200 4889
DEBUG:urllib3.connectionpool:Starting new HTTP connection (1): apis.data.go.kr:80
DEBUG:urllib3.connectionpool:http://apis.data.go.kr:80 "GET /B553077/api/open/sdsc/baroApi?resId=dong&catId=cty&ctprvnCd=47&ServiceKey=mzv%2B5nKLrKuD%2BmQQsQNPL9WTK%2B%2Bv2TmZhLsfKQ94z9xgb1RpWBP17HLSPzxlwwYugsmNqEOJqSxKVAXxdImgXg%3D%3D&type=json HTTP/1.1" 200 561
DEBUG:urllib3.connectionpool:Starting new HTTP connection (1): apis.data.go.kr:80
DEBUG:urllib3.connectionpool:http://apis.data.go.kr:80 "GET /B553077/api/open/sdsc/storeListInDong?divId=signguCd&key=47113&ServiceKey=mzv%2B5nKLrKuD%2BmQQsQNPL9WTK%2B%2Bv2TmZhLsfKQ94z9xgb1RpWBP17HLSPzxlwwYugsmNqEOJqSxKVAXxdImgXg%3D%3D&type=json HTTP/1.1" 200 4090
DEBUG:urllib3.connectionpool:Starting new HTTP connection (1): apis.data.go.kr:80
DEBUG:urllib3.connectionpool:http://apis.data.go.kr:80 "GET /B553077/api/open/sdsc/baroApi?resId=dong&catId=cty&ctprvnCd=48&ServiceKey=mzv%2B5nKLrKuD%2BmQQsQNPL9WTK%2B%2Bv2TmZhLsfKQ94z9xgb1RpWBP17HLSPzxlwwYugsmNqEOJqSxKVAXxdImgXg%3D%3D&type=json HTTP/1.1" 200 565
DEBUG:urllib3.connectionpool:Starting new HTTP connection (1): apis.data.go.kr:80
DEBUG:urllib3.connectionpool:http://apis.data.go.kr:80 "GET /B553077/api/open/sdsc/storeListInDong?divId=signguCd&key=48890&ServiceKey=mzv%2B5nKLrKuD%2BmQQsQNPL9WTK%2B%2Bv2TmZhLsfKQ94z9xgb1RpWBP17HLSPzxlwwYugsmNqEOJqSxKVAXxdImgXg%3D%3D&type=json HTTP/1.1" 200 3866
DEBUG:urllib3.connectionpool:Starting new HTTP connection (1): apis.data.go.kr:80
DEBUG:urllib3.connectionpool:http://apis.data.go.kr:80 "GET /B553077/api/open/sdsc/baroApi?resId=dong&catId=cty&ctprvnCd=47&ServiceKey=mzv%2B5nKLrKuD%2BmQQsQNPL9WTK%2B%2Bv2TmZhLsfKQ94z9xgb1RpWBP17HLSPzxlwwYugsmNqEOJqSxKVAXxdImgXg%3D%3D&type=json HTTP/1.1" 200 561
DEBUG:urllib3.connectionpool:Starting new HTTP connection (1): apis.data.go.kr:80
DEBUG:urllib3.connectionpool:http://apis.data.go.kr:80 "GET /B553077/api/open/sdsc/storeListInDong?divId=signguCd&key=47113&ServiceKey=mzv%2B5nKLrKuD%2BmQQsQNPL9WTK%2B%2Bv2TmZhLsfKQ94z9xgb1RpWBP17HLSPzxlwwYugsmNqEOJqSxKVAXxdImgXg%3D%3D&type=json HTTP/1.1" 200 4090
DEBUG:urllib3.connectionpool:Starting new HTTP connection (1): apis.data.go.kr:80
DEBUG:urllib3.connectionpool:http://apis.data.go.kr:80 "GET /B553077/api/open/sdsc/baroApi?resId=dong&catId=cty&ctprvnCd=44&ServiceKey=mzv%2B5nKLrKuD%2BmQQsQNPL9WTK%2B%2Bv2TmZhLsfKQ94z9xgb1RpWBP17HLSPzxlwwYugsmNqEOJqSxKVAXxdImgXg%3D%3D&type=json HTTP/1.1" 200 497
DEBUG:urllib3.connectionpool:Starting new HTTP connection (1): apis.data.go.kr:80
DEBUG:urllib3.connectionpool:http://apis.data.go.kr:80 "GET /B553077/api/open/sdsc/storeListInDong?divId=signguCd&key=44800&ServiceKey=mzv%2B5nKLrKuD%2BmQQsQNPL9WTK%2B%2Bv2TmZhLsfKQ94z9xgb1RpWBP17HLSPzxlwwYugsmNqEOJqSxKVAXxdImgXg%3D%3D&type=json HTTP/1.1" 200 3840
DEBUG:urllib3.connectionpool:Starting new HTTP connection (1): apis.data.go.kr:80
DEBUG:urllib3.connectionpool:http://apis.data.go.kr:80 "GET /B553077/api/open/sdsc/baroApi?resId=dong&catId=cty&ctprvnCd=11&ServiceKey=mzv%2B5nKLrKuD%2BmQQsQNPL9WTK%2B%2Bv2TmZhLsfKQ94z9xgb1RpWBP17HLSPzxlwwYugsmNqEOJqSxKVAXxdImgXg%3D%3D&type=json HTTP/1.1" 200 571
DEBUG:urllib3.connectionpool:Starting new HTTP connection (1): apis.data.go.kr:80
DEBUG:urllib3.connectionpool:http://apis.data.go.kr:80 "GET /B553077/api/open/sdsc/storeListInDong?divId=signguCd&key=11260&ServiceKey=mzv%2B5nKLrKuD%2BmQQsQNPL9WTK%2B%2Bv2TmZhLsfKQ94z9xgb1RpWBP17HLSPzxlwwYugsmNqEOJqSxKVAXxdImgXg%3D%3D&type=json HTTP/1.1" 200 3950
DEBUG:urllib3.connectionpool:Starting new HTTP connection (1): apis.data.go.kr:80
DEBUG:urllib3.connectionpool:http://apis.data.go.kr:80 "GET /B553077/api/open/sdsc/baroApi?resId=dong&catId=cty&ctprvnCd=46&ServiceKey=mzv%2B5nKLrKuD%2BmQQsQNPL9WTK%2B%2Bv2TmZhLsfKQ94z9xgb1RpWBP17HLSPzxlwwYugsmNqEOJqSxKVAXxdImgXg%3D%3D&type=json HTTP/1.1" 200 544
DEBUG:urllib3.connectionpool:Starting new HTTP connection (1): apis.data.go.kr:80
DEBUG:urllib3.connectionpool:http://apis.data.go.kr:80 "GET /B553077/api/open/sdsc/storeListInDong?divId=signguCd&key=46790&ServiceKey=mzv%2B5nKLrKuD%2BmQQsQNPL9WTK%2B%2Bv2TmZhLsfKQ94z9xgb1RpWBP17HLSPzxlwwYugsmNqEOJqSxKVAXxdImgXg%3D%3D&type=json HTTP/1.1" 200 3552
DEBUG:urllib3.connectionpool:Starting new HTTP connection (1): apis.data.go.kr:80
DEBUG:urllib3.connectionpool:http://apis.data.go.kr:80 "GET /B553077/api/open/sdsc/baroApi?resId=dong&catId=cty&ctprvnCd=11&ServiceKey=mzv%2B5nKLrKuD%2BmQQsQNPL9WTK%2B%2Bv2TmZhLsfKQ94z9xgb1RpWBP17HLSPzxlwwYugsmNqEOJqSxKVAXxdImgXg%3D%3D&type=json HTTP/1.1" 200 571
DEBUG:urllib3.connectionpool:Starting new HTTP connection (1): apis.data.go.kr:80
DEBUG:urllib3.connectionpool:http://apis.data.go.kr:80 "GET /B553077/api/open/sdsc/storeListInDong?divId=signguCd&key=11260&ServiceKey=mzv%2B5nKLrKuD%2BmQQsQNPL9WTK%2B%2Bv2TmZhLsfKQ94z9xgb1RpWBP17HLSPzxlwwYugsmNqEOJqSxKVAXxdImgXg%3D%3D&type=json HTTP/1.1" 200 3950
DEBUG:urllib3.connectionpool:Starting new HTTP connection (1): apis.data.go.kr:80
DEBUG:urllib3.connectionpool:http://apis.data.go.kr:80 "GET /B553077/api/open/sdsc/baroApi?resId=dong&catId=cty&ctprvnCd=45&ServiceKey=mzv%2B5nKLrKuD%2BmQQsQNPL9WTK%2B%2Bv2TmZhLsfKQ94z9xgb1RpWBP17HLSPzxlwwYugsmNqEOJqSxKVAXxdImgXg%3D%3D&type=json HTTP/1.1" 200 483
DEBUG:urllib3.connectionpool:Starting new HTTP connection (1): apis.data.go.kr:80
DEBUG:urllib3.connectionpool:http://apis.data.go.kr:80 "GET /B553077/api/open/sdsc/storeListInDong?divId=signguCd&key=45720&ServiceKey=mzv%2B5nKLrKuD%2BmQQsQNPL9WTK%2B%2Bv2TmZhLsfKQ94z9xgb1RpWBP17HLSPzxlwwYugsmNqEOJqSxKVAXxdImgXg%3D%3D&type=json HTTP/1.1" 200 3787
DEBUG:urllib3.connectionpool:Starting new HTTP connection (1): apis.data.go.kr:80
DEBUG:urllib3.connectionpool:http://apis.data.go.kr:80 "GET /B553077/api/open/sdsc/baroApi?resId=dong&catId=cty&ctprvnCd=46&ServiceKey=mzv%2B5nKLrKuD%2BmQQsQNPL9WTK%2B%2Bv2TmZhLsfKQ94z9xgb1RpWBP17HLSPzxlwwYugsmNqEOJqSxKVAXxdImgXg%3D%3D&type=json HTTP/1.1" 200 544
DEBUG:urllib3.connectionpool:Starting new HTTP connection (1): apis.data.go.kr:80
DEBUG:urllib3.connectionpool:http://apis.data.go.kr:80 "GET /B553077/api/open/sdsc/storeListInDong?divId=signguCd&key=46790&ServiceKey=mzv%2B5nKLrKuD%2BmQQsQNPL9WTK%2B%2Bv2TmZhLsfKQ94z9xgb1RpWBP17HLSPzxlwwYugsmNqEOJqSxKVAXxdImgXg%3D%3D&type=json HTTP/1.1" 200 3552
DEBUG:urllib3.connectionpool:Starting new HTTP connection (1): apis.data.go.kr:80
DEBUG:urllib3.connectionpool:http://apis.data.go.kr:80 "GET /B553077/api/open/sdsc/baroApi?resId=dong&catId=cty&ctprvnCd=46&ServiceKey=mzv%2B5nKLrKuD%2BmQQsQNPL9WTK%2B%2Bv2TmZhLsfKQ94z9xgb1RpWBP17HLSPzxlwwYugsmNqEOJqSxKVAXxdImgXg%3D%3D&type=json HTTP/1.1" 200 544
DEBUG:urllib3.connectionpool:Starting new HTTP connection (1): apis.data.go.kr:80
DEBUG:urllib3.connectionpool:http://apis.data.go.kr:80 "GET /B553077/api/open/sdsc/storeListInDong?divId=signguCd&key=46790&ServiceKey=mzv%2B5nKLrKuD%2BmQQsQNPL9WTK%2B%2Bv2TmZhLsfKQ94z9xgb1RpWBP17HLSPzxlwwYugsmNqEOJqSxKVAXxdImgXg%3D%3D&type=json HTTP/1.1" 200 3552
INFO:werkzeug:127.0.0.1 - - [16/Dec/2019 04:19:20] "POST /menus/travel HTTP/1.1" 200 -
DEBUG:urllib3.connectionpool:Starting new HTTP connection (1): api.visitkorea.or.kr:80
DEBUG:urllib3.connectionpool:http://api.visitkorea.or.kr:80 "GET /openapi/service/rest/KorService/searchKeyword?ServiceKey=mzv%2B5nKLrKuD%2BmQQsQNPL9WTK%2B%2Bv2TmZhLsfKQ94z9xgb1RpWBP17HLSPzxlwwYugsmNqEOJqSxKVAXxdImgXg%3D%3D&keyword=%EA%B5%AD%EB%A6%BD%EA%B3%B5%EC%9B%90&listYN=Y&arrange=A&MobileOS=ETC&MobileApp=AppTest&_type=json HTTP/1.1" 200 4889
DEBUG:urllib3.connectionpool:Starting new HTTP connection (1): apis.data.go.kr:80
DEBUG:urllib3.connectionpool:http://apis.data.go.kr:80 "GET /B553077/api/open/sdsc/baroApi?resId=dong&catId=cty&ctprvnCd=47&ServiceKey=mzv%2B5nKLrKuD%2BmQQsQNPL9WTK%2B%2Bv2TmZhLsfKQ94z9xgb1RpWBP17HLSPzxlwwYugsmNqEOJqSxKVAXxdImgXg%3D%3D&type=json HTTP/1.1" 200 561
DEBUG:urllib3.connectionpool:Starting new HTTP connection (1): apis.data.go.kr:80
DEBUG:urllib3.connectionpool:http://apis.data.go.kr:80 "GET /B553077/api/open/sdsc/storeListInDong?divId=signguCd&key=47113&ServiceKey=mzv%2B5nKLrKuD%2BmQQsQNPL9WTK%2B%2Bv2TmZhLsfKQ94z9xgb1RpWBP17HLSPzxlwwYugsmNqEOJqSxKVAXxdImgXg%3D%3D&type=json HTTP/1.1" 200 4090
DEBUG:urllib3.connectionpool:Starting new HTTP connection (1): apis.data.go.kr:80
DEBUG:urllib3.connectionpool:http://apis.data.go.kr:80 "GET /B553077/api/open/sdsc/baroApi?resId=dong&catId=cty&ctprvnCd=48&ServiceKey=mzv%2B5nKLrKuD%2BmQQsQNPL9WTK%2B%2Bv2TmZhLsfKQ94z9xgb1RpWBP17HLSPzxlwwYugsmNqEOJqSxKVAXxdImgXg%3D%3D&type=json HTTP/1.1" 200 565
DEBUG:urllib3.connectionpool:Starting new HTTP connection (1): apis.data.go.kr:80
DEBUG:urllib3.connectionpool:http://apis.data.go.kr:80 "GET /B553077/api/open/sdsc/storeListInDong?divId=signguCd&key=48890&ServiceKey=mzv%2B5nKLrKuD%2BmQQsQNPL9WTK%2B%2Bv2TmZhLsfKQ94z9xgb1RpWBP17HLSPzxlwwYugsmNqEOJqSxKVAXxdImgXg%3D%3D&type=json HTTP/1.1" 200 3866
DEBUG:urllib3.connectionpool:Starting new HTTP connection (1): apis.data.go.kr:80
DEBUG:urllib3.connectionpool:http://apis.data.go.kr:80 "GET /B553077/api/open/sdsc/baroApi?resId=dong&catId=cty&ctprvnCd=47&ServiceKey=mzv%2B5nKLrKuD%2BmQQsQNPL9WTK%2B%2Bv2TmZhLsfKQ94z9xgb1RpWBP17HLSPzxlwwYugsmNqEOJqSxKVAXxdImgXg%3D%3D&type=json HTTP/1.1" 200 561
DEBUG:urllib3.connectionpool:Starting new HTTP connection (1): apis.data.go.kr:80
DEBUG:urllib3.connectionpool:http://apis.data.go.kr:80 "GET /B553077/api/open/sdsc/storeListInDong?divId=signguCd&key=47113&ServiceKey=mzv%2B5nKLrKuD%2BmQQsQNPL9WTK%2B%2Bv2TmZhLsfKQ94z9xgb1RpWBP17HLSPzxlwwYugsmNqEOJqSxKVAXxdImgXg%3D%3D&type=json HTTP/1.1" 200 4090
DEBUG:urllib3.connectionpool:Starting new HTTP connection (1): apis.data.go.kr:80
DEBUG:urllib3.connectionpool:http://apis.data.go.kr:80 "GET /B553077/api/open/sdsc/baroApi?resId=dong&catId=cty&ctprvnCd=44&ServiceKey=mzv%2B5nKLrKuD%2BmQQsQNPL9WTK%2B%2Bv2TmZhLsfKQ94z9xgb1RpWBP17HLSPzxlwwYugsmNqEOJqSxKVAXxdImgXg%3D%3D&type=json HTTP/1.1" 200 497
DEBUG:urllib3.connectionpool:Starting new HTTP connection (1): apis.data.go.kr:80
DEBUG:urllib3.connectionpool:http://apis.data.go.kr:80 "GET /B553077/api/open/sdsc/storeListInDong?divId=signguCd&key=44800&ServiceKey=mzv%2B5nKLrKuD%2BmQQsQNPL9WTK%2B%2Bv2TmZhLsfKQ94z9xgb1RpWBP17HLSPzxlwwYugsmNqEOJqSxKVAXxdImgXg%3D%3D&type=json HTTP/1.1" 200 3840
DEBUG:urllib3.connectionpool:Starting new HTTP connection (1): apis.data.go.kr:80
DEBUG:urllib3.connectionpool:http://apis.data.go.kr:80 "GET /B553077/api/open/sdsc/baroApi?resId=dong&catId=cty&ctprvnCd=11&ServiceKey=mzv%2B5nKLrKuD%2BmQQsQNPL9WTK%2B%2Bv2TmZhLsfKQ94z9xgb1RpWBP17HLSPzxlwwYugsmNqEOJqSxKVAXxdImgXg%3D%3D&type=json HTTP/1.1" 200 571
DEBUG:urllib3.connectionpool:Starting new HTTP connection (1): apis.data.go.kr:80
DEBUG:urllib3.connectionpool:http://apis.data.go.kr:80 "GET /B553077/api/open/sdsc/storeListInDong?divId=signguCd&key=11260&ServiceKey=mzv%2B5nKLrKuD%2BmQQsQNPL9WTK%2B%2Bv2TmZhLsfKQ94z9xgb1RpWBP17HLSPzxlwwYugsmNqEOJqSxKVAXxdImgXg%3D%3D&type=json HTTP/1.1" 200 3950
DEBUG:urllib3.connectionpool:Starting new HTTP connection (1): apis.data.go.kr:80
DEBUG:urllib3.connectionpool:http://apis.data.go.kr:80 "GET /B553077/api/open/sdsc/baroApi?resId=dong&catId=cty&ctprvnCd=46&ServiceKey=mzv%2B5nKLrKuD%2BmQQsQNPL9WTK%2B%2Bv2TmZhLsfKQ94z9xgb1RpWBP17HLSPzxlwwYugsmNqEOJqSxKVAXxdImgXg%3D%3D&type=json HTTP/1.1" 200 544
DEBUG:urllib3.connectionpool:Starting new HTTP connection (1): apis.data.go.kr:80
DEBUG:urllib3.connectionpool:http://apis.data.go.kr:80 "GET /B553077/api/open/sdsc/storeListInDong?divId=signguCd&key=46790&ServiceKey=mzv%2B5nKLrKuD%2BmQQsQNPL9WTK%2B%2Bv2TmZhLsfKQ94z9xgb1RpWBP17HLSPzxlwwYugsmNqEOJqSxKVAXxdImgXg%3D%3D&type=json HTTP/1.1" 200 3552
DEBUG:urllib3.connectionpool:Starting new HTTP connection (1): apis.data.go.kr:80
DEBUG:urllib3.connectionpool:http://apis.data.go.kr:80 "GET /B553077/api/open/sdsc/baroApi?resId=dong&catId=cty&ctprvnCd=11&ServiceKey=mzv%2B5nKLrKuD%2BmQQsQNPL9WTK%2B%2Bv2TmZhLsfKQ94z9xgb1RpWBP17HLSPzxlwwYugsmNqEOJqSxKVAXxdImgXg%3D%3D&type=json HTTP/1.1" 200 571
DEBUG:urllib3.connectionpool:Starting new HTTP connection (1): apis.data.go.kr:80
DEBUG:urllib3.connectionpool:http://apis.data.go.kr:80 "GET /B553077/api/open/sdsc/storeListInDong?divId=signguCd&key=11260&ServiceKey=mzv%2B5nKLrKuD%2BmQQsQNPL9WTK%2B%2Bv2TmZhLsfKQ94z9xgb1RpWBP17HLSPzxlwwYugsmNqEOJqSxKVAXxdImgXg%3D%3D&type=json HTTP/1.1" 200 3950
DEBUG:urllib3.connectionpool:Starting new HTTP connection (1): apis.data.go.kr:80
DEBUG:urllib3.connectionpool:http://apis.data.go.kr:80 "GET /B553077/api/open/sdsc/baroApi?resId=dong&catId=cty&ctprvnCd=45&ServiceKey=mzv%2B5nKLrKuD%2BmQQsQNPL9WTK%2B%2Bv2TmZhLsfKQ94z9xgb1RpWBP17HLSPzxlwwYugsmNqEOJqSxKVAXxdImgXg%3D%3D&type=json HTTP/1.1" 200 483
DEBUG:urllib3.connectionpool:Starting new HTTP connection (1): apis.data.go.kr:80
DEBUG:urllib3.connectionpool:http://apis.data.go.kr:80 "GET /B553077/api/open/sdsc/storeListInDong?divId=signguCd&key=45720&ServiceKey=mzv%2B5nKLrKuD%2BmQQsQNPL9WTK%2B%2Bv2TmZhLsfKQ94z9xgb1RpWBP17HLSPzxlwwYugsmNqEOJqSxKVAXxdImgXg%3D%3D&type=json HTTP/1.1" 200 3787
DEBUG:urllib3.connectionpool:Starting new HTTP connection (1): apis.data.go.kr:80
DEBUG:urllib3.connectionpool:http://apis.data.go.kr:80 "GET /B553077/api/open/sdsc/baroApi?resId=dong&catId=cty&ctprvnCd=46&ServiceKey=mzv%2B5nKLrKuD%2BmQQsQNPL9WTK%2B%2Bv2TmZhLsfKQ94z9xgb1RpWBP17HLSPzxlwwYugsmNqEOJqSxKVAXxdImgXg%3D%3D&type=json HTTP/1.1" 200 544
DEBUG:urllib3.connectionpool:Starting new HTTP connection (1): apis.data.go.kr:80
DEBUG:urllib3.connectionpool:http://apis.data.go.kr:80 "GET /B553077/api/open/sdsc/storeListInDong?divId=signguCd&key=46790&ServiceKey=mzv%2B5nKLrKuD%2BmQQsQNPL9WTK%2B%2Bv2TmZhLsfKQ94z9xgb1RpWBP17HLSPzxlwwYugsmNqEOJqSxKVAXxdImgXg%3D%3D&type=json HTTP/1.1" 200 3552
DEBUG:urllib3.connectionpool:Starting new HTTP connection (1): apis.data.go.kr:80
DEBUG:urllib3.connectionpool:http://apis.data.go.kr:80 "GET /B553077/api/open/sdsc/baroApi?resId=dong&catId=cty&ctprvnCd=46&ServiceKey=mzv%2B5nKLrKuD%2BmQQsQNPL9WTK%2B%2Bv2TmZhLsfKQ94z9xgb1RpWBP17HLSPzxlwwYugsmNqEOJqSxKVAXxdImgXg%3D%3D&type=json HTTP/1.1" 200 544
DEBUG:urllib3.connectionpool:Starting new HTTP connection (1): apis.data.go.kr:80
DEBUG:urllib3.connectionpool:http://apis.data.go.kr:80 "GET /B553077/api/open/sdsc/storeListInDong?divId=signguCd&key=46790&ServiceKey=mzv%2B5nKLrKuD%2BmQQsQNPL9WTK%2B%2Bv2TmZhLsfKQ94z9xgb1RpWBP17HLSPzxlwwYugsmNqEOJqSxKVAXxdImgXg%3D%3D&type=json HTTP/1.1" 200 3552
INFO:werkzeug:127.0.0.1 - - [16/Dec/2019 04:21:15] "POST /menus/travel HTTP/1.1" 200 -
DEBUG:urllib3.connectionpool:Starting new HTTP connection (1): api.visitkorea.or.kr:80
DEBUG:urllib3.connectionpool:http://api.visitkorea.or.kr:80 "GET /openapi/service/rest/KorService/searchKeyword?ServiceKey=mzv%2B5nKLrKuD%2BmQQsQNPL9WTK%2B%2Bv2TmZhLsfKQ94z9xgb1RpWBP17HLSPzxlwwYugsmNqEOJqSxKVAXxdImgXg%3D%3D&keyword=%EA%B5%AD%EB%A6%BD%EA%B3%B5%EC%9B%90&listYN=Y&arrange=A&MobileOS=ETC&MobileApp=AppTest&_type=json HTTP/1.1" 200 4889
DEBUG:urllib3.connectionpool:Starting new HTTP connection (1): apis.data.go.kr:80
DEBUG:urllib3.connectionpool:http://apis.data.go.kr:80 "GET /B553077/api/open/sdsc/baroApi?resId=dong&catId=cty&ctprvnCd=47&ServiceKey=mzv%2B5nKLrKuD%2BmQQsQNPL9WTK%2B%2Bv2TmZhLsfKQ94z9xgb1RpWBP17HLSPzxlwwYugsmNqEOJqSxKVAXxdImgXg%3D%3D&type=json HTTP/1.1" 200 561
DEBUG:urllib3.connectionpool:Starting new HTTP connection (1): apis.data.go.kr:80
DEBUG:urllib3.connectionpool:http://apis.data.go.kr:80 "GET /B553077/api/open/sdsc/storeListInDong?divId=signguCd&key=47113&ServiceKey=mzv%2B5nKLrKuD%2BmQQsQNPL9WTK%2B%2Bv2TmZhLsfKQ94z9xgb1RpWBP17HLSPzxlwwYugsmNqEOJqSxKVAXxdImgXg%3D%3D&type=json HTTP/1.1" 200 4090
DEBUG:urllib3.connectionpool:Starting new HTTP connection (1): apis.data.go.kr:80
DEBUG:urllib3.connectionpool:http://apis.data.go.kr:80 "GET /B553077/api/open/sdsc/baroApi?resId=dong&catId=cty&ctprvnCd=48&ServiceKey=mzv%2B5nKLrKuD%2BmQQsQNPL9WTK%2B%2Bv2TmZhLsfKQ94z9xgb1RpWBP17HLSPzxlwwYugsmNqEOJqSxKVAXxdImgXg%3D%3D&type=json HTTP/1.1" 200 565
DEBUG:urllib3.connectionpool:Starting new HTTP connection (1): apis.data.go.kr:80
DEBUG:urllib3.connectionpool:http://apis.data.go.kr:80 "GET /B553077/api/open/sdsc/storeListInDong?divId=signguCd&key=48890&ServiceKey=mzv%2B5nKLrKuD%2BmQQsQNPL9WTK%2B%2Bv2TmZhLsfKQ94z9xgb1RpWBP17HLSPzxlwwYugsmNqEOJqSxKVAXxdImgXg%3D%3D&type=json HTTP/1.1" 200 3866
DEBUG:urllib3.connectionpool:Starting new HTTP connection (1): apis.data.go.kr:80
DEBUG:urllib3.connectionpool:http://apis.data.go.kr:80 "GET /B553077/api/open/sdsc/baroApi?resId=dong&catId=cty&ctprvnCd=47&ServiceKey=mzv%2B5nKLrKuD%2BmQQsQNPL9WTK%2B%2Bv2TmZhLsfKQ94z9xgb1RpWBP17HLSPzxlwwYugsmNqEOJqSxKVAXxdImgXg%3D%3D&type=json HTTP/1.1" 200 561
DEBUG:urllib3.connectionpool:Starting new HTTP connection (1): apis.data.go.kr:80
DEBUG:urllib3.connectionpool:http://apis.data.go.kr:80 "GET /B553077/api/open/sdsc/storeListInDong?divId=signguCd&key=47113&ServiceKey=mzv%2B5nKLrKuD%2BmQQsQNPL9WTK%2B%2Bv2TmZhLsfKQ94z9xgb1RpWBP17HLSPzxlwwYugsmNqEOJqSxKVAXxdImgXg%3D%3D&type=json HTTP/1.1" 200 4090
DEBUG:urllib3.connectionpool:Starting new HTTP connection (1): apis.data.go.kr:80
DEBUG:urllib3.connectionpool:http://apis.data.go.kr:80 "GET /B553077/api/open/sdsc/baroApi?resId=dong&catId=cty&ctprvnCd=44&ServiceKey=mzv%2B5nKLrKuD%2BmQQsQNPL9WTK%2B%2Bv2TmZhLsfKQ94z9xgb1RpWBP17HLSPzxlwwYugsmNqEOJqSxKVAXxdImgXg%3D%3D&type=json HTTP/1.1" 200 497
DEBUG:urllib3.connectionpool:Starting new HTTP connection (1): apis.data.go.kr:80
DEBUG:urllib3.connectionpool:http://apis.data.go.kr:80 "GET /B553077/api/open/sdsc/storeListInDong?divId=signguCd&key=44800&ServiceKey=mzv%2B5nKLrKuD%2BmQQsQNPL9WTK%2B%2Bv2TmZhLsfKQ94z9xgb1RpWBP17HLSPzxlwwYugsmNqEOJqSxKVAXxdImgXg%3D%3D&type=json HTTP/1.1" 200 3840
DEBUG:urllib3.connectionpool:Starting new HTTP connection (1): apis.data.go.kr:80
DEBUG:urllib3.connectionpool:http://apis.data.go.kr:80 "GET /B553077/api/open/sdsc/baroApi?resId=dong&catId=cty&ctprvnCd=11&ServiceKey=mzv%2B5nKLrKuD%2BmQQsQNPL9WTK%2B%2Bv2TmZhLsfKQ94z9xgb1RpWBP17HLSPzxlwwYugsmNqEOJqSxKVAXxdImgXg%3D%3D&type=json HTTP/1.1" 200 571
DEBUG:urllib3.connectionpool:Starting new HTTP connection (1): apis.data.go.kr:80
DEBUG:urllib3.connectionpool:http://apis.data.go.kr:80 "GET /B553077/api/open/sdsc/storeListInDong?divId=signguCd&key=11260&ServiceKey=mzv%2B5nKLrKuD%2BmQQsQNPL9WTK%2B%2Bv2TmZhLsfKQ94z9xgb1RpWBP17HLSPzxlwwYugsmNqEOJqSxKVAXxdImgXg%3D%3D&type=json HTTP/1.1" 200 3950
DEBUG:urllib3.connectionpool:Starting new HTTP connection (1): apis.data.go.kr:80
DEBUG:urllib3.connectionpool:http://apis.data.go.kr:80 "GET /B553077/api/open/sdsc/baroApi?resId=dong&catId=cty&ctprvnCd=46&ServiceKey=mzv%2B5nKLrKuD%2BmQQsQNPL9WTK%2B%2Bv2TmZhLsfKQ94z9xgb1RpWBP17HLSPzxlwwYugsmNqEOJqSxKVAXxdImgXg%3D%3D&type=json HTTP/1.1" 200 544
DEBUG:urllib3.connectionpool:Starting new HTTP connection (1): apis.data.go.kr:80
DEBUG:urllib3.connectionpool:http://apis.data.go.kr:80 "GET /B553077/api/open/sdsc/storeListInDong?divId=signguCd&key=46790&ServiceKey=mzv%2B5nKLrKuD%2BmQQsQNPL9WTK%2B%2Bv2TmZhLsfKQ94z9xgb1RpWBP17HLSPzxlwwYugsmNqEOJqSxKVAXxdImgXg%3D%3D&type=json HTTP/1.1" 200 3552
DEBUG:urllib3.connectionpool:Starting new HTTP connection (1): apis.data.go.kr:80
DEBUG:urllib3.connectionpool:http://apis.data.go.kr:80 "GET /B553077/api/open/sdsc/baroApi?resId=dong&catId=cty&ctprvnCd=11&ServiceKey=mzv%2B5nKLrKuD%2BmQQsQNPL9WTK%2B%2Bv2TmZhLsfKQ94z9xgb1RpWBP17HLSPzxlwwYugsmNqEOJqSxKVAXxdImgXg%3D%3D&type=json HTTP/1.1" 200 571
DEBUG:urllib3.connectionpool:Starting new HTTP connection (1): apis.data.go.kr:80
DEBUG:urllib3.connectionpool:http://apis.data.go.kr:80 "GET /B553077/api/open/sdsc/storeListInDong?divId=signguCd&key=11260&ServiceKey=mzv%2B5nKLrKuD%2BmQQsQNPL9WTK%2B%2Bv2TmZhLsfKQ94z9xgb1RpWBP17HLSPzxlwwYugsmNqEOJqSxKVAXxdImgXg%3D%3D&type=json HTTP/1.1" 200 3950
DEBUG:urllib3.connectionpool:Starting new HTTP connection (1): apis.data.go.kr:80
DEBUG:urllib3.connectionpool:http://apis.data.go.kr:80 "GET /B553077/api/open/sdsc/baroApi?resId=dong&catId=cty&ctprvnCd=45&ServiceKey=mzv%2B5nKLrKuD%2BmQQsQNPL9WTK%2B%2Bv2TmZhLsfKQ94z9xgb1RpWBP17HLSPzxlwwYugsmNqEOJqSxKVAXxdImgXg%3D%3D&type=json HTTP/1.1" 200 483
DEBUG:urllib3.connectionpool:Starting new HTTP connection (1): apis.data.go.kr:80
DEBUG:urllib3.connectionpool:http://apis.data.go.kr:80 "GET /B553077/api/open/sdsc/storeListInDong?divId=signguCd&key=45720&ServiceKey=mzv%2B5nKLrKuD%2BmQQsQNPL9WTK%2B%2Bv2TmZhLsfKQ94z9xgb1RpWBP17HLSPzxlwwYugsmNqEOJqSxKVAXxdImgXg%3D%3D&type=json HTTP/1.1" 200 3787
DEBUG:urllib3.connectionpool:Starting new HTTP connection (1): apis.data.go.kr:80
DEBUG:urllib3.connectionpool:http://apis.data.go.kr:80 "GET /B553077/api/open/sdsc/baroApi?resId=dong&catId=cty&ctprvnCd=46&ServiceKey=mzv%2B5nKLrKuD%2BmQQsQNPL9WTK%2B%2Bv2TmZhLsfKQ94z9xgb1RpWBP17HLSPzxlwwYugsmNqEOJqSxKVAXxdImgXg%3D%3D&type=json HTTP/1.1" 200 544
DEBUG:urllib3.connectionpool:Starting new HTTP connection (1): apis.data.go.kr:80
DEBUG:urllib3.connectionpool:http://apis.data.go.kr:80 "GET /B553077/api/open/sdsc/storeListInDong?divId=signguCd&key=46790&ServiceKey=mzv%2B5nKLrKuD%2BmQQsQNPL9WTK%2B%2Bv2TmZhLsfKQ94z9xgb1RpWBP17HLSPzxlwwYugsmNqEOJqSxKVAXxdImgXg%3D%3D&type=json HTTP/1.1" 200 3552
DEBUG:urllib3.connectionpool:Starting new HTTP connection (1): apis.data.go.kr:80
DEBUG:urllib3.connectionpool:http://apis.data.go.kr:80 "GET /B553077/api/open/sdsc/baroApi?resId=dong&catId=cty&ctprvnCd=46&ServiceKey=mzv%2B5nKLrKuD%2BmQQsQNPL9WTK%2B%2Bv2TmZhLsfKQ94z9xgb1RpWBP17HLSPzxlwwYugsmNqEOJqSxKVAXxdImgXg%3D%3D&type=json HTTP/1.1" 200 544
DEBUG:urllib3.connectionpool:Starting new HTTP connection (1): apis.data.go.kr:80
DEBUG:urllib3.connectionpool:http://apis.data.go.kr:80 "GET /B553077/api/open/sdsc/storeListInDong?divId=signguCd&key=46790&ServiceKey=mzv%2B5nKLrKuD%2BmQQsQNPL9WTK%2B%2Bv2TmZhLsfKQ94z9xgb1RpWBP17HLSPzxlwwYugsmNqEOJqSxKVAXxdImgXg%3D%3D&type=json HTTP/1.1" 200 3552
INFO:werkzeug:127.0.0.1 - - [16/Dec/2019 04:24:06] "POST /menus/travel HTTP/1.1" 500 -
INFO:werkzeug:127.0.0.1 - - [16/Dec/2019 04:24:06] "GET /menus/travel?__debugger__=yes&cmd=resource&f=style.css HTTP/1.1" 200 -
INFO:werkzeug:127.0.0.1 - - [16/Dec/2019 04:24:06] "GET /menus/travel?__debugger__=yes&cmd=resource&f=jquery.js HTTP/1.1" 200 -
INFO:werkzeug:127.0.0.1 - - [16/Dec/2019 04:24:07] "GET /menus/travel?__debugger__=yes&cmd=resource&f=debugger.js HTTP/1.1" 200 -
INFO:werkzeug:127.0.0.1 - - [16/Dec/2019 04:24:07] "GET /menus/travel?__debugger__=yes&cmd=resource&f=ubuntu.ttf HTTP/1.1" 200 -
INFO:werkzeug:127.0.0.1 - - [16/Dec/2019 04:24:07] "GET /menus/travel?__debugger__=yes&cmd=resource&f=console.png HTTP/1.1" 200 -
INFO:werkzeug:127.0.0.1 - - [16/Dec/2019 04:24:07] "GET /menus/travel?__debugger__=yes&cmd=resource&f=console.png HTTP/1.1" 200 -
DEBUG:urllib3.connectionpool:Starting new HTTP connection (1): api.visitkorea.or.kr:80
DEBUG:urllib3.connectionpool:http://api.visitkorea.or.kr:80 "GET /openapi/service/rest/KorService/searchKeyword?ServiceKey=mzv%2B5nKLrKuD%2BmQQsQNPL9WTK%2B%2Bv2TmZhLsfKQ94z9xgb1RpWBP17HLSPzxlwwYugsmNqEOJqSxKVAXxdImgXg%3D%3D&keyword=%EA%B5%AD%EB%A6%BD%EA%B3%B5%EC%9B%90&listYN=Y&arrange=A&MobileOS=ETC&MobileApp=AppTest&_type=json HTTP/1.1" 200 4889
DEBUG:urllib3.connectionpool:Starting new HTTP connection (1): apis.data.go.kr:80
DEBUG:urllib3.connectionpool:http://apis.data.go.kr:80 "GET /B553077/api/open/sdsc/baroApi?resId=dong&catId=cty&ctprvnCd=47&ServiceKey=mzv%2B5nKLrKuD%2BmQQsQNPL9WTK%2B%2Bv2TmZhLsfKQ94z9xgb1RpWBP17HLSPzxlwwYugsmNqEOJqSxKVAXxdImgXg%3D%3D&type=json HTTP/1.1" 200 561
DEBUG:urllib3.connectionpool:Starting new HTTP connection (1): apis.data.go.kr:80
DEBUG:urllib3.connectionpool:http://apis.data.go.kr:80 "GET /B553077/api/open/sdsc/storeListInDong?divId=signguCd&key=47113&ServiceKey=mzv%2B5nKLrKuD%2BmQQsQNPL9WTK%2B%2Bv2TmZhLsfKQ94z9xgb1RpWBP17HLSPzxlwwYugsmNqEOJqSxKVAXxdImgXg%3D%3D&type=json HTTP/1.1" 200 4090
DEBUG:urllib3.connectionpool:Starting new HTTP connection (1): apis.data.go.kr:80
DEBUG:urllib3.connectionpool:http://apis.data.go.kr:80 "GET /B553077/api/open/sdsc/baroApi?resId=dong&catId=cty&ctprvnCd=48&ServiceKey=mzv%2B5nKLrKuD%2BmQQsQNPL9WTK%2B%2Bv2TmZhLsfKQ94z9xgb1RpWBP17HLSPzxlwwYugsmNqEOJqSxKVAXxdImgXg%3D%3D&type=json HTTP/1.1" 200 565
DEBUG:urllib3.connectionpool:Starting new HTTP connection (1): apis.data.go.kr:80
DEBUG:urllib3.connectionpool:http://apis.data.go.kr:80 "GET /B553077/api/open/sdsc/storeListInDong?divId=signguCd&key=48890&ServiceKey=mzv%2B5nKLrKuD%2BmQQsQNPL9WTK%2B%2Bv2TmZhLsfKQ94z9xgb1RpWBP17HLSPzxlwwYugsmNqEOJqSxKVAXxdImgXg%3D%3D&type=json HTTP/1.1" 200 3866
DEBUG:urllib3.connectionpool:Starting new HTTP connection (1): apis.data.go.kr:80
DEBUG:urllib3.connectionpool:http://apis.data.go.kr:80 "GET /B553077/api/open/sdsc/baroApi?resId=dong&catId=cty&ctprvnCd=47&ServiceKey=mzv%2B5nKLrKuD%2BmQQsQNPL9WTK%2B%2Bv2TmZhLsfKQ94z9xgb1RpWBP17HLSPzxlwwYugsmNqEOJqSxKVAXxdImgXg%3D%3D&type=json HTTP/1.1" 200 561
DEBUG:urllib3.connectionpool:Starting new HTTP connection (1): apis.data.go.kr:80
DEBUG:urllib3.connectionpool:http://apis.data.go.kr:80 "GET /B553077/api/open/sdsc/storeListInDong?divId=signguCd&key=47113&ServiceKey=mzv%2B5nKLrKuD%2BmQQsQNPL9WTK%2B%2Bv2TmZhLsfKQ94z9xgb1RpWBP17HLSPzxlwwYugsmNqEOJqSxKVAXxdImgXg%3D%3D&type=json HTTP/1.1" 200 4090
DEBUG:urllib3.connectionpool:Starting new HTTP connection (1): apis.data.go.kr:80
DEBUG:urllib3.connectionpool:http://apis.data.go.kr:80 "GET /B553077/api/open/sdsc/baroApi?resId=dong&catId=cty&ctprvnCd=44&ServiceKey=mzv%2B5nKLrKuD%2BmQQsQNPL9WTK%2B%2Bv2TmZhLsfKQ94z9xgb1RpWBP17HLSPzxlwwYugsmNqEOJqSxKVAXxdImgXg%3D%3D&type=json HTTP/1.1" 200 497
DEBUG:urllib3.connectionpool:Starting new HTTP connection (1): apis.data.go.kr:80
DEBUG:urllib3.connectionpool:http://apis.data.go.kr:80 "GET /B553077/api/open/sdsc/storeListInDong?divId=signguCd&key=44800&ServiceKey=mzv%2B5nKLrKuD%2BmQQsQNPL9WTK%2B%2Bv2TmZhLsfKQ94z9xgb1RpWBP17HLSPzxlwwYugsmNqEOJqSxKVAXxdImgXg%3D%3D&type=json HTTP/1.1" 200 3840
DEBUG:urllib3.connectionpool:Starting new HTTP connection (1): apis.data.go.kr:80
DEBUG:urllib3.connectionpool:http://apis.data.go.kr:80 "GET /B553077/api/open/sdsc/baroApi?resId=dong&catId=cty&ctprvnCd=11&ServiceKey=mzv%2B5nKLrKuD%2BmQQsQNPL9WTK%2B%2Bv2TmZhLsfKQ94z9xgb1RpWBP17HLSPzxlwwYugsmNqEOJqSxKVAXxdImgXg%3D%3D&type=json HTTP/1.1" 200 571
DEBUG:urllib3.connectionpool:Starting new HTTP connection (1): apis.data.go.kr:80
DEBUG:urllib3.connectionpool:http://apis.data.go.kr:80 "GET /B553077/api/open/sdsc/storeListInDong?divId=signguCd&key=11260&ServiceKey=mzv%2B5nKLrKuD%2BmQQsQNPL9WTK%2B%2Bv2TmZhLsfKQ94z9xgb1RpWBP17HLSPzxlwwYugsmNqEOJqSxKVAXxdImgXg%3D%3D&type=json HTTP/1.1" 200 3950
DEBUG:urllib3.connectionpool:Starting new HTTP connection (1): apis.data.go.kr:80
DEBUG:urllib3.connectionpool:http://apis.data.go.kr:80 "GET /B553077/api/open/sdsc/baroApi?resId=dong&catId=cty&ctprvnCd=46&ServiceKey=mzv%2B5nKLrKuD%2BmQQsQNPL9WTK%2B%2Bv2TmZhLsfKQ94z9xgb1RpWBP17HLSPzxlwwYugsmNqEOJqSxKVAXxdImgXg%3D%3D&type=json HTTP/1.1" 200 544
DEBUG:urllib3.connectionpool:Starting new HTTP connection (1): apis.data.go.kr:80
DEBUG:urllib3.connectionpool:http://apis.data.go.kr:80 "GET /B553077/api/open/sdsc/storeListInDong?divId=signguCd&key=46790&ServiceKey=mzv%2B5nKLrKuD%2BmQQsQNPL9WTK%2B%2Bv2TmZhLsfKQ94z9xgb1RpWBP17HLSPzxlwwYugsmNqEOJqSxKVAXxdImgXg%3D%3D&type=json HTTP/1.1" 200 3552
DEBUG:urllib3.connectionpool:Starting new HTTP connection (1): apis.data.go.kr:80
DEBUG:urllib3.connectionpool:http://apis.data.go.kr:80 "GET /B553077/api/open/sdsc/baroApi?resId=dong&catId=cty&ctprvnCd=11&ServiceKey=mzv%2B5nKLrKuD%2BmQQsQNPL9WTK%2B%2Bv2TmZhLsfKQ94z9xgb1RpWBP17HLSPzxlwwYugsmNqEOJqSxKVAXxdImgXg%3D%3D&type=json HTTP/1.1" 200 571
DEBUG:urllib3.connectionpool:Starting new HTTP connection (1): apis.data.go.kr:80
DEBUG:urllib3.connectionpool:http://apis.data.go.kr:80 "GET /B553077/api/open/sdsc/storeListInDong?divId=signguCd&key=11260&ServiceKey=mzv%2B5nKLrKuD%2BmQQsQNPL9WTK%2B%2Bv2TmZhLsfKQ94z9xgb1RpWBP17HLSPzxlwwYugsmNqEOJqSxKVAXxdImgXg%3D%3D&type=json HTTP/1.1" 200 3950
DEBUG:urllib3.connectionpool:Starting new HTTP connection (1): apis.data.go.kr:80
DEBUG:urllib3.connectionpool:http://apis.data.go.kr:80 "GET /B553077/api/open/sdsc/baroApi?resId=dong&catId=cty&ctprvnCd=45&ServiceKey=mzv%2B5nKLrKuD%2BmQQsQNPL9WTK%2B%2Bv2TmZhLsfKQ94z9xgb1RpWBP17HLSPzxlwwYugsmNqEOJqSxKVAXxdImgXg%3D%3D&type=json HTTP/1.1" 200 483
DEBUG:urllib3.connectionpool:Starting new HTTP connection (1): apis.data.go.kr:80
DEBUG:urllib3.connectionpool:http://apis.data.go.kr:80 "GET /B553077/api/open/sdsc/storeListInDong?divId=signguCd&key=45720&ServiceKey=mzv%2B5nKLrKuD%2BmQQsQNPL9WTK%2B%2Bv2TmZhLsfKQ94z9xgb1RpWBP17HLSPzxlwwYugsmNqEOJqSxKVAXxdImgXg%3D%3D&type=json HTTP/1.1" 200 3787
DEBUG:urllib3.connectionpool:Starting new HTTP connection (1): apis.data.go.kr:80
DEBUG:urllib3.connectionpool:http://apis.data.go.kr:80 "GET /B553077/api/open/sdsc/baroApi?resId=dong&catId=cty&ctprvnCd=46&ServiceKey=mzv%2B5nKLrKuD%2BmQQsQNPL9WTK%2B%2Bv2TmZhLsfKQ94z9xgb1RpWBP17HLSPzxlwwYugsmNqEOJqSxKVAXxdImgXg%3D%3D&type=json HTTP/1.1" 200 544
DEBUG:urllib3.connectionpool:Starting new HTTP connection (1): apis.data.go.kr:80
DEBUG:urllib3.connectionpool:http://apis.data.go.kr:80 "GET /B553077/api/open/sdsc/storeListInDong?divId=signguCd&key=46790&ServiceKey=mzv%2B5nKLrKuD%2BmQQsQNPL9WTK%2B%2Bv2TmZhLsfKQ94z9xgb1RpWBP17HLSPzxlwwYugsmNqEOJqSxKVAXxdImgXg%3D%3D&type=json HTTP/1.1" 200 3552
DEBUG:urllib3.connectionpool:Starting new HTTP connection (1): apis.data.go.kr:80
DEBUG:urllib3.connectionpool:http://apis.data.go.kr:80 "GET /B553077/api/open/sdsc/baroApi?resId=dong&catId=cty&ctprvnCd=46&ServiceKey=mzv%2B5nKLrKuD%2BmQQsQNPL9WTK%2B%2Bv2TmZhLsfKQ94z9xgb1RpWBP17HLSPzxlwwYugsmNqEOJqSxKVAXxdImgXg%3D%3D&type=json HTTP/1.1" 200 544
DEBUG:urllib3.connectionpool:Starting new HTTP connection (1): apis.data.go.kr:80
DEBUG:urllib3.connectionpool:http://apis.data.go.kr:80 "GET /B553077/api/open/sdsc/storeListInDong?divId=signguCd&key=46790&ServiceKey=mzv%2B5nKLrKuD%2BmQQsQNPL9WTK%2B%2Bv2TmZhLsfKQ94z9xgb1RpWBP17HLSPzxlwwYugsmNqEOJqSxKVAXxdImgXg%3D%3D&type=json HTTP/1.1" 200 3552
INFO:werkzeug:127.0.0.1 - - [16/Dec/2019 04:25:02] "POST /menus/travel HTTP/1.1" 200 -
DEBUG:urllib3.connectionpool:Starting new HTTP connection (1): api.visitkorea.or.kr:80
DEBUG:urllib3.connectionpool:http://api.visitkorea.or.kr:80 "GET /openapi/service/rest/KorService/searchKeyword?ServiceKey=mzv%2B5nKLrKuD%2BmQQsQNPL9WTK%2B%2Bv2TmZhLsfKQ94z9xgb1RpWBP17HLSPzxlwwYugsmNqEOJqSxKVAXxdImgXg%3D%3D&keyword=%EA%B5%AD%EB%A6%BD%EA%B3%B5%EC%9B%90&listYN=Y&arrange=A&MobileOS=ETC&MobileApp=AppTest&_type=json HTTP/1.1" 200 4889
DEBUG:urllib3.connectionpool:Starting new HTTP connection (1): apis.data.go.kr:80
DEBUG:urllib3.connectionpool:http://apis.data.go.kr:80 "GET /B553077/api/open/sdsc/baroApi?resId=dong&catId=cty&ctprvnCd=47&ServiceKey=mzv%2B5nKLrKuD%2BmQQsQNPL9WTK%2B%2Bv2TmZhLsfKQ94z9xgb1RpWBP17HLSPzxlwwYugsmNqEOJqSxKVAXxdImgXg%3D%3D&type=json HTTP/1.1" 200 561
DEBUG:urllib3.connectionpool:Starting new HTTP connection (1): apis.data.go.kr:80
DEBUG:urllib3.connectionpool:http://apis.data.go.kr:80 "GET /B553077/api/open/sdsc/storeListInDong?divId=signguCd&key=47113&ServiceKey=mzv%2B5nKLrKuD%2BmQQsQNPL9WTK%2B%2Bv2TmZhLsfKQ94z9xgb1RpWBP17HLSPzxlwwYugsmNqEOJqSxKVAXxdImgXg%3D%3D&type=json HTTP/1.1" 200 4090
DEBUG:urllib3.connectionpool:Starting new HTTP connection (1): apis.data.go.kr:80
DEBUG:urllib3.connectionpool:http://apis.data.go.kr:80 "GET /B553077/api/open/sdsc/baroApi?resId=dong&catId=cty&ctprvnCd=48&ServiceKey=mzv%2B5nKLrKuD%2BmQQsQNPL9WTK%2B%2Bv2TmZhLsfKQ94z9xgb1RpWBP17HLSPzxlwwYugsmNqEOJqSxKVAXxdImgXg%3D%3D&type=json HTTP/1.1" 200 565
DEBUG:urllib3.connectionpool:Starting new HTTP connection (1): apis.data.go.kr:80
DEBUG:urllib3.connectionpool:http://apis.data.go.kr:80 "GET /B553077/api/open/sdsc/storeListInDong?divId=signguCd&key=48890&ServiceKey=mzv%2B5nKLrKuD%2BmQQsQNPL9WTK%2B%2Bv2TmZhLsfKQ94z9xgb1RpWBP17HLSPzxlwwYugsmNqEOJqSxKVAXxdImgXg%3D%3D&type=json HTTP/1.1" 200 3866
DEBUG:urllib3.connectionpool:Starting new HTTP connection (1): apis.data.go.kr:80
DEBUG:urllib3.connectionpool:http://apis.data.go.kr:80 "GET /B553077/api/open/sdsc/baroApi?resId=dong&catId=cty&ctprvnCd=47&ServiceKey=mzv%2B5nKLrKuD%2BmQQsQNPL9WTK%2B%2Bv2TmZhLsfKQ94z9xgb1RpWBP17HLSPzxlwwYugsmNqEOJqSxKVAXxdImgXg%3D%3D&type=json HTTP/1.1" 200 561
DEBUG:urllib3.connectionpool:Starting new HTTP connection (1): apis.data.go.kr:80
DEBUG:urllib3.connectionpool:http://apis.data.go.kr:80 "GET /B553077/api/open/sdsc/storeListInDong?divId=signguCd&key=47113&ServiceKey=mzv%2B5nKLrKuD%2BmQQsQNPL9WTK%2B%2Bv2TmZhLsfKQ94z9xgb1RpWBP17HLSPzxlwwYugsmNqEOJqSxKVAXxdImgXg%3D%3D&type=json HTTP/1.1" 200 4090
DEBUG:urllib3.connectionpool:Starting new HTTP connection (1): apis.data.go.kr:80
DEBUG:urllib3.connectionpool:http://apis.data.go.kr:80 "GET /B553077/api/open/sdsc/baroApi?resId=dong&catId=cty&ctprvnCd=44&ServiceKey=mzv%2B5nKLrKuD%2BmQQsQNPL9WTK%2B%2Bv2TmZhLsfKQ94z9xgb1RpWBP17HLSPzxlwwYugsmNqEOJqSxKVAXxdImgXg%3D%3D&type=json HTTP/1.1" 200 497
DEBUG:urllib3.connectionpool:Starting new HTTP connection (1): apis.data.go.kr:80
DEBUG:urllib3.connectionpool:http://apis.data.go.kr:80 "GET /B553077/api/open/sdsc/storeListInDong?divId=signguCd&key=44800&ServiceKey=mzv%2B5nKLrKuD%2BmQQsQNPL9WTK%2B%2Bv2TmZhLsfKQ94z9xgb1RpWBP17HLSPzxlwwYugsmNqEOJqSxKVAXxdImgXg%3D%3D&type=json HTTP/1.1" 200 3840
DEBUG:urllib3.connectionpool:Starting new HTTP connection (1): apis.data.go.kr:80
DEBUG:urllib3.connectionpool:http://apis.data.go.kr:80 "GET /B553077/api/open/sdsc/baroApi?resId=dong&catId=cty&ctprvnCd=11&ServiceKey=mzv%2B5nKLrKuD%2BmQQsQNPL9WTK%2B%2Bv2TmZhLsfKQ94z9xgb1RpWBP17HLSPzxlwwYugsmNqEOJqSxKVAXxdImgXg%3D%3D&type=json HTTP/1.1" 200 571
DEBUG:urllib3.connectionpool:Starting new HTTP connection (1): apis.data.go.kr:80
DEBUG:urllib3.connectionpool:http://apis.data.go.kr:80 "GET /B553077/api/open/sdsc/storeListInDong?divId=signguCd&key=11260&ServiceKey=mzv%2B5nKLrKuD%2BmQQsQNPL9WTK%2B%2Bv2TmZhLsfKQ94z9xgb1RpWBP17HLSPzxlwwYugsmNqEOJqSxKVAXxdImgXg%3D%3D&type=json HTTP/1.1" 200 3950
DEBUG:urllib3.connectionpool:Starting new HTTP connection (1): apis.data.go.kr:80
DEBUG:urllib3.connectionpool:http://apis.data.go.kr:80 "GET /B553077/api/open/sdsc/baroApi?resId=dong&catId=cty&ctprvnCd=46&ServiceKey=mzv%2B5nKLrKuD%2BmQQsQNPL9WTK%2B%2Bv2TmZhLsfKQ94z9xgb1RpWBP17HLSPzxlwwYugsmNqEOJqSxKVAXxdImgXg%3D%3D&type=json HTTP/1.1" 200 544
DEBUG:urllib3.connectionpool:Starting new HTTP connection (1): apis.data.go.kr:80
DEBUG:urllib3.connectionpool:http://apis.data.go.kr:80 "GET /B553077/api/open/sdsc/storeListInDong?divId=signguCd&key=46790&ServiceKey=mzv%2B5nKLrKuD%2BmQQsQNPL9WTK%2B%2Bv2TmZhLsfKQ94z9xgb1RpWBP17HLSPzxlwwYugsmNqEOJqSxKVAXxdImgXg%3D%3D&type=json HTTP/1.1" 200 3552
DEBUG:urllib3.connectionpool:Starting new HTTP connection (1): apis.data.go.kr:80
DEBUG:urllib3.connectionpool:http://apis.data.go.kr:80 "GET /B553077/api/open/sdsc/baroApi?resId=dong&catId=cty&ctprvnCd=11&ServiceKey=mzv%2B5nKLrKuD%2BmQQsQNPL9WTK%2B%2Bv2TmZhLsfKQ94z9xgb1RpWBP17HLSPzxlwwYugsmNqEOJqSxKVAXxdImgXg%3D%3D&type=json HTTP/1.1" 200 571
DEBUG:urllib3.connectionpool:Starting new HTTP connection (1): apis.data.go.kr:80
DEBUG:urllib3.connectionpool:http://apis.data.go.kr:80 "GET /B553077/api/open/sdsc/storeListInDong?divId=signguCd&key=11260&ServiceKey=mzv%2B5nKLrKuD%2BmQQsQNPL9WTK%2B%2Bv2TmZhLsfKQ94z9xgb1RpWBP17HLSPzxlwwYugsmNqEOJqSxKVAXxdImgXg%3D%3D&type=json HTTP/1.1" 200 3950
DEBUG:urllib3.connectionpool:Starting new HTTP connection (1): apis.data.go.kr:80
DEBUG:urllib3.connectionpool:http://apis.data.go.kr:80 "GET /B553077/api/open/sdsc/baroApi?resId=dong&catId=cty&ctprvnCd=45&ServiceKey=mzv%2B5nKLrKuD%2BmQQsQNPL9WTK%2B%2Bv2TmZhLsfKQ94z9xgb1RpWBP17HLSPzxlwwYugsmNqEOJqSxKVAXxdImgXg%3D%3D&type=json HTTP/1.1" 200 483
DEBUG:urllib3.connectionpool:Starting new HTTP connection (1): apis.data.go.kr:80
DEBUG:urllib3.connectionpool:http://apis.data.go.kr:80 "GET /B553077/api/open/sdsc/storeListInDong?divId=signguCd&key=45720&ServiceKey=mzv%2B5nKLrKuD%2BmQQsQNPL9WTK%2B%2Bv2TmZhLsfKQ94z9xgb1RpWBP17HLSPzxlwwYugsmNqEOJqSxKVAXxdImgXg%3D%3D&type=json HTTP/1.1" 200 3787
DEBUG:urllib3.connectionpool:Starting new HTTP connection (1): apis.data.go.kr:80
DEBUG:urllib3.connectionpool:http://apis.data.go.kr:80 "GET /B553077/api/open/sdsc/baroApi?resId=dong&catId=cty&ctprvnCd=46&ServiceKey=mzv%2B5nKLrKuD%2BmQQsQNPL9WTK%2B%2Bv2TmZhLsfKQ94z9xgb1RpWBP17HLSPzxlwwYugsmNqEOJqSxKVAXxdImgXg%3D%3D&type=json HTTP/1.1" 200 544
DEBUG:urllib3.connectionpool:Starting new HTTP connection (1): apis.data.go.kr:80
DEBUG:urllib3.connectionpool:http://apis.data.go.kr:80 "GET /B553077/api/open/sdsc/storeListInDong?divId=signguCd&key=46790&ServiceKey=mzv%2B5nKLrKuD%2BmQQsQNPL9WTK%2B%2Bv2TmZhLsfKQ94z9xgb1RpWBP17HLSPzxlwwYugsmNqEOJqSxKVAXxdImgXg%3D%3D&type=json HTTP/1.1" 200 3552
DEBUG:urllib3.connectionpool:Starting new HTTP connection (1): apis.data.go.kr:80
DEBUG:urllib3.connectionpool:http://apis.data.go.kr:80 "GET /B553077/api/open/sdsc/baroApi?resId=dong&catId=cty&ctprvnCd=46&ServiceKey=mzv%2B5nKLrKuD%2BmQQsQNPL9WTK%2B%2Bv2TmZhLsfKQ94z9xgb1RpWBP17HLSPzxlwwYugsmNqEOJqSxKVAXxdImgXg%3D%3D&type=json HTTP/1.1" 200 544
DEBUG:urllib3.connectionpool:Starting new HTTP connection (1): apis.data.go.kr:80
DEBUG:urllib3.connectionpool:http://apis.data.go.kr:80 "GET /B553077/api/open/sdsc/storeListInDong?divId=signguCd&key=46790&ServiceKey=mzv%2B5nKLrKuD%2BmQQsQNPL9WTK%2B%2Bv2TmZhLsfKQ94z9xgb1RpWBP17HLSPzxlwwYugsmNqEOJqSxKVAXxdImgXg%3D%3D&type=json HTTP/1.1" 200 3552
INFO:werkzeug:127.0.0.1 - - [16/Dec/2019 04:25:25] "POST /menus/travel HTTP/1.1" 200 -
DEBUG:urllib3.connectionpool:Starting new HTTP connection (1): api.visitkorea.or.kr:80
DEBUG:urllib3.connectionpool:http://api.visitkorea.or.kr:80 "GET /openapi/service/rest/KorService/searchKeyword?ServiceKey=mzv%2B5nKLrKuD%2BmQQsQNPL9WTK%2B%2Bv2TmZhLsfKQ94z9xgb1RpWBP17HLSPzxlwwYugsmNqEOJqSxKVAXxdImgXg%3D%3D&keyword=%EA%B5%AD%EB%A6%BD%EA%B3%B5%EC%9B%90&listYN=Y&arrange=A&MobileOS=ETC&MobileApp=AppTest&_type=json HTTP/1.1" 200 4889
DEBUG:urllib3.connectionpool:Starting new HTTP connection (1): apis.data.go.kr:80
DEBUG:urllib3.connectionpool:http://apis.data.go.kr:80 "GET /B553077/api/open/sdsc/baroApi?resId=dong&catId=cty&ctprvnCd=47&ServiceKey=mzv%2B5nKLrKuD%2BmQQsQNPL9WTK%2B%2Bv2TmZhLsfKQ94z9xgb1RpWBP17HLSPzxlwwYugsmNqEOJqSxKVAXxdImgXg%3D%3D&type=json HTTP/1.1" 200 561
DEBUG:urllib3.connectionpool:Starting new HTTP connection (1): apis.data.go.kr:80
DEBUG:urllib3.connectionpool:http://apis.data.go.kr:80 "GET /B553077/api/open/sdsc/storeListInDong?divId=signguCd&key=47113&ServiceKey=mzv%2B5nKLrKuD%2BmQQsQNPL9WTK%2B%2Bv2TmZhLsfKQ94z9xgb1RpWBP17HLSPzxlwwYugsmNqEOJqSxKVAXxdImgXg%3D%3D&type=json HTTP/1.1" 200 4090
DEBUG:urllib3.connectionpool:Starting new HTTP connection (1): apis.data.go.kr:80
DEBUG:urllib3.connectionpool:http://apis.data.go.kr:80 "GET /B553077/api/open/sdsc/baroApi?resId=dong&catId=cty&ctprvnCd=48&ServiceKey=mzv%2B5nKLrKuD%2BmQQsQNPL9WTK%2B%2Bv2TmZhLsfKQ94z9xgb1RpWBP17HLSPzxlwwYugsmNqEOJqSxKVAXxdImgXg%3D%3D&type=json HTTP/1.1" 200 565
DEBUG:urllib3.connectionpool:Starting new HTTP connection (1): apis.data.go.kr:80
DEBUG:urllib3.connectionpool:http://apis.data.go.kr:80 "GET /B553077/api/open/sdsc/storeListInDong?divId=signguCd&key=48890&ServiceKey=mzv%2B5nKLrKuD%2BmQQsQNPL9WTK%2B%2Bv2TmZhLsfKQ94z9xgb1RpWBP17HLSPzxlwwYugsmNqEOJqSxKVAXxdImgXg%3D%3D&type=json HTTP/1.1" 200 3866
DEBUG:urllib3.connectionpool:Starting new HTTP connection (1): apis.data.go.kr:80
DEBUG:urllib3.connectionpool:http://apis.data.go.kr:80 "GET /B553077/api/open/sdsc/baroApi?resId=dong&catId=cty&ctprvnCd=47&ServiceKey=mzv%2B5nKLrKuD%2BmQQsQNPL9WTK%2B%2Bv2TmZhLsfKQ94z9xgb1RpWBP17HLSPzxlwwYugsmNqEOJqSxKVAXxdImgXg%3D%3D&type=json HTTP/1.1" 200 561
DEBUG:urllib3.connectionpool:Starting new HTTP connection (1): apis.data.go.kr:80
DEBUG:urllib3.connectionpool:http://apis.data.go.kr:80 "GET /B553077/api/open/sdsc/storeListInDong?divId=signguCd&key=47113&ServiceKey=mzv%2B5nKLrKuD%2BmQQsQNPL9WTK%2B%2Bv2TmZhLsfKQ94z9xgb1RpWBP17HLSPzxlwwYugsmNqEOJqSxKVAXxdImgXg%3D%3D&type=json HTTP/1.1" 200 4090
DEBUG:urllib3.connectionpool:Starting new HTTP connection (1): apis.data.go.kr:80
DEBUG:urllib3.connectionpool:http://apis.data.go.kr:80 "GET /B553077/api/open/sdsc/baroApi?resId=dong&catId=cty&ctprvnCd=44&ServiceKey=mzv%2B5nKLrKuD%2BmQQsQNPL9WTK%2B%2Bv2TmZhLsfKQ94z9xgb1RpWBP17HLSPzxlwwYugsmNqEOJqSxKVAXxdImgXg%3D%3D&type=json HTTP/1.1" 200 497
DEBUG:urllib3.connectionpool:Starting new HTTP connection (1): apis.data.go.kr:80
DEBUG:urllib3.connectionpool:http://apis.data.go.kr:80 "GET /B553077/api/open/sdsc/storeListInDong?divId=signguCd&key=44800&ServiceKey=mzv%2B5nKLrKuD%2BmQQsQNPL9WTK%2B%2Bv2TmZhLsfKQ94z9xgb1RpWBP17HLSPzxlwwYugsmNqEOJqSxKVAXxdImgXg%3D%3D&type=json HTTP/1.1" 200 3840
DEBUG:urllib3.connectionpool:Starting new HTTP connection (1): apis.data.go.kr:80
DEBUG:urllib3.connectionpool:http://apis.data.go.kr:80 "GET /B553077/api/open/sdsc/baroApi?resId=dong&catId=cty&ctprvnCd=11&ServiceKey=mzv%2B5nKLrKuD%2BmQQsQNPL9WTK%2B%2Bv2TmZhLsfKQ94z9xgb1RpWBP17HLSPzxlwwYugsmNqEOJqSxKVAXxdImgXg%3D%3D&type=json HTTP/1.1" 200 571
DEBUG:urllib3.connectionpool:Starting new HTTP connection (1): apis.data.go.kr:80
DEBUG:urllib3.connectionpool:http://apis.data.go.kr:80 "GET /B553077/api/open/sdsc/storeListInDong?divId=signguCd&key=11260&ServiceKey=mzv%2B5nKLrKuD%2BmQQsQNPL9WTK%2B%2Bv2TmZhLsfKQ94z9xgb1RpWBP17HLSPzxlwwYugsmNqEOJqSxKVAXxdImgXg%3D%3D&type=json HTTP/1.1" 200 3950
DEBUG:urllib3.connectionpool:Starting new HTTP connection (1): apis.data.go.kr:80
DEBUG:urllib3.connectionpool:http://apis.data.go.kr:80 "GET /B553077/api/open/sdsc/baroApi?resId=dong&catId=cty&ctprvnCd=46&ServiceKey=mzv%2B5nKLrKuD%2BmQQsQNPL9WTK%2B%2Bv2TmZhLsfKQ94z9xgb1RpWBP17HLSPzxlwwYugsmNqEOJqSxKVAXxdImgXg%3D%3D&type=json HTTP/1.1" 200 544
DEBUG:urllib3.connectionpool:Starting new HTTP connection (1): apis.data.go.kr:80
DEBUG:urllib3.connectionpool:http://apis.data.go.kr:80 "GET /B553077/api/open/sdsc/storeListInDong?divId=signguCd&key=46790&ServiceKey=mzv%2B5nKLrKuD%2BmQQsQNPL9WTK%2B%2Bv2TmZhLsfKQ94z9xgb1RpWBP17HLSPzxlwwYugsmNqEOJqSxKVAXxdImgXg%3D%3D&type=json HTTP/1.1" 200 3552
DEBUG:urllib3.connectionpool:Starting new HTTP connection (1): apis.data.go.kr:80
DEBUG:urllib3.connectionpool:http://apis.data.go.kr:80 "GET /B553077/api/open/sdsc/baroApi?resId=dong&catId=cty&ctprvnCd=11&ServiceKey=mzv%2B5nKLrKuD%2BmQQsQNPL9WTK%2B%2Bv2TmZhLsfKQ94z9xgb1RpWBP17HLSPzxlwwYugsmNqEOJqSxKVAXxdImgXg%3D%3D&type=json HTTP/1.1" 200 571
DEBUG:urllib3.connectionpool:Starting new HTTP connection (1): apis.data.go.kr:80
DEBUG:urllib3.connectionpool:http://apis.data.go.kr:80 "GET /B553077/api/open/sdsc/storeListInDong?divId=signguCd&key=11260&ServiceKey=mzv%2B5nKLrKuD%2BmQQsQNPL9WTK%2B%2Bv2TmZhLsfKQ94z9xgb1RpWBP17HLSPzxlwwYugsmNqEOJqSxKVAXxdImgXg%3D%3D&type=json HTTP/1.1" 200 3950
DEBUG:urllib3.connectionpool:Starting new HTTP connection (1): apis.data.go.kr:80
DEBUG:urllib3.connectionpool:http://apis.data.go.kr:80 "GET /B553077/api/open/sdsc/baroApi?resId=dong&catId=cty&ctprvnCd=45&ServiceKey=mzv%2B5nKLrKuD%2BmQQsQNPL9WTK%2B%2Bv2TmZhLsfKQ94z9xgb1RpWBP17HLSPzxlwwYugsmNqEOJqSxKVAXxdImgXg%3D%3D&type=json HTTP/1.1" 200 483
DEBUG:urllib3.connectionpool:Starting new HTTP connection (1): apis.data.go.kr:80
DEBUG:urllib3.connectionpool:http://apis.data.go.kr:80 "GET /B553077/api/open/sdsc/storeListInDong?divId=signguCd&key=45720&ServiceKey=mzv%2B5nKLrKuD%2BmQQsQNPL9WTK%2B%2Bv2TmZhLsfKQ94z9xgb1RpWBP17HLSPzxlwwYugsmNqEOJqSxKVAXxdImgXg%3D%3D&type=json HTTP/1.1" 200 3787
DEBUG:urllib3.connectionpool:Starting new HTTP connection (1): apis.data.go.kr:80
DEBUG:urllib3.connectionpool:http://apis.data.go.kr:80 "GET /B553077/api/open/sdsc/baroApi?resId=dong&catId=cty&ctprvnCd=46&ServiceKey=mzv%2B5nKLrKuD%2BmQQsQNPL9WTK%2B%2Bv2TmZhLsfKQ94z9xgb1RpWBP17HLSPzxlwwYugsmNqEOJqSxKVAXxdImgXg%3D%3D&type=json HTTP/1.1" 200 544
DEBUG:urllib3.connectionpool:Starting new HTTP connection (1): apis.data.go.kr:80
DEBUG:urllib3.connectionpool:http://apis.data.go.kr:80 "GET /B553077/api/open/sdsc/storeListInDong?divId=signguCd&key=46790&ServiceKey=mzv%2B5nKLrKuD%2BmQQsQNPL9WTK%2B%2Bv2TmZhLsfKQ94z9xgb1RpWBP17HLSPzxlwwYugsmNqEOJqSxKVAXxdImgXg%3D%3D&type=json HTTP/1.1" 200 3552
DEBUG:urllib3.connectionpool:Starting new HTTP connection (1): apis.data.go.kr:80
DEBUG:urllib3.connectionpool:http://apis.data.go.kr:80 "GET /B553077/api/open/sdsc/baroApi?resId=dong&catId=cty&ctprvnCd=46&ServiceKey=mzv%2B5nKLrKuD%2BmQQsQNPL9WTK%2B%2Bv2TmZhLsfKQ94z9xgb1RpWBP17HLSPzxlwwYugsmNqEOJqSxKVAXxdImgXg%3D%3D&type=json HTTP/1.1" 200 544
DEBUG:urllib3.connectionpool:Starting new HTTP connection (1): apis.data.go.kr:80
DEBUG:urllib3.connectionpool:http://apis.data.go.kr:80 "GET /B553077/api/open/sdsc/storeListInDong?divId=signguCd&key=46790&ServiceKey=mzv%2B5nKLrKuD%2BmQQsQNPL9WTK%2B%2Bv2TmZhLsfKQ94z9xgb1RpWBP17HLSPzxlwwYugsmNqEOJqSxKVAXxdImgXg%3D%3D&type=json HTTP/1.1" 200 3552
INFO:werkzeug:127.0.0.1 - - [16/Dec/2019 04:25:46] "POST /menus/travel HTTP/1.1" 200 -
DEBUG:urllib3.connectionpool:Starting new HTTP connection (1): api.visitkorea.or.kr:80
DEBUG:urllib3.connectionpool:http://api.visitkorea.or.kr:80 "GET /openapi/service/rest/KorService/searchKeyword?ServiceKey=mzv%2B5nKLrKuD%2BmQQsQNPL9WTK%2B%2Bv2TmZhLsfKQ94z9xgb1RpWBP17HLSPzxlwwYugsmNqEOJqSxKVAXxdImgXg%3D%3D&keyword=%EA%B5%AD%EB%A6%BD%EA%B3%B5%EC%9B%90&listYN=Y&arrange=A&MobileOS=ETC&MobileApp=AppTest&_type=json HTTP/1.1" 200 4889
DEBUG:urllib3.connectionpool:Starting new HTTP connection (1): apis.data.go.kr:80
DEBUG:urllib3.connectionpool:http://apis.data.go.kr:80 "GET /B553077/api/open/sdsc/baroApi?resId=dong&catId=cty&ctprvnCd=47&ServiceKey=mzv%2B5nKLrKuD%2BmQQsQNPL9WTK%2B%2Bv2TmZhLsfKQ94z9xgb1RpWBP17HLSPzxlwwYugsmNqEOJqSxKVAXxdImgXg%3D%3D&type=json HTTP/1.1" 200 561
DEBUG:urllib3.connectionpool:Starting new HTTP connection (1): apis.data.go.kr:80
DEBUG:urllib3.connectionpool:http://apis.data.go.kr:80 "GET /B553077/api/open/sdsc/storeListInDong?divId=signguCd&key=47113&ServiceKey=mzv%2B5nKLrKuD%2BmQQsQNPL9WTK%2B%2Bv2TmZhLsfKQ94z9xgb1RpWBP17HLSPzxlwwYugsmNqEOJqSxKVAXxdImgXg%3D%3D&type=json HTTP/1.1" 200 4090
DEBUG:urllib3.connectionpool:Starting new HTTP connection (1): apis.data.go.kr:80
DEBUG:urllib3.connectionpool:http://apis.data.go.kr:80 "GET /B553077/api/open/sdsc/baroApi?resId=dong&catId=cty&ctprvnCd=48&ServiceKey=mzv%2B5nKLrKuD%2BmQQsQNPL9WTK%2B%2Bv2TmZhLsfKQ94z9xgb1RpWBP17HLSPzxlwwYugsmNqEOJqSxKVAXxdImgXg%3D%3D&type=json HTTP/1.1" 200 565
DEBUG:urllib3.connectionpool:Starting new HTTP connection (1): apis.data.go.kr:80
DEBUG:urllib3.connectionpool:http://apis.data.go.kr:80 "GET /B553077/api/open/sdsc/storeListInDong?divId=signguCd&key=48890&ServiceKey=mzv%2B5nKLrKuD%2BmQQsQNPL9WTK%2B%2Bv2TmZhLsfKQ94z9xgb1RpWBP17HLSPzxlwwYugsmNqEOJqSxKVAXxdImgXg%3D%3D&type=json HTTP/1.1" 200 3866
DEBUG:urllib3.connectionpool:Starting new HTTP connection (1): apis.data.go.kr:80
DEBUG:urllib3.connectionpool:http://apis.data.go.kr:80 "GET /B553077/api/open/sdsc/baroApi?resId=dong&catId=cty&ctprvnCd=47&ServiceKey=mzv%2B5nKLrKuD%2BmQQsQNPL9WTK%2B%2Bv2TmZhLsfKQ94z9xgb1RpWBP17HLSPzxlwwYugsmNqEOJqSxKVAXxdImgXg%3D%3D&type=json HTTP/1.1" 200 561
DEBUG:urllib3.connectionpool:Starting new HTTP connection (1): apis.data.go.kr:80
DEBUG:urllib3.connectionpool:http://apis.data.go.kr:80 "GET /B553077/api/open/sdsc/storeListInDong?divId=signguCd&key=47113&ServiceKey=mzv%2B5nKLrKuD%2BmQQsQNPL9WTK%2B%2Bv2TmZhLsfKQ94z9xgb1RpWBP17HLSPzxlwwYugsmNqEOJqSxKVAXxdImgXg%3D%3D&type=json HTTP/1.1" 200 4090
DEBUG:urllib3.connectionpool:Starting new HTTP connection (1): apis.data.go.kr:80
DEBUG:urllib3.connectionpool:http://apis.data.go.kr:80 "GET /B553077/api/open/sdsc/baroApi?resId=dong&catId=cty&ctprvnCd=44&ServiceKey=mzv%2B5nKLrKuD%2BmQQsQNPL9WTK%2B%2Bv2TmZhLsfKQ94z9xgb1RpWBP17HLSPzxlwwYugsmNqEOJqSxKVAXxdImgXg%3D%3D&type=json HTTP/1.1" 200 497
DEBUG:urllib3.connectionpool:Starting new HTTP connection (1): apis.data.go.kr:80
DEBUG:urllib3.connectionpool:http://apis.data.go.kr:80 "GET /B553077/api/open/sdsc/storeListInDong?divId=signguCd&key=44800&ServiceKey=mzv%2B5nKLrKuD%2BmQQsQNPL9WTK%2B%2Bv2TmZhLsfKQ94z9xgb1RpWBP17HLSPzxlwwYugsmNqEOJqSxKVAXxdImgXg%3D%3D&type=json HTTP/1.1" 200 3840
DEBUG:urllib3.connectionpool:Starting new HTTP connection (1): apis.data.go.kr:80
DEBUG:urllib3.connectionpool:http://apis.data.go.kr:80 "GET /B553077/api/open/sdsc/baroApi?resId=dong&catId=cty&ctprvnCd=11&ServiceKey=mzv%2B5nKLrKuD%2BmQQsQNPL9WTK%2B%2Bv2TmZhLsfKQ94z9xgb1RpWBP17HLSPzxlwwYugsmNqEOJqSxKVAXxdImgXg%3D%3D&type=json HTTP/1.1" 200 571
DEBUG:urllib3.connectionpool:Starting new HTTP connection (1): apis.data.go.kr:80
DEBUG:urllib3.connectionpool:http://apis.data.go.kr:80 "GET /B553077/api/open/sdsc/storeListInDong?divId=signguCd&key=11260&ServiceKey=mzv%2B5nKLrKuD%2BmQQsQNPL9WTK%2B%2Bv2TmZhLsfKQ94z9xgb1RpWBP17HLSPzxlwwYugsmNqEOJqSxKVAXxdImgXg%3D%3D&type=json HTTP/1.1" 200 3950
DEBUG:urllib3.connectionpool:Starting new HTTP connection (1): apis.data.go.kr:80
DEBUG:urllib3.connectionpool:http://apis.data.go.kr:80 "GET /B553077/api/open/sdsc/baroApi?resId=dong&catId=cty&ctprvnCd=46&ServiceKey=mzv%2B5nKLrKuD%2BmQQsQNPL9WTK%2B%2Bv2TmZhLsfKQ94z9xgb1RpWBP17HLSPzxlwwYugsmNqEOJqSxKVAXxdImgXg%3D%3D&type=json HTTP/1.1" 200 544
DEBUG:urllib3.connectionpool:Starting new HTTP connection (1): apis.data.go.kr:80
DEBUG:urllib3.connectionpool:http://apis.data.go.kr:80 "GET /B553077/api/open/sdsc/storeListInDong?divId=signguCd&key=46790&ServiceKey=mzv%2B5nKLrKuD%2BmQQsQNPL9WTK%2B%2Bv2TmZhLsfKQ94z9xgb1RpWBP17HLSPzxlwwYugsmNqEOJqSxKVAXxdImgXg%3D%3D&type=json HTTP/1.1" 200 3552
DEBUG:urllib3.connectionpool:Starting new HTTP connection (1): apis.data.go.kr:80
DEBUG:urllib3.connectionpool:http://apis.data.go.kr:80 "GET /B553077/api/open/sdsc/baroApi?resId=dong&catId=cty&ctprvnCd=11&ServiceKey=mzv%2B5nKLrKuD%2BmQQsQNPL9WTK%2B%2Bv2TmZhLsfKQ94z9xgb1RpWBP17HLSPzxlwwYugsmNqEOJqSxKVAXxdImgXg%3D%3D&type=json HTTP/1.1" 200 571
DEBUG:urllib3.connectionpool:Starting new HTTP connection (1): apis.data.go.kr:80
DEBUG:urllib3.connectionpool:http://apis.data.go.kr:80 "GET /B553077/api/open/sdsc/storeListInDong?divId=signguCd&key=11260&ServiceKey=mzv%2B5nKLrKuD%2BmQQsQNPL9WTK%2B%2Bv2TmZhLsfKQ94z9xgb1RpWBP17HLSPzxlwwYugsmNqEOJqSxKVAXxdImgXg%3D%3D&type=json HTTP/1.1" 200 3950
DEBUG:urllib3.connectionpool:Starting new HTTP connection (1): apis.data.go.kr:80
DEBUG:urllib3.connectionpool:http://apis.data.go.kr:80 "GET /B553077/api/open/sdsc/baroApi?resId=dong&catId=cty&ctprvnCd=45&ServiceKey=mzv%2B5nKLrKuD%2BmQQsQNPL9WTK%2B%2Bv2TmZhLsfKQ94z9xgb1RpWBP17HLSPzxlwwYugsmNqEOJqSxKVAXxdImgXg%3D%3D&type=json HTTP/1.1" 200 483
DEBUG:urllib3.connectionpool:Starting new HTTP connection (1): apis.data.go.kr:80
DEBUG:urllib3.connectionpool:http://apis.data.go.kr:80 "GET /B553077/api/open/sdsc/storeListInDong?divId=signguCd&key=45720&ServiceKey=mzv%2B5nKLrKuD%2BmQQsQNPL9WTK%2B%2Bv2TmZhLsfKQ94z9xgb1RpWBP17HLSPzxlwwYugsmNqEOJqSxKVAXxdImgXg%3D%3D&type=json HTTP/1.1" 200 3787
DEBUG:urllib3.connectionpool:Starting new HTTP connection (1): apis.data.go.kr:80
DEBUG:urllib3.connectionpool:http://apis.data.go.kr:80 "GET /B553077/api/open/sdsc/baroApi?resId=dong&catId=cty&ctprvnCd=46&ServiceKey=mzv%2B5nKLrKuD%2BmQQsQNPL9WTK%2B%2Bv2TmZhLsfKQ94z9xgb1RpWBP17HLSPzxlwwYugsmNqEOJqSxKVAXxdImgXg%3D%3D&type=json HTTP/1.1" 200 544
DEBUG:urllib3.connectionpool:Starting new HTTP connection (1): apis.data.go.kr:80
DEBUG:urllib3.connectionpool:http://apis.data.go.kr:80 "GET /B553077/api/open/sdsc/storeListInDong?divId=signguCd&key=46790&ServiceKey=mzv%2B5nKLrKuD%2BmQQsQNPL9WTK%2B%2Bv2TmZhLsfKQ94z9xgb1RpWBP17HLSPzxlwwYugsmNqEOJqSxKVAXxdImgXg%3D%3D&type=json HTTP/1.1" 200 3552
DEBUG:urllib3.connectionpool:Starting new HTTP connection (1): apis.data.go.kr:80
DEBUG:urllib3.connectionpool:http://apis.data.go.kr:80 "GET /B553077/api/open/sdsc/baroApi?resId=dong&catId=cty&ctprvnCd=46&ServiceKey=mzv%2B5nKLrKuD%2BmQQsQNPL9WTK%2B%2Bv2TmZhLsfKQ94z9xgb1RpWBP17HLSPzxlwwYugsmNqEOJqSxKVAXxdImgXg%3D%3D&type=json HTTP/1.1" 200 544
DEBUG:urllib3.connectionpool:Starting new HTTP connection (1): apis.data.go.kr:80
DEBUG:urllib3.connectionpool:http://apis.data.go.kr:80 "GET /B553077/api/open/sdsc/storeListInDong?divId=signguCd&key=46790&ServiceKey=mzv%2B5nKLrKuD%2BmQQsQNPL9WTK%2B%2Bv2TmZhLsfKQ94z9xgb1RpWBP17HLSPzxlwwYugsmNqEOJqSxKVAXxdImgXg%3D%3D&type=json HTTP/1.1" 200 3552
INFO:werkzeug:127.0.0.1 - - [16/Dec/2019 04:26:44] "POST /menus/travel HTTP/1.1" 200 -
DEBUG:urllib3.connectionpool:Starting new HTTP connection (1): api.visitkorea.or.kr:80
DEBUG:urllib3.connectionpool:http://api.visitkorea.or.kr:80 "GET /openapi/service/rest/KorService/searchKeyword?ServiceKey=mzv%2B5nKLrKuD%2BmQQsQNPL9WTK%2B%2Bv2TmZhLsfKQ94z9xgb1RpWBP17HLSPzxlwwYugsmNqEOJqSxKVAXxdImgXg%3D%3D&keyword=%EA%B5%AD%EB%A6%BD%EA%B3%B5%EC%9B%90&listYN=Y&arrange=A&MobileOS=ETC&MobileApp=AppTest&_type=json HTTP/1.1" 200 4889
DEBUG:urllib3.connectionpool:Starting new HTTP connection (1): apis.data.go.kr:80
DEBUG:urllib3.connectionpool:http://apis.data.go.kr:80 "GET /B553077/api/open/sdsc/baroApi?resId=dong&catId=cty&ctprvnCd=47&ServiceKey=mzv%2B5nKLrKuD%2BmQQsQNPL9WTK%2B%2Bv2TmZhLsfKQ94z9xgb1RpWBP17HLSPzxlwwYugsmNqEOJqSxKVAXxdImgXg%3D%3D&type=json HTTP/1.1" 200 561
DEBUG:urllib3.connectionpool:Starting new HTTP connection (1): apis.data.go.kr:80
DEBUG:urllib3.connectionpool:http://apis.data.go.kr:80 "GET /B553077/api/open/sdsc/storeListInDong?divId=signguCd&key=47113&ServiceKey=mzv%2B5nKLrKuD%2BmQQsQNPL9WTK%2B%2Bv2TmZhLsfKQ94z9xgb1RpWBP17HLSPzxlwwYugsmNqEOJqSxKVAXxdImgXg%3D%3D&type=json HTTP/1.1" 200 4090
DEBUG:urllib3.connectionpool:Starting new HTTP connection (1): apis.data.go.kr:80
DEBUG:urllib3.connectionpool:http://apis.data.go.kr:80 "GET /B553077/api/open/sdsc/baroApi?resId=dong&catId=cty&ctprvnCd=48&ServiceKey=mzv%2B5nKLrKuD%2BmQQsQNPL9WTK%2B%2Bv2TmZhLsfKQ94z9xgb1RpWBP17HLSPzxlwwYugsmNqEOJqSxKVAXxdImgXg%3D%3D&type=json HTTP/1.1" 200 565
DEBUG:urllib3.connectionpool:Starting new HTTP connection (1): apis.data.go.kr:80
DEBUG:urllib3.connectionpool:http://apis.data.go.kr:80 "GET /B553077/api/open/sdsc/storeListInDong?divId=signguCd&key=48890&ServiceKey=mzv%2B5nKLrKuD%2BmQQsQNPL9WTK%2B%2Bv2TmZhLsfKQ94z9xgb1RpWBP17HLSPzxlwwYugsmNqEOJqSxKVAXxdImgXg%3D%3D&type=json HTTP/1.1" 200 3866
DEBUG:urllib3.connectionpool:Starting new HTTP connection (1): apis.data.go.kr:80
DEBUG:urllib3.connectionpool:http://apis.data.go.kr:80 "GET /B553077/api/open/sdsc/baroApi?resId=dong&catId=cty&ctprvnCd=47&ServiceKey=mzv%2B5nKLrKuD%2BmQQsQNPL9WTK%2B%2Bv2TmZhLsfKQ94z9xgb1RpWBP17HLSPzxlwwYugsmNqEOJqSxKVAXxdImgXg%3D%3D&type=json HTTP/1.1" 200 561
DEBUG:urllib3.connectionpool:Starting new HTTP connection (1): apis.data.go.kr:80
DEBUG:urllib3.connectionpool:http://apis.data.go.kr:80 "GET /B553077/api/open/sdsc/storeListInDong?divId=signguCd&key=47113&ServiceKey=mzv%2B5nKLrKuD%2BmQQsQNPL9WTK%2B%2Bv2TmZhLsfKQ94z9xgb1RpWBP17HLSPzxlwwYugsmNqEOJqSxKVAXxdImgXg%3D%3D&type=json HTTP/1.1" 200 4090
DEBUG:urllib3.connectionpool:Starting new HTTP connection (1): apis.data.go.kr:80
DEBUG:urllib3.connectionpool:http://apis.data.go.kr:80 "GET /B553077/api/open/sdsc/baroApi?resId=dong&catId=cty&ctprvnCd=44&ServiceKey=mzv%2B5nKLrKuD%2BmQQsQNPL9WTK%2B%2Bv2TmZhLsfKQ94z9xgb1RpWBP17HLSPzxlwwYugsmNqEOJqSxKVAXxdImgXg%3D%3D&type=json HTTP/1.1" 200 497
DEBUG:urllib3.connectionpool:Starting new HTTP connection (1): apis.data.go.kr:80
DEBUG:urllib3.connectionpool:http://apis.data.go.kr:80 "GET /B553077/api/open/sdsc/storeListInDong?divId=signguCd&key=44800&ServiceKey=mzv%2B5nKLrKuD%2BmQQsQNPL9WTK%2B%2Bv2TmZhLsfKQ94z9xgb1RpWBP17HLSPzxlwwYugsmNqEOJqSxKVAXxdImgXg%3D%3D&type=json HTTP/1.1" 200 3840
DEBUG:urllib3.connectionpool:Starting new HTTP connection (1): apis.data.go.kr:80
DEBUG:urllib3.connectionpool:http://apis.data.go.kr:80 "GET /B553077/api/open/sdsc/baroApi?resId=dong&catId=cty&ctprvnCd=11&ServiceKey=mzv%2B5nKLrKuD%2BmQQsQNPL9WTK%2B%2Bv2TmZhLsfKQ94z9xgb1RpWBP17HLSPzxlwwYugsmNqEOJqSxKVAXxdImgXg%3D%3D&type=json HTTP/1.1" 200 571
DEBUG:urllib3.connectionpool:Starting new HTTP connection (1): apis.data.go.kr:80
DEBUG:urllib3.connectionpool:http://apis.data.go.kr:80 "GET /B553077/api/open/sdsc/storeListInDong?divId=signguCd&key=11260&ServiceKey=mzv%2B5nKLrKuD%2BmQQsQNPL9WTK%2B%2Bv2TmZhLsfKQ94z9xgb1RpWBP17HLSPzxlwwYugsmNqEOJqSxKVAXxdImgXg%3D%3D&type=json HTTP/1.1" 200 3950
DEBUG:urllib3.connectionpool:Starting new HTTP connection (1): apis.data.go.kr:80
DEBUG:urllib3.connectionpool:http://apis.data.go.kr:80 "GET /B553077/api/open/sdsc/baroApi?resId=dong&catId=cty&ctprvnCd=46&ServiceKey=mzv%2B5nKLrKuD%2BmQQsQNPL9WTK%2B%2Bv2TmZhLsfKQ94z9xgb1RpWBP17HLSPzxlwwYugsmNqEOJqSxKVAXxdImgXg%3D%3D&type=json HTTP/1.1" 200 544
DEBUG:urllib3.connectionpool:Starting new HTTP connection (1): apis.data.go.kr:80
DEBUG:urllib3.connectionpool:http://apis.data.go.kr:80 "GET /B553077/api/open/sdsc/storeListInDong?divId=signguCd&key=46790&ServiceKey=mzv%2B5nKLrKuD%2BmQQsQNPL9WTK%2B%2Bv2TmZhLsfKQ94z9xgb1RpWBP17HLSPzxlwwYugsmNqEOJqSxKVAXxdImgXg%3D%3D&type=json HTTP/1.1" 200 3552
DEBUG:urllib3.connectionpool:Starting new HTTP connection (1): apis.data.go.kr:80
DEBUG:urllib3.connectionpool:http://apis.data.go.kr:80 "GET /B553077/api/open/sdsc/baroApi?resId=dong&catId=cty&ctprvnCd=11&ServiceKey=mzv%2B5nKLrKuD%2BmQQsQNPL9WTK%2B%2Bv2TmZhLsfKQ94z9xgb1RpWBP17HLSPzxlwwYugsmNqEOJqSxKVAXxdImgXg%3D%3D&type=json HTTP/1.1" 200 571
DEBUG:urllib3.connectionpool:Starting new HTTP connection (1): apis.data.go.kr:80
DEBUG:urllib3.connectionpool:http://apis.data.go.kr:80 "GET /B553077/api/open/sdsc/storeListInDong?divId=signguCd&key=11260&ServiceKey=mzv%2B5nKLrKuD%2BmQQsQNPL9WTK%2B%2Bv2TmZhLsfKQ94z9xgb1RpWBP17HLSPzxlwwYugsmNqEOJqSxKVAXxdImgXg%3D%3D&type=json HTTP/1.1" 200 3950
DEBUG:urllib3.connectionpool:Starting new HTTP connection (1): apis.data.go.kr:80
DEBUG:urllib3.connectionpool:http://apis.data.go.kr:80 "GET /B553077/api/open/sdsc/baroApi?resId=dong&catId=cty&ctprvnCd=45&ServiceKey=mzv%2B5nKLrKuD%2BmQQsQNPL9WTK%2B%2Bv2TmZhLsfKQ94z9xgb1RpWBP17HLSPzxlwwYugsmNqEOJqSxKVAXxdImgXg%3D%3D&type=json HTTP/1.1" 200 483
DEBUG:urllib3.connectionpool:Starting new HTTP connection (1): apis.data.go.kr:80
DEBUG:urllib3.connectionpool:http://apis.data.go.kr:80 "GET /B553077/api/open/sdsc/storeListInDong?divId=signguCd&key=45720&ServiceKey=mzv%2B5nKLrKuD%2BmQQsQNPL9WTK%2B%2Bv2TmZhLsfKQ94z9xgb1RpWBP17HLSPzxlwwYugsmNqEOJqSxKVAXxdImgXg%3D%3D&type=json HTTP/1.1" 200 3787
DEBUG:urllib3.connectionpool:Starting new HTTP connection (1): apis.data.go.kr:80
DEBUG:urllib3.connectionpool:http://apis.data.go.kr:80 "GET /B553077/api/open/sdsc/baroApi?resId=dong&catId=cty&ctprvnCd=46&ServiceKey=mzv%2B5nKLrKuD%2BmQQsQNPL9WTK%2B%2Bv2TmZhLsfKQ94z9xgb1RpWBP17HLSPzxlwwYugsmNqEOJqSxKVAXxdImgXg%3D%3D&type=json HTTP/1.1" 200 544
DEBUG:urllib3.connectionpool:Starting new HTTP connection (1): apis.data.go.kr:80
DEBUG:urllib3.connectionpool:http://apis.data.go.kr:80 "GET /B553077/api/open/sdsc/storeListInDong?divId=signguCd&key=46790&ServiceKey=mzv%2B5nKLrKuD%2BmQQsQNPL9WTK%2B%2Bv2TmZhLsfKQ94z9xgb1RpWBP17HLSPzxlwwYugsmNqEOJqSxKVAXxdImgXg%3D%3D&type=json HTTP/1.1" 200 3552
DEBUG:urllib3.connectionpool:Starting new HTTP connection (1): apis.data.go.kr:80
DEBUG:urllib3.connectionpool:http://apis.data.go.kr:80 "GET /B553077/api/open/sdsc/baroApi?resId=dong&catId=cty&ctprvnCd=46&ServiceKey=mzv%2B5nKLrKuD%2BmQQsQNPL9WTK%2B%2Bv2TmZhLsfKQ94z9xgb1RpWBP17HLSPzxlwwYugsmNqEOJqSxKVAXxdImgXg%3D%3D&type=json HTTP/1.1" 200 544
DEBUG:urllib3.connectionpool:Starting new HTTP connection (1): apis.data.go.kr:80
DEBUG:urllib3.connectionpool:http://apis.data.go.kr:80 "GET /B553077/api/open/sdsc/storeListInDong?divId=signguCd&key=46790&ServiceKey=mzv%2B5nKLrKuD%2BmQQsQNPL9WTK%2B%2Bv2TmZhLsfKQ94z9xgb1RpWBP17HLSPzxlwwYugsmNqEOJqSxKVAXxdImgXg%3D%3D&type=json HTTP/1.1" 200 3552
INFO:werkzeug:127.0.0.1 - - [16/Dec/2019 04:27:18] "POST /menus/travel HTTP/1.1" 200 -
INFO:werkzeug:127.0.0.1 - - [16/Dec/2019 04:28:09] "GET / HTTP/1.1" 200 -
DEBUG:urllib3.connectionpool:Starting new HTTP connection (1): api.visitkorea.or.kr:80
DEBUG:urllib3.connectionpool:http://api.visitkorea.or.kr:80 "GET /openapi/service/rest/KorService/searchKeyword?ServiceKey=mzv%2B5nKLrKuD%2BmQQsQNPL9WTK%2B%2Bv2TmZhLsfKQ94z9xgb1RpWBP17HLSPzxlwwYugsmNqEOJqSxKVAXxdImgXg%3D%3D&keyword=%EC%82%B0&listYN=Y&arrange=A&MobileOS=ETC&MobileApp=AppTest&_type=json HTTP/1.1" 200 5425
DEBUG:urllib3.connectionpool:Starting new HTTP connection (1): apis.data.go.kr:80
DEBUG:urllib3.connectionpool:http://apis.data.go.kr:80 "GET /B553077/api/open/sdsc/baroApi?resId=dong&catId=cty&ctprvnCd=46&ServiceKey=mzv%2B5nKLrKuD%2BmQQsQNPL9WTK%2B%2Bv2TmZhLsfKQ94z9xgb1RpWBP17HLSPzxlwwYugsmNqEOJqSxKVAXxdImgXg%3D%3D&type=json HTTP/1.1" 200 544
DEBUG:urllib3.connectionpool:Starting new HTTP connection (1): apis.data.go.kr:80
DEBUG:urllib3.connectionpool:http://apis.data.go.kr:80 "GET /B553077/api/open/sdsc/storeListInDong?divId=signguCd&key=46790&ServiceKey=mzv%2B5nKLrKuD%2BmQQsQNPL9WTK%2B%2Bv2TmZhLsfKQ94z9xgb1RpWBP17HLSPzxlwwYugsmNqEOJqSxKVAXxdImgXg%3D%3D&type=json HTTP/1.1" 200 3552
DEBUG:urllib3.connectionpool:Starting new HTTP connection (1): apis.data.go.kr:80
DEBUG:urllib3.connectionpool:http://apis.data.go.kr:80 "GET /B553077/api/open/sdsc/baroApi?resId=dong&catId=cty&ctprvnCd=41&ServiceKey=mzv%2B5nKLrKuD%2BmQQsQNPL9WTK%2B%2Bv2TmZhLsfKQ94z9xgb1RpWBP17HLSPzxlwwYugsmNqEOJqSxKVAXxdImgXg%3D%3D&type=json HTTP/1.1" 200 769
DEBUG:urllib3.connectionpool:Starting new HTTP connection (1): apis.data.go.kr:80
DEBUG:urllib3.connectionpool:http://apis.data.go.kr:80 "GET /B553077/api/open/sdsc/storeListInDong?divId=signguCd&key=41590&ServiceKey=mzv%2B5nKLrKuD%2BmQQsQNPL9WTK%2B%2Bv2TmZhLsfKQ94z9xgb1RpWBP17HLSPzxlwwYugsmNqEOJqSxKVAXxdImgXg%3D%3D&type=json HTTP/1.1" 200 4311
DEBUG:urllib3.connectionpool:Starting new HTTP connection (1): apis.data.go.kr:80
DEBUG:urllib3.connectionpool:http://apis.data.go.kr:80 "GET /B553077/api/open/sdsc/baroApi?resId=dong&catId=cty&ctprvnCd=48&ServiceKey=mzv%2B5nKLrKuD%2BmQQsQNPL9WTK%2B%2Bv2TmZhLsfKQ94z9xgb1RpWBP17HLSPzxlwwYugsmNqEOJqSxKVAXxdImgXg%3D%3D&type=json HTTP/1.1" 200 565
DEBUG:urllib3.connectionpool:Starting new HTTP connection (1): apis.data.go.kr:80
DEBUG:urllib3.connectionpool:http://apis.data.go.kr:80 "GET /B553077/api/open/sdsc/storeListInDong?divId=signguCd&key=48890&ServiceKey=mzv%2B5nKLrKuD%2BmQQsQNPL9WTK%2B%2Bv2TmZhLsfKQ94z9xgb1RpWBP17HLSPzxlwwYugsmNqEOJqSxKVAXxdImgXg%3D%3D&type=json HTTP/1.1" 200 3866
DEBUG:urllib3.connectionpool:Starting new HTTP connection (1): apis.data.go.kr:80
DEBUG:urllib3.connectionpool:http://apis.data.go.kr:80 "GET /B553077/api/open/sdsc/baroApi?resId=dong&catId=cty&ctprvnCd=11&ServiceKey=mzv%2B5nKLrKuD%2BmQQsQNPL9WTK%2B%2Bv2TmZhLsfKQ94z9xgb1RpWBP17HLSPzxlwwYugsmNqEOJqSxKVAXxdImgXg%3D%3D&type=json HTTP/1.1" 200 571
DEBUG:urllib3.connectionpool:Starting new HTTP connection (1): apis.data.go.kr:80
DEBUG:urllib3.connectionpool:http://apis.data.go.kr:80 "GET /B553077/api/open/sdsc/storeListInDong?divId=signguCd&key=11260&ServiceKey=mzv%2B5nKLrKuD%2BmQQsQNPL9WTK%2B%2Bv2TmZhLsfKQ94z9xgb1RpWBP17HLSPzxlwwYugsmNqEOJqSxKVAXxdImgXg%3D%3D&type=json HTTP/1.1" 200 3950
DEBUG:urllib3.connectionpool:Starting new HTTP connection (1): apis.data.go.kr:80
DEBUG:urllib3.connectionpool:http://apis.data.go.kr:80 "GET /B553077/api/open/sdsc/baroApi?resId=dong&catId=cty&ctprvnCd=42&ServiceKey=mzv%2B5nKLrKuD%2BmQQsQNPL9WTK%2B%2Bv2TmZhLsfKQ94z9xgb1RpWBP17HLSPzxlwwYugsmNqEOJqSxKVAXxdImgXg%3D%3D&type=json HTTP/1.1" 200 504
DEBUG:urllib3.connectionpool:Starting new HTTP connection (1): apis.data.go.kr:80
DEBUG:urllib3.connectionpool:http://apis.data.go.kr:80 "GET /B553077/api/open/sdsc/storeListInDong?divId=signguCd&key=42730&ServiceKey=mzv%2B5nKLrKuD%2BmQQsQNPL9WTK%2B%2Bv2TmZhLsfKQ94z9xgb1RpWBP17HLSPzxlwwYugsmNqEOJqSxKVAXxdImgXg%3D%3D&type=json HTTP/1.1" 200 4002
DEBUG:urllib3.connectionpool:Starting new HTTP connection (1): apis.data.go.kr:80
DEBUG:urllib3.connectionpool:http://apis.data.go.kr:80 "GET /B553077/api/open/sdsc/baroApi?resId=dong&catId=cty&ctprvnCd=41&ServiceKey=mzv%2B5nKLrKuD%2BmQQsQNPL9WTK%2B%2Bv2TmZhLsfKQ94z9xgb1RpWBP17HLSPzxlwwYugsmNqEOJqSxKVAXxdImgXg%3D%3D&type=json HTTP/1.1" 200 769
DEBUG:urllib3.connectionpool:Starting new HTTP connection (1): apis.data.go.kr:80
DEBUG:urllib3.connectionpool:http://apis.data.go.kr:80 "GET /B553077/api/open/sdsc/storeListInDong?divId=signguCd&key=41590&ServiceKey=mzv%2B5nKLrKuD%2BmQQsQNPL9WTK%2B%2Bv2TmZhLsfKQ94z9xgb1RpWBP17HLSPzxlwwYugsmNqEOJqSxKVAXxdImgXg%3D%3D&type=json HTTP/1.1" 200 4311
DEBUG:urllib3.connectionpool:Starting new HTTP connection (1): apis.data.go.kr:80
DEBUG:urllib3.connectionpool:http://apis.data.go.kr:80 "GET /B553077/api/open/sdsc/baroApi?resId=dong&catId=cty&ctprvnCd=42&ServiceKey=mzv%2B5nKLrKuD%2BmQQsQNPL9WTK%2B%2Bv2TmZhLsfKQ94z9xgb1RpWBP17HLSPzxlwwYugsmNqEOJqSxKVAXxdImgXg%3D%3D&type=json HTTP/1.1" 200 504
DEBUG:urllib3.connectionpool:Starting new HTTP connection (1): apis.data.go.kr:80
DEBUG:urllib3.connectionpool:http://apis.data.go.kr:80 "GET /B553077/api/open/sdsc/storeListInDong?divId=signguCd&key=42730&ServiceKey=mzv%2B5nKLrKuD%2BmQQsQNPL9WTK%2B%2Bv2TmZhLsfKQ94z9xgb1RpWBP17HLSPzxlwwYugsmNqEOJqSxKVAXxdImgXg%3D%3D&type=json HTTP/1.1" 200 4002
DEBUG:urllib3.connectionpool:Starting new HTTP connection (1): apis.data.go.kr:80
DEBUG:urllib3.connectionpool:http://apis.data.go.kr:80 "GET /B553077/api/open/sdsc/baroApi?resId=dong&catId=cty&ctprvnCd=42&ServiceKey=mzv%2B5nKLrKuD%2BmQQsQNPL9WTK%2B%2Bv2TmZhLsfKQ94z9xgb1RpWBP17HLSPzxlwwYugsmNqEOJqSxKVAXxdImgXg%3D%3D&type=json HTTP/1.1" 200 504
DEBUG:urllib3.connectionpool:Starting new HTTP connection (1): apis.data.go.kr:80
DEBUG:urllib3.connectionpool:http://apis.data.go.kr:80 "GET /B553077/api/open/sdsc/storeListInDong?divId=signguCd&key=42730&ServiceKey=mzv%2B5nKLrKuD%2BmQQsQNPL9WTK%2B%2Bv2TmZhLsfKQ94z9xgb1RpWBP17HLSPzxlwwYugsmNqEOJqSxKVAXxdImgXg%3D%3D&type=json HTTP/1.1" 200 4002
DEBUG:urllib3.connectionpool:Starting new HTTP connection (1): apis.data.go.kr:80
DEBUG:urllib3.connectionpool:http://apis.data.go.kr:80 "GET /B553077/api/open/sdsc/baroApi?resId=dong&catId=cty&ctprvnCd=42&ServiceKey=mzv%2B5nKLrKuD%2BmQQsQNPL9WTK%2B%2Bv2TmZhLsfKQ94z9xgb1RpWBP17HLSPzxlwwYugsmNqEOJqSxKVAXxdImgXg%3D%3D&type=json HTTP/1.1" 200 504
DEBUG:urllib3.connectionpool:Starting new HTTP connection (1): apis.data.go.kr:80
DEBUG:urllib3.connectionpool:http://apis.data.go.kr:80 "GET /B553077/api/open/sdsc/storeListInDong?divId=signguCd&key=42730&ServiceKey=mzv%2B5nKLrKuD%2BmQQsQNPL9WTK%2B%2Bv2TmZhLsfKQ94z9xgb1RpWBP17HLSPzxlwwYugsmNqEOJqSxKVAXxdImgXg%3D%3D&type=json HTTP/1.1" 200 4002
DEBUG:urllib3.connectionpool:Starting new HTTP connection (1): apis.data.go.kr:80
DEBUG:urllib3.connectionpool:http://apis.data.go.kr:80 "GET /B553077/api/open/sdsc/baroApi?resId=dong&catId=cty&ctprvnCd=42&ServiceKey=mzv%2B5nKLrKuD%2BmQQsQNPL9WTK%2B%2Bv2TmZhLsfKQ94z9xgb1RpWBP17HLSPzxlwwYugsmNqEOJqSxKVAXxdImgXg%3D%3D&type=json HTTP/1.1" 200 504
DEBUG:urllib3.connectionpool:Starting new HTTP connection (1): apis.data.go.kr:80
DEBUG:urllib3.connectionpool:http://apis.data.go.kr:80 "GET /B553077/api/open/sdsc/storeListInDong?divId=signguCd&key=42730&ServiceKey=mzv%2B5nKLrKuD%2BmQQsQNPL9WTK%2B%2Bv2TmZhLsfKQ94z9xgb1RpWBP17HLSPzxlwwYugsmNqEOJqSxKVAXxdImgXg%3D%3D&type=json HTTP/1.1" 200 4002
INFO:werkzeug:127.0.0.1 - - [16/Dec/2019 04:28:18] "POST /menus/travel HTTP/1.1" 200 -
DEBUG:urllib3.connectionpool:Starting new HTTP connection (1): api.visitkorea.or.kr:80
DEBUG:urllib3.connectionpool:http://api.visitkorea.or.kr:80 "GET /openapi/service/rest/KorService/searchKeyword?ServiceKey=mzv%2B5nKLrKuD%2BmQQsQNPL9WTK%2B%2Bv2TmZhLsfKQ94z9xgb1RpWBP17HLSPzxlwwYugsmNqEOJqSxKVAXxdImgXg%3D%3D&keyword=%EC%82%B0&listYN=Y&arrange=A&MobileOS=ETC&MobileApp=AppTest&_type=json HTTP/1.1" 200 5425
DEBUG:urllib3.connectionpool:Starting new HTTP connection (1): apis.data.go.kr:80
DEBUG:urllib3.connectionpool:http://apis.data.go.kr:80 "GET /B553077/api/open/sdsc/baroApi?resId=dong&catId=cty&ctprvnCd=46&ServiceKey=mzv%2B5nKLrKuD%2BmQQsQNPL9WTK%2B%2Bv2TmZhLsfKQ94z9xgb1RpWBP17HLSPzxlwwYugsmNqEOJqSxKVAXxdImgXg%3D%3D&type=json HTTP/1.1" 200 544
DEBUG:urllib3.connectionpool:Starting new HTTP connection (1): apis.data.go.kr:80
DEBUG:urllib3.connectionpool:http://apis.data.go.kr:80 "GET /B553077/api/open/sdsc/storeListInDong?divId=signguCd&key=46790&ServiceKey=mzv%2B5nKLrKuD%2BmQQsQNPL9WTK%2B%2Bv2TmZhLsfKQ94z9xgb1RpWBP17HLSPzxlwwYugsmNqEOJqSxKVAXxdImgXg%3D%3D&type=json HTTP/1.1" 200 3552
DEBUG:urllib3.connectionpool:Starting new HTTP connection (1): apis.data.go.kr:80
DEBUG:urllib3.connectionpool:http://apis.data.go.kr:80 "GET /B553077/api/open/sdsc/baroApi?resId=dong&catId=cty&ctprvnCd=41&ServiceKey=mzv%2B5nKLrKuD%2BmQQsQNPL9WTK%2B%2Bv2TmZhLsfKQ94z9xgb1RpWBP17HLSPzxlwwYugsmNqEOJqSxKVAXxdImgXg%3D%3D&type=json HTTP/1.1" 200 769
DEBUG:urllib3.connectionpool:Starting new HTTP connection (1): apis.data.go.kr:80
DEBUG:urllib3.connectionpool:http://apis.data.go.kr:80 "GET /B553077/api/open/sdsc/storeListInDong?divId=signguCd&key=41590&ServiceKey=mzv%2B5nKLrKuD%2BmQQsQNPL9WTK%2B%2Bv2TmZhLsfKQ94z9xgb1RpWBP17HLSPzxlwwYugsmNqEOJqSxKVAXxdImgXg%3D%3D&type=json HTTP/1.1" 200 4311
DEBUG:urllib3.connectionpool:Starting new HTTP connection (1): apis.data.go.kr:80
DEBUG:urllib3.connectionpool:http://apis.data.go.kr:80 "GET /B553077/api/open/sdsc/baroApi?resId=dong&catId=cty&ctprvnCd=48&ServiceKey=mzv%2B5nKLrKuD%2BmQQsQNPL9WTK%2B%2Bv2TmZhLsfKQ94z9xgb1RpWBP17HLSPzxlwwYugsmNqEOJqSxKVAXxdImgXg%3D%3D&type=json HTTP/1.1" 200 565
DEBUG:urllib3.connectionpool:Starting new HTTP connection (1): apis.data.go.kr:80
DEBUG:urllib3.connectionpool:http://apis.data.go.kr:80 "GET /B553077/api/open/sdsc/storeListInDong?divId=signguCd&key=48890&ServiceKey=mzv%2B5nKLrKuD%2BmQQsQNPL9WTK%2B%2Bv2TmZhLsfKQ94z9xgb1RpWBP17HLSPzxlwwYugsmNqEOJqSxKVAXxdImgXg%3D%3D&type=json HTTP/1.1" 200 3866
DEBUG:urllib3.connectionpool:Starting new HTTP connection (1): apis.data.go.kr:80
DEBUG:urllib3.connectionpool:http://apis.data.go.kr:80 "GET /B553077/api/open/sdsc/baroApi?resId=dong&catId=cty&ctprvnCd=11&ServiceKey=mzv%2B5nKLrKuD%2BmQQsQNPL9WTK%2B%2Bv2TmZhLsfKQ94z9xgb1RpWBP17HLSPzxlwwYugsmNqEOJqSxKVAXxdImgXg%3D%3D&type=json HTTP/1.1" 200 571
DEBUG:urllib3.connectionpool:Starting new HTTP connection (1): apis.data.go.kr:80
DEBUG:urllib3.connectionpool:http://apis.data.go.kr:80 "GET /B553077/api/open/sdsc/storeListInDong?divId=signguCd&key=11260&ServiceKey=mzv%2B5nKLrKuD%2BmQQsQNPL9WTK%2B%2Bv2TmZhLsfKQ94z9xgb1RpWBP17HLSPzxlwwYugsmNqEOJqSxKVAXxdImgXg%3D%3D&type=json HTTP/1.1" 200 3950
DEBUG:urllib3.connectionpool:Starting new HTTP connection (1): apis.data.go.kr:80
DEBUG:urllib3.connectionpool:http://apis.data.go.kr:80 "GET /B553077/api/open/sdsc/baroApi?resId=dong&catId=cty&ctprvnCd=42&ServiceKey=mzv%2B5nKLrKuD%2BmQQsQNPL9WTK%2B%2Bv2TmZhLsfKQ94z9xgb1RpWBP17HLSPzxlwwYugsmNqEOJqSxKVAXxdImgXg%3D%3D&type=json HTTP/1.1" 200 504
DEBUG:urllib3.connectionpool:Starting new HTTP connection (1): apis.data.go.kr:80
DEBUG:urllib3.connectionpool:http://apis.data.go.kr:80 "GET /B553077/api/open/sdsc/storeListInDong?divId=signguCd&key=42730&ServiceKey=mzv%2B5nKLrKuD%2BmQQsQNPL9WTK%2B%2Bv2TmZhLsfKQ94z9xgb1RpWBP17HLSPzxlwwYugsmNqEOJqSxKVAXxdImgXg%3D%3D&type=json HTTP/1.1" 200 4002
DEBUG:urllib3.connectionpool:Starting new HTTP connection (1): apis.data.go.kr:80
DEBUG:urllib3.connectionpool:http://apis.data.go.kr:80 "GET /B553077/api/open/sdsc/baroApi?resId=dong&catId=cty&ctprvnCd=41&ServiceKey=mzv%2B5nKLrKuD%2BmQQsQNPL9WTK%2B%2Bv2TmZhLsfKQ94z9xgb1RpWBP17HLSPzxlwwYugsmNqEOJqSxKVAXxdImgXg%3D%3D&type=json HTTP/1.1" 200 769
DEBUG:urllib3.connectionpool:Starting new HTTP connection (1): apis.data.go.kr:80
DEBUG:urllib3.connectionpool:http://apis.data.go.kr:80 "GET /B553077/api/open/sdsc/storeListInDong?divId=signguCd&key=41590&ServiceKey=mzv%2B5nKLrKuD%2BmQQsQNPL9WTK%2B%2Bv2TmZhLsfKQ94z9xgb1RpWBP17HLSPzxlwwYugsmNqEOJqSxKVAXxdImgXg%3D%3D&type=json HTTP/1.1" 200 4311
DEBUG:urllib3.connectionpool:Starting new HTTP connection (1): apis.data.go.kr:80
DEBUG:urllib3.connectionpool:http://apis.data.go.kr:80 "GET /B553077/api/open/sdsc/baroApi?resId=dong&catId=cty&ctprvnCd=42&ServiceKey=mzv%2B5nKLrKuD%2BmQQsQNPL9WTK%2B%2Bv2TmZhLsfKQ94z9xgb1RpWBP17HLSPzxlwwYugsmNqEOJqSxKVAXxdImgXg%3D%3D&type=json HTTP/1.1" 200 504
DEBUG:urllib3.connectionpool:Starting new HTTP connection (1): apis.data.go.kr:80
DEBUG:urllib3.connectionpool:http://apis.data.go.kr:80 "GET /B553077/api/open/sdsc/storeListInDong?divId=signguCd&key=42730&ServiceKey=mzv%2B5nKLrKuD%2BmQQsQNPL9WTK%2B%2Bv2TmZhLsfKQ94z9xgb1RpWBP17HLSPzxlwwYugsmNqEOJqSxKVAXxdImgXg%3D%3D&type=json HTTP/1.1" 200 4002
DEBUG:urllib3.connectionpool:Starting new HTTP connection (1): apis.data.go.kr:80
DEBUG:urllib3.connectionpool:http://apis.data.go.kr:80 "GET /B553077/api/open/sdsc/baroApi?resId=dong&catId=cty&ctprvnCd=42&ServiceKey=mzv%2B5nKLrKuD%2BmQQsQNPL9WTK%2B%2Bv2TmZhLsfKQ94z9xgb1RpWBP17HLSPzxlwwYugsmNqEOJqSxKVAXxdImgXg%3D%3D&type=json HTTP/1.1" 200 504
DEBUG:urllib3.connectionpool:Starting new HTTP connection (1): apis.data.go.kr:80
DEBUG:urllib3.connectionpool:http://apis.data.go.kr:80 "GET /B553077/api/open/sdsc/storeListInDong?divId=signguCd&key=42730&ServiceKey=mzv%2B5nKLrKuD%2BmQQsQNPL9WTK%2B%2Bv2TmZhLsfKQ94z9xgb1RpWBP17HLSPzxlwwYugsmNqEOJqSxKVAXxdImgXg%3D%3D&type=json HTTP/1.1" 200 4002
DEBUG:urllib3.connectionpool:Starting new HTTP connection (1): apis.data.go.kr:80
DEBUG:urllib3.connectionpool:http://apis.data.go.kr:80 "GET /B553077/api/open/sdsc/baroApi?resId=dong&catId=cty&ctprvnCd=42&ServiceKey=mzv%2B5nKLrKuD%2BmQQsQNPL9WTK%2B%2Bv2TmZhLsfKQ94z9xgb1RpWBP17HLSPzxlwwYugsmNqEOJqSxKVAXxdImgXg%3D%3D&type=json HTTP/1.1" 200 504
DEBUG:urllib3.connectionpool:Starting new HTTP connection (1): apis.data.go.kr:80
DEBUG:urllib3.connectionpool:http://apis.data.go.kr:80 "GET /B553077/api/open/sdsc/storeListInDong?divId=signguCd&key=42730&ServiceKey=mzv%2B5nKLrKuD%2BmQQsQNPL9WTK%2B%2Bv2TmZhLsfKQ94z9xgb1RpWBP17HLSPzxlwwYugsmNqEOJqSxKVAXxdImgXg%3D%3D&type=json HTTP/1.1" 200 4002
DEBUG:urllib3.connectionpool:Starting new HTTP connection (1): apis.data.go.kr:80
DEBUG:urllib3.connectionpool:http://apis.data.go.kr:80 "GET /B553077/api/open/sdsc/baroApi?resId=dong&catId=cty&ctprvnCd=42&ServiceKey=mzv%2B5nKLrKuD%2BmQQsQNPL9WTK%2B%2Bv2TmZhLsfKQ94z9xgb1RpWBP17HLSPzxlwwYugsmNqEOJqSxKVAXxdImgXg%3D%3D&type=json HTTP/1.1" 200 504
DEBUG:urllib3.connectionpool:Starting new HTTP connection (1): apis.data.go.kr:80
DEBUG:urllib3.connectionpool:http://apis.data.go.kr:80 "GET /B553077/api/open/sdsc/storeListInDong?divId=signguCd&key=42730&ServiceKey=mzv%2B5nKLrKuD%2BmQQsQNPL9WTK%2B%2Bv2TmZhLsfKQ94z9xgb1RpWBP17HLSPzxlwwYugsmNqEOJqSxKVAXxdImgXg%3D%3D&type=json HTTP/1.1" 200 4002
INFO:werkzeug:127.0.0.1 - - [16/Dec/2019 04:30:04] "POST /menus/travel HTTP/1.1" 200 -
DEBUG:urllib3.connectionpool:Starting new HTTP connection (1): api.visitkorea.or.kr:80
DEBUG:urllib3.connectionpool:http://api.visitkorea.or.kr:80 "GET /openapi/service/rest/KorService/searchKeyword?ServiceKey=mzv%2B5nKLrKuD%2BmQQsQNPL9WTK%2B%2Bv2TmZhLsfKQ94z9xgb1RpWBP17HLSPzxlwwYugsmNqEOJqSxKVAXxdImgXg%3D%3D&keyword=%EC%82%B0&listYN=Y&arrange=A&MobileOS=ETC&MobileApp=AppTest&_type=json HTTP/1.1" 200 5425
DEBUG:urllib3.connectionpool:Starting new HTTP connection (1): apis.data.go.kr:80
DEBUG:urllib3.connectionpool:http://apis.data.go.kr:80 "GET /B553077/api/open/sdsc/baroApi?resId=dong&catId=cty&ctprvnCd=46&ServiceKey=mzv%2B5nKLrKuD%2BmQQsQNPL9WTK%2B%2Bv2TmZhLsfKQ94z9xgb1RpWBP17HLSPzxlwwYugsmNqEOJqSxKVAXxdImgXg%3D%3D&type=json HTTP/1.1" 200 544
DEBUG:urllib3.connectionpool:Starting new HTTP connection (1): apis.data.go.kr:80
DEBUG:urllib3.connectionpool:http://apis.data.go.kr:80 "GET /B553077/api/open/sdsc/storeListInDong?divId=signguCd&key=46790&ServiceKey=mzv%2B5nKLrKuD%2BmQQsQNPL9WTK%2B%2Bv2TmZhLsfKQ94z9xgb1RpWBP17HLSPzxlwwYugsmNqEOJqSxKVAXxdImgXg%3D%3D&type=json HTTP/1.1" 200 3552
DEBUG:urllib3.connectionpool:Starting new HTTP connection (1): apis.data.go.kr:80
DEBUG:urllib3.connectionpool:http://apis.data.go.kr:80 "GET /B553077/api/open/sdsc/baroApi?resId=dong&catId=cty&ctprvnCd=41&ServiceKey=mzv%2B5nKLrKuD%2BmQQsQNPL9WTK%2B%2Bv2TmZhLsfKQ94z9xgb1RpWBP17HLSPzxlwwYugsmNqEOJqSxKVAXxdImgXg%3D%3D&type=json HTTP/1.1" 200 769
DEBUG:urllib3.connectionpool:Starting new HTTP connection (1): apis.data.go.kr:80
DEBUG:urllib3.connectionpool:http://apis.data.go.kr:80 "GET /B553077/api/open/sdsc/storeListInDong?divId=signguCd&key=41590&ServiceKey=mzv%2B5nKLrKuD%2BmQQsQNPL9WTK%2B%2Bv2TmZhLsfKQ94z9xgb1RpWBP17HLSPzxlwwYugsmNqEOJqSxKVAXxdImgXg%3D%3D&type=json HTTP/1.1" 200 4311
DEBUG:urllib3.connectionpool:Starting new HTTP connection (1): apis.data.go.kr:80
DEBUG:urllib3.connectionpool:http://apis.data.go.kr:80 "GET /B553077/api/open/sdsc/baroApi?resId=dong&catId=cty&ctprvnCd=48&ServiceKey=mzv%2B5nKLrKuD%2BmQQsQNPL9WTK%2B%2Bv2TmZhLsfKQ94z9xgb1RpWBP17HLSPzxlwwYugsmNqEOJqSxKVAXxdImgXg%3D%3D&type=json HTTP/1.1" 200 565
DEBUG:urllib3.connectionpool:Starting new HTTP connection (1): apis.data.go.kr:80
DEBUG:urllib3.connectionpool:http://apis.data.go.kr:80 "GET /B553077/api/open/sdsc/storeListInDong?divId=signguCd&key=48890&ServiceKey=mzv%2B5nKLrKuD%2BmQQsQNPL9WTK%2B%2Bv2TmZhLsfKQ94z9xgb1RpWBP17HLSPzxlwwYugsmNqEOJqSxKVAXxdImgXg%3D%3D&type=json HTTP/1.1" 200 3866
DEBUG:urllib3.connectionpool:Starting new HTTP connection (1): apis.data.go.kr:80
DEBUG:urllib3.connectionpool:http://apis.data.go.kr:80 "GET /B553077/api/open/sdsc/baroApi?resId=dong&catId=cty&ctprvnCd=11&ServiceKey=mzv%2B5nKLrKuD%2BmQQsQNPL9WTK%2B%2Bv2TmZhLsfKQ94z9xgb1RpWBP17HLSPzxlwwYugsmNqEOJqSxKVAXxdImgXg%3D%3D&type=json HTTP/1.1" 200 571
DEBUG:urllib3.connectionpool:Starting new HTTP connection (1): apis.data.go.kr:80
DEBUG:urllib3.connectionpool:http://apis.data.go.kr:80 "GET /B553077/api/open/sdsc/storeListInDong?divId=signguCd&key=11260&ServiceKey=mzv%2B5nKLrKuD%2BmQQsQNPL9WTK%2B%2Bv2TmZhLsfKQ94z9xgb1RpWBP17HLSPzxlwwYugsmNqEOJqSxKVAXxdImgXg%3D%3D&type=json HTTP/1.1" 200 3950
DEBUG:urllib3.connectionpool:Starting new HTTP connection (1): apis.data.go.kr:80
DEBUG:urllib3.connectionpool:http://apis.data.go.kr:80 "GET /B553077/api/open/sdsc/baroApi?resId=dong&catId=cty&ctprvnCd=42&ServiceKey=mzv%2B5nKLrKuD%2BmQQsQNPL9WTK%2B%2Bv2TmZhLsfKQ94z9xgb1RpWBP17HLSPzxlwwYugsmNqEOJqSxKVAXxdImgXg%3D%3D&type=json HTTP/1.1" 200 504
DEBUG:urllib3.connectionpool:Starting new HTTP connection (1): apis.data.go.kr:80
DEBUG:urllib3.connectionpool:http://apis.data.go.kr:80 "GET /B553077/api/open/sdsc/storeListInDong?divId=signguCd&key=42730&ServiceKey=mzv%2B5nKLrKuD%2BmQQsQNPL9WTK%2B%2Bv2TmZhLsfKQ94z9xgb1RpWBP17HLSPzxlwwYugsmNqEOJqSxKVAXxdImgXg%3D%3D&type=json HTTP/1.1" 200 4002
DEBUG:urllib3.connectionpool:Starting new HTTP connection (1): apis.data.go.kr:80
DEBUG:urllib3.connectionpool:http://apis.data.go.kr:80 "GET /B553077/api/open/sdsc/baroApi?resId=dong&catId=cty&ctprvnCd=41&ServiceKey=mzv%2B5nKLrKuD%2BmQQsQNPL9WTK%2B%2Bv2TmZhLsfKQ94z9xgb1RpWBP17HLSPzxlwwYugsmNqEOJqSxKVAXxdImgXg%3D%3D&type=json HTTP/1.1" 200 769
DEBUG:urllib3.connectionpool:Starting new HTTP connection (1): apis.data.go.kr:80
DEBUG:urllib3.connectionpool:http://apis.data.go.kr:80 "GET /B553077/api/open/sdsc/storeListInDong?divId=signguCd&key=41590&ServiceKey=mzv%2B5nKLrKuD%2BmQQsQNPL9WTK%2B%2Bv2TmZhLsfKQ94z9xgb1RpWBP17HLSPzxlwwYugsmNqEOJqSxKVAXxdImgXg%3D%3D&type=json HTTP/1.1" 200 4311
DEBUG:urllib3.connectionpool:Starting new HTTP connection (1): apis.data.go.kr:80
DEBUG:urllib3.connectionpool:http://apis.data.go.kr:80 "GET /B553077/api/open/sdsc/baroApi?resId=dong&catId=cty&ctprvnCd=42&ServiceKey=mzv%2B5nKLrKuD%2BmQQsQNPL9WTK%2B%2Bv2TmZhLsfKQ94z9xgb1RpWBP17HLSPzxlwwYugsmNqEOJqSxKVAXxdImgXg%3D%3D&type=json HTTP/1.1" 200 504
DEBUG:urllib3.connectionpool:Starting new HTTP connection (1): apis.data.go.kr:80
DEBUG:urllib3.connectionpool:http://apis.data.go.kr:80 "GET /B553077/api/open/sdsc/storeListInDong?divId=signguCd&key=42730&ServiceKey=mzv%2B5nKLrKuD%2BmQQsQNPL9WTK%2B%2Bv2TmZhLsfKQ94z9xgb1RpWBP17HLSPzxlwwYugsmNqEOJqSxKVAXxdImgXg%3D%3D&type=json HTTP/1.1" 200 4002
DEBUG:urllib3.connectionpool:Starting new HTTP connection (1): apis.data.go.kr:80
DEBUG:urllib3.connectionpool:http://apis.data.go.kr:80 "GET /B553077/api/open/sdsc/baroApi?resId=dong&catId=cty&ctprvnCd=42&ServiceKey=mzv%2B5nKLrKuD%2BmQQsQNPL9WTK%2B%2Bv2TmZhLsfKQ94z9xgb1RpWBP17HLSPzxlwwYugsmNqEOJqSxKVAXxdImgXg%3D%3D&type=json HTTP/1.1" 200 504
DEBUG:urllib3.connectionpool:Starting new HTTP connection (1): apis.data.go.kr:80
DEBUG:urllib3.connectionpool:http://apis.data.go.kr:80 "GET /B553077/api/open/sdsc/storeListInDong?divId=signguCd&key=42730&ServiceKey=mzv%2B5nKLrKuD%2BmQQsQNPL9WTK%2B%2Bv2TmZhLsfKQ94z9xgb1RpWBP17HLSPzxlwwYugsmNqEOJqSxKVAXxdImgXg%3D%3D&type=json HTTP/1.1" 200 4002
DEBUG:urllib3.connectionpool:Starting new HTTP connection (1): apis.data.go.kr:80
DEBUG:urllib3.connectionpool:http://apis.data.go.kr:80 "GET /B553077/api/open/sdsc/baroApi?resId=dong&catId=cty&ctprvnCd=42&ServiceKey=mzv%2B5nKLrKuD%2BmQQsQNPL9WTK%2B%2Bv2TmZhLsfKQ94z9xgb1RpWBP17HLSPzxlwwYugsmNqEOJqSxKVAXxdImgXg%3D%3D&type=json HTTP/1.1" 200 504
DEBUG:urllib3.connectionpool:Starting new HTTP connection (1): apis.data.go.kr:80
DEBUG:urllib3.connectionpool:http://apis.data.go.kr:80 "GET /B553077/api/open/sdsc/storeListInDong?divId=signguCd&key=42730&ServiceKey=mzv%2B5nKLrKuD%2BmQQsQNPL9WTK%2B%2Bv2TmZhLsfKQ94z9xgb1RpWBP17HLSPzxlwwYugsmNqEOJqSxKVAXxdImgXg%3D%3D&type=json HTTP/1.1" 200 4002
DEBUG:urllib3.connectionpool:Starting new HTTP connection (1): apis.data.go.kr:80
DEBUG:urllib3.connectionpool:http://apis.data.go.kr:80 "GET /B553077/api/open/sdsc/baroApi?resId=dong&catId=cty&ctprvnCd=42&ServiceKey=mzv%2B5nKLrKuD%2BmQQsQNPL9WTK%2B%2Bv2TmZhLsfKQ94z9xgb1RpWBP17HLSPzxlwwYugsmNqEOJqSxKVAXxdImgXg%3D%3D&type=json HTTP/1.1" 200 504
DEBUG:urllib3.connectionpool:Starting new HTTP connection (1): apis.data.go.kr:80
DEBUG:urllib3.connectionpool:http://apis.data.go.kr:80 "GET /B553077/api/open/sdsc/storeListInDong?divId=signguCd&key=42730&ServiceKey=mzv%2B5nKLrKuD%2BmQQsQNPL9WTK%2B%2Bv2TmZhLsfKQ94z9xgb1RpWBP17HLSPzxlwwYugsmNqEOJqSxKVAXxdImgXg%3D%3D&type=json HTTP/1.1" 200 4002
INFO:werkzeug:127.0.0.1 - - [16/Dec/2019 04:30:19] "POST /menus/travel HTTP/1.1" 200 -
INFO:werkzeug:127.0.0.1 - - [16/Dec/2019 04:30:32] "GET / HTTP/1.1" 200 -
DEBUG:urllib3.connectionpool:Starting new HTTP connection (1): api.visitkorea.or.kr:80
DEBUG:urllib3.connectionpool:http://api.visitkorea.or.kr:80 "GET /openapi/service/rest/KorService/searchKeyword?ServiceKey=mzv%2B5nKLrKuD%2BmQQsQNPL9WTK%2B%2Bv2TmZhLsfKQ94z9xgb1RpWBP17HLSPzxlwwYugsmNqEOJqSxKVAXxdImgXg%3D%3D&keyword=%EB%86%80%EC%9D%B4%EA%B3%B5%EC%9B%90&listYN=Y&arrange=A&MobileOS=ETC&MobileApp=AppTest&_type=json HTTP/1.1" 200 428
INFO:werkzeug:127.0.0.1 - - [16/Dec/2019 04:30:38] "POST /menus/travel HTTP/1.1" 500 -
INFO:werkzeug:127.0.0.1 - - [16/Dec/2019 04:30:38] "GET /menus/travel?__debugger__=yes&cmd=resource&f=style.css HTTP/1.1" 200 -
INFO:werkzeug:127.0.0.1 - - [16/Dec/2019 04:30:38] "GET /menus/travel?__debugger__=yes&cmd=resource&f=jquery.js HTTP/1.1" 200 -
INFO:werkzeug:127.0.0.1 - - [16/Dec/2019 04:30:38] "GET /menus/travel?__debugger__=yes&cmd=resource&f=debugger.js HTTP/1.1" 200 -
INFO:werkzeug:127.0.0.1 - - [16/Dec/2019 04:30:39] "GET /menus/travel?__debugger__=yes&cmd=resource&f=ubuntu.ttf HTTP/1.1" 200 -
INFO:werkzeug:127.0.0.1 - - [16/Dec/2019 04:30:39] "GET /menus/travel?__debugger__=yes&cmd=resource&f=console.png HTTP/1.1" 200 -
INFO:werkzeug:127.0.0.1 - - [16/Dec/2019 04:30:39] "GET /menus/travel?__debugger__=yes&cmd=resource&f=console.png HTTP/1.1" 200 -
DEBUG:urllib3.connectionpool:Starting new HTTP connection (1): api.visitkorea.or.kr:80
DEBUG:urllib3.connectionpool:http://api.visitkorea.or.kr:80 "GET /openapi/service/rest/KorService/searchKeyword?ServiceKey=mzv%2B5nKLrKuD%2BmQQsQNPL9WTK%2B%2Bv2TmZhLsfKQ94z9xgb1RpWBP17HLSPzxlwwYugsmNqEOJqSxKVAXxdImgXg%3D%3D&keyword=%EC%9D%B4%EC%83%89%EA%B1%B0%EB%A6%AC&listYN=Y&arrange=A&MobileOS=ETC&MobileApp=AppTest&_type=json HTTP/1.1" 200 123
INFO:werkzeug:127.0.0.1 - - [16/Dec/2019 04:30:51] "POST /menus/travel HTTP/1.1" 500 -
INFO:werkzeug:127.0.0.1 - - [16/Dec/2019 04:30:51] "GET /menus/travel?__debugger__=yes&cmd=resource&f=style.css HTTP/1.1" 200 -
INFO:werkzeug:127.0.0.1 - - [16/Dec/2019 04:30:52] "GET /menus/travel?__debugger__=yes&cmd=resource&f=jquery.js HTTP/1.1" 200 -
INFO:werkzeug:127.0.0.1 - - [16/Dec/2019 04:30:52] "GET /menus/travel?__debugger__=yes&cmd=resource&f=debugger.js HTTP/1.1" 200 -
INFO:werkzeug:127.0.0.1 - - [16/Dec/2019 04:30:52] "GET /menus/travel?__debugger__=yes&cmd=resource&f=ubuntu.ttf HTTP/1.1" 200 -
INFO:werkzeug:127.0.0.1 - - [16/Dec/2019 04:30:52] "GET /menus/travel?__debugger__=yes&cmd=resource&f=console.png HTTP/1.1" 200 -
DEBUG:urllib3.connectionpool:Starting new HTTP connection (1): api.visitkorea.or.kr:80
DEBUG:urllib3.connectionpool:http://api.visitkorea.or.kr:80 "GET /openapi/service/rest/KorService/searchKeyword?ServiceKey=mzv%2B5nKLrKuD%2BmQQsQNPL9WTK%2B%2Bv2TmZhLsfKQ94z9xgb1RpWBP17HLSPzxlwwYugsmNqEOJqSxKVAXxdImgXg%3D%3D&keyword=%EC%9D%B4%EC%83%89%EA%B1%B0%EB%A6%AC&listYN=Y&arrange=A&MobileOS=ETC&MobileApp=AppTest&_type=json HTTP/1.1" 200 123
INFO:werkzeug:127.0.0.1 - - [16/Dec/2019 04:31:22] "POST /menus/travel HTTP/1.1" 500 -
INFO:werkzeug:127.0.0.1 - - [16/Dec/2019 04:31:22] "GET /menus/travel?__debugger__=yes&cmd=resource&f=style.css HTTP/1.1" 200 -
INFO:werkzeug:127.0.0.1 - - [16/Dec/2019 04:31:22] "GET /menus/travel?__debugger__=yes&cmd=resource&f=jquery.js HTTP/1.1" 200 -
INFO:werkzeug:127.0.0.1 - - [16/Dec/2019 04:31:22] "GET /menus/travel?__debugger__=yes&cmd=resource&f=debugger.js HTTP/1.1" 200 -
INFO:werkzeug:127.0.0.1 - - [16/Dec/2019 04:31:23] "GET /menus/travel?__debugger__=yes&cmd=resource&f=ubuntu.ttf HTTP/1.1" 200 -
INFO:werkzeug:127.0.0.1 - - [16/Dec/2019 04:31:23] "GET /menus/travel?__debugger__=yes&cmd=resource&f=console.png HTTP/1.1" 200 -
INFO:werkzeug:127.0.0.1 - - [16/Dec/2019 04:31:26] "GET / HTTP/1.1" 200 -
DEBUG:urllib3.connectionpool:Starting new HTTP connection (1): api.visitkorea.or.kr:80
DEBUG:urllib3.connectionpool:http://api.visitkorea.or.kr:80 "GET /openapi/service/rest/KorService/searchKeyword?ServiceKey=mzv%2B5nKLrKuD%2BmQQsQNPL9WTK%2B%2Bv2TmZhLsfKQ94z9xgb1RpWBP17HLSPzxlwwYugsmNqEOJqSxKVAXxdImgXg%3D%3D&keyword=%EC%9D%B4%EC%83%89%EC%B2%B4%ED%97%98&listYN=Y&arrange=A&MobileOS=ETC&MobileApp=AppTest&_type=json HTTP/1.1" 200 981
DEBUG:urllib3.connectionpool:Starting new HTTP connection (1): apis.data.go.kr:80
DEBUG:urllib3.connectionpool:http://apis.data.go.kr:80 "GET /B553077/api/open/sdsc/baroApi?resId=dong&catId=cty&ctprvnCd=11&ServiceKey=mzv%2B5nKLrKuD%2BmQQsQNPL9WTK%2B%2Bv2TmZhLsfKQ94z9xgb1RpWBP17HLSPzxlwwYugsmNqEOJqSxKVAXxdImgXg%3D%3D&type=json HTTP/1.1" 200 571
DEBUG:urllib3.connectionpool:Starting new HTTP connection (1): apis.data.go.kr:80
DEBUG:urllib3.connectionpool:http://apis.data.go.kr:80 "GET /B553077/api/open/sdsc/storeListInDong?divId=signguCd&key=11260&ServiceKey=mzv%2B5nKLrKuD%2BmQQsQNPL9WTK%2B%2Bv2TmZhLsfKQ94z9xgb1RpWBP17HLSPzxlwwYugsmNqEOJqSxKVAXxdImgXg%3D%3D&type=json HTTP/1.1" 200 3950
DEBUG:urllib3.connectionpool:Starting new HTTP connection (1): apis.data.go.kr:80
DEBUG:urllib3.connectionpool:http://apis.data.go.kr:80 "GET /B553077/api/open/sdsc/baroApi?resId=dong&catId=cty&ctprvnCd=44&ServiceKey=mzv%2B5nKLrKuD%2BmQQsQNPL9WTK%2B%2Bv2TmZhLsfKQ94z9xgb1RpWBP17HLSPzxlwwYugsmNqEOJqSxKVAXxdImgXg%3D%3D&type=json HTTP/1.1" 200 497
DEBUG:urllib3.connectionpool:Starting new HTTP connection (1): apis.data.go.kr:80
DEBUG:urllib3.connectionpool:http://apis.data.go.kr:80 "GET /B553077/api/open/sdsc/storeListInDong?divId=signguCd&key=44800&ServiceKey=mzv%2B5nKLrKuD%2BmQQsQNPL9WTK%2B%2Bv2TmZhLsfKQ94z9xgb1RpWBP17HLSPzxlwwYugsmNqEOJqSxKVAXxdImgXg%3D%3D&type=json HTTP/1.1" 200 3840
INFO:werkzeug:127.0.0.1 - - [16/Dec/2019 04:31:30] "POST /menus/travel HTTP/1.1" 200 -
INFO:werkzeug: * Detected change in 'C:\\Users\\Will\\PycharmProjects\\travel_service\\views\\menus.py', reloading
INFO:werkzeug: * Restarting with stat
INFO:root:Flask Web Server Started
WARNING:werkzeug: * Debugger is active!
INFO:werkzeug: * Debugger PIN: 312-095-692
INFO:werkzeug: * Running on http://0.0.0.0:8080/ (Press CTRL+C to quit)
DEBUG:urllib3.connectionpool:Starting new HTTP connection (1): api.visitkorea.or.kr:80
DEBUG:urllib3.connectionpool:http://api.visitkorea.or.kr:80 "GET /openapi/service/rest/KorService/searchKeyword?ServiceKey=mzv%2B5nKLrKuD%2BmQQsQNPL9WTK%2B%2Bv2TmZhLsfKQ94z9xgb1RpWBP17HLSPzxlwwYugsmNqEOJqSxKVAXxdImgXg%3D%3D&keyword=%EC%9D%B4%EC%83%89%EC%B2%B4%ED%97%98&listYN=Y&arrange=A&MobileOS=ETC&MobileApp=AppTest&_type=json HTTP/1.1" 200 981
DEBUG:urllib3.connectionpool:Starting new HTTP connection (1): apis.data.go.kr:80
DEBUG:urllib3.connectionpool:http://apis.data.go.kr:80 "GET /B553077/api/open/sdsc/baroApi?resId=dong&catId=cty&ctprvnCd=50&ServiceKey=mzv%2B5nKLrKuD%2BmQQsQNPL9WTK%2B%2Bv2TmZhLsfKQ94z9xgb1RpWBP17HLSPzxlwwYugsmNqEOJqSxKVAXxdImgXg%3D%3D&type=json HTTP/1.1" 200 344
INFO:werkzeug:127.0.0.1 - - [16/Dec/2019 04:32:01] "POST /menus/travel HTTP/1.1" 500 -
INFO:werkzeug:127.0.0.1 - - [16/Dec/2019 04:32:01] "GET /menus/travel?__debugger__=yes&cmd=resource&f=style.css HTTP/1.1" 200 -
INFO:werkzeug:127.0.0.1 - - [16/Dec/2019 04:32:01] "GET /menus/travel?__debugger__=yes&cmd=resource&f=jquery.js HTTP/1.1" 200 -
INFO:werkzeug:127.0.0.1 - - [16/Dec/2019 04:32:01] "GET /menus/travel?__debugger__=yes&cmd=resource&f=debugger.js HTTP/1.1" 200 -
INFO:werkzeug:127.0.0.1 - - [16/Dec/2019 04:32:02] "GET /menus/travel?__debugger__=yes&cmd=resource&f=ubuntu.ttf HTTP/1.1" 200 -
INFO:werkzeug:127.0.0.1 - - [16/Dec/2019 04:32:02] "GET /menus/travel?__debugger__=yes&cmd=resource&f=console.png HTTP/1.1" 200 -
INFO:werkzeug:127.0.0.1 - - [16/Dec/2019 04:32:02] "GET /menus/travel?__debugger__=yes&cmd=resource&f=console.png HTTP/1.1" 200 -
INFO:werkzeug: * Detected change in 'C:\\Users\\Will\\PycharmProjects\\travel_service\\views\\menus.py', reloading
INFO:werkzeug: * Restarting with stat
INFO:root:Flask Web Server Started
WARNING:werkzeug: * Debugger is active!
INFO:werkzeug: * Debugger PIN: 312-095-692
INFO:werkzeug: * Running on http://0.0.0.0:8080/ (Press CTRL+C to quit)
INFO:werkzeug: * Detected change in 'C:\\Users\\Will\\PycharmProjects\\travel_service\\views\\menus.py', reloading
INFO:werkzeug: * Restarting with stat
INFO:root:Flask Web Server Started
WARNING:werkzeug: * Debugger is active!
INFO:werkzeug: * Debugger PIN: 312-095-692
INFO:werkzeug: * Running on http://0.0.0.0:8080/ (Press CTRL+C to quit)
DEBUG:urllib3.connectionpool:Starting new HTTP connection (1): api.visitkorea.or.kr:80
DEBUG:urllib3.connectionpool:http://api.visitkorea.or.kr:80 "GET /openapi/service/rest/KorService/searchKeyword?ServiceKey=mzv%2B5nKLrKuD%2BmQQsQNPL9WTK%2B%2Bv2TmZhLsfKQ94z9xgb1RpWBP17HLSPzxlwwYugsmNqEOJqSxKVAXxdImgXg%3D%3D&keyword=%EC%9D%B4%EC%83%89%EC%B2%B4%ED%97%98&listYN=Y&arrange=A&MobileOS=ETC&MobileApp=AppTest&_type=json HTTP/1.1" 200 981
DEBUG:urllib3.connectionpool:Starting new HTTP connection (1): apis.data.go.kr:80
DEBUG:urllib3.connectionpool:http://apis.data.go.kr:80 "GET /B553077/api/open/sdsc/baroApi?resId=dong&catId=cty&ctprvnCd=11&ServiceKey=mzv%2B5nKLrKuD%2BmQQsQNPL9WTK%2B%2Bv2TmZhLsfKQ94z9xgb1RpWBP17HLSPzxlwwYugsmNqEOJqSxKVAXxdImgXg%3D%3D&type=json HTTP/1.1" 200 571
DEBUG:urllib3.connectionpool:Starting new HTTP connection (1): apis.data.go.kr:80
DEBUG:urllib3.connectionpool:http://apis.data.go.kr:80 "GET /B553077/api/open/sdsc/storeListInDong?divId=signguCd&key=11260&ServiceKey=mzv%2B5nKLrKuD%2BmQQsQNPL9WTK%2B%2Bv2TmZhLsfKQ94z9xgb1RpWBP17HLSPzxlwwYugsmNqEOJqSxKVAXxdImgXg%3D%3D&type=json HTTP/1.1" 200 3950
DEBUG:urllib3.connectionpool:Starting new HTTP connection (1): apis.data.go.kr:80
DEBUG:urllib3.connectionpool:http://apis.data.go.kr:80 "GET /B553077/api/open/sdsc/baroApi?resId=dong&catId=cty&ctprvnCd=44&ServiceKey=mzv%2B5nKLrKuD%2BmQQsQNPL9WTK%2B%2Bv2TmZhLsfKQ94z9xgb1RpWBP17HLSPzxlwwYugsmNqEOJqSxKVAXxdImgXg%3D%3D&type=json HTTP/1.1" 200 497
DEBUG:urllib3.connectionpool:Starting new HTTP connection (1): apis.data.go.kr:80
DEBUG:urllib3.connectionpool:http://apis.data.go.kr:80 "GET /B553077/api/open/sdsc/storeListInDong?divId=signguCd&key=44800&ServiceKey=mzv%2B5nKLrKuD%2BmQQsQNPL9WTK%2B%2Bv2TmZhLsfKQ94z9xgb1RpWBP17HLSPzxlwwYugsmNqEOJqSxKVAXxdImgXg%3D%3D&type=json HTTP/1.1" 200 3840
INFO:werkzeug:127.0.0.1 - - [16/Dec/2019 04:32:59] "POST /menus/travel HTTP/1.1" 200 -
INFO:werkzeug: * Detected change in 'C:\\Users\\Will\\PycharmProjects\\travel_service\\views\\menus.py', reloading
INFO:werkzeug: * Restarting with stat
INFO:root:Flask Web Server Started
INFO:werkzeug: * Restarting with stat
INFO:root:Flask Web Server Started
WARNING:werkzeug: * Debugger is active!
INFO:werkzeug: * Debugger PIN: 312-095-692
INFO:werkzeug: * Running on http://0.0.0.0:8080/ (Press CTRL+C to quit)
INFO:werkzeug:127.0.0.1 - - [16/Dec/2019 04:33:54] "GET /menus/travel HTTP/1.1" 200 -
DEBUG:urllib3.connectionpool:Starting new HTTP connection (1): api.visitkorea.or.kr:80
DEBUG:urllib3.connectionpool:http://api.visitkorea.or.kr:80 "GET /openapi/service/rest/KorService/searchKeyword?ServiceKey=mzv%2B5nKLrKuD%2BmQQsQNPL9WTK%2B%2Bv2TmZhLsfKQ94z9xgb1RpWBP17HLSPzxlwwYugsmNqEOJqSxKVAXxdImgXg%3D%3D&keyword=%EC%9D%B4%EC%83%89%EC%B2%B4%ED%97%98&listYN=Y&arrange=A&MobileOS=ETC&MobileApp=AppTest&_type=json HTTP/1.1" 200 981
INFO:werkzeug:127.0.0.1 - - [16/Dec/2019 04:33:58] "POST /menus/travel HTTP/1.1" 500 -
INFO:werkzeug:127.0.0.1 - - [16/Dec/2019 04:33:58] "GET /menus/travel?__debugger__=yes&cmd=resource&f=style.css HTTP/1.1" 200 -
INFO:werkzeug:127.0.0.1 - - [16/Dec/2019 04:33:58] "GET /menus/travel?__debugger__=yes&cmd=resource&f=jquery.js HTTP/1.1" 200 -
INFO:werkzeug:127.0.0.1 - - [16/Dec/2019 04:33:58] "GET /menus/travel?__debugger__=yes&cmd=resource&f=debugger.js HTTP/1.1" 200 -
INFO:werkzeug:127.0.0.1 - - [16/Dec/2019 04:33:59] "GET /menus/travel?__debugger__=yes&cmd=resource&f=ubuntu.ttf HTTP/1.1" 200 -
INFO:werkzeug:127.0.0.1 - - [16/Dec/2019 04:33:59] "GET /menus/travel?__debugger__=yes&cmd=resource&f=console.png HTTP/1.1" 200 -
INFO:werkzeug:127.0.0.1 - - [16/Dec/2019 04:33:59] "GET /menus/travel?__debugger__=yes&cmd=resource&f=console.png HTTP/1.1" 200 -
INFO:werkzeug: * Detected change in 'C:\\Users\\Will\\PycharmProjects\\travel_service\\views\\menus.py', reloading
INFO:werkzeug: * Restarting with stat
INFO:root:Flask Web Server Started
WARNING:werkzeug: * Debugger is active!
INFO:werkzeug: * Debugger PIN: 312-095-692
INFO:werkzeug: * Running on http://0.0.0.0:8080/ (Press CTRL+C to quit)
DEBUG:urllib3.connectionpool:Starting new HTTP connection (1): api.visitkorea.or.kr:80
DEBUG:urllib3.connectionpool:http://api.visitkorea.or.kr:80 "GET /openapi/service/rest/KorService/searchKeyword?ServiceKey=mzv%2B5nKLrKuD%2BmQQsQNPL9WTK%2B%2Bv2TmZhLsfKQ94z9xgb1RpWBP17HLSPzxlwwYugsmNqEOJqSxKVAXxdImgXg%3D%3D&keyword=%EC%9D%B4%EC%83%89%EC%B2%B4%ED%97%98&listYN=Y&arrange=A&MobileOS=ETC&MobileApp=AppTest&_type=json HTTP/1.1" 200 981
INFO:werkzeug:127.0.0.1 - - [16/Dec/2019 04:34:41] "POST /menus/travel HTTP/1.1" 500 -
INFO:werkzeug:127.0.0.1 - - [16/Dec/2019 04:34:41] "GET /menus/travel?__debugger__=yes&cmd=resource&f=style.css HTTP/1.1" 200 -
INFO:werkzeug:127.0.0.1 - - [16/Dec/2019 04:34:41] "GET /menus/travel?__debugger__=yes&cmd=resource&f=jquery.js HTTP/1.1" 200 -
INFO:werkzeug:127.0.0.1 - - [16/Dec/2019 04:34:42] "GET /menus/travel?__debugger__=yes&cmd=resource&f=debugger.js HTTP/1.1" 200 -
INFO:werkzeug:127.0.0.1 - - [16/Dec/2019 04:34:42] "GET /menus/travel?__debugger__=yes&cmd=resource&f=ubuntu.ttf HTTP/1.1" 200 -
INFO:werkzeug:127.0.0.1 - - [16/Dec/2019 04:34:42] "GET /menus/travel?__debugger__=yes&cmd=resource&f=console.png HTTP/1.1" 200 -
INFO:werkzeug:127.0.0.1 - - [16/Dec/2019 04:34:42] "GET /menus/travel?__debugger__=yes&cmd=resource&f=console.png HTTP/1.1" 200 -
INFO:werkzeug: * Detected change in 'C:\\Users\\Will\\PycharmProjects\\travel_service\\views\\menus.py', reloading
INFO:werkzeug: * Restarting with stat
INFO:root:Flask Web Server Started
WARNING:werkzeug: * Debugger is active!
INFO:werkzeug: * Debugger PIN: 312-095-692
INFO:werkzeug: * Running on http://0.0.0.0:8080/ (Press CTRL+C to quit)
DEBUG:urllib3.connectionpool:Starting new HTTP connection (1): api.visitkorea.or.kr:80
DEBUG:urllib3.connectionpool:http://api.visitkorea.or.kr:80 "GET /openapi/service/rest/KorService/searchKeyword?ServiceKey=mzv%2B5nKLrKuD%2BmQQsQNPL9WTK%2B%2Bv2TmZhLsfKQ94z9xgb1RpWBP17HLSPzxlwwYugsmNqEOJqSxKVAXxdImgXg%3D%3D&keyword=%EC%9D%B4%EC%83%89%EC%B2%B4%ED%97%98&listYN=Y&arrange=A&MobileOS=ETC&MobileApp=AppTest&_type=json HTTP/1.1" 200 981
INFO:werkzeug:127.0.0.1 - - [16/Dec/2019 04:35:04] "POST /menus/travel HTTP/1.1" 500 -
INFO:werkzeug:127.0.0.1 - - [16/Dec/2019 04:35:04] "GET /menus/travel?__debugger__=yes&cmd=resource&f=style.css HTTP/1.1" 200 -
INFO:werkzeug:127.0.0.1 - - [16/Dec/2019 04:35:04] "GET /menus/travel?__debugger__=yes&cmd=resource&f=jquery.js HTTP/1.1" 200 -
INFO:werkzeug:127.0.0.1 - - [16/Dec/2019 04:35:04] "GET /menus/travel?__debugger__=yes&cmd=resource&f=debugger.js HTTP/1.1" 200 -
INFO:werkzeug:127.0.0.1 - - [16/Dec/2019 04:35:04] "GET /menus/travel?__debugger__=yes&cmd=resource&f=ubuntu.ttf HTTP/1.1" 200 -
INFO:werkzeug:127.0.0.1 - - [16/Dec/2019 04:35:04] "GET /menus/travel?__debugger__=yes&cmd=resource&f=console.png HTTP/1.1" 200 -
INFO:werkzeug:127.0.0.1 - - [16/Dec/2019 04:35:05] "GET /menus/travel?__debugger__=yes&cmd=resource&f=console.png HTTP/1.1" 200 -
INFO:werkzeug: * Detected change in 'C:\\Users\\Will\\PycharmProjects\\travel_service\\views\\menus.py', reloading
INFO:werkzeug: * Restarting with stat
INFO:root:Flask Web Server Started
WARNING:werkzeug: * Debugger is active!
INFO:werkzeug: * Debugger PIN: 312-095-692
INFO:werkzeug: * Running on http://0.0.0.0:8080/ (Press CTRL+C to quit)
DEBUG:urllib3.connectionpool:Starting new HTTP connection (1): api.visitkorea.or.kr:80
DEBUG:urllib3.connectionpool:http://api.visitkorea.or.kr:80 "GET /openapi/service/rest/KorService/searchKeyword?ServiceKey=mzv%2B5nKLrKuD%2BmQQsQNPL9WTK%2B%2Bv2TmZhLsfKQ94z9xgb1RpWBP17HLSPzxlwwYugsmNqEOJqSxKVAXxdImgXg%3D%3D&keyword=%EC%9D%B4%EC%83%89%EC%B2%B4%ED%97%98&listYN=Y&arrange=A&MobileOS=ETC&MobileApp=AppTest&_type=json HTTP/1.1" 200 981
INFO:werkzeug:127.0.0.1 - - [16/Dec/2019 04:35:19] "POST /menus/travel HTTP/1.1" 500 -
INFO:werkzeug:127.0.0.1 - - [16/Dec/2019 04:35:19] "GET /menus/travel?__debugger__=yes&cmd=resource&f=style.css HTTP/1.1" 200 -
INFO:werkzeug:127.0.0.1 - - [16/Dec/2019 04:35:19] "GET /menus/travel?__debugger__=yes&cmd=resource&f=jquery.js HTTP/1.1" 200 -
INFO:werkzeug:127.0.0.1 - - [16/Dec/2019 04:35:20] "GET /menus/travel?__debugger__=yes&cmd=resource&f=debugger.js HTTP/1.1" 200 -
INFO:werkzeug:127.0.0.1 - - [16/Dec/2019 04:35:20] "GET /menus/travel?__debugger__=yes&cmd=resource&f=ubuntu.ttf HTTP/1.1" 200 -
INFO:werkzeug:127.0.0.1 - - [16/Dec/2019 04:35:20] "GET /menus/travel?__debugger__=yes&cmd=resource&f=console.png HTTP/1.1" 200 -
INFO:werkzeug:127.0.0.1 - - [16/Dec/2019 04:35:20] "GET /menus/travel?__debugger__=yes&cmd=resource&f=console.png HTTP/1.1" 200 -
INFO:werkzeug: * Detected change in 'C:\\Users\\Will\\PycharmProjects\\travel_service\\views\\menus.py', reloading
INFO:werkzeug: * Restarting with stat
INFO:root:Flask Web Server Started
WARNING:werkzeug: * Debugger is active!
INFO:werkzeug: * Debugger PIN: 312-095-692
INFO:werkzeug: * Running on http://0.0.0.0:8080/ (Press CTRL+C to quit)
DEBUG:urllib3.connectionpool:Starting new HTTP connection (1): api.visitkorea.or.kr:80
DEBUG:urllib3.connectionpool:http://api.visitkorea.or.kr:80 "GET /openapi/service/rest/KorService/searchKeyword?ServiceKey=mzv%2B5nKLrKuD%2BmQQsQNPL9WTK%2B%2Bv2TmZhLsfKQ94z9xgb1RpWBP17HLSPzxlwwYugsmNqEOJqSxKVAXxdImgXg%3D%3D&keyword=%EC%9D%B4%EC%83%89%EC%B2%B4%ED%97%98&listYN=Y&arrange=A&MobileOS=ETC&MobileApp=AppTest&_type=json HTTP/1.1" 200 981
INFO:werkzeug:127.0.0.1 - - [16/Dec/2019 04:35:34] "POST /menus/travel HTTP/1.1" 500 -
INFO:werkzeug:127.0.0.1 - - [16/Dec/2019 04:35:34] "GET /menus/travel?__debugger__=yes&cmd=resource&f=style.css HTTP/1.1" 200 -
INFO:werkzeug:127.0.0.1 - - [16/Dec/2019 04:35:34] "GET /menus/travel?__debugger__=yes&cmd=resource&f=jquery.js HTTP/1.1" 200 -
INFO:werkzeug:127.0.0.1 - - [16/Dec/2019 04:35:35] "GET /menus/travel?__debugger__=yes&cmd=resource&f=debugger.js HTTP/1.1" 200 -
INFO:werkzeug:127.0.0.1 - - [16/Dec/2019 04:35:35] "GET /menus/travel?__debugger__=yes&cmd=resource&f=ubuntu.ttf HTTP/1.1" 200 -
INFO:werkzeug:127.0.0.1 - - [16/Dec/2019 04:35:35] "GET /menus/travel?__debugger__=yes&cmd=resource&f=console.png HTTP/1.1" 200 -
INFO:werkzeug:127.0.0.1 - - [16/Dec/2019 04:35:35] "GET /menus/travel?__debugger__=yes&cmd=resource&f=console.png HTTP/1.1" 200 -
INFO:werkzeug: * Detected change in 'C:\\Users\\Will\\PycharmProjects\\travel_service\\views\\menus.py', reloading
INFO:werkzeug: * Restarting with stat
INFO:root:Flask Web Server Started
WARNING:werkzeug: * Debugger is active!
INFO:werkzeug: * Debugger PIN: 312-095-692
INFO:werkzeug: * Running on http://0.0.0.0:8080/ (Press CTRL+C to quit)
DEBUG:urllib3.connectionpool:Starting new HTTP connection (1): api.visitkorea.or.kr:80
DEBUG:urllib3.connectionpool:http://api.visitkorea.or.kr:80 "GET /openapi/service/rest/KorService/searchKeyword?ServiceKey=mzv%2B5nKLrKuD%2BmQQsQNPL9WTK%2B%2Bv2TmZhLsfKQ94z9xgb1RpWBP17HLSPzxlwwYugsmNqEOJqSxKVAXxdImgXg%3D%3D&keyword=%EC%9D%B4%EC%83%89%EC%B2%B4%ED%97%98&listYN=Y&arrange=A&MobileOS=ETC&MobileApp=AppTest&_type=json HTTP/1.1" 200 981
INFO:werkzeug:127.0.0.1 - - [16/Dec/2019 04:35:51] "POST /menus/travel HTTP/1.1" 500 -
INFO:werkzeug:127.0.0.1 - - [16/Dec/2019 04:35:52] "GET /menus/travel?__debugger__=yes&cmd=resource&f=style.css HTTP/1.1" 200 -
INFO:werkzeug:127.0.0.1 - - [16/Dec/2019 04:35:52] "GET /menus/travel?__debugger__=yes&cmd=resource&f=jquery.js HTTP/1.1" 200 -
INFO:werkzeug:127.0.0.1 - - [16/Dec/2019 04:35:52] "GET /menus/travel?__debugger__=yes&cmd=resource&f=debugger.js HTTP/1.1" 200 -
INFO:werkzeug:127.0.0.1 - - [16/Dec/2019 04:35:52] "GET /menus/travel?__debugger__=yes&cmd=resource&f=ubuntu.ttf HTTP/1.1" 200 -
INFO:werkzeug:127.0.0.1 - - [16/Dec/2019 04:35:52] "GET /menus/travel?__debugger__=yes&cmd=resource&f=console.png HTTP/1.1" 200 -
INFO:werkzeug:127.0.0.1 - - [16/Dec/2019 04:35:52] "GET /menus/travel?__debugger__=yes&cmd=resource&f=console.png HTTP/1.1" 200 -
INFO:werkzeug: * Detected change in 'C:\\Users\\Will\\PycharmProjects\\travel_service\\views\\menus.py', reloading
INFO:werkzeug: * Restarting with stat
INFO:root:Flask Web Server Started
WARNING:werkzeug: * Debugger is active!
INFO:werkzeug: * Debugger PIN: 312-095-692
INFO:werkzeug: * Running on http://0.0.0.0:8080/ (Press CTRL+C to quit)
DEBUG:urllib3.connectionpool:Starting new HTTP connection (1): api.visitkorea.or.kr:80
DEBUG:urllib3.connectionpool:http://api.visitkorea.or.kr:80 "GET /openapi/service/rest/KorService/searchKeyword?ServiceKey=mzv%2B5nKLrKuD%2BmQQsQNPL9WTK%2B%2Bv2TmZhLsfKQ94z9xgb1RpWBP17HLSPzxlwwYugsmNqEOJqSxKVAXxdImgXg%3D%3D&keyword=%EC%9D%B4%EC%83%89%EC%B2%B4%ED%97%98&listYN=Y&arrange=A&MobileOS=ETC&MobileApp=AppTest&_type=json HTTP/1.1" 200 981
DEBUG:urllib3.connectionpool:Starting new HTTP connection (1): apis.data.go.kr:80
DEBUG:urllib3.connectionpool:http://apis.data.go.kr:80 "GET /B553077/api/open/sdsc/baroApi?resId=dong&catId=cty&ctprvnCd=11&ServiceKey=mzv%2B5nKLrKuD%2BmQQsQNPL9WTK%2B%2Bv2TmZhLsfKQ94z9xgb1RpWBP17HLSPzxlwwYugsmNqEOJqSxKVAXxdImgXg%3D%3D&type=json HTTP/1.1" 200 571
DEBUG:urllib3.connectionpool:Starting new HTTP connection (1): apis.data.go.kr:80
DEBUG:urllib3.connectionpool:http://apis.data.go.kr:80 "GET /B553077/api/open/sdsc/storeListInDong?divId=signguCd&key=11260&ServiceKey=mzv%2B5nKLrKuD%2BmQQsQNPL9WTK%2B%2Bv2TmZhLsfKQ94z9xgb1RpWBP17HLSPzxlwwYugsmNqEOJqSxKVAXxdImgXg%3D%3D&type=json HTTP/1.1" 200 3950
DEBUG:urllib3.connectionpool:Starting new HTTP connection (1): apis.data.go.kr:80
DEBUG:urllib3.connectionpool:http://apis.data.go.kr:80 "GET /B553077/api/open/sdsc/baroApi?resId=dong&catId=cty&ctprvnCd=44&ServiceKey=mzv%2B5nKLrKuD%2BmQQsQNPL9WTK%2B%2Bv2TmZhLsfKQ94z9xgb1RpWBP17HLSPzxlwwYugsmNqEOJqSxKVAXxdImgXg%3D%3D&type=json HTTP/1.1" 200 497
DEBUG:urllib3.connectionpool:Starting new HTTP connection (1): apis.data.go.kr:80
DEBUG:urllib3.connectionpool:http://apis.data.go.kr:80 "GET /B553077/api/open/sdsc/storeListInDong?divId=signguCd&key=44800&ServiceKey=mzv%2B5nKLrKuD%2BmQQsQNPL9WTK%2B%2Bv2TmZhLsfKQ94z9xgb1RpWBP17HLSPzxlwwYugsmNqEOJqSxKVAXxdImgXg%3D%3D&type=json HTTP/1.1" 200 3840
INFO:werkzeug:127.0.0.1 - - [16/Dec/2019 04:36:14] "POST /menus/travel HTTP/1.1" 200 -
INFO:werkzeug:127.0.0.1 - - [16/Dec/2019 04:36:27] "GET / HTTP/1.1" 200 -
DEBUG:urllib3.connectionpool:Starting new HTTP connection (1): api.visitkorea.or.kr:80
DEBUG:urllib3.connectionpool:http://api.visitkorea.or.kr:80 "GET /openapi/service/rest/KorService/searchKeyword?ServiceKey=mzv%2B5nKLrKuD%2BmQQsQNPL9WTK%2B%2Bv2TmZhLsfKQ94z9xgb1RpWBP17HLSPzxlwwYugsmNqEOJqSxKVAXxdImgXg%3D%3D&keyword=%ED%85%8C%EB%A7%88%EA%B3%B5%EC%9B%90&listYN=Y&arrange=A&MobileOS=ETC&MobileApp=AppTest&_type=json HTTP/1.1" 200 5685
DEBUG:urllib3.connectionpool:Starting new HTTP connection (1): apis.data.go.kr:80
DEBUG:urllib3.connectionpool:http://apis.data.go.kr:80 "GET /B553077/api/open/sdsc/baroApi?resId=dong&catId=cty&ctprvnCd=48&ServiceKey=mzv%2B5nKLrKuD%2BmQQsQNPL9WTK%2B%2Bv2TmZhLsfKQ94z9xgb1RpWBP17HLSPzxlwwYugsmNqEOJqSxKVAXxdImgXg%3D%3D&type=json HTTP/1.1" 200 565
DEBUG:urllib3.connectionpool:Starting new HTTP connection (1): apis.data.go.kr:80
DEBUG:urllib3.connectionpool:http://apis.data.go.kr:80 "GET /B553077/api/open/sdsc/storeListInDong?divId=signguCd&key=48890&ServiceKey=mzv%2B5nKLrKuD%2BmQQsQNPL9WTK%2B%2Bv2TmZhLsfKQ94z9xgb1RpWBP17HLSPzxlwwYugsmNqEOJqSxKVAXxdImgXg%3D%3D&type=json HTTP/1.1" 200 3866
DEBUG:urllib3.connectionpool:Starting new HTTP connection (1): apis.data.go.kr:80
DEBUG:urllib3.connectionpool:http://apis.data.go.kr:80 "GET /B553077/api/open/sdsc/baroApi?resId=dong&catId=cty&ctprvnCd=47&ServiceKey=mzv%2B5nKLrKuD%2BmQQsQNPL9WTK%2B%2Bv2TmZhLsfKQ94z9xgb1RpWBP17HLSPzxlwwYugsmNqEOJqSxKVAXxdImgXg%3D%3D&type=json HTTP/1.1" 200 561
DEBUG:urllib3.connectionpool:Starting new HTTP connection (1): apis.data.go.kr:80
DEBUG:urllib3.connectionpool:http://apis.data.go.kr:80 "GET /B553077/api/open/sdsc/storeListInDong?divId=signguCd&key=47113&ServiceKey=mzv%2B5nKLrKuD%2BmQQsQNPL9WTK%2B%2Bv2TmZhLsfKQ94z9xgb1RpWBP17HLSPzxlwwYugsmNqEOJqSxKVAXxdImgXg%3D%3D&type=json HTTP/1.1" 200 4090
DEBUG:urllib3.connectionpool:Starting new HTTP connection (1): apis.data.go.kr:80
DEBUG:urllib3.connectionpool:http://apis.data.go.kr:80 "GET /B553077/api/open/sdsc/baroApi?resId=dong&catId=cty&ctprvnCd=46&ServiceKey=mzv%2B5nKLrKuD%2BmQQsQNPL9WTK%2B%2Bv2TmZhLsfKQ94z9xgb1RpWBP17HLSPzxlwwYugsmNqEOJqSxKVAXxdImgXg%3D%3D&type=json HTTP/1.1" 200 544
DEBUG:urllib3.connectionpool:Starting new HTTP connection (1): apis.data.go.kr:80
DEBUG:urllib3.connectionpool:http://apis.data.go.kr:80 "GET /B553077/api/open/sdsc/storeListInDong?divId=signguCd&key=46790&ServiceKey=mzv%2B5nKLrKuD%2BmQQsQNPL9WTK%2B%2Bv2TmZhLsfKQ94z9xgb1RpWBP17HLSPzxlwwYugsmNqEOJqSxKVAXxdImgXg%3D%3D&type=json HTTP/1.1" 200 3552
DEBUG:urllib3.connectionpool:Starting new HTTP connection (1): apis.data.go.kr:80
DEBUG:urllib3.connectionpool:http://apis.data.go.kr:80 "GET /B553077/api/open/sdsc/baroApi?resId=dong&catId=cty&ctprvnCd=45&ServiceKey=mzv%2B5nKLrKuD%2BmQQsQNPL9WTK%2B%2Bv2TmZhLsfKQ94z9xgb1RpWBP17HLSPzxlwwYugsmNqEOJqSxKVAXxdImgXg%3D%3D&type=json HTTP/1.1" 200 483
DEBUG:urllib3.connectionpool:Starting new HTTP connection (1): apis.data.go.kr:80
DEBUG:urllib3.connectionpool:http://apis.data.go.kr:80 "GET /B553077/api/open/sdsc/storeListInDong?divId=signguCd&key=45720&ServiceKey=mzv%2B5nKLrKuD%2BmQQsQNPL9WTK%2B%2Bv2TmZhLsfKQ94z9xgb1RpWBP17HLSPzxlwwYugsmNqEOJqSxKVAXxdImgXg%3D%3D&type=json HTTP/1.1" 200 3787
DEBUG:urllib3.connectionpool:Starting new HTTP connection (1): apis.data.go.kr:80
DEBUG:urllib3.connectionpool:http://apis.data.go.kr:80 "GET /B553077/api/open/sdsc/baroApi?resId=dong&catId=cty&ctprvnCd=47&ServiceKey=mzv%2B5nKLrKuD%2BmQQsQNPL9WTK%2B%2Bv2TmZhLsfKQ94z9xgb1RpWBP17HLSPzxlwwYugsmNqEOJqSxKVAXxdImgXg%3D%3D&type=json HTTP/1.1" 200 561
DEBUG:urllib3.connectionpool:Starting new HTTP connection (1): apis.data.go.kr:80
DEBUG:urllib3.connectionpool:http://apis.data.go.kr:80 "GET /B553077/api/open/sdsc/storeListInDong?divId=signguCd&key=47113&ServiceKey=mzv%2B5nKLrKuD%2BmQQsQNPL9WTK%2B%2Bv2TmZhLsfKQ94z9xgb1RpWBP17HLSPzxlwwYugsmNqEOJqSxKVAXxdImgXg%3D%3D&type=json HTTP/1.1" 200 4090
DEBUG:urllib3.connectionpool:Starting new HTTP connection (1): apis.data.go.kr:80
DEBUG:urllib3.connectionpool:http://apis.data.go.kr:80 "GET /B553077/api/open/sdsc/baroApi?resId=dong&catId=cty&ctprvnCd=50&ServiceKey=mzv%2B5nKLrKuD%2BmQQsQNPL9WTK%2B%2Bv2TmZhLsfKQ94z9xgb1RpWBP17HLSPzxlwwYugsmNqEOJqSxKVAXxdImgXg%3D%3D&type=json HTTP/1.1" 200 344
DEBUG:urllib3.connectionpool:Starting new HTTP connection (1): apis.data.go.kr:80
DEBUG:urllib3.connectionpool:http://apis.data.go.kr:80 "GET /B553077/api/open/sdsc/storeListInDong?divId=signguCd&key=50110&ServiceKey=mzv%2B5nKLrKuD%2BmQQsQNPL9WTK%2B%2Bv2TmZhLsfKQ94z9xgb1RpWBP17HLSPzxlwwYugsmNqEOJqSxKVAXxdImgXg%3D%3D&type=json HTTP/1.1" 200 4272
DEBUG:urllib3.connectionpool:Starting new HTTP connection (1): apis.data.go.kr:80
DEBUG:urllib3.connectionpool:http://apis.data.go.kr:80 "GET /B553077/api/open/sdsc/baroApi?resId=dong&catId=cty&ctprvnCd=42&ServiceKey=mzv%2B5nKLrKuD%2BmQQsQNPL9WTK%2B%2Bv2TmZhLsfKQ94z9xgb1RpWBP17HLSPzxlwwYugsmNqEOJqSxKVAXxdImgXg%3D%3D&type=json HTTP/1.1" 200 504
DEBUG:urllib3.connectionpool:Starting new HTTP connection (1): apis.data.go.kr:80
DEBUG:urllib3.connectionpool:http://apis.data.go.kr:80 "GET /B553077/api/open/sdsc/storeListInDong?divId=signguCd&key=42730&ServiceKey=mzv%2B5nKLrKuD%2BmQQsQNPL9WTK%2B%2Bv2TmZhLsfKQ94z9xgb1RpWBP17HLSPzxlwwYugsmNqEOJqSxKVAXxdImgXg%3D%3D&type=json HTTP/1.1" 200 4002
DEBUG:urllib3.connectionpool:Starting new HTTP connection (1): apis.data.go.kr:80
DEBUG:urllib3.connectionpool:http://apis.data.go.kr:80 "GET /B553077/api/open/sdsc/baroApi?resId=dong&catId=cty&ctprvnCd=47&ServiceKey=mzv%2B5nKLrKuD%2BmQQsQNPL9WTK%2B%2Bv2TmZhLsfKQ94z9xgb1RpWBP17HLSPzxlwwYugsmNqEOJqSxKVAXxdImgXg%3D%3D&type=json HTTP/1.1" 200 561
DEBUG:urllib3.connectionpool:Starting new HTTP connection (1): apis.data.go.kr:80
DEBUG:urllib3.connectionpool:http://apis.data.go.kr:80 "GET /B553077/api/open/sdsc/storeListInDong?divId=signguCd&key=47113&ServiceKey=mzv%2B5nKLrKuD%2BmQQsQNPL9WTK%2B%2Bv2TmZhLsfKQ94z9xgb1RpWBP17HLSPzxlwwYugsmNqEOJqSxKVAXxdImgXg%3D%3D&type=json HTTP/1.1" 200 4090
DEBUG:urllib3.connectionpool:Starting new HTTP connection (1): apis.data.go.kr:80
DEBUG:urllib3.connectionpool:http://apis.data.go.kr:80 "GET /B553077/api/open/sdsc/baroApi?resId=dong&catId=cty&ctprvnCd=45&ServiceKey=mzv%2B5nKLrKuD%2BmQQsQNPL9WTK%2B%2Bv2TmZhLsfKQ94z9xgb1RpWBP17HLSPzxlwwYugsmNqEOJqSxKVAXxdImgXg%3D%3D&type=json HTTP/1.1" 200 483
DEBUG:urllib3.connectionpool:Starting new HTTP connection (1): apis.data.go.kr:80
DEBUG:urllib3.connectionpool:http://apis.data.go.kr:80 "GET /B553077/api/open/sdsc/storeListInDong?divId=signguCd&key=45720&ServiceKey=mzv%2B5nKLrKuD%2BmQQsQNPL9WTK%2B%2Bv2TmZhLsfKQ94z9xgb1RpWBP17HLSPzxlwwYugsmNqEOJqSxKVAXxdImgXg%3D%3D&type=json HTTP/1.1" 200 3787
DEBUG:urllib3.connectionpool:Starting new HTTP connection (1): apis.data.go.kr:80
DEBUG:urllib3.connectionpool:http://apis.data.go.kr:80 "GET /B553077/api/open/sdsc/baroApi?resId=dong&catId=cty&ctprvnCd=47&ServiceKey=mzv%2B5nKLrKuD%2BmQQsQNPL9WTK%2B%2Bv2TmZhLsfKQ94z9xgb1RpWBP17HLSPzxlwwYugsmNqEOJqSxKVAXxdImgXg%3D%3D&type=json HTTP/1.1" 200 561
DEBUG:urllib3.connectionpool:Starting new HTTP connection (1): apis.data.go.kr:80
DEBUG:urllib3.connectionpool:http://apis.data.go.kr:80 "GET /B553077/api/open/sdsc/storeListInDong?divId=signguCd&key=47113&ServiceKey=mzv%2B5nKLrKuD%2BmQQsQNPL9WTK%2B%2Bv2TmZhLsfKQ94z9xgb1RpWBP17HLSPzxlwwYugsmNqEOJqSxKVAXxdImgXg%3D%3D&type=json HTTP/1.1" 200 4090
INFO:werkzeug:127.0.0.1 - - [16/Dec/2019 04:36:37] "POST /menus/travel HTTP/1.1" 200 -
DEBUG:urllib3.connectionpool:Starting new HTTP connection (1): api.visitkorea.or.kr:80
DEBUG:urllib3.connectionpool:http://api.visitkorea.or.kr:80 "GET /openapi/service/rest/KorService/searchKeyword?ServiceKey=mzv%2B5nKLrKuD%2BmQQsQNPL9WTK%2B%2Bv2TmZhLsfKQ94z9xgb1RpWBP17HLSPzxlwwYugsmNqEOJqSxKVAXxdImgXg%3D%3D&keyword=%EC%83%9D%EA%B0%80&listYN=Y&arrange=A&MobileOS=ETC&MobileApp=AppTest&_type=json HTTP/1.1" 200 5309
DEBUG:urllib3.connectionpool:Starting new HTTP connection (1): apis.data.go.kr:80
DEBUG:urllib3.connectionpool:http://apis.data.go.kr:80 "GET /B553077/api/open/sdsc/baroApi?resId=dong&catId=cty&ctprvnCd=45&ServiceKey=mzv%2B5nKLrKuD%2BmQQsQNPL9WTK%2B%2Bv2TmZhLsfKQ94z9xgb1RpWBP17HLSPzxlwwYugsmNqEOJqSxKVAXxdImgXg%3D%3D&type=json HTTP/1.1" 200 483
DEBUG:urllib3.connectionpool:Starting new HTTP connection (1): apis.data.go.kr:80
DEBUG:urllib3.connectionpool:http://apis.data.go.kr:80 "GET /B553077/api/open/sdsc/storeListInDong?divId=signguCd&key=45720&ServiceKey=mzv%2B5nKLrKuD%2BmQQsQNPL9WTK%2B%2Bv2TmZhLsfKQ94z9xgb1RpWBP17HLSPzxlwwYugsmNqEOJqSxKVAXxdImgXg%3D%3D&type=json HTTP/1.1" 200 3787
DEBUG:urllib3.connectionpool:Starting new HTTP connection (1): apis.data.go.kr:80
DEBUG:urllib3.connectionpool:http://apis.data.go.kr:80 "GET /B553077/api/open/sdsc/baroApi?resId=dong&catId=cty&ctprvnCd=47&ServiceKey=mzv%2B5nKLrKuD%2BmQQsQNPL9WTK%2B%2Bv2TmZhLsfKQ94z9xgb1RpWBP17HLSPzxlwwYugsmNqEOJqSxKVAXxdImgXg%3D%3D&type=json HTTP/1.1" 200 561
DEBUG:urllib3.connectionpool:Starting new HTTP connection (1): apis.data.go.kr:80
DEBUG:urllib3.connectionpool:http://apis.data.go.kr:80 "GET /B553077/api/open/sdsc/storeListInDong?divId=signguCd&key=47113&ServiceKey=mzv%2B5nKLrKuD%2BmQQsQNPL9WTK%2B%2Bv2TmZhLsfKQ94z9xgb1RpWBP17HLSPzxlwwYugsmNqEOJqSxKVAXxdImgXg%3D%3D&type=json HTTP/1.1" 200 4090
DEBUG:urllib3.connectionpool:Starting new HTTP connection (1): apis.data.go.kr:80
DEBUG:urllib3.connectionpool:http://apis.data.go.kr:80 "GET /B553077/api/open/sdsc/baroApi?resId=dong&catId=cty&ctprvnCd=46&ServiceKey=mzv%2B5nKLrKuD%2BmQQsQNPL9WTK%2B%2Bv2TmZhLsfKQ94z9xgb1RpWBP17HLSPzxlwwYugsmNqEOJqSxKVAXxdImgXg%3D%3D&type=json HTTP/1.1" 200 544
DEBUG:urllib3.connectionpool:Starting new HTTP connection (1): apis.data.go.kr:80
DEBUG:urllib3.connectionpool:http://apis.data.go.kr:80 "GET /B553077/api/open/sdsc/storeListInDong?divId=signguCd&key=46790&ServiceKey=mzv%2B5nKLrKuD%2BmQQsQNPL9WTK%2B%2Bv2TmZhLsfKQ94z9xgb1RpWBP17HLSPzxlwwYugsmNqEOJqSxKVAXxdImgXg%3D%3D&type=json HTTP/1.1" 200 3552
DEBUG:urllib3.connectionpool:Starting new HTTP connection (1): apis.data.go.kr:80
DEBUG:urllib3.connectionpool:http://apis.data.go.kr:80 "GET /B553077/api/open/sdsc/baroApi?resId=dong&catId=cty&ctprvnCd=47&ServiceKey=mzv%2B5nKLrKuD%2BmQQsQNPL9WTK%2B%2Bv2TmZhLsfKQ94z9xgb1RpWBP17HLSPzxlwwYugsmNqEOJqSxKVAXxdImgXg%3D%3D&type=json HTTP/1.1" 200 561
DEBUG:urllib3.connectionpool:Starting new HTTP connection (1): apis.data.go.kr:80
DEBUG:urllib3.connectionpool:http://apis.data.go.kr:80 "GET /B553077/api/open/sdsc/storeListInDong?divId=signguCd&key=47113&ServiceKey=mzv%2B5nKLrKuD%2BmQQsQNPL9WTK%2B%2Bv2TmZhLsfKQ94z9xgb1RpWBP17HLSPzxlwwYugsmNqEOJqSxKVAXxdImgXg%3D%3D&type=json HTTP/1.1" 200 4090
DEBUG:urllib3.connectionpool:Starting new HTTP connection (1): apis.data.go.kr:80
DEBUG:urllib3.connectionpool:http://apis.data.go.kr:80 "GET /B553077/api/open/sdsc/baroApi?resId=dong&catId=cty&ctprvnCd=44&ServiceKey=mzv%2B5nKLrKuD%2BmQQsQNPL9WTK%2B%2Bv2TmZhLsfKQ94z9xgb1RpWBP17HLSPzxlwwYugsmNqEOJqSxKVAXxdImgXg%3D%3D&type=json HTTP/1.1" 200 497
DEBUG:urllib3.connectionpool:Starting new HTTP connection (1): apis.data.go.kr:80
DEBUG:urllib3.connectionpool:http://apis.data.go.kr:80 "GET /B553077/api/open/sdsc/storeListInDong?divId=signguCd&key=44800&ServiceKey=mzv%2B5nKLrKuD%2BmQQsQNPL9WTK%2B%2Bv2TmZhLsfKQ94z9xgb1RpWBP17HLSPzxlwwYugsmNqEOJqSxKVAXxdImgXg%3D%3D&type=json HTTP/1.1" 200 3840
DEBUG:urllib3.connectionpool:Starting new HTTP connection (1): apis.data.go.kr:80
DEBUG:urllib3.connectionpool:http://apis.data.go.kr:80 "GET /B553077/api/open/sdsc/baroApi?resId=dong&catId=cty&ctprvnCd=43&ServiceKey=mzv%2B5nKLrKuD%2BmQQsQNPL9WTK%2B%2Bv2TmZhLsfKQ94z9xgb1RpWBP17HLSPzxlwwYugsmNqEOJqSxKVAXxdImgXg%3D%3D&type=json HTTP/1.1" 200 474
DEBUG:urllib3.connectionpool:Starting new HTTP connection (1): apis.data.go.kr:80
DEBUG:urllib3.connectionpool:http://apis.data.go.kr:80 "GET /B553077/api/open/sdsc/storeListInDong?divId=signguCd&key=43130&ServiceKey=mzv%2B5nKLrKuD%2BmQQsQNPL9WTK%2B%2Bv2TmZhLsfKQ94z9xgb1RpWBP17HLSPzxlwwYugsmNqEOJqSxKVAXxdImgXg%3D%3D&type=json HTTP/1.1" 200 4158
DEBUG:urllib3.connectionpool:Starting new HTTP connection (1): apis.data.go.kr:80
DEBUG:urllib3.connectionpool:http://apis.data.go.kr:80 "GET /B553077/api/open/sdsc/baroApi?resId=dong&catId=cty&ctprvnCd=46&ServiceKey=mzv%2B5nKLrKuD%2BmQQsQNPL9WTK%2B%2Bv2TmZhLsfKQ94z9xgb1RpWBP17HLSPzxlwwYugsmNqEOJqSxKVAXxdImgXg%3D%3D&type=json HTTP/1.1" 200 544
DEBUG:urllib3.connectionpool:Starting new HTTP connection (1): apis.data.go.kr:80
DEBUG:urllib3.connectionpool:http://apis.data.go.kr:80 "GET /B553077/api/open/sdsc/storeListInDong?divId=signguCd&key=46790&ServiceKey=mzv%2B5nKLrKuD%2BmQQsQNPL9WTK%2B%2Bv2TmZhLsfKQ94z9xgb1RpWBP17HLSPzxlwwYugsmNqEOJqSxKVAXxdImgXg%3D%3D&type=json HTTP/1.1" 200 3552
DEBUG:urllib3.connectionpool:Starting new HTTP connection (1): apis.data.go.kr:80
DEBUG:urllib3.connectionpool:http://apis.data.go.kr:80 "GET /B553077/api/open/sdsc/baroApi?resId=dong&catId=cty&ctprvnCd=46&ServiceKey=mzv%2B5nKLrKuD%2BmQQsQNPL9WTK%2B%2Bv2TmZhLsfKQ94z9xgb1RpWBP17HLSPzxlwwYugsmNqEOJqSxKVAXxdImgXg%3D%3D&type=json HTTP/1.1" 200 544
DEBUG:urllib3.connectionpool:Starting new HTTP connection (1): apis.data.go.kr:80
DEBUG:urllib3.connectionpool:http://apis.data.go.kr:80 "GET /B553077/api/open/sdsc/storeListInDong?divId=signguCd&key=46790&ServiceKey=mzv%2B5nKLrKuD%2BmQQsQNPL9WTK%2B%2Bv2TmZhLsfKQ94z9xgb1RpWBP17HLSPzxlwwYugsmNqEOJqSxKVAXxdImgXg%3D%3D&type=json HTTP/1.1" 200 3552
DEBUG:urllib3.connectionpool:Starting new HTTP connection (1): apis.data.go.kr:80
DEBUG:urllib3.connectionpool:http://apis.data.go.kr:80 "GET /B553077/api/open/sdsc/baroApi?resId=dong&catId=cty&ctprvnCd=48&ServiceKey=mzv%2B5nKLrKuD%2BmQQsQNPL9WTK%2B%2Bv2TmZhLsfKQ94z9xgb1RpWBP17HLSPzxlwwYugsmNqEOJqSxKVAXxdImgXg%3D%3D&type=json HTTP/1.1" 200 565
DEBUG:urllib3.connectionpool:Starting new HTTP connection (1): apis.data.go.kr:80
DEBUG:urllib3.connectionpool:http://apis.data.go.kr:80 "GET /B553077/api/open/sdsc/storeListInDong?divId=signguCd&key=48890&ServiceKey=mzv%2B5nKLrKuD%2BmQQsQNPL9WTK%2B%2Bv2TmZhLsfKQ94z9xgb1RpWBP17HLSPzxlwwYugsmNqEOJqSxKVAXxdImgXg%3D%3D&type=json HTTP/1.1" 200 3866
DEBUG:urllib3.connectionpool:Starting new HTTP connection (1): apis.data.go.kr:80
DEBUG:urllib3.connectionpool:http://apis.data.go.kr:80 "GET /B553077/api/open/sdsc/baroApi?resId=dong&catId=cty&ctprvnCd=48&ServiceKey=mzv%2B5nKLrKuD%2BmQQsQNPL9WTK%2B%2Bv2TmZhLsfKQ94z9xgb1RpWBP17HLSPzxlwwYugsmNqEOJqSxKVAXxdImgXg%3D%3D&type=json HTTP/1.1" 200 565
DEBUG:urllib3.connectionpool:Starting new HTTP connection (1): apis.data.go.kr:80
DEBUG:urllib3.connectionpool:http://apis.data.go.kr:80 "GET /B553077/api/open/sdsc/storeListInDong?divId=signguCd&key=48890&ServiceKey=mzv%2B5nKLrKuD%2BmQQsQNPL9WTK%2B%2Bv2TmZhLsfKQ94z9xgb1RpWBP17HLSPzxlwwYugsmNqEOJqSxKVAXxdImgXg%3D%3D&type=json HTTP/1.1" 200 3866
INFO:werkzeug:127.0.0.1 - - [16/Dec/2019 04:36:57] "POST /menus/travel HTTP/1.1" 200 -
DEBUG:urllib3.connectionpool:Starting new HTTP connection (1): api.visitkorea.or.kr:80
DEBUG:urllib3.connectionpool:http://api.visitkorea.or.kr:80 "GET /openapi/service/rest/KorService/searchKeyword?ServiceKey=mzv%2B5nKLrKuD%2BmQQsQNPL9WTK%2B%2Bv2TmZhLsfKQ94z9xgb1RpWBP17HLSPzxlwwYugsmNqEOJqSxKVAXxdImgXg%3D%3D&keyword=%EC%84%B1&listYN=Y&arrange=A&MobileOS=ETC&MobileApp=AppTest&_type=json HTTP/1.1" 200 4825
DEBUG:urllib3.connectionpool:Starting new HTTP connection (1): apis.data.go.kr:80
DEBUG:urllib3.connectionpool:http://apis.data.go.kr:80 "GET /B553077/api/open/sdsc/baroApi?resId=dong&catId=cty&ctprvnCd=48&ServiceKey=mzv%2B5nKLrKuD%2BmQQsQNPL9WTK%2B%2Bv2TmZhLsfKQ94z9xgb1RpWBP17HLSPzxlwwYugsmNqEOJqSxKVAXxdImgXg%3D%3D&type=json HTTP/1.1" 200 565
DEBUG:urllib3.connectionpool:Starting new HTTP connection (1): apis.data.go.kr:80
DEBUG:urllib3.connectionpool:http://apis.data.go.kr:80 "GET /B553077/api/open/sdsc/storeListInDong?divId=signguCd&key=48890&ServiceKey=mzv%2B5nKLrKuD%2BmQQsQNPL9WTK%2B%2Bv2TmZhLsfKQ94z9xgb1RpWBP17HLSPzxlwwYugsmNqEOJqSxKVAXxdImgXg%3D%3D&type=json HTTP/1.1" 200 3866
DEBUG:urllib3.connectionpool:Starting new HTTP connection (1): apis.data.go.kr:80
DEBUG:urllib3.connectionpool:http://apis.data.go.kr:80 "GET /B553077/api/open/sdsc/baroApi?resId=dong&catId=cty&ctprvnCd=47&ServiceKey=mzv%2B5nKLrKuD%2BmQQsQNPL9WTK%2B%2Bv2TmZhLsfKQ94z9xgb1RpWBP17HLSPzxlwwYugsmNqEOJqSxKVAXxdImgXg%3D%3D&type=json HTTP/1.1" 200 561
DEBUG:urllib3.connectionpool:Starting new HTTP connection (1): apis.data.go.kr:80
DEBUG:urllib3.connectionpool:http://apis.data.go.kr:80 "GET /B553077/api/open/sdsc/storeListInDong?divId=signguCd&key=47113&ServiceKey=mzv%2B5nKLrKuD%2BmQQsQNPL9WTK%2B%2Bv2TmZhLsfKQ94z9xgb1RpWBP17HLSPzxlwwYugsmNqEOJqSxKVAXxdImgXg%3D%3D&type=json HTTP/1.1" 200 4090
DEBUG:urllib3.connectionpool:Starting new HTTP connection (1): apis.data.go.kr:80
DEBUG:urllib3.connectionpool:http://apis.data.go.kr:80 "GET /B553077/api/open/sdsc/baroApi?resId=dong&catId=cty&ctprvnCd=47&ServiceKey=mzv%2B5nKLrKuD%2BmQQsQNPL9WTK%2B%2Bv2TmZhLsfKQ94z9xgb1RpWBP17HLSPzxlwwYugsmNqEOJqSxKVAXxdImgXg%3D%3D&type=json HTTP/1.1" 200 561
DEBUG:urllib3.connectionpool:Starting new HTTP connection (1): apis.data.go.kr:80
DEBUG:urllib3.connectionpool:http://apis.data.go.kr:80 "GET /B553077/api/open/sdsc/storeListInDong?divId=signguCd&key=47113&ServiceKey=mzv%2B5nKLrKuD%2BmQQsQNPL9WTK%2B%2Bv2TmZhLsfKQ94z9xgb1RpWBP17HLSPzxlwwYugsmNqEOJqSxKVAXxdImgXg%3D%3D&type=json HTTP/1.1" 200 4090
DEBUG:urllib3.connectionpool:Starting new HTTP connection (1): apis.data.go.kr:80
DEBUG:urllib3.connectionpool:http://apis.data.go.kr:80 "GET /B553077/api/open/sdsc/baroApi?resId=dong&catId=cty&ctprvnCd=41&ServiceKey=mzv%2B5nKLrKuD%2BmQQsQNPL9WTK%2B%2Bv2TmZhLsfKQ94z9xgb1RpWBP17HLSPzxlwwYugsmNqEOJqSxKVAXxdImgXg%3D%3D&type=json HTTP/1.1" 200 769
DEBUG:urllib3.connectionpool:Starting new HTTP connection (1): apis.data.go.kr:80
DEBUG:urllib3.connectionpool:http://apis.data.go.kr:80 "GET /B553077/api/open/sdsc/storeListInDong?divId=signguCd&key=41590&ServiceKey=mzv%2B5nKLrKuD%2BmQQsQNPL9WTK%2B%2Bv2TmZhLsfKQ94z9xgb1RpWBP17HLSPzxlwwYugsmNqEOJqSxKVAXxdImgXg%3D%3D&type=json HTTP/1.1" 200 4311
DEBUG:urllib3.connectionpool:Starting new HTTP connection (1): apis.data.go.kr:80
DEBUG:urllib3.connectionpool:http://apis.data.go.kr:80 "GET /B553077/api/open/sdsc/baroApi?resId=dong&catId=cty&ctprvnCd=42&ServiceKey=mzv%2B5nKLrKuD%2BmQQsQNPL9WTK%2B%2Bv2TmZhLsfKQ94z9xgb1RpWBP17HLSPzxlwwYugsmNqEOJqSxKVAXxdImgXg%3D%3D&type=json HTTP/1.1" 200 504
DEBUG:urllib3.connectionpool:Starting new HTTP connection (1): apis.data.go.kr:80
DEBUG:urllib3.connectionpool:http://apis.data.go.kr:80 "GET /B553077/api/open/sdsc/storeListInDong?divId=signguCd&key=42730&ServiceKey=mzv%2B5nKLrKuD%2BmQQsQNPL9WTK%2B%2Bv2TmZhLsfKQ94z9xgb1RpWBP17HLSPzxlwwYugsmNqEOJqSxKVAXxdImgXg%3D%3D&type=json HTTP/1.1" 200 4002
DEBUG:urllib3.connectionpool:Starting new HTTP connection (1): apis.data.go.kr:80
DEBUG:urllib3.connectionpool:http://apis.data.go.kr:80 "GET /B553077/api/open/sdsc/baroApi?resId=dong&catId=cty&ctprvnCd=11&ServiceKey=mzv%2B5nKLrKuD%2BmQQsQNPL9WTK%2B%2Bv2TmZhLsfKQ94z9xgb1RpWBP17HLSPzxlwwYugsmNqEOJqSxKVAXxdImgXg%3D%3D&type=json HTTP/1.1" 200 571
DEBUG:urllib3.connectionpool:Starting new HTTP connection (1): apis.data.go.kr:80
DEBUG:urllib3.connectionpool:http://apis.data.go.kr:80 "GET /B553077/api/open/sdsc/storeListInDong?divId=signguCd&key=11260&ServiceKey=mzv%2B5nKLrKuD%2BmQQsQNPL9WTK%2B%2Bv2TmZhLsfKQ94z9xgb1RpWBP17HLSPzxlwwYugsmNqEOJqSxKVAXxdImgXg%3D%3D&type=json HTTP/1.1" 200 3950
DEBUG:urllib3.connectionpool:Starting new HTTP connection (1): apis.data.go.kr:80
DEBUG:urllib3.connectionpool:http://apis.data.go.kr:80 "GET /B553077/api/open/sdsc/baroApi?resId=dong&catId=cty&ctprvnCd=47&ServiceKey=mzv%2B5nKLrKuD%2BmQQsQNPL9WTK%2B%2Bv2TmZhLsfKQ94z9xgb1RpWBP17HLSPzxlwwYugsmNqEOJqSxKVAXxdImgXg%3D%3D&type=json HTTP/1.1" 200 561
DEBUG:urllib3.connectionpool:Starting new HTTP connection (1): apis.data.go.kr:80
DEBUG:urllib3.connectionpool:http://apis.data.go.kr:80 "GET /B553077/api/open/sdsc/storeListInDong?divId=signguCd&key=47113&ServiceKey=mzv%2B5nKLrKuD%2BmQQsQNPL9WTK%2B%2Bv2TmZhLsfKQ94z9xgb1RpWBP17HLSPzxlwwYugsmNqEOJqSxKVAXxdImgXg%3D%3D&type=json HTTP/1.1" 200 4090
DEBUG:urllib3.connectionpool:Starting new HTTP connection (1): apis.data.go.kr:80
DEBUG:urllib3.connectionpool:http://apis.data.go.kr:80 "GET /B553077/api/open/sdsc/baroApi?resId=dong&catId=cty&ctprvnCd=42&ServiceKey=mzv%2B5nKLrKuD%2BmQQsQNPL9WTK%2B%2Bv2TmZhLsfKQ94z9xgb1RpWBP17HLSPzxlwwYugsmNqEOJqSxKVAXxdImgXg%3D%3D&type=json HTTP/1.1" 200 504
DEBUG:urllib3.connectionpool:Starting new HTTP connection (1): apis.data.go.kr:80
DEBUG:urllib3.connectionpool:http://apis.data.go.kr:80 "GET /B553077/api/open/sdsc/storeListInDong?divId=signguCd&key=42730&ServiceKey=mzv%2B5nKLrKuD%2BmQQsQNPL9WTK%2B%2Bv2TmZhLsfKQ94z9xgb1RpWBP17HLSPzxlwwYugsmNqEOJqSxKVAXxdImgXg%3D%3D&type=json HTTP/1.1" 200 4002
DEBUG:urllib3.connectionpool:Starting new HTTP connection (1): apis.data.go.kr:80
DEBUG:urllib3.connectionpool:http://apis.data.go.kr:80 "GET /B553077/api/open/sdsc/baroApi?resId=dong&catId=cty&ctprvnCd=43&ServiceKey=mzv%2B5nKLrKuD%2BmQQsQNPL9WTK%2B%2Bv2TmZhLsfKQ94z9xgb1RpWBP17HLSPzxlwwYugsmNqEOJqSxKVAXxdImgXg%3D%3D&type=json HTTP/1.1" 200 474
DEBUG:urllib3.connectionpool:Starting new HTTP connection (1): apis.data.go.kr:80
DEBUG:urllib3.connectionpool:http://apis.data.go.kr:80 "GET /B553077/api/open/sdsc/storeListInDong?divId=signguCd&key=43130&ServiceKey=mzv%2B5nKLrKuD%2BmQQsQNPL9WTK%2B%2Bv2TmZhLsfKQ94z9xgb1RpWBP17HLSPzxlwwYugsmNqEOJqSxKVAXxdImgXg%3D%3D&type=json HTTP/1.1" 200 4158
DEBUG:urllib3.connectionpool:Starting new HTTP connection (1): apis.data.go.kr:80
DEBUG:urllib3.connectionpool:http://apis.data.go.kr:80 "GET /B553077/api/open/sdsc/baroApi?resId=dong&catId=cty&ctprvnCd=11&ServiceKey=mzv%2B5nKLrKuD%2BmQQsQNPL9WTK%2B%2Bv2TmZhLsfKQ94z9xgb1RpWBP17HLSPzxlwwYugsmNqEOJqSxKVAXxdImgXg%3D%3D&type=json HTTP/1.1" 200 571
DEBUG:urllib3.connectionpool:Starting new HTTP connection (1): apis.data.go.kr:80
DEBUG:urllib3.connectionpool:http://apis.data.go.kr:80 "GET /B553077/api/open/sdsc/storeListInDong?divId=signguCd&key=11260&ServiceKey=mzv%2B5nKLrKuD%2BmQQsQNPL9WTK%2B%2Bv2TmZhLsfKQ94z9xgb1RpWBP17HLSPzxlwwYugsmNqEOJqSxKVAXxdImgXg%3D%3D&type=json HTTP/1.1" 200 3950
INFO:werkzeug:127.0.0.1 - - [16/Dec/2019 04:37:13] "POST /menus/travel HTTP/1.1" 200 -
INFO:werkzeug: * Detected change in 'C:\\Users\\Will\\PycharmProjects\\travel_service\\views\\menus.py', reloading
INFO:werkzeug: * Restarting with stat
INFO:root:Flask Web Server Started
WARNING:werkzeug: * Debugger is active!
INFO:werkzeug: * Debugger PIN: 312-095-692
INFO:werkzeug: * Running on http://0.0.0.0:8080/ (Press CTRL+C to quit)
DEBUG:urllib3.connectionpool:Starting new HTTP connection (1): api.visitkorea.or.kr:80
DEBUG:urllib3.connectionpool:http://api.visitkorea.or.kr:80 "GET /openapi/service/rest/KorService/searchKeyword?ServiceKey=mzv%2B5nKLrKuD%2BmQQsQNPL9WTK%2B%2Bv2TmZhLsfKQ94z9xgb1RpWBP17HLSPzxlwwYugsmNqEOJqSxKVAXxdImgXg%3D%3D&keyword=%EC%84%B1&listYN=Y&arrange=A&MobileOS=ETC&MobileApp=AppTest&_type=json HTTP/1.1" 200 4825
DEBUG:urllib3.connectionpool:Starting new HTTP connection (1): apis.data.go.kr:80
DEBUG:urllib3.connectionpool:http://apis.data.go.kr:80 "GET /B553077/api/open/sdsc/baroApi?resId=dong&catId=cty&ctprvnCd=48&ServiceKey=mzv%2B5nKLrKuD%2BmQQsQNPL9WTK%2B%2Bv2TmZhLsfKQ94z9xgb1RpWBP17HLSPzxlwwYugsmNqEOJqSxKVAXxdImgXg%3D%3D&type=json HTTP/1.1" 200 565
DEBUG:urllib3.connectionpool:Starting new HTTP connection (1): apis.data.go.kr:80
DEBUG:urllib3.connectionpool:http://apis.data.go.kr:80 "GET /B553077/api/open/sdsc/storeListInDong?divId=signguCd&key=48890&ServiceKey=mzv%2B5nKLrKuD%2BmQQsQNPL9WTK%2B%2Bv2TmZhLsfKQ94z9xgb1RpWBP17HLSPzxlwwYugsmNqEOJqSxKVAXxdImgXg%3D%3D&type=json HTTP/1.1" 200 3866
DEBUG:urllib3.connectionpool:Starting new HTTP connection (1): apis.data.go.kr:80
DEBUG:urllib3.connectionpool:http://apis.data.go.kr:80 "GET /B553077/api/open/sdsc/baroApi?resId=dong&catId=cty&ctprvnCd=47&ServiceKey=mzv%2B5nKLrKuD%2BmQQsQNPL9WTK%2B%2Bv2TmZhLsfKQ94z9xgb1RpWBP17HLSPzxlwwYugsmNqEOJqSxKVAXxdImgXg%3D%3D&type=json HTTP/1.1" 200 561
DEBUG:urllib3.connectionpool:Starting new HTTP connection (1): apis.data.go.kr:80
DEBUG:urllib3.connectionpool:http://apis.data.go.kr:80 "GET /B553077/api/open/sdsc/storeListInDong?divId=signguCd&key=47113&ServiceKey=mzv%2B5nKLrKuD%2BmQQsQNPL9WTK%2B%2Bv2TmZhLsfKQ94z9xgb1RpWBP17HLSPzxlwwYugsmNqEOJqSxKVAXxdImgXg%3D%3D&type=json HTTP/1.1" 200 4090
DEBUG:urllib3.connectionpool:Starting new HTTP connection (1): apis.data.go.kr:80
DEBUG:urllib3.connectionpool:http://apis.data.go.kr:80 "GET /B553077/api/open/sdsc/baroApi?resId=dong&catId=cty&ctprvnCd=47&ServiceKey=mzv%2B5nKLrKuD%2BmQQsQNPL9WTK%2B%2Bv2TmZhLsfKQ94z9xgb1RpWBP17HLSPzxlwwYugsmNqEOJqSxKVAXxdImgXg%3D%3D&type=json HTTP/1.1" 200 561
DEBUG:urllib3.connectionpool:Starting new HTTP connection (1): apis.data.go.kr:80
DEBUG:urllib3.connectionpool:http://apis.data.go.kr:80 "GET /B553077/api/open/sdsc/storeListInDong?divId=signguCd&key=47113&ServiceKey=mzv%2B5nKLrKuD%2BmQQsQNPL9WTK%2B%2Bv2TmZhLsfKQ94z9xgb1RpWBP17HLSPzxlwwYugsmNqEOJqSxKVAXxdImgXg%3D%3D&type=json HTTP/1.1" 200 4090
DEBUG:urllib3.connectionpool:Starting new HTTP connection (1): apis.data.go.kr:80
DEBUG:urllib3.connectionpool:http://apis.data.go.kr:80 "GET /B553077/api/open/sdsc/baroApi?resId=dong&catId=cty&ctprvnCd=41&ServiceKey=mzv%2B5nKLrKuD%2BmQQsQNPL9WTK%2B%2Bv2TmZhLsfKQ94z9xgb1RpWBP17HLSPzxlwwYugsmNqEOJqSxKVAXxdImgXg%3D%3D&type=json HTTP/1.1" 200 769
DEBUG:urllib3.connectionpool:Starting new HTTP connection (1): apis.data.go.kr:80
DEBUG:urllib3.connectionpool:http://apis.data.go.kr:80 "GET /B553077/api/open/sdsc/storeListInDong?divId=signguCd&key=41590&ServiceKey=mzv%2B5nKLrKuD%2BmQQsQNPL9WTK%2B%2Bv2TmZhLsfKQ94z9xgb1RpWBP17HLSPzxlwwYugsmNqEOJqSxKVAXxdImgXg%3D%3D&type=json HTTP/1.1" 200 4311
DEBUG:urllib3.connectionpool:Starting new HTTP connection (1): apis.data.go.kr:80
DEBUG:urllib3.connectionpool:http://apis.data.go.kr:80 "GET /B553077/api/open/sdsc/baroApi?resId=dong&catId=cty&ctprvnCd=42&ServiceKey=mzv%2B5nKLrKuD%2BmQQsQNPL9WTK%2B%2Bv2TmZhLsfKQ94z9xgb1RpWBP17HLSPzxlwwYugsmNqEOJqSxKVAXxdImgXg%3D%3D&type=json HTTP/1.1" 200 504
DEBUG:urllib3.connectionpool:Starting new HTTP connection (1): apis.data.go.kr:80
DEBUG:urllib3.connectionpool:http://apis.data.go.kr:80 "GET /B553077/api/open/sdsc/storeListInDong?divId=signguCd&key=42730&ServiceKey=mzv%2B5nKLrKuD%2BmQQsQNPL9WTK%2B%2Bv2TmZhLsfKQ94z9xgb1RpWBP17HLSPzxlwwYugsmNqEOJqSxKVAXxdImgXg%3D%3D&type=json HTTP/1.1" 200 4002
DEBUG:urllib3.connectionpool:Starting new HTTP connection (1): apis.data.go.kr:80
DEBUG:urllib3.connectionpool:http://apis.data.go.kr:80 "GET /B553077/api/open/sdsc/baroApi?resId=dong&catId=cty&ctprvnCd=11&ServiceKey=mzv%2B5nKLrKuD%2BmQQsQNPL9WTK%2B%2Bv2TmZhLsfKQ94z9xgb1RpWBP17HLSPzxlwwYugsmNqEOJqSxKVAXxdImgXg%3D%3D&type=json HTTP/1.1" 200 571
DEBUG:urllib3.connectionpool:Starting new HTTP connection (1): apis.data.go.kr:80
DEBUG:urllib3.connectionpool:http://apis.data.go.kr:80 "GET /B553077/api/open/sdsc/storeListInDong?divId=signguCd&key=11260&ServiceKey=mzv%2B5nKLrKuD%2BmQQsQNPL9WTK%2B%2Bv2TmZhLsfKQ94z9xgb1RpWBP17HLSPzxlwwYugsmNqEOJqSxKVAXxdImgXg%3D%3D&type=json HTTP/1.1" 200 3950
DEBUG:urllib3.connectionpool:Starting new HTTP connection (1): apis.data.go.kr:80
DEBUG:urllib3.connectionpool:http://apis.data.go.kr:80 "GET /B553077/api/open/sdsc/baroApi?resId=dong&catId=cty&ctprvnCd=47&ServiceKey=mzv%2B5nKLrKuD%2BmQQsQNPL9WTK%2B%2Bv2TmZhLsfKQ94z9xgb1RpWBP17HLSPzxlwwYugsmNqEOJqSxKVAXxdImgXg%3D%3D&type=json HTTP/1.1" 200 561
DEBUG:urllib3.connectionpool:Starting new HTTP connection (1): apis.data.go.kr:80
DEBUG:urllib3.connectionpool:http://apis.data.go.kr:80 "GET /B553077/api/open/sdsc/storeListInDong?divId=signguCd&key=47113&ServiceKey=mzv%2B5nKLrKuD%2BmQQsQNPL9WTK%2B%2Bv2TmZhLsfKQ94z9xgb1RpWBP17HLSPzxlwwYugsmNqEOJqSxKVAXxdImgXg%3D%3D&type=json HTTP/1.1" 200 4090
DEBUG:urllib3.connectionpool:Starting new HTTP connection (1): apis.data.go.kr:80
DEBUG:urllib3.connectionpool:http://apis.data.go.kr:80 "GET /B553077/api/open/sdsc/baroApi?resId=dong&catId=cty&ctprvnCd=42&ServiceKey=mzv%2B5nKLrKuD%2BmQQsQNPL9WTK%2B%2Bv2TmZhLsfKQ94z9xgb1RpWBP17HLSPzxlwwYugsmNqEOJqSxKVAXxdImgXg%3D%3D&type=json HTTP/1.1" 200 504
DEBUG:urllib3.connectionpool:Starting new HTTP connection (1): apis.data.go.kr:80
DEBUG:urllib3.connectionpool:http://apis.data.go.kr:80 "GET /B553077/api/open/sdsc/storeListInDong?divId=signguCd&key=42730&ServiceKey=mzv%2B5nKLrKuD%2BmQQsQNPL9WTK%2B%2Bv2TmZhLsfKQ94z9xgb1RpWBP17HLSPzxlwwYugsmNqEOJqSxKVAXxdImgXg%3D%3D&type=json HTTP/1.1" 200 4002
DEBUG:urllib3.connectionpool:Starting new HTTP connection (1): apis.data.go.kr:80
DEBUG:urllib3.connectionpool:http://apis.data.go.kr:80 "GET /B553077/api/open/sdsc/baroApi?resId=dong&catId=cty&ctprvnCd=43&ServiceKey=mzv%2B5nKLrKuD%2BmQQsQNPL9WTK%2B%2Bv2TmZhLsfKQ94z9xgb1RpWBP17HLSPzxlwwYugsmNqEOJqSxKVAXxdImgXg%3D%3D&type=json HTTP/1.1" 200 474
DEBUG:urllib3.connectionpool:Starting new HTTP connection (1): apis.data.go.kr:80
DEBUG:urllib3.connectionpool:http://apis.data.go.kr:80 "GET /B553077/api/open/sdsc/storeListInDong?divId=signguCd&key=43130&ServiceKey=mzv%2B5nKLrKuD%2BmQQsQNPL9WTK%2B%2Bv2TmZhLsfKQ94z9xgb1RpWBP17HLSPzxlwwYugsmNqEOJqSxKVAXxdImgXg%3D%3D&type=json HTTP/1.1" 200 4158
DEBUG:urllib3.connectionpool:Starting new HTTP connection (1): apis.data.go.kr:80
DEBUG:urllib3.connectionpool:http://apis.data.go.kr:80 "GET /B553077/api/open/sdsc/baroApi?resId=dong&catId=cty&ctprvnCd=11&ServiceKey=mzv%2B5nKLrKuD%2BmQQsQNPL9WTK%2B%2Bv2TmZhLsfKQ94z9xgb1RpWBP17HLSPzxlwwYugsmNqEOJqSxKVAXxdImgXg%3D%3D&type=json HTTP/1.1" 200 571
DEBUG:urllib3.connectionpool:Starting new HTTP connection (1): apis.data.go.kr:80
DEBUG:urllib3.connectionpool:http://apis.data.go.kr:80 "GET /B553077/api/open/sdsc/storeListInDong?divId=signguCd&key=11260&ServiceKey=mzv%2B5nKLrKuD%2BmQQsQNPL9WTK%2B%2Bv2TmZhLsfKQ94z9xgb1RpWBP17HLSPzxlwwYugsmNqEOJqSxKVAXxdImgXg%3D%3D&type=json HTTP/1.1" 200 3950
INFO:werkzeug:127.0.0.1 - - [16/Dec/2019 04:38:06] "POST /menus/travel HTTP/1.1" 200 -
DEBUG:urllib3.connectionpool:Starting new HTTP connection (1): api.visitkorea.or.kr:80
DEBUG:urllib3.connectionpool:http://api.visitkorea.or.kr:80 "GET /openapi/service/rest/KorService/searchKeyword?ServiceKey=mzv%2B5nKLrKuD%2BmQQsQNPL9WTK%2B%2Bv2TmZhLsfKQ94z9xgb1RpWBP17HLSPzxlwwYugsmNqEOJqSxKVAXxdImgXg%3D%3D&keyword=%EC%9D%B4%EC%83%89%EC%B2%B4%ED%97%98&listYN=Y&arrange=A&MobileOS=ETC&MobileApp=AppTest&_type=json HTTP/1.1" 200 981
DEBUG:urllib3.connectionpool:Starting new HTTP connection (1): apis.data.go.kr:80
DEBUG:urllib3.connectionpool:http://apis.data.go.kr:80 "GET /B553077/api/open/sdsc/baroApi?resId=dong&catId=cty&ctprvnCd=11&ServiceKey=mzv%2B5nKLrKuD%2BmQQsQNPL9WTK%2B%2Bv2TmZhLsfKQ94z9xgb1RpWBP17HLSPzxlwwYugsmNqEOJqSxKVAXxdImgXg%3D%3D&type=json HTTP/1.1" 200 571
DEBUG:urllib3.connectionpool:Starting new HTTP connection (1): apis.data.go.kr:80
DEBUG:urllib3.connectionpool:http://apis.data.go.kr:80 "GET /B553077/api/open/sdsc/storeListInDong?divId=signguCd&key=11260&ServiceKey=mzv%2B5nKLrKuD%2BmQQsQNPL9WTK%2B%2Bv2TmZhLsfKQ94z9xgb1RpWBP17HLSPzxlwwYugsmNqEOJqSxKVAXxdImgXg%3D%3D&type=json HTTP/1.1" 200 3950
DEBUG:urllib3.connectionpool:Starting new HTTP connection (1): apis.data.go.kr:80
DEBUG:urllib3.connectionpool:http://apis.data.go.kr:80 "GET /B553077/api/open/sdsc/baroApi?resId=dong&catId=cty&ctprvnCd=44&ServiceKey=mzv%2B5nKLrKuD%2BmQQsQNPL9WTK%2B%2Bv2TmZhLsfKQ94z9xgb1RpWBP17HLSPzxlwwYugsmNqEOJqSxKVAXxdImgXg%3D%3D&type=json HTTP/1.1" 200 497
DEBUG:urllib3.connectionpool:Starting new HTTP connection (1): apis.data.go.kr:80
DEBUG:urllib3.connectionpool:http://apis.data.go.kr:80 "GET /B553077/api/open/sdsc/storeListInDong?divId=signguCd&key=44800&ServiceKey=mzv%2B5nKLrKuD%2BmQQsQNPL9WTK%2B%2Bv2TmZhLsfKQ94z9xgb1RpWBP17HLSPzxlwwYugsmNqEOJqSxKVAXxdImgXg%3D%3D&type=json HTTP/1.1" 200 3840
INFO:werkzeug:127.0.0.1 - - [16/Dec/2019 04:38:16] "POST /menus/travel HTTP/1.1" 200 -
DEBUG:urllib3.connectionpool:Starting new HTTP connection (1): api.visitkorea.or.kr:80
DEBUG:urllib3.connectionpool:http://api.visitkorea.or.kr:80 "GET /openapi/service/rest/KorService/searchKeyword?ServiceKey=mzv%2B5nKLrKuD%2BmQQsQNPL9WTK%2B%2Bv2TmZhLsfKQ94z9xgb1RpWBP17HLSPzxlwwYugsmNqEOJqSxKVAXxdImgXg%3D%3D&keyword=%EC%88%98%EB%AA%A9%EC%9B%90&listYN=Y&arrange=A&MobileOS=ETC&MobileApp=AppTest&_type=json HTTP/1.1" 200 5708
DEBUG:urllib3.connectionpool:Starting new HTTP connection (1): apis.data.go.kr:80
DEBUG:urllib3.connectionpool:http://apis.data.go.kr:80 "GET /B553077/api/open/sdsc/baroApi?resId=dong&catId=cty&ctprvnCd=42&ServiceKey=mzv%2B5nKLrKuD%2BmQQsQNPL9WTK%2B%2Bv2TmZhLsfKQ94z9xgb1RpWBP17HLSPzxlwwYugsmNqEOJqSxKVAXxdImgXg%3D%3D&type=json HTTP/1.1" 200 504
DEBUG:urllib3.connectionpool:Starting new HTTP connection (1): apis.data.go.kr:80
DEBUG:urllib3.connectionpool:http://apis.data.go.kr:80 "GET /B553077/api/open/sdsc/storeListInDong?divId=signguCd&key=42730&ServiceKey=mzv%2B5nKLrKuD%2BmQQsQNPL9WTK%2B%2Bv2TmZhLsfKQ94z9xgb1RpWBP17HLSPzxlwwYugsmNqEOJqSxKVAXxdImgXg%3D%3D&type=json HTTP/1.1" 200 4002
DEBUG:urllib3.connectionpool:Starting new HTTP connection (1): apis.data.go.kr:80
DEBUG:urllib3.connectionpool:http://apis.data.go.kr:80 "GET /B553077/api/open/sdsc/baroApi?resId=dong&catId=cty&ctprvnCd=41&ServiceKey=mzv%2B5nKLrKuD%2BmQQsQNPL9WTK%2B%2Bv2TmZhLsfKQ94z9xgb1RpWBP17HLSPzxlwwYugsmNqEOJqSxKVAXxdImgXg%3D%3D&type=json HTTP/1.1" 200 769
DEBUG:urllib3.connectionpool:Starting new HTTP connection (1): apis.data.go.kr:80
DEBUG:urllib3.connectionpool:http://apis.data.go.kr:80 "GET /B553077/api/open/sdsc/storeListInDong?divId=signguCd&key=41590&ServiceKey=mzv%2B5nKLrKuD%2BmQQsQNPL9WTK%2B%2Bv2TmZhLsfKQ94z9xgb1RpWBP17HLSPzxlwwYugsmNqEOJqSxKVAXxdImgXg%3D%3D&type=json HTTP/1.1" 200 4311
DEBUG:urllib3.connectionpool:Starting new HTTP connection (1): apis.data.go.kr:80
DEBUG:urllib3.connectionpool:http://apis.data.go.kr:80 "GET /B553077/api/open/sdsc/baroApi?resId=dong&catId=cty&ctprvnCd=48&ServiceKey=mzv%2B5nKLrKuD%2BmQQsQNPL9WTK%2B%2Bv2TmZhLsfKQ94z9xgb1RpWBP17HLSPzxlwwYugsmNqEOJqSxKVAXxdImgXg%3D%3D&type=json HTTP/1.1" 200 565
DEBUG:urllib3.connectionpool:Starting new HTTP connection (1): apis.data.go.kr:80
DEBUG:urllib3.connectionpool:http://apis.data.go.kr:80 "GET /B553077/api/open/sdsc/storeListInDong?divId=signguCd&key=48890&ServiceKey=mzv%2B5nKLrKuD%2BmQQsQNPL9WTK%2B%2Bv2TmZhLsfKQ94z9xgb1RpWBP17HLSPzxlwwYugsmNqEOJqSxKVAXxdImgXg%3D%3D&type=json HTTP/1.1" 200 3866
DEBUG:urllib3.connectionpool:Starting new HTTP connection (1): apis.data.go.kr:80
DEBUG:urllib3.connectionpool:http://apis.data.go.kr:80 "GET /B553077/api/open/sdsc/baroApi?resId=dong&catId=cty&ctprvnCd=47&ServiceKey=mzv%2B5nKLrKuD%2BmQQsQNPL9WTK%2B%2Bv2TmZhLsfKQ94z9xgb1RpWBP17HLSPzxlwwYugsmNqEOJqSxKVAXxdImgXg%3D%3D&type=json HTTP/1.1" 200 561
DEBUG:urllib3.connectionpool:Starting new HTTP connection (1): apis.data.go.kr:80
DEBUG:urllib3.connectionpool:http://apis.data.go.kr:80 "GET /B553077/api/open/sdsc/storeListInDong?divId=signguCd&key=47113&ServiceKey=mzv%2B5nKLrKuD%2BmQQsQNPL9WTK%2B%2Bv2TmZhLsfKQ94z9xgb1RpWBP17HLSPzxlwwYugsmNqEOJqSxKVAXxdImgXg%3D%3D&type=json HTTP/1.1" 200 4090
DEBUG:urllib3.connectionpool:Starting new HTTP connection (1): apis.data.go.kr:80
DEBUG:urllib3.connectionpool:http://apis.data.go.kr:80 "GET /B553077/api/open/sdsc/baroApi?resId=dong&catId=cty&ctprvnCd=47&ServiceKey=mzv%2B5nKLrKuD%2BmQQsQNPL9WTK%2B%2Bv2TmZhLsfKQ94z9xgb1RpWBP17HLSPzxlwwYugsmNqEOJqSxKVAXxdImgXg%3D%3D&type=json HTTP/1.1" 200 561
DEBUG:urllib3.connectionpool:Starting new HTTP connection (1): apis.data.go.kr:80
DEBUG:urllib3.connectionpool:http://apis.data.go.kr:80 "GET /B553077/api/open/sdsc/storeListInDong?divId=signguCd&key=47113&ServiceKey=mzv%2B5nKLrKuD%2BmQQsQNPL9WTK%2B%2Bv2TmZhLsfKQ94z9xgb1RpWBP17HLSPzxlwwYugsmNqEOJqSxKVAXxdImgXg%3D%3D&type=json HTTP/1.1" 200 4090
DEBUG:urllib3.connectionpool:Starting new HTTP connection (1): apis.data.go.kr:80
DEBUG:urllib3.connectionpool:http://apis.data.go.kr:80 "GET /B553077/api/open/sdsc/baroApi?resId=dong&catId=cty&ctprvnCd=41&ServiceKey=mzv%2B5nKLrKuD%2BmQQsQNPL9WTK%2B%2Bv2TmZhLsfKQ94z9xgb1RpWBP17HLSPzxlwwYugsmNqEOJqSxKVAXxdImgXg%3D%3D&type=json HTTP/1.1" 200 769
DEBUG:urllib3.connectionpool:Starting new HTTP connection (1): apis.data.go.kr:80
DEBUG:urllib3.connectionpool:http://apis.data.go.kr:80 "GET /B553077/api/open/sdsc/storeListInDong?divId=signguCd&key=41590&ServiceKey=mzv%2B5nKLrKuD%2BmQQsQNPL9WTK%2B%2Bv2TmZhLsfKQ94z9xgb1RpWBP17HLSPzxlwwYugsmNqEOJqSxKVAXxdImgXg%3D%3D&type=json HTTP/1.1" 200 4311
DEBUG:urllib3.connectionpool:Starting new HTTP connection (1): apis.data.go.kr:80
DEBUG:urllib3.connectionpool:http://apis.data.go.kr:80 "GET /B553077/api/open/sdsc/baroApi?resId=dong&catId=cty&ctprvnCd=41&ServiceKey=mzv%2B5nKLrKuD%2BmQQsQNPL9WTK%2B%2Bv2TmZhLsfKQ94z9xgb1RpWBP17HLSPzxlwwYugsmNqEOJqSxKVAXxdImgXg%3D%3D&type=json HTTP/1.1" 200 769
DEBUG:urllib3.connectionpool:Starting new HTTP connection (1): apis.data.go.kr:80
DEBUG:urllib3.connectionpool:http://apis.data.go.kr:80 "GET /B553077/api/open/sdsc/storeListInDong?divId=signguCd&key=41590&ServiceKey=mzv%2B5nKLrKuD%2BmQQsQNPL9WTK%2B%2Bv2TmZhLsfKQ94z9xgb1RpWBP17HLSPzxlwwYugsmNqEOJqSxKVAXxdImgXg%3D%3D&type=json HTTP/1.1" 200 4311
DEBUG:urllib3.connectionpool:Starting new HTTP connection (1): apis.data.go.kr:80
DEBUG:urllib3.connectionpool:http://apis.data.go.kr:80 "GET /B553077/api/open/sdsc/baroApi?resId=dong&catId=cty&ctprvnCd=36&ServiceKey=mzv%2B5nKLrKuD%2BmQQsQNPL9WTK%2B%2Bv2TmZhLsfKQ94z9xgb1RpWBP17HLSPzxlwwYugsmNqEOJqSxKVAXxdImgXg%3D%3D&type=json HTTP/1.1" 200 320
DEBUG:urllib3.connectionpool:Starting new HTTP connection (1): apis.data.go.kr:80
DEBUG:urllib3.connectionpool:http://apis.data.go.kr:80 "GET /B553077/api/open/sdsc/storeListInDong?divId=signguCd&key=36110&ServiceKey=mzv%2B5nKLrKuD%2BmQQsQNPL9WTK%2B%2Bv2TmZhLsfKQ94z9xgb1RpWBP17HLSPzxlwwYugsmNqEOJqSxKVAXxdImgXg%3D%3D&type=json HTTP/1.1" 200 3708
DEBUG:urllib3.connectionpool:Starting new HTTP connection (1): apis.data.go.kr:80
DEBUG:urllib3.connectionpool:http://apis.data.go.kr:80 "GET /B553077/api/open/sdsc/baroApi?resId=dong&catId=cty&ctprvnCd=45&ServiceKey=mzv%2B5nKLrKuD%2BmQQsQNPL9WTK%2B%2Bv2TmZhLsfKQ94z9xgb1RpWBP17HLSPzxlwwYugsmNqEOJqSxKVAXxdImgXg%3D%3D&type=json HTTP/1.1" 200 483
DEBUG:urllib3.connectionpool:Starting new HTTP connection (1): apis.data.go.kr:80
DEBUG:urllib3.connectionpool:http://apis.data.go.kr:80 "GET /B553077/api/open/sdsc/storeListInDong?divId=signguCd&key=45720&ServiceKey=mzv%2B5nKLrKuD%2BmQQsQNPL9WTK%2B%2Bv2TmZhLsfKQ94z9xgb1RpWBP17HLSPzxlwwYugsmNqEOJqSxKVAXxdImgXg%3D%3D&type=json HTTP/1.1" 200 3787
DEBUG:urllib3.connectionpool:Starting new HTTP connection (1): apis.data.go.kr:80
DEBUG:urllib3.connectionpool:http://apis.data.go.kr:80 "GET /B553077/api/open/sdsc/baroApi?resId=dong&catId=cty&ctprvnCd=27&ServiceKey=mzv%2B5nKLrKuD%2BmQQsQNPL9WTK%2B%2Bv2TmZhLsfKQ94z9xgb1RpWBP17HLSPzxlwwYugsmNqEOJqSxKVAXxdImgXg%3D%3D&type=json HTTP/1.1" 200 391
DEBUG:urllib3.connectionpool:Starting new HTTP connection (1): apis.data.go.kr:80
DEBUG:urllib3.connectionpool:http://apis.data.go.kr:80 "GET /B553077/api/open/sdsc/storeListInDong?divId=signguCd&key=27110&ServiceKey=mzv%2B5nKLrKuD%2BmQQsQNPL9WTK%2B%2Bv2TmZhLsfKQ94z9xgb1RpWBP17HLSPzxlwwYugsmNqEOJqSxKVAXxdImgXg%3D%3D&type=json HTTP/1.1" 200 4006
INFO:werkzeug:127.0.0.1 - - [16/Dec/2019 04:38:53] "POST /menus/travel HTTP/1.1" 200 -
INFO:werkzeug:127.0.0.1 - - [16/Dec/2019 04:39:03] "GET / HTTP/1.1" 200 -
DEBUG:urllib3.connectionpool:Starting new HTTP connection (1): api.visitkorea.or.kr:80
DEBUG:urllib3.connectionpool:http://api.visitkorea.or.kr:80 "GET /openapi/service/rest/KorService/searchKeyword?ServiceKey=mzv%2B5nKLrKuD%2BmQQsQNPL9WTK%2B%2Bv2TmZhLsfKQ94z9xgb1RpWBP17HLSPzxlwwYugsmNqEOJqSxKVAXxdImgXg%3D%3D&keyword=%EB%8F%84%EB%A6%BD%EA%B3%B5%EC%9B%90&listYN=Y&arrange=A&MobileOS=ETC&MobileApp=AppTest&_type=json HTTP/1.1" 200 5584
DEBUG:urllib3.connectionpool:Starting new HTTP connection (1): apis.data.go.kr:80
DEBUG:urllib3.connectionpool:http://apis.data.go.kr:80 "GET /B553077/api/open/sdsc/baroApi?resId=dong&catId=cty&ctprvnCd=48&ServiceKey=mzv%2B5nKLrKuD%2BmQQsQNPL9WTK%2B%2Bv2TmZhLsfKQ94z9xgb1RpWBP17HLSPzxlwwYugsmNqEOJqSxKVAXxdImgXg%3D%3D&type=json HTTP/1.1" 200 565
DEBUG:urllib3.connectionpool:Starting new HTTP connection (1): apis.data.go.kr:80
DEBUG:urllib3.connectionpool:http://apis.data.go.kr:80 "GET /B553077/api/open/sdsc/storeListInDong?divId=signguCd&key=48890&ServiceKey=mzv%2B5nKLrKuD%2BmQQsQNPL9WTK%2B%2Bv2TmZhLsfKQ94z9xgb1RpWBP17HLSPzxlwwYugsmNqEOJqSxKVAXxdImgXg%3D%3D&type=json HTTP/1.1" 200 3866
DEBUG:urllib3.connectionpool:Starting new HTTP connection (1): apis.data.go.kr:80
DEBUG:urllib3.connectionpool:http://apis.data.go.kr:80 "GET /B553077/api/open/sdsc/baroApi?resId=dong&catId=cty&ctprvnCd=31&ServiceKey=mzv%2B5nKLrKuD%2BmQQsQNPL9WTK%2B%2Bv2TmZhLsfKQ94z9xgb1RpWBP17HLSPzxlwwYugsmNqEOJqSxKVAXxdImgXg%3D%3D&type=json HTTP/1.1" 200 365
DEBUG:urllib3.connectionpool:Starting new HTTP connection (1): apis.data.go.kr:80
DEBUG:urllib3.connectionpool:http://apis.data.go.kr:80 "GET /B553077/api/open/sdsc/storeListInDong?divId=signguCd&key=31110&ServiceKey=mzv%2B5nKLrKuD%2BmQQsQNPL9WTK%2B%2Bv2TmZhLsfKQ94z9xgb1RpWBP17HLSPzxlwwYugsmNqEOJqSxKVAXxdImgXg%3D%3D&type=json HTTP/1.1" 200 3994
DEBUG:urllib3.connectionpool:Starting new HTTP connection (1): apis.data.go.kr:80
DEBUG:urllib3.connectionpool:http://apis.data.go.kr:80 "GET /B553077/api/open/sdsc/baroApi?resId=dong&catId=cty&ctprvnCd=42&ServiceKey=mzv%2B5nKLrKuD%2BmQQsQNPL9WTK%2B%2Bv2TmZhLsfKQ94z9xgb1RpWBP17HLSPzxlwwYugsmNqEOJqSxKVAXxdImgXg%3D%3D&type=json HTTP/1.1" 200 504
DEBUG:urllib3.connectionpool:Starting new HTTP connection (1): apis.data.go.kr:80
DEBUG:urllib3.connectionpool:http://apis.data.go.kr:80 "GET /B553077/api/open/sdsc/storeListInDong?divId=signguCd&key=42730&ServiceKey=mzv%2B5nKLrKuD%2BmQQsQNPL9WTK%2B%2Bv2TmZhLsfKQ94z9xgb1RpWBP17HLSPzxlwwYugsmNqEOJqSxKVAXxdImgXg%3D%3D&type=json HTTP/1.1" 200 4002
DEBUG:urllib3.connectionpool:Starting new HTTP connection (1): apis.data.go.kr:80
DEBUG:urllib3.connectionpool:http://apis.data.go.kr:80 "GET /B553077/api/open/sdsc/baroApi?resId=dong&catId=cty&ctprvnCd=47&ServiceKey=mzv%2B5nKLrKuD%2BmQQsQNPL9WTK%2B%2Bv2TmZhLsfKQ94z9xgb1RpWBP17HLSPzxlwwYugsmNqEOJqSxKVAXxdImgXg%3D%3D&type=json HTTP/1.1" 200 561
DEBUG:urllib3.connectionpool:Starting new HTTP connection (1): apis.data.go.kr:80
DEBUG:urllib3.connectionpool:http://apis.data.go.kr:80 "GET /B553077/api/open/sdsc/storeListInDong?divId=signguCd&key=47113&ServiceKey=mzv%2B5nKLrKuD%2BmQQsQNPL9WTK%2B%2Bv2TmZhLsfKQ94z9xgb1RpWBP17HLSPzxlwwYugsmNqEOJqSxKVAXxdImgXg%3D%3D&type=json HTTP/1.1" 200 4090
DEBUG:urllib3.connectionpool:Starting new HTTP connection (1): apis.data.go.kr:80
DEBUG:urllib3.connectionpool:http://apis.data.go.kr:80 "GET /B553077/api/open/sdsc/baroApi?resId=dong&catId=cty&ctprvnCd=42&ServiceKey=mzv%2B5nKLrKuD%2BmQQsQNPL9WTK%2B%2Bv2TmZhLsfKQ94z9xgb1RpWBP17HLSPzxlwwYugsmNqEOJqSxKVAXxdImgXg%3D%3D&type=json HTTP/1.1" 200 504
DEBUG:urllib3.connectionpool:Starting new HTTP connection (1): apis.data.go.kr:80
DEBUG:urllib3.connectionpool:http://apis.data.go.kr:80 "GET /B553077/api/open/sdsc/storeListInDong?divId=signguCd&key=42730&ServiceKey=mzv%2B5nKLrKuD%2BmQQsQNPL9WTK%2B%2Bv2TmZhLsfKQ94z9xgb1RpWBP17HLSPzxlwwYugsmNqEOJqSxKVAXxdImgXg%3D%3D&type=json HTTP/1.1" 200 4002
DEBUG:urllib3.connectionpool:Starting new HTTP connection (1): apis.data.go.kr:80
DEBUG:urllib3.connectionpool:http://apis.data.go.kr:80 "GET /B553077/api/open/sdsc/baroApi?resId=dong&catId=cty&ctprvnCd=41&ServiceKey=mzv%2B5nKLrKuD%2BmQQsQNPL9WTK%2B%2Bv2TmZhLsfKQ94z9xgb1RpWBP17HLSPzxlwwYugsmNqEOJqSxKVAXxdImgXg%3D%3D&type=json HTTP/1.1" 200 769
DEBUG:urllib3.connectionpool:Starting new HTTP connection (1): apis.data.go.kr:80
DEBUG:urllib3.connectionpool:http://apis.data.go.kr:80 "GET /B553077/api/open/sdsc/storeListInDong?divId=signguCd&key=41590&ServiceKey=mzv%2B5nKLrKuD%2BmQQsQNPL9WTK%2B%2Bv2TmZhLsfKQ94z9xgb1RpWBP17HLSPzxlwwYugsmNqEOJqSxKVAXxdImgXg%3D%3D&type=json HTTP/1.1" 200 4311
DEBUG:urllib3.connectionpool:Starting new HTTP connection (1): apis.data.go.kr:80
DEBUG:urllib3.connectionpool:http://apis.data.go.kr:80 "GET /B553077/api/open/sdsc/baroApi?resId=dong&catId=cty&ctprvnCd=44&ServiceKey=mzv%2B5nKLrKuD%2BmQQsQNPL9WTK%2B%2Bv2TmZhLsfKQ94z9xgb1RpWBP17HLSPzxlwwYugsmNqEOJqSxKVAXxdImgXg%3D%3D&type=json HTTP/1.1" 200 497
DEBUG:urllib3.connectionpool:Starting new HTTP connection (1): apis.data.go.kr:80
DEBUG:urllib3.connectionpool:http://apis.data.go.kr:80 "GET /B553077/api/open/sdsc/storeListInDong?divId=signguCd&key=44800&ServiceKey=mzv%2B5nKLrKuD%2BmQQsQNPL9WTK%2B%2Bv2TmZhLsfKQ94z9xgb1RpWBP17HLSPzxlwwYugsmNqEOJqSxKVAXxdImgXg%3D%3D&type=json HTTP/1.1" 200 3840
DEBUG:urllib3.connectionpool:Starting new HTTP connection (1): apis.data.go.kr:80
DEBUG:urllib3.connectionpool:http://apis.data.go.kr:80 "GET /B553077/api/open/sdsc/baroApi?resId=dong&catId=cty&ctprvnCd=44&ServiceKey=mzv%2B5nKLrKuD%2BmQQsQNPL9WTK%2B%2Bv2TmZhLsfKQ94z9xgb1RpWBP17HLSPzxlwwYugsmNqEOJqSxKVAXxdImgXg%3D%3D&type=json HTTP/1.1" 200 497
DEBUG:urllib3.connectionpool:Starting new HTTP connection (1): apis.data.go.kr:80
DEBUG:urllib3.connectionpool:http://apis.data.go.kr:80 "GET /B553077/api/open/sdsc/storeListInDong?divId=signguCd&key=44800&ServiceKey=mzv%2B5nKLrKuD%2BmQQsQNPL9WTK%2B%2Bv2TmZhLsfKQ94z9xgb1RpWBP17HLSPzxlwwYugsmNqEOJqSxKVAXxdImgXg%3D%3D&type=json HTTP/1.1" 200 3840
DEBUG:urllib3.connectionpool:Starting new HTTP connection (1): apis.data.go.kr:80
DEBUG:urllib3.connectionpool:http://apis.data.go.kr:80 "GET /B553077/api/open/sdsc/baroApi?resId=dong&catId=cty&ctprvnCd=45&ServiceKey=mzv%2B5nKLrKuD%2BmQQsQNPL9WTK%2B%2Bv2TmZhLsfKQ94z9xgb1RpWBP17HLSPzxlwwYugsmNqEOJqSxKVAXxdImgXg%3D%3D&type=json HTTP/1.1" 200 483
DEBUG:urllib3.connectionpool:Starting new HTTP connection (1): apis.data.go.kr:80
DEBUG:urllib3.connectionpool:http://apis.data.go.kr:80 "GET /B553077/api/open/sdsc/storeListInDong?divId=signguCd&key=45720&ServiceKey=mzv%2B5nKLrKuD%2BmQQsQNPL9WTK%2B%2Bv2TmZhLsfKQ94z9xgb1RpWBP17HLSPzxlwwYugsmNqEOJqSxKVAXxdImgXg%3D%3D&type=json HTTP/1.1" 200 3787
DEBUG:urllib3.connectionpool:Starting new HTTP connection (1): apis.data.go.kr:80
DEBUG:urllib3.connectionpool:http://apis.data.go.kr:80 "GET /B553077/api/open/sdsc/baroApi?resId=dong&catId=cty&ctprvnCd=44&ServiceKey=mzv%2B5nKLrKuD%2BmQQsQNPL9WTK%2B%2Bv2TmZhLsfKQ94z9xgb1RpWBP17HLSPzxlwwYugsmNqEOJqSxKVAXxdImgXg%3D%3D&type=json HTTP/1.1" 200 497
DEBUG:urllib3.connectionpool:Starting new HTTP connection (1): apis.data.go.kr:80
DEBUG:urllib3.connectionpool:http://apis.data.go.kr:80 "GET /B553077/api/open/sdsc/storeListInDong?divId=signguCd&key=44800&ServiceKey=mzv%2B5nKLrKuD%2BmQQsQNPL9WTK%2B%2Bv2TmZhLsfKQ94z9xgb1RpWBP17HLSPzxlwwYugsmNqEOJqSxKVAXxdImgXg%3D%3D&type=json HTTP/1.1" 200 3840
INFO:werkzeug:127.0.0.1 - - [16/Dec/2019 04:39:12] "POST /menus/travel HTTP/1.1" 200 -
DEBUG:urllib3.connectionpool:Starting new HTTP connection (1): api.visitkorea.or.kr:80
DEBUG:urllib3.connectionpool:http://api.visitkorea.or.kr:80 "GET /openapi/service/rest/KorService/searchKeyword?ServiceKey=mzv%2B5nKLrKuD%2BmQQsQNPL9WTK%2B%2Bv2TmZhLsfKQ94z9xgb1RpWBP17HLSPzxlwwYugsmNqEOJqSxKVAXxdImgXg%3D%3D&keyword=%EA%B5%B0%EB%A6%BD%EA%B3%B5%EC%9B%90&listYN=Y&arrange=A&MobileOS=ETC&MobileApp=AppTest&_type=json HTTP/1.1" 200 5283
DEBUG:urllib3.connectionpool:Starting new HTTP connection (1): apis.data.go.kr:80
DEBUG:urllib3.connectionpool:http://apis.data.go.kr:80 "GET /B553077/api/open/sdsc/baroApi?resId=dong&catId=cty&ctprvnCd=45&ServiceKey=mzv%2B5nKLrKuD%2BmQQsQNPL9WTK%2B%2Bv2TmZhLsfKQ94z9xgb1RpWBP17HLSPzxlwwYugsmNqEOJqSxKVAXxdImgXg%3D%3D&type=json HTTP/1.1" 200 483
DEBUG:urllib3.connectionpool:Starting new HTTP connection (1): apis.data.go.kr:80
DEBUG:urllib3.connectionpool:http://apis.data.go.kr:80 "GET /B553077/api/open/sdsc/storeListInDong?divId=signguCd&key=45720&ServiceKey=mzv%2B5nKLrKuD%2BmQQsQNPL9WTK%2B%2Bv2TmZhLsfKQ94z9xgb1RpWBP17HLSPzxlwwYugsmNqEOJqSxKVAXxdImgXg%3D%3D&type=json HTTP/1.1" 200 3787
DEBUG:urllib3.connectionpool:Starting new HTTP connection (1): apis.data.go.kr:80
DEBUG:urllib3.connectionpool:http://apis.data.go.kr:80 "GET /B553077/api/open/sdsc/baroApi?resId=dong&catId=cty&ctprvnCd=48&ServiceKey=mzv%2B5nKLrKuD%2BmQQsQNPL9WTK%2B%2Bv2TmZhLsfKQ94z9xgb1RpWBP17HLSPzxlwwYugsmNqEOJqSxKVAXxdImgXg%3D%3D&type=json HTTP/1.1" 200 565
DEBUG:urllib3.connectionpool:Starting new HTTP connection (1): apis.data.go.kr:80
DEBUG:urllib3.connectionpool:http://apis.data.go.kr:80 "GET /B553077/api/open/sdsc/storeListInDong?divId=signguCd&key=48890&ServiceKey=mzv%2B5nKLrKuD%2BmQQsQNPL9WTK%2B%2Bv2TmZhLsfKQ94z9xgb1RpWBP17HLSPzxlwwYugsmNqEOJqSxKVAXxdImgXg%3D%3D&type=json HTTP/1.1" 200 3866
DEBUG:urllib3.connectionpool:Starting new HTTP connection (1): apis.data.go.kr:80
DEBUG:urllib3.connectionpool:http://apis.data.go.kr:80 "GET /B553077/api/open/sdsc/baroApi?resId=dong&catId=cty&ctprvnCd=47&ServiceKey=mzv%2B5nKLrKuD%2BmQQsQNPL9WTK%2B%2Bv2TmZhLsfKQ94z9xgb1RpWBP17HLSPzxlwwYugsmNqEOJqSxKVAXxdImgXg%3D%3D&type=json HTTP/1.1" 200 561
DEBUG:urllib3.connectionpool:Starting new HTTP connection (1): apis.data.go.kr:80
DEBUG:urllib3.connectionpool:http://apis.data.go.kr:80 "GET /B553077/api/open/sdsc/storeListInDong?divId=signguCd&key=47113&ServiceKey=mzv%2B5nKLrKuD%2BmQQsQNPL9WTK%2B%2Bv2TmZhLsfKQ94z9xgb1RpWBP17HLSPzxlwwYugsmNqEOJqSxKVAXxdImgXg%3D%3D&type=json HTTP/1.1" 200 4090
DEBUG:urllib3.connectionpool:Starting new HTTP connection (1): apis.data.go.kr:80
DEBUG:urllib3.connectionpool:http://apis.data.go.kr:80 "GET /B553077/api/open/sdsc/baroApi?resId=dong&catId=cty&ctprvnCd=41&ServiceKey=mzv%2B5nKLrKuD%2BmQQsQNPL9WTK%2B%2Bv2TmZhLsfKQ94z9xgb1RpWBP17HLSPzxlwwYugsmNqEOJqSxKVAXxdImgXg%3D%3D&type=json HTTP/1.1" 200 769
DEBUG:urllib3.connectionpool:Starting new HTTP connection (1): apis.data.go.kr:80
DEBUG:urllib3.connectionpool:http://apis.data.go.kr:80 "GET /B553077/api/open/sdsc/storeListInDong?divId=signguCd&key=41590&ServiceKey=mzv%2B5nKLrKuD%2BmQQsQNPL9WTK%2B%2Bv2TmZhLsfKQ94z9xgb1RpWBP17HLSPzxlwwYugsmNqEOJqSxKVAXxdImgXg%3D%3D&type=json HTTP/1.1" 200 4311
DEBUG:urllib3.connectionpool:Starting new HTTP connection (1): apis.data.go.kr:80
DEBUG:urllib3.connectionpool:http://apis.data.go.kr:80 "GET /B553077/api/open/sdsc/baroApi?resId=dong&catId=cty&ctprvnCd=27&ServiceKey=mzv%2B5nKLrKuD%2BmQQsQNPL9WTK%2B%2Bv2TmZhLsfKQ94z9xgb1RpWBP17HLSPzxlwwYugsmNqEOJqSxKVAXxdImgXg%3D%3D&type=json HTTP/1.1" 200 391
DEBUG:urllib3.connectionpool:Starting new HTTP connection (1): apis.data.go.kr:80
DEBUG:urllib3.connectionpool:http://apis.data.go.kr:80 "GET /B553077/api/open/sdsc/storeListInDong?divId=signguCd&key=27110&ServiceKey=mzv%2B5nKLrKuD%2BmQQsQNPL9WTK%2B%2Bv2TmZhLsfKQ94z9xgb1RpWBP17HLSPzxlwwYugsmNqEOJqSxKVAXxdImgXg%3D%3D&type=json HTTP/1.1" 200 4006
DEBUG:urllib3.connectionpool:Starting new HTTP connection (1): apis.data.go.kr:80
DEBUG:urllib3.connectionpool:http://apis.data.go.kr:80 "GET /B553077/api/open/sdsc/baroApi?resId=dong&catId=cty&ctprvnCd=48&ServiceKey=mzv%2B5nKLrKuD%2BmQQsQNPL9WTK%2B%2Bv2TmZhLsfKQ94z9xgb1RpWBP17HLSPzxlwwYugsmNqEOJqSxKVAXxdImgXg%3D%3D&type=json HTTP/1.1" 200 565
DEBUG:urllib3.connectionpool:Starting new HTTP connection (1): apis.data.go.kr:80
DEBUG:urllib3.connectionpool:http://apis.data.go.kr:80 "GET /B553077/api/open/sdsc/storeListInDong?divId=signguCd&key=48890&ServiceKey=mzv%2B5nKLrKuD%2BmQQsQNPL9WTK%2B%2Bv2TmZhLsfKQ94z9xgb1RpWBP17HLSPzxlwwYugsmNqEOJqSxKVAXxdImgXg%3D%3D&type=json HTTP/1.1" 200 3866
DEBUG:urllib3.connectionpool:Starting new HTTP connection (1): apis.data.go.kr:80
DEBUG:urllib3.connectionpool:http://apis.data.go.kr:80 "GET /B553077/api/open/sdsc/baroApi?resId=dong&catId=cty&ctprvnCd=31&ServiceKey=mzv%2B5nKLrKuD%2BmQQsQNPL9WTK%2B%2Bv2TmZhLsfKQ94z9xgb1RpWBP17HLSPzxlwwYugsmNqEOJqSxKVAXxdImgXg%3D%3D&type=json HTTP/1.1" 200 365
DEBUG:urllib3.connectionpool:Starting new HTTP connection (1): apis.data.go.kr:80
DEBUG:urllib3.connectionpool:http://apis.data.go.kr:80 "GET /B553077/api/open/sdsc/storeListInDong?divId=signguCd&key=31110&ServiceKey=mzv%2B5nKLrKuD%2BmQQsQNPL9WTK%2B%2Bv2TmZhLsfKQ94z9xgb1RpWBP17HLSPzxlwwYugsmNqEOJqSxKVAXxdImgXg%3D%3D&type=json HTTP/1.1" 200 3994
DEBUG:urllib3.connectionpool:Starting new HTTP connection (1): apis.data.go.kr:80
DEBUG:urllib3.connectionpool:http://apis.data.go.kr:80 "GET /B553077/api/open/sdsc/baroApi?resId=dong&catId=cty&ctprvnCd=47&ServiceKey=mzv%2B5nKLrKuD%2BmQQsQNPL9WTK%2B%2Bv2TmZhLsfKQ94z9xgb1RpWBP17HLSPzxlwwYugsmNqEOJqSxKVAXxdImgXg%3D%3D&type=json HTTP/1.1" 200 561
DEBUG:urllib3.connectionpool:Starting new HTTP connection (1): apis.data.go.kr:80
DEBUG:urllib3.connectionpool:http://apis.data.go.kr:80 "GET /B553077/api/open/sdsc/storeListInDong?divId=signguCd&key=47113&ServiceKey=mzv%2B5nKLrKuD%2BmQQsQNPL9WTK%2B%2Bv2TmZhLsfKQ94z9xgb1RpWBP17HLSPzxlwwYugsmNqEOJqSxKVAXxdImgXg%3D%3D&type=json HTTP/1.1" 200 4090
DEBUG:urllib3.connectionpool:Starting new HTTP connection (1): apis.data.go.kr:80
DEBUG:urllib3.connectionpool:http://apis.data.go.kr:80 "GET /B553077/api/open/sdsc/baroApi?resId=dong&catId=cty&ctprvnCd=48&ServiceKey=mzv%2B5nKLrKuD%2BmQQsQNPL9WTK%2B%2Bv2TmZhLsfKQ94z9xgb1RpWBP17HLSPzxlwwYugsmNqEOJqSxKVAXxdImgXg%3D%3D&type=json HTTP/1.1" 200 565
DEBUG:urllib3.connectionpool:Starting new HTTP connection (1): apis.data.go.kr:80
DEBUG:urllib3.connectionpool:http://apis.data.go.kr:80 "GET /B553077/api/open/sdsc/storeListInDong?divId=signguCd&key=48890&ServiceKey=mzv%2B5nKLrKuD%2BmQQsQNPL9WTK%2B%2Bv2TmZhLsfKQ94z9xgb1RpWBP17HLSPzxlwwYugsmNqEOJqSxKVAXxdImgXg%3D%3D&type=json HTTP/1.1" 200 3866
DEBUG:urllib3.connectionpool:Starting new HTTP connection (1): apis.data.go.kr:80
DEBUG:urllib3.connectionpool:http://apis.data.go.kr:80 "GET /B553077/api/open/sdsc/baroApi?resId=dong&catId=cty&ctprvnCd=45&ServiceKey=mzv%2B5nKLrKuD%2BmQQsQNPL9WTK%2B%2Bv2TmZhLsfKQ94z9xgb1RpWBP17HLSPzxlwwYugsmNqEOJqSxKVAXxdImgXg%3D%3D&type=json HTTP/1.1" 200 483
DEBUG:urllib3.connectionpool:Starting new HTTP connection (1): apis.data.go.kr:80
DEBUG:urllib3.connectionpool:http://apis.data.go.kr:80 "GET /B553077/api/open/sdsc/storeListInDong?divId=signguCd&key=45720&ServiceKey=mzv%2B5nKLrKuD%2BmQQsQNPL9WTK%2B%2Bv2TmZhLsfKQ94z9xgb1RpWBP17HLSPzxlwwYugsmNqEOJqSxKVAXxdImgXg%3D%3D&type=json HTTP/1.1" 200 3787
INFO:werkzeug:127.0.0.1 - - [16/Dec/2019 04:39:25] "POST /menus/travel HTTP/1.1" 200 -
